../Display_Driver/lvgl/src/widgets/scale/lv_scale.c:1553:13:scale_find_section_tick_idx	56	static
../Display_Driver/lvgl/src/widgets/scale/lv_scale.c:1382:13:scale_set_line_properties	32	static
../Display_Driver/lvgl/src/widgets/scale/lv_scale.c:1121:13:scale_get_center	48	static
../Display_Driver/lvgl/src/widgets/scale/lv_scale.c:1147:13:scale_get_tick_points	160	static
../Display_Driver/lvgl/src/widgets/scale/lv_scale.c:885:13:scale_calculate_main_compensation	200	static
../Display_Driver/lvgl/src/widgets/scale/lv_scale.c:1314:13:scale_get_label_coords	56	static
../Display_Driver/lvgl/src/widgets/scale/lv_scale.c:664:13:scale_draw_indicator	584	static
../Display_Driver/lvgl/src/widgets/scale/lv_scale.c:944:13:scale_draw_main	224	static
../Display_Driver/lvgl/src/widgets/scale/lv_scale.c:595:13:lv_scale_destructor	16	static
../Display_Driver/lvgl/src/widgets/scale/lv_scale.c:566:13:lv_scale_constructor	8	static
../Display_Driver/lvgl/src/widgets/scale/lv_scale.c:1753:13:scale_free_line_needle_points_cb	8	static
../Display_Driver/lvgl/src/widgets/scale/lv_scale.c:612:13:lv_scale_event	16	static
../Display_Driver/lvgl/src/widgets/scale/lv_scale.c:1772:13:scale_section_max_value_observer_cb	0	static
../Display_Driver/lvgl/src/widgets/scale/lv_scale.c:1766:13:scale_section_min_value_observer_cb	0	static
../Display_Driver/lvgl/src/widgets/scale/lv_scale.c:101:12:lv_scale_create	8	static
../Display_Driver/lvgl/src/widgets/scale/lv_scale.c:121:6:lv_scale_set_mode	0	static
../Display_Driver/lvgl/src/widgets/scale/lv_scale.c:131:6:lv_scale_set_total_tick_count	0	static
../Display_Driver/lvgl/src/widgets/scale/lv_scale.c:141:6:lv_scale_set_major_tick_every	0	static
../Display_Driver/lvgl/src/widgets/scale/lv_scale.c:151:6:lv_scale_set_label_show	0	static
../Display_Driver/lvgl/src/widgets/scale/lv_scale.c:161:6:lv_scale_set_range	0	static
../Display_Driver/lvgl/src/widgets/scale/lv_scale.c:172:6:lv_scale_set_min_value	0	static
../Display_Driver/lvgl/src/widgets/scale/lv_scale.c:182:6:lv_scale_set_max_value	0	static
../Display_Driver/lvgl/src/widgets/scale/lv_scale.c:192:6:lv_scale_set_angle_range	0	static
../Display_Driver/lvgl/src/widgets/scale/lv_scale.c:202:6:lv_scale_set_rotation	0	static
../Display_Driver/lvgl/src/widgets/scale/lv_scale.c:220:6:lv_scale_set_line_needle_value	56	static
../Display_Driver/lvgl/src/widgets/scale/lv_scale.c:302:6:lv_scale_set_image_needle_value	12	static
../Display_Driver/lvgl/src/widgets/scale/lv_scale.c:325:6:lv_scale_set_text_src	0	static
../Display_Driver/lvgl/src/widgets/scale/lv_scale.c:342:6:lv_scale_set_post_draw	0	static
../Display_Driver/lvgl/src/widgets/scale/lv_scale.c:352:6:lv_scale_set_draw_ticks_on_top	0	static
../Display_Driver/lvgl/src/widgets/scale/lv_scale.c:362:22:lv_scale_add_section	8	static
../Display_Driver/lvgl/src/widgets/scale/lv_scale.c:383:6:lv_scale_set_section_range	16	static
../Display_Driver/lvgl/src/widgets/scale/lv_scale.c:392:6:lv_scale_set_section_min_value	0	static
../Display_Driver/lvgl/src/widgets/scale/lv_scale.c:402:6:lv_scale_set_section_max_value	0	static
../Display_Driver/lvgl/src/widgets/scale/lv_scale.c:412:6:lv_scale_section_set_range	0	static
../Display_Driver/lvgl/src/widgets/scale/lv_scale.c:421:6:lv_scale_set_section_style_main	0	static
../Display_Driver/lvgl/src/widgets/scale/lv_scale.c:430:6:lv_scale_set_section_style_indicator	0	static
../Display_Driver/lvgl/src/widgets/scale/lv_scale.c:439:6:lv_scale_set_section_style_items	0	static
../Display_Driver/lvgl/src/widgets/scale/lv_scale.c:448:6:lv_scale_section_set_style	0	static
../Display_Driver/lvgl/src/widgets/scale/lv_scale.c:474:17:lv_scale_get_mode	0	static
../Display_Driver/lvgl/src/widgets/scale/lv_scale.c:480:9:lv_scale_get_total_tick_count	0	static
../Display_Driver/lvgl/src/widgets/scale/lv_scale.c:486:9:lv_scale_get_major_tick_every	0	static
../Display_Driver/lvgl/src/widgets/scale/lv_scale.c:492:9:lv_scale_get_rotation	0	static
../Display_Driver/lvgl/src/widgets/scale/lv_scale.c:498:6:lv_scale_get_label_show	0	static
../Display_Driver/lvgl/src/widgets/scale/lv_scale.c:504:10:lv_scale_get_angle_range	0	static
../Display_Driver/lvgl/src/widgets/scale/lv_scale.c:510:9:lv_scale_get_range_min_value	0	static
../Display_Driver/lvgl/src/widgets/scale/lv_scale.c:516:9:lv_scale_get_range_max_value	0	static
../Display_Driver/lvgl/src/widgets/scale/lv_scale.c:528:17:lv_scale_bind_section_min_value	0	static
../Display_Driver/lvgl/src/widgets/scale/lv_scale.c:544:17:lv_scale_bind_section_max_value	0	static
