../Middlewares/Third_Party/lvgl/src/tick/lv_tick.c:38:28:lv_tick_inc	0	static
../Middlewares/Third_Party/lvgl/src/tick/lv_tick.c:46:10:lv_tick_get	0	static
../Middlewares/Third_Party/lvgl/src/tick/lv_tick.c:67:10:lv_tick_elaps	8	static
../Middlewares/Third_Party/lvgl/src/tick/lv_tick.c:72:10:lv_tick_diff	0	static
../Middlewares/Third_Party/lvgl/src/tick/lv_tick.c:78:6:lv_delay_ms	32	static
../Middlewares/Third_Party/lvgl/src/tick/lv_tick.c:96:6:lv_tick_set_cb	0	static
../Middlewares/Third_Party/lvgl/src/tick/lv_tick.c:101:18:lv_tick_get_cb	0	static
../Middlewares/Third_Party/lvgl/src/tick/lv_tick.c:106:6:lv_delay_set_cb	0	static
