../Display_Driver/lvgl/src/others/observer/lv_observer.c:1111:13:subject_set_string_free_user_data_event_cb	8	static
../Display_Driver/lvgl/src/others/observer/lv_observer.c:1002:13:bind_style_observer_cb	8	static
../Display_Driver/lvgl/src/others/observer/lv_observer.c:1011:13:obj_flag_observer_cb	4	static
../Display_Driver/lvgl/src/others/observer/lv_observer.c:1038:13:obj_state_observer_cb	4	static
../Display_Driver/lvgl/src/others/observer/lv_observer.c:552:6:lv_subject_notify.part.0	16	static
../Display_Driver/lvgl/src/others/observer/lv_observer.c:962:13:group_notify_cb	0	static
../Display_Driver/lvgl/src/others/observer/lv_observer.c:1073:13:lv_subject_notify_if_changed	8	static
../Display_Driver/lvgl/src/others/observer/lv_observer.c:888:13:subject_set_int_cb	8	static
../Display_Driver/lvgl/src/others/observer/lv_observer.c:879:13:subject_toggle_cb	8	static
../Display_Driver/lvgl/src/others/observer/lv_observer.c:1065:13:obj_value_changed_event_cb	16	static
../Display_Driver/lvgl/src/others/observer/lv_observer.c:909:13:subject_increment_cb	24	static
../Display_Driver/lvgl/src/others/observer/lv_observer.c:903:13:subject_set_string_cb	16	static
../Display_Driver/lvgl/src/others/observer/lv_observer.c:969:13:unsubscribe_on_delete_cb	8	static
../Display_Driver/lvgl/src/others/observer/lv_observer.c:101:6:lv_subject_init_int	16	static
../Display_Driver/lvgl/src/others/observer/lv_observer.c:112:6:lv_subject_set_int	8	static
../Display_Driver/lvgl/src/others/observer/lv_observer.c:126:9:lv_subject_get_int	0	static
../Display_Driver/lvgl/src/others/observer/lv_observer.c:136:9:lv_subject_get_previous_int	0	static
../Display_Driver/lvgl/src/others/observer/lv_observer.c:146:6:lv_subject_set_min_value_int	0	static
../Display_Driver/lvgl/src/others/observer/lv_observer.c:156:6:lv_subject_set_max_value_int	0	static
../Display_Driver/lvgl/src/others/observer/lv_observer.c:236:6:lv_subject_init_string	24	static
../Display_Driver/lvgl/src/others/observer/lv_observer.c:250:6:lv_subject_copy_string	16	static
../Display_Driver/lvgl/src/others/observer/lv_observer.c:267:6:lv_subject_snprintf	20	static
../Display_Driver/lvgl/src/others/observer/lv_observer.c:289:14:lv_subject_get_string	0	static
../Display_Driver/lvgl/src/others/observer/lv_observer.c:299:14:lv_subject_get_previous_string	0	static
../Display_Driver/lvgl/src/others/observer/lv_observer.c:309:6:lv_subject_init_pointer	16	static
../Display_Driver/lvgl/src/others/observer/lv_observer.c:318:6:lv_subject_set_pointer	8	static
../Display_Driver/lvgl/src/others/observer/lv_observer.c:330:14:lv_subject_get_pointer	0	static
../Display_Driver/lvgl/src/others/observer/lv_observer.c:340:14:lv_subject_get_previous_pointer	0	static
../Display_Driver/lvgl/src/others/observer/lv_observer.c:350:6:lv_subject_init_color	16	static
../Display_Driver/lvgl/src/others/observer/lv_observer.c:359:6:lv_subject_set_color	16	static
../Display_Driver/lvgl/src/others/observer/lv_observer.c:371:12:lv_subject_get_color	8	static
../Display_Driver/lvgl/src/others/observer/lv_observer.c:381:12:lv_subject_get_previous_color	8	static
../Display_Driver/lvgl/src/others/observer/lv_observer.c:391:6:lv_subject_init_group	32	static
../Display_Driver/lvgl/src/others/observer/lv_observer.c:406:6:lv_subject_deinit	16	static
../Display_Driver/lvgl/src/others/observer/lv_observer.c:419:16:lv_subject_get_group_element	0	static
../Display_Driver/lvgl/src/others/observer/lv_observer.c:432:17:lv_subject_add_observer	24	static
../Display_Driver/lvgl/src/others/observer/lv_observer.c:441:17:lv_subject_add_observer_obj	24	static
../Display_Driver/lvgl/src/others/observer/lv_observer.c:471:17:lv_subject_add_observer_with_target	24	static
../Display_Driver/lvgl/src/others/observer/lv_observer.c:497:6:lv_observer_remove	8	static
../Display_Driver/lvgl/src/others/observer/lv_observer.c:516:6:lv_obj_remove_from_subject	24	static
../Display_Driver/lvgl/src/others/observer/lv_observer.c:545:8:lv_observer_get_target	0	static
../Display_Driver/lvgl/src/others/observer/lv_observer.c:552:6:lv_subject_notify	0	static
../Display_Driver/lvgl/src/others/observer/lv_observer.c:573:30:lv_obj_add_subject_increment_event	24	static
../Display_Driver/lvgl/src/others/observer/lv_observer.c:599:6:lv_obj_set_subject_increment_event_min_value	4	static
../Display_Driver/lvgl/src/others/observer/lv_observer.c:623:6:lv_obj_set_subject_increment_event_max_value	4	static
../Display_Driver/lvgl/src/others/observer/lv_observer.c:648:6:lv_obj_set_subject_increment_event_rollover	0	static
../Display_Driver/lvgl/src/others/observer/lv_observer.c:660:6:lv_obj_add_subject_toggle_event	0	static
../Display_Driver/lvgl/src/others/observer/lv_observer.c:669:6:lv_obj_add_subject_set_int_event	24	static
../Display_Driver/lvgl/src/others/observer/lv_observer.c:713:6:lv_obj_add_subject_set_string_event	24	static
../Display_Driver/lvgl/src/others/observer/lv_observer.c:737:17:lv_obj_bind_style	24	static
../Display_Driver/lvgl/src/others/observer/lv_observer.c:766:17:lv_obj_bind_flag_if_eq	24	static
../Display_Driver/lvgl/src/others/observer/lv_observer.c:772:17:lv_obj_bind_flag_if_not_eq	24	static
../Display_Driver/lvgl/src/others/observer/lv_observer.c:778:17:lv_obj_bind_flag_if_gt	24	static
../Display_Driver/lvgl/src/others/observer/lv_observer.c:785:17:lv_obj_bind_flag_if_ge	24	static
../Display_Driver/lvgl/src/others/observer/lv_observer.c:792:17:lv_obj_bind_flag_if_lt	24	static
../Display_Driver/lvgl/src/others/observer/lv_observer.c:799:17:lv_obj_bind_flag_if_le	24	static
../Display_Driver/lvgl/src/others/observer/lv_observer.c:807:17:lv_obj_bind_state_if_eq	24	static
../Display_Driver/lvgl/src/others/observer/lv_observer.c:814:17:lv_obj_bind_state_if_not_eq	24	static
../Display_Driver/lvgl/src/others/observer/lv_observer.c:821:17:lv_obj_bind_state_if_gt	24	static
../Display_Driver/lvgl/src/others/observer/lv_observer.c:829:17:lv_obj_bind_state_if_ge	24	static
../Display_Driver/lvgl/src/others/observer/lv_observer.c:836:17:lv_obj_bind_state_if_lt	24	static
../Display_Driver/lvgl/src/others/observer/lv_observer.c:845:17:lv_obj_bind_state_if_le	24	static
../Display_Driver/lvgl/src/others/observer/lv_observer.c:855:17:lv_obj_bind_checked	24	static
../Display_Driver/lvgl/src/others/observer/lv_observer.c:864:12:lv_observer_get_target_obj	0	static
../Display_Driver/lvgl/src/others/observer/lv_observer.c:869:8:lv_observer_get_user_data	0	static
