../Middlewares/Third_Party/lvgl/src/widgets/slider/lv_slider.c:465:13:position_knob	40	static
../Middlewares/Third_Party/lvgl/src/widgets/slider/lv_slider.c:248:13:lv_slider_constructor	16	static
../Middlewares/Third_Party/lvgl/src/widgets/slider/lv_slider.c:668:13:slider_value_changed_event_cb	16	static
../Middlewares/Third_Party/lvgl/src/widgets/slider/lv_slider.c:683:13:slider_value_observer_cb	0	static
../Middlewares/Third_Party/lvgl/src/widgets/slider/lv_slider.c:567:13:update_knob_pos	64	static
../Middlewares/Third_Party/lvgl/src/widgets/slider/lv_slider.c:264:13:lv_slider_event.part.0	360	static
../Middlewares/Third_Party/lvgl/src/widgets/slider/lv_slider.c:264:13:lv_slider_event	8	static
../Middlewares/Third_Party/lvgl/src/widgets/slider/lv_slider.c:133:12:lv_slider_create	8	static
../Middlewares/Third_Party/lvgl/src/widgets/slider/lv_slider.c:141:6:lv_slider_is_dragged	0	static
../Middlewares/Third_Party/lvgl/src/widgets/slider/lv_slider.c:149:6:lv_slider_set_value	0	static
../Middlewares/Third_Party/lvgl/src/widgets/slider/lv_slider.c:154:6:lv_slider_set_start_value	0	static
../Middlewares/Third_Party/lvgl/src/widgets/slider/lv_slider.c:159:6:lv_slider_set_range	0	static
../Middlewares/Third_Party/lvgl/src/widgets/slider/lv_slider.c:164:6:lv_slider_set_min_value	0	static
../Middlewares/Third_Party/lvgl/src/widgets/slider/lv_slider.c:169:6:lv_slider_set_max_value	0	static
../Middlewares/Third_Party/lvgl/src/widgets/slider/lv_slider.c:174:6:lv_slider_set_mode	0	static
../Middlewares/Third_Party/lvgl/src/widgets/slider/lv_slider.c:179:6:lv_slider_set_orientation	0	static
../Middlewares/Third_Party/lvgl/src/widgets/slider/lv_slider.c:184:9:lv_slider_get_value	0	static
../Middlewares/Third_Party/lvgl/src/widgets/slider/lv_slider.c:189:9:lv_slider_get_left_value	0	static
../Middlewares/Third_Party/lvgl/src/widgets/slider/lv_slider.c:194:9:lv_slider_get_min_value	0	static
../Middlewares/Third_Party/lvgl/src/widgets/slider/lv_slider.c:199:9:lv_slider_get_max_value	0	static
../Middlewares/Third_Party/lvgl/src/widgets/slider/lv_slider.c:204:18:lv_slider_get_mode	8	static
../Middlewares/Third_Party/lvgl/src/widgets/slider/lv_slider.c:212:25:lv_slider_get_orientation	8	static
../Middlewares/Third_Party/lvgl/src/widgets/slider/lv_slider.c:220:6:lv_slider_is_symmetrical	0	static
../Middlewares/Third_Party/lvgl/src/widgets/slider/lv_slider.c:226:17:lv_slider_bind_value	16	static
