../Middlewares/Third_Party/lvgl/src/widgets/image/lv_image.c:684:13:lv_image_constructor	16	static
../Middlewares/Third_Party/lvgl/src/widgets/image/lv_image.c:710:13:lv_image_destructor	8	static
../Middlewares/Third_Party/lvgl/src/widgets/image/lv_image.c:971:13:scale_update	72	static
../Middlewares/Third_Party/lvgl/src/widgets/image/lv_image.c:147:12:lv_image_create	8	static
../Middlewares/Third_Party/lvgl/src/widgets/image/lv_image.c:273:6:lv_image_set_offset_x	0	static
../Middlewares/Third_Party/lvgl/src/widgets/image/lv_image.c:283:6:lv_image_set_offset_y	0	static
../Middlewares/Third_Party/lvgl/src/widgets/image/lv_image.c:293:6:lv_image_set_rotation	64	static
../Middlewares/Third_Party/lvgl/src/widgets/image/lv_image.c:338:6:lv_image_set_pivot	72	static
../Middlewares/Third_Party/lvgl/src/widgets/image/lv_image.c:1006:13:update_align	16	static
../Middlewares/Third_Party/lvgl/src/widgets/image/lv_image.c:159:6:lv_image_set_src.part.0	64	static
../Middlewares/Third_Party/lvgl/src/widgets/image/lv_image.c:1065:13:image_src_observer_cb	0	static
../Middlewares/Third_Party/lvgl/src/widgets/image/lv_image.c:721:13:lv_image_event	216	static
../Middlewares/Third_Party/lvgl/src/widgets/image/lv_image.c:159:6:lv_image_set_src	64	static
../Middlewares/Third_Party/lvgl/src/widgets/image/lv_image.c:381:6:lv_image_set_pivot_x	0	static
../Middlewares/Third_Party/lvgl/src/widgets/image/lv_image.c:389:6:lv_image_set_pivot_y	0	static
../Middlewares/Third_Party/lvgl/src/widgets/image/lv_image.c:397:6:lv_image_set_scale	0	static
../Middlewares/Third_Party/lvgl/src/widgets/image/lv_image.c:413:6:lv_image_set_scale_x	0	static
../Middlewares/Third_Party/lvgl/src/widgets/image/lv_image.c:429:6:lv_image_set_scale_y	0	static
../Middlewares/Third_Party/lvgl/src/widgets/image/lv_image.c:445:6:lv_image_set_blend_mode	0	static
../Middlewares/Third_Party/lvgl/src/widgets/image/lv_image.c:459:6:lv_image_set_antialias	0	static
../Middlewares/Third_Party/lvgl/src/widgets/image/lv_image.c:470:6:lv_image_set_inner_align	16	static
../Middlewares/Third_Party/lvgl/src/widgets/image/lv_image.c:489:6:lv_image_set_bitmap_map_src	0	static
../Middlewares/Third_Party/lvgl/src/widgets/image/lv_image.c:501:14:lv_image_get_src	0	static
../Middlewares/Third_Party/lvgl/src/widgets/image/lv_image.c:510:9:lv_image_get_offset_x	0	static
../Middlewares/Third_Party/lvgl/src/widgets/image/lv_image.c:519:9:lv_image_get_offset_y	0	static
../Middlewares/Third_Party/lvgl/src/widgets/image/lv_image.c:528:9:lv_image_get_rotation	0	static
../Middlewares/Third_Party/lvgl/src/widgets/image/lv_image.c:537:6:lv_image_get_pivot	16	static
../Middlewares/Third_Party/lvgl/src/widgets/image/lv_image.c:547:9:lv_image_get_scale	0	static
../Middlewares/Third_Party/lvgl/src/widgets/image/lv_image.c:556:9:lv_image_get_scale_x	0	static
../Middlewares/Third_Party/lvgl/src/widgets/image/lv_image.c:565:9:lv_image_get_scale_y	0	static
../Middlewares/Third_Party/lvgl/src/widgets/image/lv_image.c:574:9:lv_image_get_src_width	16	static
../Middlewares/Third_Party/lvgl/src/widgets/image/lv_image.c:584:9:lv_image_get_src_height	16	static
../Middlewares/Third_Party/lvgl/src/widgets/image/lv_image.c:594:9:lv_image_get_transformed_width	48	static
../Middlewares/Third_Party/lvgl/src/widgets/image/lv_image.c:610:9:lv_image_get_transformed_height	48	static
../Middlewares/Third_Party/lvgl/src/widgets/image/lv_image.c:626:17:lv_image_get_blend_mode	0	static
../Middlewares/Third_Party/lvgl/src/widgets/image/lv_image.c:635:6:lv_image_get_antialias	0	static
../Middlewares/Third_Party/lvgl/src/widgets/image/lv_image.c:644:18:lv_image_get_inner_align	0	static
../Middlewares/Third_Party/lvgl/src/widgets/image/lv_image.c:653:24:lv_image_get_bitmap_map_src	0	static
../Middlewares/Third_Party/lvgl/src/widgets/image/lv_image.c:664:17:lv_image_bind_src	0	static
