Archive member included to satisfy reference by file (symbol)

/home/tuna/st/stm32cubeide_1.18.1/plugins/com.st.stm32cube.ide.mcu.externaltools.gnu-tools-for-stm32.13.3.rel1.linux64_1.0.0.202410170706/tools/bin/../lib/gcc/arm-none-eabi/13.3.1/../../../../arm-none-eabi/lib/thumb/v7e-m+fp/hard/libc_nano.a(libc_a-exit.o)
                              /home/tuna/st/stm32cubeide_1.18.1/plugins/com.st.stm32cube.ide.mcu.externaltools.gnu-tools-for-stm32.13.3.rel1.linux64_1.0.0.202410170706/tools/bin/../lib/gcc/arm-none-eabi/13.3.1/../../../../arm-none-eabi/lib/thumb/v7e-m+fp/hard/crt0.o (exit)
/home/tuna/st/stm32cubeide_1.18.1/plugins/com.st.stm32cube.ide.mcu.externaltools.gnu-tools-for-stm32.13.3.rel1.linux64_1.0.0.202410170706/tools/bin/../lib/gcc/arm-none-eabi/13.3.1/../../../../arm-none-eabi/lib/thumb/v7e-m+fp/hard/libc_nano.a(libc_a-nano-vfprintf_float.o)
                              (_printf_float)
/home/tuna/st/stm32cubeide_1.18.1/plugins/com.st.stm32cube.ide.mcu.externaltools.gnu-tools-for-stm32.13.3.rel1.linux64_1.0.0.202410170706/tools/bin/../lib/gcc/arm-none-eabi/13.3.1/../../../../arm-none-eabi/lib/thumb/v7e-m+fp/hard/libc_nano.a(libc_a-nano-vfprintf_i.o)
                              /home/tuna/st/stm32cubeide_1.18.1/plugins/com.st.stm32cube.ide.mcu.externaltools.gnu-tools-for-stm32.13.3.rel1.linux64_1.0.0.202410170706/tools/bin/../lib/gcc/arm-none-eabi/13.3.1/../../../../arm-none-eabi/lib/thumb/v7e-m+fp/hard/libc_nano.a(libc_a-nano-vfprintf_float.o) (_printf_common)
/home/tuna/st/stm32cubeide_1.18.1/plugins/com.st.stm32cube.ide.mcu.externaltools.gnu-tools-for-stm32.13.3.rel1.linux64_1.0.0.202410170706/tools/bin/../lib/gcc/arm-none-eabi/13.3.1/../../../../arm-none-eabi/lib/thumb/v7e-m+fp/hard/libc_nano.a(libc_a-findfp.o)
                              /home/tuna/st/stm32cubeide_1.18.1/plugins/com.st.stm32cube.ide.mcu.externaltools.gnu-tools-for-stm32.13.3.rel1.linux64_1.0.0.202410170706/tools/bin/../lib/gcc/arm-none-eabi/13.3.1/../../../../arm-none-eabi/lib/thumb/v7e-m+fp/hard/libc_nano.a(libc_a-exit.o) (__stdio_exit_handler)
/home/tuna/st/stm32cubeide_1.18.1/plugins/com.st.stm32cube.ide.mcu.externaltools.gnu-tools-for-stm32.13.3.rel1.linux64_1.0.0.202410170706/tools/bin/../lib/gcc/arm-none-eabi/13.3.1/../../../../arm-none-eabi/lib/thumb/v7e-m+fp/hard/libc_nano.a(libc_a-fwalk.o)
                              /home/tuna/st/stm32cubeide_1.18.1/plugins/com.st.stm32cube.ide.mcu.externaltools.gnu-tools-for-stm32.13.3.rel1.linux64_1.0.0.202410170706/tools/bin/../lib/gcc/arm-none-eabi/13.3.1/../../../../arm-none-eabi/lib/thumb/v7e-m+fp/hard/libc_nano.a(libc_a-findfp.o) (_fwalk_sglue)
/home/tuna/st/stm32cubeide_1.18.1/plugins/com.st.stm32cube.ide.mcu.externaltools.gnu-tools-for-stm32.13.3.rel1.linux64_1.0.0.202410170706/tools/bin/../lib/gcc/arm-none-eabi/13.3.1/../../../../arm-none-eabi/lib/thumb/v7e-m+fp/hard/libc_nano.a(libc_a-snprintf.o)
                              ./Core/Src/main.o (snprintf)
/home/tuna/st/stm32cubeide_1.18.1/plugins/com.st.stm32cube.ide.mcu.externaltools.gnu-tools-for-stm32.13.3.rel1.linux64_1.0.0.202410170706/tools/bin/../lib/gcc/arm-none-eabi/13.3.1/../../../../arm-none-eabi/lib/thumb/v7e-m+fp/hard/libc_nano.a(libc_a-stdio.o)
                              /home/tuna/st/stm32cubeide_1.18.1/plugins/com.st.stm32cube.ide.mcu.externaltools.gnu-tools-for-stm32.13.3.rel1.linux64_1.0.0.202410170706/tools/bin/../lib/gcc/arm-none-eabi/13.3.1/../../../../arm-none-eabi/lib/thumb/v7e-m+fp/hard/libc_nano.a(libc_a-findfp.o) (__sread)
/home/tuna/st/stm32cubeide_1.18.1/plugins/com.st.stm32cube.ide.mcu.externaltools.gnu-tools-for-stm32.13.3.rel1.linux64_1.0.0.202410170706/tools/bin/../lib/gcc/arm-none-eabi/13.3.1/../../../../arm-none-eabi/lib/thumb/v7e-m+fp/hard/libc_nano.a(libc_a-memmove.o)
                              ./Core/Src/ssd1306/ssd1306_tests.o (memmove)
/home/tuna/st/stm32cubeide_1.18.1/plugins/com.st.stm32cube.ide.mcu.externaltools.gnu-tools-for-stm32.13.3.rel1.linux64_1.0.0.202410170706/tools/bin/../lib/gcc/arm-none-eabi/13.3.1/../../../../arm-none-eabi/lib/thumb/v7e-m+fp/hard/libc_nano.a(libc_a-memset.o)
                              /home/tuna/st/stm32cubeide_1.18.1/plugins/com.st.stm32cube.ide.mcu.externaltools.gnu-tools-for-stm32.13.3.rel1.linux64_1.0.0.202410170706/tools/bin/../lib/gcc/arm-none-eabi/13.3.1/../../../../arm-none-eabi/lib/thumb/v7e-m+fp/hard/crt0.o (memset)
/home/tuna/st/stm32cubeide_1.18.1/plugins/com.st.stm32cube.ide.mcu.externaltools.gnu-tools-for-stm32.13.3.rel1.linux64_1.0.0.202410170706/tools/bin/../lib/gcc/arm-none-eabi/13.3.1/../../../../arm-none-eabi/lib/thumb/v7e-m+fp/hard/libc_nano.a(libc_a-localeconv.o)
                              /home/tuna/st/stm32cubeide_1.18.1/plugins/com.st.stm32cube.ide.mcu.externaltools.gnu-tools-for-stm32.13.3.rel1.linux64_1.0.0.202410170706/tools/bin/../lib/gcc/arm-none-eabi/13.3.1/../../../../arm-none-eabi/lib/thumb/v7e-m+fp/hard/libc_nano.a(libc_a-nano-vfprintf_float.o) (_localeconv_r)
[...]
Memory Configuration

Name             Origin             Length             Attributes
CCMRAM           0x10000000         0x00010000         xrw
RAM              0x20000000         0x00020000         xrw
FLASH            0x08000000         0x00100000         xr
*default*        0x00000000         0xffffffff

Linker script and memory map

LOAD /home/tuna/st/stm32cubeide_1.18.1/plugins/com.st.stm32cube.ide.mcu.externaltools.gnu-tools-for-stm32.13.3.rel1.linux64_1.0.0.202410170706/tools/bin/../lib/gcc/arm-none-eabi/13.3.1/thumb/v7e-m+fp/hard/crti.o
LOAD /home/tuna/st/stm32cubeide_1.18.1/plugins/com.st.stm32cube.ide.mcu.externaltools.gnu-tools-for-stm32.13.3.rel1.linux64_1.0.0.202410170706/tools/bin/../lib/gcc/arm-none-eabi/13.3.1/thumb/v7e-m+fp/hard/crtbegin.o
LOAD /home/tuna/st/stm32cubeide_1.18.1/plugins/com.st.stm32cube.ide.mcu.externaltools.gnu-tools-for-stm32.13.3.rel1.linux64_1.0.0.202410170706/tools/bin/../lib/gcc/arm-none-eabi/13.3.1/../../../../arm-none-eabi/lib/thumb/v7e-m+fp/hard/crt0.o
LOAD ./Core/Src/adc.o
LOAD ./Core/Src/gpio.o
LOAD ./Core/Src/i2c.o
LOAD ./Core/Src/lcd_control.o
LOAD ./Core/Src/lcd_io.o
LOAD ./Core/Src/main.o
LOAD ./Core/Src/stm32f4xx_hal_msp.o
LOAD ./Core/Src/stm32f4xx_it.o
LOAD ./Core/Src/syscalls.o
LOAD ./Core/Src/sysmem.o
LOAD ./Core/Src/system_stm32f4xx.o
LOAD ./Core/Src/ssd1306/ssd1306.o
LOAD ./Core/Src/ssd1306/ssd1306_fonts.o
LOAD ./Core/Src/ssd1306/ssd1306_tests.o
LOAD ./Core/Startup/startup_stm32f407zgtx.o
LOAD ./Drivers/STM32F4xx_HAL_Driver/Src/stm32f4xx_hal.o
LOAD ./Drivers/STM32F4xx_HAL_Driver/Src/stm32f4xx_hal_adc.o
LOAD ./Drivers/STM32F4xx_HAL_Driver/Src/stm32f4xx_hal_adc_ex.o
LOAD ./Drivers/STM32F4xx_HAL_Driver/Src/stm32f4xx_hal_cortex.o
LOAD ./Drivers/STM32F4xx_HAL_Driver/Src/stm32f4xx_hal_dma.o
LOAD ./Drivers/STM32F4xx_HAL_Driver/Src/stm32f4xx_hal_dma_ex.o
LOAD ./Drivers/STM32F4xx_HAL_Driver/Src/stm32f4xx_hal_exti.o
LOAD ./Drivers/STM32F4xx_HAL_Driver/Src/stm32f4xx_hal_flash.o
LOAD ./Drivers/STM32F4xx_HAL_Driver/Src/stm32f4xx_hal_flash_ex.o
LOAD ./Drivers/STM32F4xx_HAL_Driver/Src/stm32f4xx_hal_flash_ramfunc.o
LOAD ./Drivers/STM32F4xx_HAL_Driver/Src/stm32f4xx_hal_gpio.o
LOAD ./Drivers/STM32F4xx_HAL_Driver/Src/stm32f4xx_hal_i2c.o
LOAD ./Drivers/STM32F4xx_HAL_Driver/Src/stm32f4xx_hal_i2c_ex.o
LOAD ./Drivers/STM32F4xx_HAL_Driver/Src/stm32f4xx_hal_pcd.o
LOAD ./Drivers/STM32F4xx_HAL_Driver/Src/stm32f4xx_hal_pcd_ex.o
LOAD ./Drivers/STM32F4xx_HAL_Driver/Src/stm32f4xx_hal_pwr.o
LOAD ./Drivers/STM32F4xx_HAL_Driver/Src/stm32f4xx_hal_pwr_ex.o
LOAD ./Drivers/STM32F4xx_HAL_Driver/Src/stm32f4xx_hal_rcc.o
LOAD ./Drivers/STM32F4xx_HAL_Driver/Src/stm32f4xx_hal_rcc_ex.o
LOAD ./Drivers/STM32F4xx_HAL_Driver/Src/stm32f4xx_ll_adc.o
LOAD ./Drivers/STM32F4xx_HAL_Driver/Src/stm32f4xx_ll_usb.o
LOAD ./Middlewares/ST/STM32_USB_Device_Library/Class/CDC/Src/usbd_cdc.o
LOAD ./Middlewares/ST/STM32_USB_Device_Library/Core/Src/usbd_core.o
LOAD ./Middlewares/ST/STM32_USB_Device_Library/Core/Src/usbd_ctlreq.o
LOAD ./Middlewares/ST/STM32_USB_Device_Library/Core/Src/usbd_ioreq.o
LOAD ./USB_DEVICE/App/usb_device.o
LOAD ./USB_DEVICE/App/usbd_cdc_if.o
LOAD ./USB_DEVICE/App/usbd_desc.o
LOAD ./USB_DEVICE/Target/usbd_conf.o
START GROUP
LOAD /home/tuna/st/stm32cubeide_1.18.1/plugins/com.st.stm32cube.ide.mcu.externaltools.gnu-tools-for-stm32.13.3.rel1.linux64_1.0.0.202410170706/tools/bin/../lib/gcc/arm-none-eabi/13.3.1/../../../../arm-none-eabi/lib/thumb/v7e-m+fp/hard/libc_nano.a
LOAD /home/tuna/st/stm32cubeide_1.18.1/plugins/com.st.stm32cube.ide.mcu.externaltools.gnu-tools-for-stm32.13.3.rel1.linux64_1.0.0.202410170706/tools/bin/../lib/gcc/arm-none-eabi/13.3.1/../../../../arm-none-eabi/lib/thumb/v7e-m+fp/hard/libm.a
END GROUP
START GROUP
LOAD /home/tuna/st/stm32cubeide_1.18.1/plugins/com.st.stm32cube.ide.mcu.externaltools.gnu-tools-for-stm32.13.3.rel1.linux64_1.0.0.202410170706/tools/bin/../lib/gcc/arm-none-eabi/13.3.1/thumb/v7e-m+fp/hard/libgcc.a
LOAD /home/tuna/st/stm32cubeide_1.18.1/plugins/com.st.stm32cube.ide.mcu.externaltools.gnu-tools-for-stm32.13.3.rel1.linux64_1.0.0.202410170706/tools/bin/../lib/gcc/arm-none-eabi/13.3.1/../../../../arm-none-eabi/lib/thumb/v7e-m+fp/hard/libc_nano.a
END GROUP
START GROUP
LOAD /home/tuna/st/stm32cubeide_1.18.1/plugins/com.st.stm32cube.ide.mcu.externaltools.gnu-tools-for-stm32.13.3.rel1.linux64_1.0.0.202410170706/tools/bin/../lib/gcc/arm-none-eabi/13.3.1/thumb/v7e-m+fp/hard/libgcc.a
LOAD /home/tuna/st/stm32cubeide_1.18.1/plugins/com.st.stm32cube.ide.mcu.externaltools.gnu-tools-for-stm32.13.3.rel1.linux64_1.0.0.202410170706/tools/bin/../lib/gcc/arm-none-eabi/13.3.1/../../../../arm-none-eabi/lib/thumb/v7e-m+fp/hard/libc_nano.a
LOAD /home/tuna/st/stm32cubeide_1.18.1/plugins/com.st.stm32cube.ide.mcu.externaltools.gnu-tools-for-stm32.13.3.rel1.linux64_1.0.0.202410170706/tools/bin/../lib/gcc/arm-none-eabi/13.3.1/../../../../arm-none-eabi/lib/thumb/v7e-m+fp/hard/libnosys.a
END GROUP
START GROUP
LOAD /home/tuna/st/stm32cubeide_1.18.1/plugins/com.st.stm32cube.ide.mcu.externaltools.gnu-tools-for-stm32.13.3.rel1.linux64_1.0.0.202410170706/tools/bin/../lib/gcc/arm-none-eabi/13.3.1/thumb/v7e-m+fp/hard/libgcc.a
LOAD /home/tuna/st/stm32cubeide_1.18.1/plugins/com.st.stm32cube.ide.mcu.externaltools.gnu-tools-for-stm32.13.3.rel1.linux64_1.0.0.202410170706/tools/bin/../lib/gcc/arm-none-eabi/13.3.1/../../../../arm-none-eabi/lib/thumb/v7e-m+fp/hard/libc_nano.a
LOAD /home/tuna/st/stm32cubeide_1.18.1/plugins/com.st.stm32cube.ide.mcu.externaltools.gnu-tools-for-stm32.13.3.rel1.linux64_1.0.0.202410170706/tools/bin/../lib/gcc/arm-none-eabi/13.3.1/../../../../arm-none-eabi/lib/thumb/v7e-m+fp/hard/libnosys.a
END GROUP
LOAD /home/tuna/st/stm32cubeide_1.18.1/plugins/com.st.stm32cube.ide.mcu.externaltools.gnu-tools-for-stm32.13.3.rel1.linux64_1.0.0.202410170706/tools/bin/../lib/gcc/arm-none-eabi/13.3.1/thumb/v7e-m+fp/hard/crtend.o
LOAD /home/tuna/st/stm32cubeide_1.18.1/plugins/com.st.stm32cube.ide.mcu.externaltools.gnu-tools-for-stm32.13.3.rel1.linux64_1.0.0.202410170706/tools/bin/../lib/gcc/arm-none-eabi/13.3.1/thumb/v7e-m+fp/hard/crtn.o
                0x20020000                        _estack = (ORIGIN (RAM) + LENGTH (RAM))
                0x00000200                        _Min_Heap_Size = 0x200
                0x00000400                        _Min_Stack_Size = 0x400

.isr_vector     0x08000000      0x188
                0x08000000                        . = ALIGN (0x4)
 *(.isr_vector)
 .isr_vector    0x08000000      0x188 ./Core/Startup/startup_stm32f407zgtx.o
                0x08000000                g_pfnVectors
                0x08000188                        . = ALIGN (0x4)

.text           0x08000190     0xcb90
                0x08000190                        . = ALIGN (0x4)
 *(.text)
 .text          0x08000190       0x40 /home/tuna/st/stm32cubeide_1.18.1/plugins/com.st.stm32cube.ide.mcu.externaltools.gnu-tools-for-stm32.13.3.rel1.linux64_1.0.0.202410170706/tools/bin/../lib/gcc/arm-none-eabi/13.3.1/thumb/v7e-m+fp/hard/crtbegin.o
 .text          0x080001d0       0xa0 /home/tuna/st/stm32cubeide_1.18.1/plugins/com.st.stm32cube.ide.mcu.externaltools.gnu-tools-for-stm32.13.3.rel1.linux64_1.0.0.202410170706/tools/bin/../lib/gcc/arm-none-eabi/13.3.1/../../../../arm-none-eabi/lib/thumb/v7e-m+fp/hard/libc_nano.a(libc_a-memchr.o)
                0x080001d0                memchr
 .text          0x08000270       0x10 /home/tuna/st/stm32cubeide_1.18.1/plugins/com.st.stm32cube.ide.mcu.externaltools.gnu-tools-for-stm32.13.3.rel1.linux64_1.0.0.202410170706/tools/bin/../lib/gcc/arm-none-eabi/13.3.1/../../../../arm-none-eabi/lib/thumb/v7e-m+fp/hard/libc_nano.a(libc_a-strlen.o)
                0x08000270                strlen
 .text          0x08000280      0x378 /home/tuna/st/stm32cubeide_1.18.1/plugins/com.st.stm32cube.ide.mcu.externaltools.gnu-tools-for-stm32.13.3.rel1.linux64_1.0.0.202410170706/tools/bin/../lib/gcc/arm-none-eabi/13.3.1/thumb/v7e-m+fp/hard/libgcc.a(_arm_addsubdf3.o)
                0x08000280                __aeabi_drsub
                0x08000288                __aeabi_dsub
                0x08000288                __subdf3
                0x0800028c                __adddf3
                0x0800028c                __aeabi_dadd
                0x08000504                __aeabi_ui2d
                0x08000504                __floatunsidf
                0x08000524                __floatsidf
                0x08000524                __aeabi_i2d
                0x08000548                __extendsfdf2
                0x08000548                __aeabi_f2d
                0x0800058c                __aeabi_ul2d
                0x0800058c                __floatundidf
                0x0800059c                __floatdidf
                0x0800059c                __aeabi_l2d
 .text          0x080005f8      0x424 /home/tuna/st/stm32cubeide_1.18.1/plugins/com.st.stm32cube.ide.mcu.externaltools.gnu-tools-for-stm32.13.3.rel1.linux64_1.0.0.202410170706/tools/bin/../lib/gcc/arm-none-eabi/13.3.1/thumb/v7e-m+fp/hard/libgcc.a(_arm_muldivdf3.o)
                0x080005f8                __aeabi_dmul
                0x080005f8                __muldf3
                0x0800084c                __aeabi_ddiv
                0x0800084c                __divdf3
 .text          0x08000a1c      0x110 /home/tuna/st/stm32cubeide_1.18.1/plugins/com.st.stm32cube.ide.mcu.externaltools.gnu-tools-for-stm32.13.3.rel1.linux64_1.0.0.202410170706/tools/bin/../lib/gcc/arm-none-eabi/13.3.1/thumb/v7e-m+fp/hard/libgcc.a(_arm_cmpdf2.o)
                0x08000a1c                __gtdf2
                0x08000a1c                __gedf2
                0x08000a24                __ltdf2
                0x08000a24                __ledf2
                0x08000a2c                __cmpdf2
                0x08000a2c                __eqdf2
                0x08000a2c                __nedf2
                0x08000aa8                __aeabi_cdrcmple
                0x08000ab8                __aeabi_cdcmple
                0x08000ab8                __aeabi_cdcmpeq
                0x08000ac8                __aeabi_dcmpeq
                0x08000adc                __aeabi_dcmplt
                0x08000af0                __aeabi_dcmple
                0x08000b04                __aeabi_dcmpge
                0x08000b18                __aeabi_dcmpgt
 .text          0x08000b2c       0x2c /home/tuna/st/stm32cubeide_1.18.1/plugins/com.st.stm32cube.ide.mcu.externaltools.gnu-tools-for-stm32.13.3.rel1.linux64_1.0.0.202410170706/tools/bin/../lib/gcc/arm-none-eabi/13.3.1/thumb/v7e-m+fp/hard/libgcc.a(_arm_unorddf2.o)
                0x08000b2c                __aeabi_dcmpun
                0x08000b2c                __unorddf2
 .text          0x08000b58       0x50 /home/tuna/st/stm32cubeide_1.18.1/plugins/com.st.stm32cube.ide.mcu.externaltools.gnu-tools-for-stm32.13.3.rel1.linux64_1.0.0.202410170706/tools/bin/../lib/gcc/arm-none-eabi/13.3.1/thumb/v7e-m+fp/hard/libgcc.a(_arm_fixdfsi.o)
                0x08000b58                __fixdfsi
                0x08000b58                __aeabi_d2iz
 .text          0x08000ba8       0x30 /home/tuna/st/stm32cubeide_1.18.1/plugins/com.st.stm32cube.ide.mcu.externaltools.gnu-tools-for-stm32.13.3.rel1.linux64_1.0.0.202410170706/tools/bin/../lib/gcc/arm-none-eabi/13.3.1/thumb/v7e-m+fp/hard/libgcc.a(_aeabi_uldivmod.o)
                0x08000ba8                __aeabi_uldivmod
 .text          0x08000bd8      0x2f8 /home/tuna/st/stm32cubeide_1.18.1/plugins/com.st.stm32cube.ide.mcu.externaltools.gnu-tools-for-stm32.13.3.rel1.linux64_1.0.0.202410170706/tools/bin/../lib/gcc/arm-none-eabi/13.3.1/thumb/v7e-m+fp/hard/libgcc.a(_udivmoddi4.o)
                0x08000bd8                __udivmoddi4
 .text          0x08000ed0        0x4 /home/tuna/st/stm32cubeide_1.18.1/plugins/com.st.stm32cube.ide.mcu.externaltools.gnu-tools-for-stm32.13.3.rel1.linux64_1.0.0.202410170706/tools/bin/../lib/gcc/arm-none-eabi/13.3.1/thumb/v7e-m+fp/hard/libgcc.a(_dvmd_tls.o)
                0x08000ed0                __aeabi_ldiv0
                0x08000ed0                __aeabi_idiv0
 *(.text*)
 .text.MX_ADC1_Init
                0x08000ed4       0xa4 ./Core/Src/adc.o
                0x08000ed4                MX_ADC1_Init
 .text.HAL_ADC_MspInit
                0x08000f78       0x88 ./Core/Src/adc.o
                0x08000f78                HAL_ADC_MspInit
 .text.Read_ADC_Channel
                0x08001000       0x2c ./Core/Src/adc.o
                0x08001000                Read_ADC_Channel
 .text.MX_GPIO_Init
                0x0800102c      0x1a8 ./Core/Src/gpio.o
                0x0800102c                MX_GPIO_Init
 .text.MX_I2C2_Init
                0x080011d4       0x5c ./Core/Src/i2c.o
                0x080011d4                MX_I2C2_Init
 .text.HAL_I2C_MspInit
                0x08001230       0x90 ./Core/Src/i2c.o
                0x08001230                HAL_I2C_MspInit
 .text.set_window
                0x080012c0       0x8a ./Core/Src/lcd_control.o
 .text.LCD_DrawBlock10x10
                0x0800134a       0x50 ./Core/Src/lcd_control.o
                0x0800134a                LCD_DrawBlock10x10
 *fill*         0x0800139a        0x2 
 .text.LCD_Test_Orientation
                0x0800139c       0x44 ./Core/Src/lcd_control.o
                0x0800139c                LCD_Test_Orientation
 .text.LCD_Delay
                0x080013e0       0x16 ./Core/Src/lcd_io.o
                0x080013e0                LCD_Delay
 .text.LCD_FMC_Init
                0x080013f6        0xe ./Core/Src/lcd_io.o
                0x080013f6                LCD_FMC_Init
 .text.LCD_Reset
                0x08001404       0x30 ./Core/Src/lcd_io.o
                0x08001404                LCD_Reset
 .text.LCD_Backlight_On
                0x08001434       0x2c ./Core/Src/lcd_io.o
                0x08001434                LCD_Backlight_On
 .text.LCD_WriteCmd
                0x08001460       0x20 ./Core/Src/lcd_io.o
                0x08001460                LCD_WriteCmd
 .text.LCD_WriteData8
                0x08001480       0x24 ./Core/Src/lcd_io.o
                0x08001480                LCD_WriteData8
 .text.LCD_WriteData16
                0x080014a4       0x20 ./Core/Src/lcd_io.o
                0x080014a4                LCD_WriteData16
 .text.I2C_ScanAndFindLM75A
                0x080014c4       0x54 ./Core/Src/main.o
                0x080014c4                I2C_ScanAndFindLM75A
 .text.LM75A_ReadTemperature_Fine
                0x08001518       0x90 ./Core/Src/main.o
                0x08001518                LM75A_ReadTemperature_Fine
 .text.main     0x080015a8      0x22c ./Core/Src/main.o
                0x080015a8                main
 .text.SystemClock_Config
                0x080017d4       0xd8 ./Core/Src/main.o
                0x080017d4                SystemClock_Config
 .text.Error_Handler
                0x080018ac        0xc ./Core/Src/main.o
                0x080018ac                Error_Handler
 .text.HAL_MspInit
                0x080018b8       0x50 ./Core/Src/stm32f4xx_hal_msp.o
                0x080018b8                HAL_MspInit
 .text.NMI_Handler
                0x08001908        0x8 ./Core/Src/stm32f4xx_it.o
                0x08001908                NMI_Handler
 .text.HardFault_Handler
                0x08001910        0x8 ./Core/Src/stm32f4xx_it.o
                0x08001910                HardFault_Handler
 .text.MemManage_Handler
                0x08001918        0x8 ./Core/Src/stm32f4xx_it.o
                0x08001918                MemManage_Handler
 .text.BusFault_Handler
                0x08001920        0x8 ./Core/Src/stm32f4xx_it.o
                0x08001920                BusFault_Handler
 .text.UsageFault_Handler
                0x08001928        0x8 ./Core/Src/stm32f4xx_it.o
                0x08001928                UsageFault_Handler
 .text.SVC_Handler
                0x08001930        0xe ./Core/Src/stm32f4xx_it.o
                0x08001930                SVC_Handler
 .text.DebugMon_Handler
                0x0800193e        0xe ./Core/Src/stm32f4xx_it.o
                0x0800193e                DebugMon_Handler
 .text.PendSV_Handler
                0x0800194c        0xe ./Core/Src/stm32f4xx_it.o
                0x0800194c                PendSV_Handler
 .text.SysTick_Handler
                0x0800195a        0xc ./Core/Src/stm32f4xx_it.o
                0x0800195a                SysTick_Handler
 *fill*         0x08001966        0x2 
 .text.OTG_FS_IRQHandler
                0x08001968       0x14 ./Core/Src/stm32f4xx_it.o
                0x08001968                OTG_FS_IRQHandler
 .text._getpid  0x0800197c       0x10 ./Core/Src/syscalls.o
                0x0800197c                _getpid
 .text._kill    0x0800198c       0x20 ./Core/Src/syscalls.o
                0x0800198c                _kill
 .text._exit    0x080019ac       0x16 ./Core/Src/syscalls.o
                0x080019ac                _exit
 .text._read    0x080019c2       0x3a ./Core/Src/syscalls.o
                0x080019c2                _read
 .text._write   0x080019fc       0x38 ./Core/Src/syscalls.o
                0x080019fc                _write
 .text._close   0x08001a34       0x18 ./Core/Src/syscalls.o
                0x08001a34                _close
 .text._fstat   0x08001a4c       0x20 ./Core/Src/syscalls.o
                0x08001a4c                _fstat
 .text._isatty  0x08001a6c       0x16 ./Core/Src/syscalls.o
                0x08001a6c                _isatty
 .text._lseek   0x08001a82       0x1a ./Core/Src/syscalls.o
                0x08001a82                _lseek
 .text._sbrk    0x08001a9c       0x6c ./Core/Src/sysmem.o
                0x08001a9c                _sbrk
 .text.SystemInit
                0x08001b08       0x24 ./Core/Src/system_stm32f4xx.o
                0x08001b08                SystemInit
 .text.ssd1306_Reset
                0x08001b2c        0xe ./Core/Src/ssd1306/ssd1306.o
                0x08001b2c                ssd1306_Reset
 *fill*         0x08001b3a        0x2 
 .text.ssd1306_WriteCommand
                0x08001b3c       0x30 ./Core/Src/ssd1306/ssd1306.o
                0x08001b3c                ssd1306_WriteCommand
 .text.ssd1306_WriteData
                0x08001b6c       0x34 ./Core/Src/ssd1306/ssd1306.o
                0x08001b6c                ssd1306_WriteData
 .text.ssd1306_Init
                0x08001ba0       0xd4 ./Core/Src/ssd1306/ssd1306.o
                0x08001ba0                ssd1306_Init
 .text.ssd1306_Fill
                0x08001c74       0x30 ./Core/Src/ssd1306/ssd1306.o
                0x08001c74                ssd1306_Fill
 .text.ssd1306_UpdateScreen
                0x08001ca4       0x58 ./Core/Src/ssd1306/ssd1306.o
                0x08001ca4                ssd1306_UpdateScreen
 .text.ssd1306_DrawPixel
                0x08001cfc       0xbc ./Core/Src/ssd1306/ssd1306.o
                0x08001cfc                ssd1306_DrawPixel
 .text.ssd1306_WriteChar
                0x08001db8      0x124 ./Core/Src/ssd1306/ssd1306.o
                0x08001db8                ssd1306_WriteChar
 .text.ssd1306_WriteString
                0x08001edc       0x4c ./Core/Src/ssd1306/ssd1306.o
                0x08001edc                ssd1306_WriteString
 .text.ssd1306_SetCursor
                0x08001f28       0x30 ./Core/Src/ssd1306/ssd1306.o
                0x08001f28                ssd1306_SetCursor
 .text.ssd1306_SetContrast
                0x08001f58       0x26 ./Core/Src/ssd1306/ssd1306.o
                0x08001f58                ssd1306_SetContrast
 *fill*         0x08001f7e        0x2 
 .text.ssd1306_SetDisplayOn
                0x08001f80       0x3c ./Core/Src/ssd1306/ssd1306.o
                0x08001f80                ssd1306_SetDisplayOn
 .text.Reset_Handler
                0x08001fbc       0x50 ./Core/Startup/startup_stm32f407zgtx.o
                0x08001fbc                Reset_Handler
 .text.Default_Handler
                0x0800200c        0x2 ./Core/Startup/startup_stm32f407zgtx.o
                0x0800200c                RTC_Alarm_IRQHandler
                0x0800200c                HASH_RNG_IRQHandler
                0x0800200c                EXTI2_IRQHandler
                0x0800200c                TIM8_CC_IRQHandler
                0x0800200c                TIM1_CC_IRQHandler
                0x0800200c                DMA2_Stream5_IRQHandler
                0x0800200c                DMA1_Stream5_IRQHandler
                0x0800200c                PVD_IRQHandler
                0x0800200c                SDIO_IRQHandler
                0x0800200c                TAMP_STAMP_IRQHandler
                0x0800200c                CAN2_RX1_IRQHandler
                0x0800200c                EXTI3_IRQHandler
                0x0800200c                TIM8_TRG_COM_TIM14_IRQHandler
                0x0800200c                TIM1_UP_TIM10_IRQHandler
                0x0800200c                TIM8_UP_TIM13_IRQHandler
                0x0800200c                I2C3_ER_IRQHandler
                0x0800200c                EXTI0_IRQHandler
                0x0800200c                I2C2_EV_IRQHandler
                0x0800200c                DMA1_Stream2_IRQHandler
                0x0800200c                CAN1_RX0_IRQHandler
                0x0800200c                FPU_IRQHandler
                0x0800200c                OTG_HS_WKUP_IRQHandler
                0x0800200c                CAN2_SCE_IRQHandler
                0x0800200c                DMA2_Stream2_IRQHandler
                0x0800200c                SPI1_IRQHandler
                0x0800200c                TIM6_DAC_IRQHandler
                0x0800200c                TIM1_BRK_TIM9_IRQHandler
                0x0800200c                DCMI_IRQHandler
                0x0800200c                CAN2_RX0_IRQHandler
                0x0800200c                DMA2_Stream3_IRQHandler
                0x0800200c                USART6_IRQHandler
                0x0800200c                USART3_IRQHandler
                0x0800200c                CAN1_RX1_IRQHandler
                0x0800200c                UART5_IRQHandler
                0x0800200c                DMA2_Stream0_IRQHandler
                0x0800200c                TIM4_IRQHandler
                0x0800200c                I2C1_EV_IRQHandler
                0x0800200c                DMA1_Stream6_IRQHandler
                0x0800200c                DMA1_Stream1_IRQHandler
                0x0800200c                UART4_IRQHandler
                0x0800200c                TIM3_IRQHandler
                0x0800200c                RCC_IRQHandler
                0x0800200c                TIM8_BRK_TIM12_IRQHandler
                0x0800200c                Default_Handler
                0x0800200c                EXTI15_10_IRQHandler
                0x0800200c                ADC_IRQHandler
                0x0800200c                DMA1_Stream7_IRQHandler
                0x0800200c                TIM7_IRQHandler
                0x0800200c                CAN2_TX_IRQHandler
                0x0800200c                TIM5_IRQHandler
                0x0800200c                DMA2_Stream7_IRQHandler
                0x0800200c                I2C3_EV_IRQHandler
                0x0800200c                EXTI9_5_IRQHandler
                0x0800200c                RTC_WKUP_IRQHandler
                0x0800200c                ETH_WKUP_IRQHandler
                0x0800200c                SPI2_IRQHandler
                0x0800200c                OTG_HS_EP1_IN_IRQHandler
                0x0800200c                DMA1_Stream0_IRQHandler
                0x0800200c                CAN1_TX_IRQHandler
                0x0800200c                EXTI4_IRQHandler
                0x0800200c                FSMC_IRQHandler
                0x0800200c                ETH_IRQHandler
                0x0800200c                OTG_HS_EP1_OUT_IRQHandler
                0x0800200c                WWDG_IRQHandler
                0x0800200c                TIM2_IRQHandler
                0x0800200c                OTG_FS_WKUP_IRQHandler
                0x0800200c                TIM1_TRG_COM_TIM11_IRQHandler
                0x0800200c                OTG_HS_IRQHandler
                0x0800200c                EXTI1_IRQHandler
                0x0800200c                USART2_IRQHandler
                0x0800200c                I2C2_ER_IRQHandler
                0x0800200c                DMA2_Stream1_IRQHandler
                0x0800200c                CAN1_SCE_IRQHandler
                0x0800200c                FLASH_IRQHandler
                0x0800200c                DMA2_Stream4_IRQHandler
                0x0800200c                USART1_IRQHandler
                0x0800200c                SPI3_IRQHandler
                0x0800200c                DMA1_Stream4_IRQHandler
                0x0800200c                I2C1_ER_IRQHandler
                0x0800200c                DMA2_Stream6_IRQHandler
                0x0800200c                DMA1_Stream3_IRQHandler
 *fill*         0x0800200e        0x2 
 .text.HAL_Init
                0x08002010       0x44 ./Drivers/STM32F4xx_HAL_Driver/Src/stm32f4xx_hal.o
                0x08002010                HAL_Init
 .text.HAL_InitTick
                0x08002054       0x60 ./Drivers/STM32F4xx_HAL_Driver/Src/stm32f4xx_hal.o
                0x08002054                HAL_InitTick
 .text.HAL_IncTick
                0x080020b4       0x28 ./Drivers/STM32F4xx_HAL_Driver/Src/stm32f4xx_hal.o
                0x080020b4                HAL_IncTick
 .text.HAL_GetTick
                0x080020dc       0x18 ./Drivers/STM32F4xx_HAL_Driver/Src/stm32f4xx_hal.o
                0x080020dc                HAL_GetTick
 .text.HAL_Delay
                0x080020f4       0x48 ./Drivers/STM32F4xx_HAL_Driver/Src/stm32f4xx_hal.o
                0x080020f4                HAL_Delay
 .text.HAL_ADC_Init
                0x0800213c       0x86 ./Drivers/STM32F4xx_HAL_Driver/Src/stm32f4xx_hal_adc.o
                0x0800213c                HAL_ADC_Init
 *fill*         0x080021c2        0x2 
 .text.HAL_ADC_Start
                0x080021c4      0x1a4 ./Drivers/STM32F4xx_HAL_Driver/Src/stm32f4xx_hal_adc.o
                0x080021c4                HAL_ADC_Start
 .text.HAL_ADC_PollForConversion
                0x08002368      0x116 ./Drivers/STM32F4xx_HAL_Driver/Src/stm32f4xx_hal_adc.o
                0x08002368                HAL_ADC_PollForConversion
 .text.HAL_ADC_GetValue
                0x0800247e       0x1a ./Drivers/STM32F4xx_HAL_Driver/Src/stm32f4xx_hal_adc.o
                0x0800247e                HAL_ADC_GetValue
 .text.HAL_ADC_ConfigChannel
                0x08002498      0x244 ./Drivers/STM32F4xx_HAL_Driver/Src/stm32f4xx_hal_adc.o
                0x08002498                HAL_ADC_ConfigChannel
 .text.ADC_Init
                0x080026dc      0x1f8 ./Drivers/STM32F4xx_HAL_Driver/Src/stm32f4xx_hal_adc.o
 .text.__NVIC_SetPriorityGrouping
                0x080028d4       0x48 ./Drivers/STM32F4xx_HAL_Driver/Src/stm32f4xx_hal_cortex.o
 .text.__NVIC_GetPriorityGrouping
                0x0800291c       0x1c ./Drivers/STM32F4xx_HAL_Driver/Src/stm32f4xx_hal_cortex.o
 .text.__NVIC_EnableIRQ
                0x08002938       0x3c ./Drivers/STM32F4xx_HAL_Driver/Src/stm32f4xx_hal_cortex.o
 .text.__NVIC_SetPriority
                0x08002974       0x54 ./Drivers/STM32F4xx_HAL_Driver/Src/stm32f4xx_hal_cortex.o
 .text.NVIC_EncodePriority
                0x080029c8       0x66 ./Drivers/STM32F4xx_HAL_Driver/Src/stm32f4xx_hal_cortex.o
 *fill*         0x08002a2e        0x2 
 .text.SysTick_Config
                0x08002a30       0x44 ./Drivers/STM32F4xx_HAL_Driver/Src/stm32f4xx_hal_cortex.o
 .text.HAL_NVIC_SetPriorityGrouping
                0x08002a74       0x16 ./Drivers/STM32F4xx_HAL_Driver/Src/stm32f4xx_hal_cortex.o
                0x08002a74                HAL_NVIC_SetPriorityGrouping
 .text.HAL_NVIC_SetPriority
                0x08002a8a       0x38 ./Drivers/STM32F4xx_HAL_Driver/Src/stm32f4xx_hal_cortex.o
                0x08002a8a                HAL_NVIC_SetPriority
 .text.HAL_NVIC_EnableIRQ
                0x08002ac2       0x1c ./Drivers/STM32F4xx_HAL_Driver/Src/stm32f4xx_hal_cortex.o
                0x08002ac2                HAL_NVIC_EnableIRQ
 .text.HAL_SYSTICK_Config
                0x08002ade       0x18 ./Drivers/STM32F4xx_HAL_Driver/Src/stm32f4xx_hal_cortex.o
                0x08002ade                HAL_SYSTICK_Config
 *fill*         0x08002af6        0x2 
 .text.HAL_GPIO_Init
                0x08002af8      0x338 ./Drivers/STM32F4xx_HAL_Driver/Src/stm32f4xx_hal_gpio.o
                0x08002af8                HAL_GPIO_Init
 .text.HAL_GPIO_WritePin
                0x08002e30       0x32 ./Drivers/STM32F4xx_HAL_Driver/Src/stm32f4xx_hal_gpio.o
                0x08002e30                HAL_GPIO_WritePin
 *fill*         0x08002e62        0x2 
 .text.HAL_I2C_Init
                0x08002e64      0x288 ./Drivers/STM32F4xx_HAL_Driver/Src/stm32f4xx_hal_i2c.o
                0x08002e64                HAL_I2C_Init
 .text.HAL_I2C_Mem_Write
                0x080030ec      0x1f4 ./Drivers/STM32F4xx_HAL_Driver/Src/stm32f4xx_hal_i2c.o
                0x080030ec                HAL_I2C_Mem_Write
 .text.HAL_I2C_Mem_Read
                0x080032e0      0x464 ./Drivers/STM32F4xx_HAL_Driver/Src/stm32f4xx_hal_i2c.o
                0x080032e0                HAL_I2C_Mem_Read
 .text.HAL_I2C_IsDeviceReady
                0x08003744      0x25c ./Drivers/STM32F4xx_HAL_Driver/Src/stm32f4xx_hal_i2c.o
                0x08003744                HAL_I2C_IsDeviceReady
 .text.I2C_RequestMemoryWrite
                0x080039a0      0x12c ./Drivers/STM32F4xx_HAL_Driver/Src/stm32f4xx_hal_i2c.o
 .text.I2C_RequestMemoryRead
                0x08003acc      0x1d0 ./Drivers/STM32F4xx_HAL_Driver/Src/stm32f4xx_hal_i2c.o
 .text.I2C_WaitOnFlagUntilTimeout
                0x08003c9c       0xf4 ./Drivers/STM32F4xx_HAL_Driver/Src/stm32f4xx_hal_i2c.o
 .text.I2C_WaitOnMasterAddressFlagUntilTimeout
                0x08003d90      0x140 ./Drivers/STM32F4xx_HAL_Driver/Src/stm32f4xx_hal_i2c.o
 .text.I2C_WaitOnTXEFlagUntilTimeout
                0x08003ed0       0x90 ./Drivers/STM32F4xx_HAL_Driver/Src/stm32f4xx_hal_i2c.o
 .text.I2C_WaitOnBTFFlagUntilTimeout
                0x08003f60       0x90 ./Drivers/STM32F4xx_HAL_Driver/Src/stm32f4xx_hal_i2c.o
 .text.I2C_WaitOnRXNEFlagUntilTimeout
                0x08003ff0       0xba ./Drivers/STM32F4xx_HAL_Driver/Src/stm32f4xx_hal_i2c.o
 .text.I2C_IsAcknowledgeFailed
                0x080040aa       0x5e ./Drivers/STM32F4xx_HAL_Driver/Src/stm32f4xx_hal_i2c.o
 .text.HAL_PCD_Init
                0x08004108      0x21e ./Drivers/STM32F4xx_HAL_Driver/Src/stm32f4xx_hal_pcd.o
                0x08004108                HAL_PCD_Init
 .text.HAL_PCD_Start
                0x08004326       0x6a ./Drivers/STM32F4xx_HAL_Driver/Src/stm32f4xx_hal_pcd.o
                0x08004326                HAL_PCD_Start
 .text.HAL_PCD_IRQHandler
                0x08004390      0x942 ./Drivers/STM32F4xx_HAL_Driver/Src/stm32f4xx_hal_pcd.o
                0x08004390                HAL_PCD_IRQHandler
 .text.HAL_PCD_SetAddress
                0x08004cd2       0x48 ./Drivers/STM32F4xx_HAL_Driver/Src/stm32f4xx_hal_pcd.o
                0x08004cd2                HAL_PCD_SetAddress
 .text.HAL_PCD_EP_Open
                0x08004d1a       0xd4 ./Drivers/STM32F4xx_HAL_Driver/Src/stm32f4xx_hal_pcd.o
                0x08004d1a                HAL_PCD_EP_Open
 .text.HAL_PCD_EP_Close
                0x08004dee       0x94 ./Drivers/STM32F4xx_HAL_Driver/Src/stm32f4xx_hal_pcd.o
                0x08004dee                HAL_PCD_EP_Close
 .text.HAL_PCD_EP_Receive
                0x08004e82       0x76 ./Drivers/STM32F4xx_HAL_Driver/Src/stm32f4xx_hal_pcd.o
                0x08004e82                HAL_PCD_EP_Receive
 .text.HAL_PCD_EP_GetRxCount
                0x08004ef8       0x30 ./Drivers/STM32F4xx_HAL_Driver/Src/stm32f4xx_hal_pcd.o
                0x08004ef8                HAL_PCD_EP_GetRxCount
 .text.HAL_PCD_EP_Transmit
                0x08004f28       0x74 ./Drivers/STM32F4xx_HAL_Driver/Src/stm32f4xx_hal_pcd.o
                0x08004f28                HAL_PCD_EP_Transmit
 .text.HAL_PCD_EP_SetStall
                0x08004f9c       0xc6 ./Drivers/STM32F4xx_HAL_Driver/Src/stm32f4xx_hal_pcd.o
                0x08004f9c                HAL_PCD_EP_SetStall
 .text.HAL_PCD_EP_ClrStall
                0x08005062       0xac ./Drivers/STM32F4xx_HAL_Driver/Src/stm32f4xx_hal_pcd.o
                0x08005062                HAL_PCD_EP_ClrStall
 .text.HAL_PCD_EP_Abort
                0x0800510e       0x62 ./Drivers/STM32F4xx_HAL_Driver/Src/stm32f4xx_hal_pcd.o
                0x0800510e                HAL_PCD_EP_Abort
 .text.PCD_WriteEmptyTxFifo
                0x08005170      0x118 ./Drivers/STM32F4xx_HAL_Driver/Src/stm32f4xx_hal_pcd.o
 .text.PCD_EP_OutXfrComplete_int
                0x08005288      0x1d0 ./Drivers/STM32F4xx_HAL_Driver/Src/stm32f4xx_hal_pcd.o
 .text.PCD_EP_OutSetupPacket_int
                0x08005458       0x8c ./Drivers/STM32F4xx_HAL_Driver/Src/stm32f4xx_hal_pcd.o
 .text.HAL_PCDEx_SetTxFiFo
                0x080054e4       0x8e ./Drivers/STM32F4xx_HAL_Driver/Src/stm32f4xx_hal_pcd_ex.o
                0x080054e4                HAL_PCDEx_SetTxFiFo
 .text.HAL_PCDEx_SetRxFiFo
                0x08005572       0x22 ./Drivers/STM32F4xx_HAL_Driver/Src/stm32f4xx_hal_pcd_ex.o
                0x08005572                HAL_PCDEx_SetRxFiFo
 .text.HAL_PCDEx_LPM_Callback
                0x08005594       0x18 ./Drivers/STM32F4xx_HAL_Driver/Src/stm32f4xx_hal_pcd_ex.o
                0x08005594                HAL_PCDEx_LPM_Callback
 .text.HAL_RCC_OscConfig
                0x080055ac      0x4f0 ./Drivers/STM32F4xx_HAL_Driver/Src/stm32f4xx_hal_rcc.o
                0x080055ac                HAL_RCC_OscConfig
 .text.HAL_RCC_ClockConfig
                0x08005a9c      0x1cc ./Drivers/STM32F4xx_HAL_Driver/Src/stm32f4xx_hal_rcc.o
                0x08005a9c                HAL_RCC_ClockConfig
 .text.HAL_RCC_GetSysClockFreq
                0x08005c68      0x20c ./Drivers/STM32F4xx_HAL_Driver/Src/stm32f4xx_hal_rcc.o
                0x08005c68                HAL_RCC_GetSysClockFreq
 .text.HAL_RCC_GetHCLKFreq
                0x08005e74       0x18 ./Drivers/STM32F4xx_HAL_Driver/Src/stm32f4xx_hal_rcc.o
                0x08005e74                HAL_RCC_GetHCLKFreq
 .text.HAL_RCC_GetPCLK1Freq
                0x08005e8c       0x28 ./Drivers/STM32F4xx_HAL_Driver/Src/stm32f4xx_hal_rcc.o
                0x08005e8c                HAL_RCC_GetPCLK1Freq
 .text.USB_CoreInit
                0x08005eb4       0xc8 ./Drivers/STM32F4xx_HAL_Driver/Src/stm32f4xx_ll_usb.o
                0x08005eb4                USB_CoreInit
 .text.USB_SetTurnaroundTime
                0x08005f7c      0x144 ./Drivers/STM32F4xx_HAL_Driver/Src/stm32f4xx_ll_usb.o
                0x08005f7c                USB_SetTurnaroundTime
 .text.USB_EnableGlobalInt
                0x080060c0       0x22 ./Drivers/STM32F4xx_HAL_Driver/Src/stm32f4xx_ll_usb.o
                0x080060c0                USB_EnableGlobalInt
 .text.USB_DisableGlobalInt
                0x080060e2       0x22 ./Drivers/STM32F4xx_HAL_Driver/Src/stm32f4xx_ll_usb.o
                0x080060e2                USB_DisableGlobalInt
 .text.USB_SetCurrentMode
                0x08006104       0x98 ./Drivers/STM32F4xx_HAL_Driver/Src/stm32f4xx_ll_usb.o
                0x08006104                USB_SetCurrentMode
 .text.USB_DevInit
                0x0800619c      0x2c8 ./Drivers/STM32F4xx_HAL_Driver/Src/stm32f4xx_ll_usb.o
                0x0800619c                USB_DevInit
 .text.USB_FlushTxFifo
                0x08006464       0x64 ./Drivers/STM32F4xx_HAL_Driver/Src/stm32f4xx_ll_usb.o
                0x08006464                USB_FlushTxFifo
 .text.USB_FlushRxFifo
                0x080064c8       0x5c ./Drivers/STM32F4xx_HAL_Driver/Src/stm32f4xx_ll_usb.o
                0x080064c8                USB_FlushRxFifo
 .text.USB_SetDevSpeed
                0x08006524       0x32 ./Drivers/STM32F4xx_HAL_Driver/Src/stm32f4xx_ll_usb.o
                0x08006524                USB_SetDevSpeed
 .text.USB_GetDevSpeed
                0x08006556       0x4a ./Drivers/STM32F4xx_HAL_Driver/Src/stm32f4xx_ll_usb.o
                0x08006556                USB_GetDevSpeed
 .text.USB_ActivateEndpoint
                0x080065a0      0x10e ./Drivers/STM32F4xx_HAL_Driver/Src/stm32f4xx_ll_usb.o
                0x080065a0                USB_ActivateEndpoint
 *fill*         0x080066ae        0x2 
 .text.USB_DeactivateEndpoint
                0x080066b0      0x1b8 ./Drivers/STM32F4xx_HAL_Driver/Src/stm32f4xx_ll_usb.o
                0x080066b0                USB_DeactivateEndpoint
 .text.USB_EPStartXfer
                0x08006868      0x53c ./Drivers/STM32F4xx_HAL_Driver/Src/stm32f4xx_ll_usb.o
                0x08006868                USB_EPStartXfer
 .text.USB_EPStopXfer
                0x08006da4      0x154 ./Drivers/STM32F4xx_HAL_Driver/Src/stm32f4xx_ll_usb.o
                0x08006da4                USB_EPStopXfer
 .text.USB_WritePacket
                0x08006ef8       0x7c ./Drivers/STM32F4xx_HAL_Driver/Src/stm32f4xx_ll_usb.o
                0x08006ef8                USB_WritePacket
 .text.USB_ReadPacket
                0x08006f74       0xb0 ./Drivers/STM32F4xx_HAL_Driver/Src/stm32f4xx_ll_usb.o
                0x08006f74                USB_ReadPacket
 .text.USB_EPSetStall
                0x08007024       0xdc ./Drivers/STM32F4xx_HAL_Driver/Src/stm32f4xx_ll_usb.o
                0x08007024                USB_EPSetStall
 .text.USB_EPClearStall
                0x08007100       0xcc ./Drivers/STM32F4xx_HAL_Driver/Src/stm32f4xx_ll_usb.o
                0x08007100                USB_EPClearStall
 .text.USB_SetDevAddress
                0x080071cc       0x4c ./Drivers/STM32F4xx_HAL_Driver/Src/stm32f4xx_ll_usb.o
                0x080071cc                USB_SetDevAddress
 .text.USB_DevConnect
                0x08007218       0x42 ./Drivers/STM32F4xx_HAL_Driver/Src/stm32f4xx_ll_usb.o
                0x08007218                USB_DevConnect
 .text.USB_DevDisconnect
                0x0800725a       0x42 ./Drivers/STM32F4xx_HAL_Driver/Src/stm32f4xx_ll_usb.o
                0x0800725a                USB_DevDisconnect
 .text.USB_ReadInterrupts
                0x0800729c       0x26 ./Drivers/STM32F4xx_HAL_Driver/Src/stm32f4xx_ll_usb.o
                0x0800729c                USB_ReadInterrupts
 .text.USB_ReadDevAllOutEpInterrupt
                0x080072c2       0x34 ./Drivers/STM32F4xx_HAL_Driver/Src/stm32f4xx_ll_usb.o
                0x080072c2                USB_ReadDevAllOutEpInterrupt
 .text.USB_ReadDevAllInEpInterrupt
                0x080072f6       0x34 ./Drivers/STM32F4xx_HAL_Driver/Src/stm32f4xx_ll_usb.o
                0x080072f6                USB_ReadDevAllInEpInterrupt
 .text.USB_ReadDevOutEPInterrupt
                0x0800732a       0x3c ./Drivers/STM32F4xx_HAL_Driver/Src/stm32f4xx_ll_usb.o
                0x0800732a                USB_ReadDevOutEPInterrupt
 .text.USB_ReadDevInEPInterrupt
                0x08007366       0x5c ./Drivers/STM32F4xx_HAL_Driver/Src/stm32f4xx_ll_usb.o
                0x08007366                USB_ReadDevInEPInterrupt
 .text.USB_GetMode
                0x080073c2       0x1c ./Drivers/STM32F4xx_HAL_Driver/Src/stm32f4xx_ll_usb.o
                0x080073c2                USB_GetMode
 .text.USB_ActivateSetup
                0x080073de       0x46 ./Drivers/STM32F4xx_HAL_Driver/Src/stm32f4xx_ll_usb.o
                0x080073de                USB_ActivateSetup
 .text.USB_EP0_OutStart
                0x08007424       0xbc ./Drivers/STM32F4xx_HAL_Driver/Src/stm32f4xx_ll_usb.o
                0x08007424                USB_EP0_OutStart
 .text.USB_CoreReset
                0x080074e0       0x70 ./Drivers/STM32F4xx_HAL_Driver/Src/stm32f4xx_ll_usb.o
 .text.USBD_CDC_Init
                0x08007550      0x1f0 ./Middlewares/ST/STM32_USB_Device_Library/Class/CDC/Src/usbd_cdc.o
 .text.USBD_CDC_DeInit
                0x08007740      0x104 ./Middlewares/ST/STM32_USB_Device_Library/Class/CDC/Src/usbd_cdc.o
 .text.USBD_CDC_Setup
                0x08007844      0x1b8 ./Middlewares/ST/STM32_USB_Device_Library/Class/CDC/Src/usbd_cdc.o
 .text.USBD_CDC_DataIn
                0x080079fc       0xfe ./Middlewares/ST/STM32_USB_Device_Library/Class/CDC/Src/usbd_cdc.o
 .text.USBD_CDC_DataOut
                0x08007afa       0x70 ./Middlewares/ST/STM32_USB_Device_Library/Class/CDC/Src/usbd_cdc.o
 .text.USBD_CDC_EP0_RxReady
                0x08007b6a       0x74 ./Middlewares/ST/STM32_USB_Device_Library/Class/CDC/Src/usbd_cdc.o
 *fill*         0x08007bde        0x2 
 .text.USBD_CDC_GetFSCfgDesc
                0x08007be0       0x70 ./Middlewares/ST/STM32_USB_Device_Library/Class/CDC/Src/usbd_cdc.o
 .text.USBD_CDC_GetHSCfgDesc
                0x08007c50       0x70 ./Middlewares/ST/STM32_USB_Device_Library/Class/CDC/Src/usbd_cdc.o
 .text.USBD_CDC_GetOtherSpeedCfgDesc
                0x08007cc0       0x70 ./Middlewares/ST/STM32_USB_Device_Library/Class/CDC/Src/usbd_cdc.o
 .text.USBD_CDC_GetDeviceQualifierDescriptor
                0x08007d30       0x20 ./Middlewares/ST/STM32_USB_Device_Library/Class/CDC/Src/usbd_cdc.o
                0x08007d30                USBD_CDC_GetDeviceQualifierDescriptor
 .text.USBD_CDC_RegisterInterface
                0x08007d50       0x34 ./Middlewares/ST/STM32_USB_Device_Library/Class/CDC/Src/usbd_cdc.o
                0x08007d50                USBD_CDC_RegisterInterface
 .text.USBD_CDC_SetTxBuffer
                0x08007d84       0x44 ./Middlewares/ST/STM32_USB_Device_Library/Class/CDC/Src/usbd_cdc.o
                0x08007d84                USBD_CDC_SetTxBuffer
 .text.USBD_CDC_SetRxBuffer
                0x08007dc8       0x3a ./Middlewares/ST/STM32_USB_Device_Library/Class/CDC/Src/usbd_cdc.o
                0x08007dc8                USBD_CDC_SetRxBuffer
 *fill*         0x08007e02        0x2 
 .text.USBD_CDC_ReceivePacket
                0x08007e04       0x6c ./Middlewares/ST/STM32_USB_Device_Library/Class/CDC/Src/usbd_cdc.o
                0x08007e04                USBD_CDC_ReceivePacket
 .text.USBD_Init
                0x08007e70       0x60 ./Middlewares/ST/STM32_USB_Device_Library/Core/Src/usbd_core.o
                0x08007e70                USBD_Init
 .text.USBD_RegisterClass
                0x08007ed0       0x6c ./Middlewares/ST/STM32_USB_Device_Library/Core/Src/usbd_core.o
                0x08007ed0                USBD_RegisterClass
 .text.USBD_Start
                0x08007f3c       0x18 ./Middlewares/ST/STM32_USB_Device_Library/Core/Src/usbd_core.o
                0x08007f3c                USBD_Start
 .text.USBD_RunTestMode
                0x08007f54       0x16 ./Middlewares/ST/STM32_USB_Device_Library/Core/Src/usbd_core.o
                0x08007f54                USBD_RunTestMode
 .text.USBD_SetClassConfig
                0x08007f6a       0x38 ./Middlewares/ST/STM32_USB_Device_Library/Core/Src/usbd_core.o
                0x08007f6a                USBD_SetClassConfig
 .text.USBD_ClrClassConfig
                0x08007fa2       0x34 ./Middlewares/ST/STM32_USB_Device_Library/Core/Src/usbd_core.o
                0x08007fa2                USBD_ClrClassConfig
 .text.USBD_LL_SetupStage
                0x08007fd6       0xaa ./Middlewares/ST/STM32_USB_Device_Library/Core/Src/usbd_core.o
                0x08007fd6                USBD_LL_SetupStage
 .text.USBD_LL_DataOutStage
                0x08008080      0x178 ./Middlewares/ST/STM32_USB_Device_Library/Core/Src/usbd_core.o
                0x08008080                USBD_LL_DataOutStage
 .text.USBD_LL_DataInStage
                0x080081f8      0x176 ./Middlewares/ST/STM32_USB_Device_Library/Core/Src/usbd_core.o
                0x080081f8                USBD_LL_DataInStage
 .text.USBD_LL_Reset
                0x0800836e       0xa6 ./Middlewares/ST/STM32_USB_Device_Library/Core/Src/usbd_core.o
                0x0800836e                USBD_LL_Reset
 .text.USBD_LL_SetSpeed
                0x08008414       0x20 ./Middlewares/ST/STM32_USB_Device_Library/Core/Src/usbd_core.o
                0x08008414                USBD_LL_SetSpeed
 .text.USBD_LL_Suspend
                0x08008434       0x38 ./Middlewares/ST/STM32_USB_Device_Library/Core/Src/usbd_core.o
                0x08008434                USBD_LL_Suspend
 .text.USBD_LL_Resume
                0x0800846c       0x30 ./Middlewares/ST/STM32_USB_Device_Library/Core/Src/usbd_core.o
                0x0800846c                USBD_LL_Resume
 .text.USBD_LL_SOF
                0x0800849c       0x40 ./Middlewares/ST/STM32_USB_Device_Library/Core/Src/usbd_core.o
                0x0800849c                USBD_LL_SOF
 .text.USBD_LL_IsoINIncomplete
                0x080084dc       0x64 ./Middlewares/ST/STM32_USB_Device_Library/Core/Src/usbd_core.o
                0x080084dc                USBD_LL_IsoINIncomplete
 .text.USBD_LL_IsoOUTIncomplete
                0x08008540       0x64 ./Middlewares/ST/STM32_USB_Device_Library/Core/Src/usbd_core.o
                0x08008540                USBD_LL_IsoOUTIncomplete
 .text.USBD_LL_DevConnected
                0x080085a4       0x16 ./Middlewares/ST/STM32_USB_Device_Library/Core/Src/usbd_core.o
                0x080085a4                USBD_LL_DevConnected
 .text.USBD_LL_DevDisconnected
                0x080085ba       0x46 ./Middlewares/ST/STM32_USB_Device_Library/Core/Src/usbd_core.o
                0x080085ba                USBD_LL_DevDisconnected
 .text.USBD_CoreFindIF
                0x08008600       0x1a ./Middlewares/ST/STM32_USB_Device_Library/Core/Src/usbd_core.o
                0x08008600                USBD_CoreFindIF
 .text.USBD_CoreFindEP
                0x0800861a       0x1a ./Middlewares/ST/STM32_USB_Device_Library/Core/Src/usbd_core.o
                0x0800861a                USBD_CoreFindEP
 .text.USBD_GetEpDesc
                0x08008634       0x70 ./Middlewares/ST/STM32_USB_Device_Library/Core/Src/usbd_core.o
                0x08008634                USBD_GetEpDesc
 .text.USBD_GetNextDesc
                0x080086a4       0x38 ./Middlewares/ST/STM32_USB_Device_Library/Core/Src/usbd_core.o
                0x080086a4                USBD_GetNextDesc
 .text.SWAPBYTE
                0x080086dc       0x3e ./Middlewares/ST/STM32_USB_Device_Library/Core/Src/usbd_ctlreq.o
 *fill*         0x0800871a        0x2 
 .text.USBD_StdDevReq
                0x0800871c       0xe4 ./Middlewares/ST/STM32_USB_Device_Library/Core/Src/usbd_ctlreq.o
                0x0800871c                USBD_StdDevReq
 .text.USBD_StdItfReq
                0x08008800       0xd8 ./Middlewares/ST/STM32_USB_Device_Library/Core/Src/usbd_ctlreq.o
                0x08008800                USBD_StdItfReq
 .text.USBD_StdEPReq
                0x080088d8      0x33e ./Middlewares/ST/STM32_USB_Device_Library/Core/Src/usbd_ctlreq.o
                0x080088d8                USBD_StdEPReq
 *fill*         0x08008c16        0x2 
 .text.USBD_GetDescriptor
                0x08008c18      0x2d4 ./Middlewares/ST/STM32_USB_Device_Library/Core/Src/usbd_ctlreq.o
 .text.USBD_SetAddress
                0x08008eec       0x88 ./Middlewares/ST/STM32_USB_Device_Library/Core/Src/usbd_ctlreq.o
 .text.USBD_SetConfig
                0x08008f74      0x154 ./Middlewares/ST/STM32_USB_Device_Library/Core/Src/usbd_ctlreq.o
 .text.USBD_GetConfig
                0x080090c8       0x6c ./Middlewares/ST/STM32_USB_Device_Library/Core/Src/usbd_ctlreq.o
 .text.USBD_GetStatus
                0x08009134       0x68 ./Middlewares/ST/STM32_USB_Device_Library/Core/Src/usbd_ctlreq.o
 .text.USBD_SetFeature
                0x0800919c       0x52 ./Middlewares/ST/STM32_USB_Device_Library/Core/Src/usbd_ctlreq.o
 .text.USBD_ClrFeature
                0x080091ee       0x44 ./Middlewares/ST/STM32_USB_Device_Library/Core/Src/usbd_ctlreq.o
 .text.USBD_ParseSetupRequest
                0x08009232       0x74 ./Middlewares/ST/STM32_USB_Device_Library/Core/Src/usbd_ctlreq.o
                0x08009232                USBD_ParseSetupRequest
 .text.USBD_CtlError
                0x080092a6       0x22 ./Middlewares/ST/STM32_USB_Device_Library/Core/Src/usbd_ctlreq.o
                0x080092a6                USBD_CtlError
 .text.USBD_GetString
                0x080092c8       0xa4 ./Middlewares/ST/STM32_USB_Device_Library/Core/Src/usbd_ctlreq.o
                0x080092c8                USBD_GetString
 .text.USBD_GetLen
                0x0800936c       0x34 ./Middlewares/ST/STM32_USB_Device_Library/Core/Src/usbd_ctlreq.o
 .text.USBD_CtlSendData
                0x080093a0       0x3c ./Middlewares/ST/STM32_USB_Device_Library/Core/Src/usbd_ioreq.o
                0x080093a0                USBD_CtlSendData
 .text.USBD_CtlContinueSendData
                0x080093dc       0x22 ./Middlewares/ST/STM32_USB_Device_Library/Core/Src/usbd_ioreq.o
                0x080093dc                USBD_CtlContinueSendData
 .text.USBD_CtlPrepareRx
                0x080093fe       0x42 ./Middlewares/ST/STM32_USB_Device_Library/Core/Src/usbd_ioreq.o
                0x080093fe                USBD_CtlPrepareRx
 .text.USBD_CtlContinueRx
                0x08009440       0x22 ./Middlewares/ST/STM32_USB_Device_Library/Core/Src/usbd_ioreq.o
                0x08009440                USBD_CtlContinueRx
 .text.USBD_CtlSendStatus
                0x08009462       0x26 ./Middlewares/ST/STM32_USB_Device_Library/Core/Src/usbd_ioreq.o
                0x08009462                USBD_CtlSendStatus
 .text.USBD_CtlReceiveStatus
                0x08009488       0x26 ./Middlewares/ST/STM32_USB_Device_Library/Core/Src/usbd_ioreq.o
                0x08009488                USBD_CtlReceiveStatus
 *fill*         0x080094ae        0x2 
 .text.MX_USB_DEVICE_Init
                0x080094b0       0x60 ./USB_DEVICE/App/usb_device.o
                0x080094b0                MX_USB_DEVICE_Init
 .text.crc16_ccitt
                0x08009510       0x84 ./USB_DEVICE/App/usbd_cdc_if.o
                0x08009510                crc16_ccitt
 .text.process_velocity
                0x08009594       0x7c ./USB_DEVICE/App/usbd_cdc_if.o
                0x08009594                process_velocity
 .text.CDC_Init_FS
                0x08009610       0x28 ./USB_DEVICE/App/usbd_cdc_if.o
 .text.CDC_DeInit_FS
                0x08009638       0x10 ./USB_DEVICE/App/usbd_cdc_if.o
 .text.CDC_Control_FS
                0x08009648       0xbc ./USB_DEVICE/App/usbd_cdc_if.o
 .text.CDC_Receive_FS
                0x08009704       0xdc ./USB_DEVICE/App/usbd_cdc_if.o
 .text.CDC_TransmitCplt_FS
                0x080097e0       0x22 ./USB_DEVICE/App/usbd_cdc_if.o
 *fill*         0x08009802        0x2 
 .text.USBD_FS_DeviceDescriptor
                0x08009804       0x24 ./USB_DEVICE/App/usbd_desc.o
                0x08009804                USBD_FS_DeviceDescriptor
 .text.USBD_FS_LangIDStrDescriptor
                0x08009828       0x24 ./USB_DEVICE/App/usbd_desc.o
                0x08009828                USBD_FS_LangIDStrDescriptor
 .text.USBD_FS_ProductStrDescriptor
                0x0800984c       0x3c ./USB_DEVICE/App/usbd_desc.o
                0x0800984c                USBD_FS_ProductStrDescriptor
 .text.USBD_FS_ManufacturerStrDescriptor
                0x08009888       0x28 ./USB_DEVICE/App/usbd_desc.o
                0x08009888                USBD_FS_ManufacturerStrDescriptor
 .text.USBD_FS_SerialStrDescriptor
                0x080098b0       0x24 ./USB_DEVICE/App/usbd_desc.o
                0x080098b0                USBD_FS_SerialStrDescriptor
 .text.USBD_FS_ConfigStrDescriptor
                0x080098d4       0x3c ./USB_DEVICE/App/usbd_desc.o
                0x080098d4                USBD_FS_ConfigStrDescriptor
 .text.USBD_FS_InterfaceStrDescriptor
                0x08009910       0x3c ./USB_DEVICE/App/usbd_desc.o
                0x08009910                USBD_FS_InterfaceStrDescriptor
 .text.Get_SerialNum
                0x0800994c       0x58 ./USB_DEVICE/App/usbd_desc.o
 .text.IntToUnicode
                0x080099a4       0x7e ./USB_DEVICE/App/usbd_desc.o
 *fill*         0x08009a22        0x2 
 .text.HAL_PCD_MspInit
                0x08009a24       0xa8 ./USB_DEVICE/Target/usbd_conf.o
                0x08009a24                HAL_PCD_MspInit
 .text.HAL_PCD_SetupStageCallback
                0x08009acc       0x24 ./USB_DEVICE/Target/usbd_conf.o
                0x08009acc                HAL_PCD_SetupStageCallback
 .text.HAL_PCD_DataOutStageCallback
                0x08009af0       0x36 ./USB_DEVICE/Target/usbd_conf.o
                0x08009af0                HAL_PCD_DataOutStageCallback
 .text.HAL_PCD_DataInStageCallback
                0x08009b26       0x34 ./USB_DEVICE/Target/usbd_conf.o
                0x08009b26                HAL_PCD_DataInStageCallback
 .text.HAL_PCD_SOFCallback
                0x08009b5a       0x1c ./USB_DEVICE/Target/usbd_conf.o
                0x08009b5a                HAL_PCD_SOFCallback
 .text.HAL_PCD_ResetCallback
                0x08009b76       0x50 ./USB_DEVICE/Target/usbd_conf.o
                0x08009b76                HAL_PCD_ResetCallback
 *fill*         0x08009bc6        0x2 
 .text.HAL_PCD_SuspendCallback
                0x08009bc8       0x4c ./USB_DEVICE/Target/usbd_conf.o
                0x08009bc8                HAL_PCD_SuspendCallback
 .text.HAL_PCD_ResumeCallback
                0x08009c14       0x1c ./USB_DEVICE/Target/usbd_conf.o
                0x08009c14                HAL_PCD_ResumeCallback
 .text.HAL_PCD_ISOOUTIncompleteCallback
                0x08009c30       0x24 ./USB_DEVICE/Target/usbd_conf.o
                0x08009c30                HAL_PCD_ISOOUTIncompleteCallback
 .text.HAL_PCD_ISOINIncompleteCallback
                0x08009c54       0x24 ./USB_DEVICE/Target/usbd_conf.o
                0x08009c54                HAL_PCD_ISOINIncompleteCallback
 .text.HAL_PCD_ConnectCallback
                0x08009c78       0x1c ./USB_DEVICE/Target/usbd_conf.o
                0x08009c78                HAL_PCD_ConnectCallback
 .text.HAL_PCD_DisconnectCallback
                0x08009c94       0x1c ./USB_DEVICE/Target/usbd_conf.o
                0x08009c94                HAL_PCD_DisconnectCallback
 .text.USBD_LL_Init
                0x08009cb0       0x98 ./USB_DEVICE/Target/usbd_conf.o
                0x08009cb0                USBD_LL_Init
 .text.USBD_LL_Start
                0x08009d48       0x36 ./USB_DEVICE/Target/usbd_conf.o
                0x08009d48                USBD_LL_Start
 .text.USBD_LL_OpenEP
                0x08009d7e       0x4c ./USB_DEVICE/Target/usbd_conf.o
                0x08009d7e                USBD_LL_OpenEP
 .text.USBD_LL_CloseEP
                0x08009dca       0x3e ./USB_DEVICE/Target/usbd_conf.o
                0x08009dca                USBD_LL_CloseEP
 .text.USBD_LL_StallEP
                0x08009e08       0x3e ./USB_DEVICE/Target/usbd_conf.o
                0x08009e08                USBD_LL_StallEP
 .text.USBD_LL_ClearStallEP
                0x08009e46       0x3e ./USB_DEVICE/Target/usbd_conf.o
                0x08009e46                USBD_LL_ClearStallEP
 .text.USBD_LL_IsStallEP
                0x08009e84       0x58 ./USB_DEVICE/Target/usbd_conf.o
                0x08009e84                USBD_LL_IsStallEP
 .text.USBD_LL_SetUSBAddress
                0x08009edc       0x3e ./USB_DEVICE/Target/usbd_conf.o
                0x08009edc                USBD_LL_SetUSBAddress
 .text.USBD_LL_Transmit
                0x08009f1a       0x42 ./USB_DEVICE/Target/usbd_conf.o
                0x08009f1a                USBD_LL_Transmit
 .text.USBD_LL_PrepareReceive
                0x08009f5c       0x42 ./USB_DEVICE/Target/usbd_conf.o
                0x08009f5c                USBD_LL_PrepareReceive
 .text.USBD_LL_GetRxDataSize
                0x08009f9e       0x26 ./USB_DEVICE/Target/usbd_conf.o
                0x08009f9e                USBD_LL_GetRxDataSize
 .text.USBD_static_malloc
                0x08009fc4       0x1c ./USB_DEVICE/Target/usbd_conf.o
                0x08009fc4                USBD_static_malloc
 .text.USBD_static_free
                0x08009fe0       0x14 ./USB_DEVICE/Target/usbd_conf.o
                0x08009fe0                USBD_static_free
 .text.USBD_Get_USB_Status
                0x08009ff4       0x58 ./USB_DEVICE/Target/usbd_conf.o
                0x08009ff4                USBD_Get_USB_Status
 .text.__cvt    0x0800a04c       0xca /home/tuna/st/stm32cubeide_1.18.1/plugins/com.st.stm32cube.ide.mcu.externaltools.gnu-tools-for-stm32.13.3.rel1.linux64_1.0.0.202410170706/tools/bin/../lib/gcc/arm-none-eabi/13.3.1/../../../../arm-none-eabi/lib/thumb/v7e-m+fp/hard/libc_nano.a(libc_a-nano-vfprintf_float.o)
                0x0800a04c                __cvt
 .text.__exponent
                0x0800a116       0x74 /home/tuna/st/stm32cubeide_1.18.1/plugins/com.st.stm32cube.ide.mcu.externaltools.gnu-tools-for-stm32.13.3.rel1.linux64_1.0.0.202410170706/tools/bin/../lib/gcc/arm-none-eabi/13.3.1/../../../../arm-none-eabi/lib/thumb/v7e-m+fp/hard/libc_nano.a(libc_a-nano-vfprintf_float.o)
                0x0800a116                __exponent
 *fill*         0x0800a18a        0x2 
 .text._printf_float
                0x0800a18c      0x454 /home/tuna/st/stm32cubeide_1.18.1/plugins/com.st.stm32cube.ide.mcu.externaltools.gnu-tools-for-stm32.13.3.rel1.linux64_1.0.0.202410170706/tools/bin/../lib/gcc/arm-none-eabi/13.3.1/../../../../arm-none-eabi/lib/thumb/v7e-m+fp/hard/libc_nano.a(libc_a-nano-vfprintf_float.o)
                0x0800a18c                _printf_float
 .text._printf_common
                0x0800a5e0       0xda /home/tuna/st/stm32cubeide_1.18.1/plugins/com.st.stm32cube.ide.mcu.externaltools.gnu-tools-for-stm32.13.3.rel1.linux64_1.0.0.202410170706/tools/bin/../lib/gcc/arm-none-eabi/13.3.1/../../../../arm-none-eabi/lib/thumb/v7e-m+fp/hard/libc_nano.a(libc_a-nano-vfprintf_i.o)
                0x0800a5e0                _printf_common
 *fill*         0x0800a6ba        0x2 
 .text._printf_i
                0x0800a6bc      0x23c /home/tuna/st/stm32cubeide_1.18.1/plugins/com.st.stm32cube.ide.mcu.externaltools.gnu-tools-for-stm32.13.3.rel1.linux64_1.0.0.202410170706/tools/bin/../lib/gcc/arm-none-eabi/13.3.1/../../../../arm-none-eabi/lib/thumb/v7e-m+fp/hard/libc_nano.a(libc_a-nano-vfprintf_i.o)
                0x0800a6bc                _printf_i
 .text.std      0x0800a8f8       0x6c /home/tuna/st/stm32cubeide_1.18.1/plugins/com.st.stm32cube.ide.mcu.externaltools.gnu-tools-for-stm32.13.3.rel1.linux64_1.0.0.202410170706/tools/bin/../lib/gcc/arm-none-eabi/13.3.1/../../../../arm-none-eabi/lib/thumb/v7e-m+fp/hard/libc_nano.a(libc_a-findfp.o)
 .text.stdio_exit_handler
                0x0800a964       0x18 /home/tuna/st/stm32cubeide_1.18.1/plugins/com.st.stm32cube.ide.mcu.externaltools.gnu-tools-for-stm32.13.3.rel1.linux64_1.0.0.202410170706/tools/bin/../lib/gcc/arm-none-eabi/13.3.1/../../../../arm-none-eabi/lib/thumb/v7e-m+fp/hard/libc_nano.a(libc_a-findfp.o)
 .text.cleanup_stdio
                0x0800a97c       0x40 /home/tuna/st/stm32cubeide_1.18.1/plugins/com.st.stm32cube.ide.mcu.externaltools.gnu-tools-for-stm32.13.3.rel1.linux64_1.0.0.202410170706/tools/bin/../lib/gcc/arm-none-eabi/13.3.1/../../../../arm-none-eabi/lib/thumb/v7e-m+fp/hard/libc_nano.a(libc_a-findfp.o)
 .text.global_stdio_init.part.0
                0x0800a9bc       0x3c /home/tuna/st/stm32cubeide_1.18.1/plugins/com.st.stm32cube.ide.mcu.externaltools.gnu-tools-for-stm32.13.3.rel1.linux64_1.0.0.202410170706/tools/bin/../lib/gcc/arm-none-eabi/13.3.1/../../../../arm-none-eabi/lib/thumb/v7e-m+fp/hard/libc_nano.a(libc_a-findfp.o)
 .text.__sfp_lock_acquire
                0x0800a9f8        0xc /home/tuna/st/stm32cubeide_1.18.1/plugins/com.st.stm32cube.ide.mcu.externaltools.gnu-tools-for-stm32.13.3.rel1.linux64_1.0.0.202410170706/tools/bin/../lib/gcc/arm-none-eabi/13.3.1/../../../../arm-none-eabi/lib/thumb/v7e-m+fp/hard/libc_nano.a(libc_a-findfp.o)
                0x0800a9f8                __sfp_lock_acquire
 .text.__sfp_lock_release
                0x0800aa04        0xc /home/tuna/st/stm32cubeide_1.18.1/plugins/com.st.stm32cube.ide.mcu.externaltools.gnu-tools-for-stm32.13.3.rel1.linux64_1.0.0.202410170706/tools/bin/../lib/gcc/arm-none-eabi/13.3.1/../../../../arm-none-eabi/lib/thumb/v7e-m+fp/hard/libc_nano.a(libc_a-findfp.o)
                0x0800aa04                __sfp_lock_release
 .text.__sinit  0x0800aa10       0x30 /home/tuna/st/stm32cubeide_1.18.1/plugins/com.st.stm32cube.ide.mcu.externaltools.gnu-tools-for-stm32.13.3.rel1.linux64_1.0.0.202410170706/tools/bin/../lib/gcc/arm-none-eabi/13.3.1/../../../../arm-none-eabi/lib/thumb/v7e-m+fp/hard/libc_nano.a(libc_a-findfp.o)
                0x0800aa10                __sinit
 .text._fwalk_sglue
                0x0800aa40       0x3c /home/tuna/st/stm32cubeide_1.18.1/plugins/com.st.stm32cube.ide.mcu.externaltools.gnu-tools-for-stm32.13.3.rel1.linux64_1.0.0.202410170706/tools/bin/../lib/gcc/arm-none-eabi/13.3.1/../../../../arm-none-eabi/lib/thumb/v7e-m+fp/hard/libc_nano.a(libc_a-fwalk.o)
                0x0800aa40                _fwalk_sglue
 .text.snprintf
                0x0800aa7c       0x6c /home/tuna/st/stm32cubeide_1.18.1/plugins/com.st.stm32cube.ide.mcu.externaltools.gnu-tools-for-stm32.13.3.rel1.linux64_1.0.0.202410170706/tools/bin/../lib/gcc/arm-none-eabi/13.3.1/../../../../arm-none-eabi/lib/thumb/v7e-m+fp/hard/libc_nano.a(libc_a-snprintf.o)
                0x0800aa7c                snprintf
                0x0800aa7c                sniprintf
 .text.__sread  0x0800aae8       0x22 /home/tuna/st/stm32cubeide_1.18.1/plugins/com.st.stm32cube.ide.mcu.externaltools.gnu-tools-for-stm32.13.3.rel1.linux64_1.0.0.202410170706/tools/bin/../lib/gcc/arm-none-eabi/13.3.1/../../../../arm-none-eabi/lib/thumb/v7e-m+fp/hard/libc_nano.a(libc_a-stdio.o)
                0x0800aae8                __sread
 .text.__swrite
                0x0800ab0a       0x38 /home/tuna/st/stm32cubeide_1.18.1/plugins/com.st.stm32cube.ide.mcu.externaltools.gnu-tools-for-stm32.13.3.rel1.linux64_1.0.0.202410170706/tools/bin/../lib/gcc/arm-none-eabi/13.3.1/../../../../arm-none-eabi/lib/thumb/v7e-m+fp/hard/libc_nano.a(libc_a-stdio.o)
                0x0800ab0a                __swrite
 .text.__sseek  0x0800ab42       0x24 /home/tuna/st/stm32cubeide_1.18.1/plugins/com.st.stm32cube.ide.mcu.externaltools.gnu-tools-for-stm32.13.3.rel1.linux64_1.0.0.202410170706/tools/bin/../lib/gcc/arm-none-eabi/13.3.1/../../../../arm-none-eabi/lib/thumb/v7e-m+fp/hard/libc_nano.a(libc_a-stdio.o)
                0x0800ab42                __sseek
 .text.__sclose
                0x0800ab66        0x8 /home/tuna/st/stm32cubeide_1.18.1/plugins/com.st.stm32cube.ide.mcu.externaltools.gnu-tools-for-stm32.13.3.rel1.linux64_1.0.0.202410170706/tools/bin/../lib/gcc/arm-none-eabi/13.3.1/../../../../arm-none-eabi/lib/thumb/v7e-m+fp/hard/libc_nano.a(libc_a-stdio.o)
                0x0800ab66                __sclose
 .text.memmove  0x0800ab6e       0x34 /home/tuna/st/stm32cubeide_1.18.1/plugins/com.st.stm32cube.ide.mcu.externaltools.gnu-tools-for-stm32.13.3.rel1.linux64_1.0.0.202410170706/tools/bin/../lib/gcc/arm-none-eabi/13.3.1/../../../../arm-none-eabi/lib/thumb/v7e-m+fp/hard/libc_nano.a(libc_a-memmove.o)
                0x0800ab6e                memmove
 .text.memset   0x0800aba2       0x10 /home/tuna/st/stm32cubeide_1.18.1/plugins/com.st.stm32cube.ide.mcu.externaltools.gnu-tools-for-stm32.13.3.rel1.linux64_1.0.0.202410170706/tools/bin/../lib/gcc/arm-none-eabi/13.3.1/../../../../arm-none-eabi/lib/thumb/v7e-m+fp/hard/libc_nano.a(libc_a-memset.o)
                0x0800aba2                memset
 *fill*         0x0800abb2        0x2 
 .text._localeconv_r
                0x0800abb4        0x8 /home/tuna/st/stm32cubeide_1.18.1/plugins/com.st.stm32cube.ide.mcu.externaltools.gnu-tools-for-stm32.13.3.rel1.linux64_1.0.0.202410170706/tools/bin/../lib/gcc/arm-none-eabi/13.3.1/../../../../arm-none-eabi/lib/thumb/v7e-m+fp/hard/libc_nano.a(libc_a-localeconv.o)
                0x0800abb4                _localeconv_r
 .text._close_r
                0x0800abbc       0x20 /home/tuna/st/stm32cubeide_1.18.1/plugins/com.st.stm32cube.ide.mcu.externaltools.gnu-tools-for-stm32.13.3.rel1.linux64_1.0.0.202410170706/tools/bin/../lib/gcc/arm-none-eabi/13.3.1/../../../../arm-none-eabi/lib/thumb/v7e-m+fp/hard/libc_nano.a(libc_a-closer.o)
                0x0800abbc                _close_r
 .text._lseek_r
                0x0800abdc       0x24 /home/tuna/st/stm32cubeide_1.18.1/plugins/com.st.stm32cube.ide.mcu.externaltools.gnu-tools-for-stm32.13.3.rel1.linux64_1.0.0.202410170706/tools/bin/../lib/gcc/arm-none-eabi/13.3.1/../../../../arm-none-eabi/lib/thumb/v7e-m+fp/hard/libc_nano.a(libc_a-lseekr.o)
                0x0800abdc                _lseek_r
 .text._read_r  0x0800ac00       0x24 /home/tuna/st/stm32cubeide_1.18.1/plugins/com.st.stm32cube.ide.mcu.externaltools.gnu-tools-for-stm32.13.3.rel1.linux64_1.0.0.202410170706/tools/bin/../lib/gcc/arm-none-eabi/13.3.1/../../../../arm-none-eabi/lib/thumb/v7e-m+fp/hard/libc_nano.a(libc_a-readr.o)
                0x0800ac00                _read_r
 .text._write_r
                0x0800ac24       0x24 /home/tuna/st/stm32cubeide_1.18.1/plugins/com.st.stm32cube.ide.mcu.externaltools.gnu-tools-for-stm32.13.3.rel1.linux64_1.0.0.202410170706/tools/bin/../lib/gcc/arm-none-eabi/13.3.1/../../../../arm-none-eabi/lib/thumb/v7e-m+fp/hard/libc_nano.a(libc_a-writer.o)
                0x0800ac24                _write_r
 .text.__errno  0x0800ac48        0xc /home/tuna/st/stm32cubeide_1.18.1/plugins/com.st.stm32cube.ide.mcu.externaltools.gnu-tools-for-stm32.13.3.rel1.linux64_1.0.0.202410170706/tools/bin/../lib/gcc/arm-none-eabi/13.3.1/../../../../arm-none-eabi/lib/thumb/v7e-m+fp/hard/libc_nano.a(libc_a-errno.o)
                0x0800ac48                __errno
 .text.__libc_init_array
                0x0800ac54       0x48 /home/tuna/st/stm32cubeide_1.18.1/plugins/com.st.stm32cube.ide.mcu.externaltools.gnu-tools-for-stm32.13.3.rel1.linux64_1.0.0.202410170706/tools/bin/../lib/gcc/arm-none-eabi/13.3.1/../../../../arm-none-eabi/lib/thumb/v7e-m+fp/hard/libc_nano.a(libc_a-init.o)
                0x0800ac54                __libc_init_array
 .text.__retarget_lock_init_recursive
                0x0800ac9c        0x2 /home/tuna/st/stm32cubeide_1.18.1/plugins/com.st.stm32cube.ide.mcu.externaltools.gnu-tools-for-stm32.13.3.rel1.linux64_1.0.0.202410170706/tools/bin/../lib/gcc/arm-none-eabi/13.3.1/../../../../arm-none-eabi/lib/thumb/v7e-m+fp/hard/libc_nano.a(libc_a-lock.o)
                0x0800ac9c                __retarget_lock_init_recursive
 .text.__retarget_lock_acquire_recursive
                0x0800ac9e        0x2 /home/tuna/st/stm32cubeide_1.18.1/plugins/com.st.stm32cube.ide.mcu.externaltools.gnu-tools-for-stm32.13.3.rel1.linux64_1.0.0.202410170706/tools/bin/../lib/gcc/arm-none-eabi/13.3.1/../../../../arm-none-eabi/lib/thumb/v7e-m+fp/hard/libc_nano.a(libc_a-lock.o)
                0x0800ac9e                __retarget_lock_acquire_recursive
 .text.__retarget_lock_release_recursive
                0x0800aca0        0x2 /home/tuna/st/stm32cubeide_1.18.1/plugins/com.st.stm32cube.ide.mcu.externaltools.gnu-tools-for-stm32.13.3.rel1.linux64_1.0.0.202410170706/tools/bin/../lib/gcc/arm-none-eabi/13.3.1/../../../../arm-none-eabi/lib/thumb/v7e-m+fp/hard/libc_nano.a(libc_a-lock.o)
                0x0800aca0                __retarget_lock_release_recursive
 .text.memcpy   0x0800aca2       0x1c /home/tuna/st/stm32cubeide_1.18.1/plugins/com.st.stm32cube.ide.mcu.externaltools.gnu-tools-for-stm32.13.3.rel1.linux64_1.0.0.202410170706/tools/bin/../lib/gcc/arm-none-eabi/13.3.1/../../../../arm-none-eabi/lib/thumb/v7e-m+fp/hard/libc_nano.a(libc_a-memcpy-stub.o)
                0x0800aca2                memcpy
 .text.quorem   0x0800acbe      0x110 /home/tuna/st/stm32cubeide_1.18.1/plugins/com.st.stm32cube.ide.mcu.externaltools.gnu-tools-for-stm32.13.3.rel1.linux64_1.0.0.202410170706/tools/bin/../lib/gcc/arm-none-eabi/13.3.1/../../../../arm-none-eabi/lib/thumb/v7e-m+fp/hard/libc_nano.a(libc_a-dtoa.o)
 *fill*         0x0800adce        0x2 
 .text._dtoa_r  0x0800add0      0xba0 /home/tuna/st/stm32cubeide_1.18.1/plugins/com.st.stm32cube.ide.mcu.externaltools.gnu-tools-for-stm32.13.3.rel1.linux64_1.0.0.202410170706/tools/bin/../lib/gcc/arm-none-eabi/13.3.1/../../../../arm-none-eabi/lib/thumb/v7e-m+fp/hard/libc_nano.a(libc_a-dtoa.o)
                0x0800add0                _dtoa_r
 .text._free_r  0x0800b970       0x94 /home/tuna/st/stm32cubeide_1.18.1/plugins/com.st.stm32cube.ide.mcu.externaltools.gnu-tools-for-stm32.13.3.rel1.linux64_1.0.0.202410170706/tools/bin/../lib/gcc/arm-none-eabi/13.3.1/../../../../arm-none-eabi/lib/thumb/v7e-m+fp/hard/libc_nano.a(libc_a-freer.o)
                0x0800b970                _free_r
 .text.malloc   0x0800ba04       0x10 /home/tuna/st/stm32cubeide_1.18.1/plugins/com.st.stm32cube.ide.mcu.externaltools.gnu-tools-for-stm32.13.3.rel1.linux64_1.0.0.202410170706/tools/bin/../lib/gcc/arm-none-eabi/13.3.1/../../../../arm-none-eabi/lib/thumb/v7e-m+fp/hard/libc_nano.a(libc_a-malloc.o)
                0x0800ba04                malloc
 .text.sbrk_aligned
                0x0800ba14       0x44 /home/tuna/st/stm32cubeide_1.18.1/plugins/com.st.stm32cube.ide.mcu.externaltools.gnu-tools-for-stm32.13.3.rel1.linux64_1.0.0.202410170706/tools/bin/../lib/gcc/arm-none-eabi/13.3.1/../../../../arm-none-eabi/lib/thumb/v7e-m+fp/hard/libc_nano.a(libc_a-mallocr.o)
 .text._malloc_r
                0x0800ba58      0x100 /home/tuna/st/stm32cubeide_1.18.1/plugins/com.st.stm32cube.ide.mcu.externaltools.gnu-tools-for-stm32.13.3.rel1.linux64_1.0.0.202410170706/tools/bin/../lib/gcc/arm-none-eabi/13.3.1/../../../../arm-none-eabi/lib/thumb/v7e-m+fp/hard/libc_nano.a(libc_a-mallocr.o)
                0x0800ba58                _malloc_r
 .text.__malloc_lock
                0x0800bb58        0xc /home/tuna/st/stm32cubeide_1.18.1/plugins/com.st.stm32cube.ide.mcu.externaltools.gnu-tools-for-stm32.13.3.rel1.linux64_1.0.0.202410170706/tools/bin/../lib/gcc/arm-none-eabi/13.3.1/../../../../arm-none-eabi/lib/thumb/v7e-m+fp/hard/libc_nano.a(libc_a-mlock.o)
                0x0800bb58                __malloc_lock
 .text.__malloc_unlock
                0x0800bb64        0xc /home/tuna/st/stm32cubeide_1.18.1/plugins/com.st.stm32cube.ide.mcu.externaltools.gnu-tools-for-stm32.13.3.rel1.linux64_1.0.0.202410170706/tools/bin/../lib/gcc/arm-none-eabi/13.3.1/../../../../arm-none-eabi/lib/thumb/v7e-m+fp/hard/libc_nano.a(libc_a-mlock.o)
                0x0800bb64                __malloc_unlock
 .text._Balloc  0x0800bb70       0x80 /home/tuna/st/stm32cubeide_1.18.1/plugins/com.st.stm32cube.ide.mcu.externaltools.gnu-tools-for-stm32.13.3.rel1.linux64_1.0.0.202410170706/tools/bin/../lib/gcc/arm-none-eabi/13.3.1/../../../../arm-none-eabi/lib/thumb/v7e-m+fp/hard/libc_nano.a(libc_a-mprec.o)
                0x0800bb70                _Balloc
 .text._Bfree   0x0800bbf0       0x44 /home/tuna/st/stm32cubeide_1.18.1/plugins/com.st.stm32cube.ide.mcu.externaltools.gnu-tools-for-stm32.13.3.rel1.linux64_1.0.0.202410170706/tools/bin/../lib/gcc/arm-none-eabi/13.3.1/../../../../arm-none-eabi/lib/thumb/v7e-m+fp/hard/libc_nano.a(libc_a-mprec.o)
                0x0800bbf0                _Bfree
 .text.__multadd
                0x0800bc34       0x8c /home/tuna/st/stm32cubeide_1.18.1/plugins/com.st.stm32cube.ide.mcu.externaltools.gnu-tools-for-stm32.13.3.rel1.linux64_1.0.0.202410170706/tools/bin/../lib/gcc/arm-none-eabi/13.3.1/../../../../arm-none-eabi/lib/thumb/v7e-m+fp/hard/libc_nano.a(libc_a-mprec.o)
                0x0800bc34                __multadd
 .text.__hi0bits
                0x0800bcc0       0x3e /home/tuna/st/stm32cubeide_1.18.1/plugins/com.st.stm32cube.ide.mcu.externaltools.gnu-tools-for-stm32.13.3.rel1.linux64_1.0.0.202410170706/tools/bin/../lib/gcc/arm-none-eabi/13.3.1/../../../../arm-none-eabi/lib/thumb/v7e-m+fp/hard/libc_nano.a(libc_a-mprec.o)
                0x0800bcc0                __hi0bits
 .text.__lo0bits
                0x0800bcfe       0x5a /home/tuna/st/stm32cubeide_1.18.1/plugins/com.st.stm32cube.ide.mcu.externaltools.gnu-tools-for-stm32.13.3.rel1.linux64_1.0.0.202410170706/tools/bin/../lib/gcc/arm-none-eabi/13.3.1/../../../../arm-none-eabi/lib/thumb/v7e-m+fp/hard/libc_nano.a(libc_a-mprec.o)
                0x0800bcfe                __lo0bits
 .text.__i2b    0x0800bd58       0x2c /home/tuna/st/stm32cubeide_1.18.1/plugins/com.st.stm32cube.ide.mcu.externaltools.gnu-tools-for-stm32.13.3.rel1.linux64_1.0.0.202410170706/tools/bin/../lib/gcc/arm-none-eabi/13.3.1/../../../../arm-none-eabi/lib/thumb/v7e-m+fp/hard/libc_nano.a(libc_a-mprec.o)
                0x0800bd58                __i2b
 .text.__multiply
                0x0800bd84      0x144 /home/tuna/st/stm32cubeide_1.18.1/plugins/com.st.stm32cube.ide.mcu.externaltools.gnu-tools-for-stm32.13.3.rel1.linux64_1.0.0.202410170706/tools/bin/../lib/gcc/arm-none-eabi/13.3.1/../../../../arm-none-eabi/lib/thumb/v7e-m+fp/hard/libc_nano.a(libc_a-mprec.o)
                0x0800bd84                __multiply
 .text.__pow5mult
                0x0800bec8       0xb4 /home/tuna/st/stm32cubeide_1.18.1/plugins/com.st.stm32cube.ide.mcu.externaltools.gnu-tools-for-stm32.13.3.rel1.linux64_1.0.0.202410170706/tools/bin/../lib/gcc/arm-none-eabi/13.3.1/../../../../arm-none-eabi/lib/thumb/v7e-m+fp/hard/libc_nano.a(libc_a-mprec.o)
                0x0800bec8                __pow5mult
 .text.__lshift
                0x0800bf7c       0xd8 /home/tuna/st/stm32cubeide_1.18.1/plugins/com.st.stm32cube.ide.mcu.externaltools.gnu-tools-for-stm32.13.3.rel1.linux64_1.0.0.202410170706/tools/bin/../lib/gcc/arm-none-eabi/13.3.1/../../../../arm-none-eabi/lib/thumb/v7e-m+fp/hard/libc_nano.a(libc_a-mprec.o)
                0x0800bf7c                __lshift
 .text.__mcmp   0x0800c054       0x36 /home/tuna/st/stm32cubeide_1.18.1/plugins/com.st.stm32cube.ide.mcu.externaltools.gnu-tools-for-stm32.13.3.rel1.linux64_1.0.0.202410170706/tools/bin/../lib/gcc/arm-none-eabi/13.3.1/../../../../arm-none-eabi/lib/thumb/v7e-m+fp/hard/libc_nano.a(libc_a-mprec.o)
                0x0800c054                __mcmp
 *fill*         0x0800c08a        0x2 
 .text.__mdiff  0x0800c08c      0x128 /home/tuna/st/stm32cubeide_1.18.1/plugins/com.st.stm32cube.ide.mcu.externaltools.gnu-tools-for-stm32.13.3.rel1.linux64_1.0.0.202410170706/tools/bin/../lib/gcc/arm-none-eabi/13.3.1/../../../../arm-none-eabi/lib/thumb/v7e-m+fp/hard/libc_nano.a(libc_a-mprec.o)
                0x0800c08c                __mdiff
 .text.__d2b    0x0800c1b4       0xb0 /home/tuna/st/stm32cubeide_1.18.1/plugins/com.st.stm32cube.ide.mcu.externaltools.gnu-tools-for-stm32.13.3.rel1.linux64_1.0.0.202410170706/tools/bin/../lib/gcc/arm-none-eabi/13.3.1/../../../../arm-none-eabi/lib/thumb/v7e-m+fp/hard/libc_nano.a(libc_a-mprec.o)
                0x0800c1b4                __d2b
 .text.__ssputs_r
                0x0800c264       0xb6 /home/tuna/st/stm32cubeide_1.18.1/plugins/com.st.stm32cube.ide.mcu.externaltools.gnu-tools-for-stm32.13.3.rel1.linux64_1.0.0.202410170706/tools/bin/../lib/gcc/arm-none-eabi/13.3.1/../../../../arm-none-eabi/lib/thumb/v7e-m+fp/hard/libc_nano.a(libc_a-nano-svfprintf.o)
                0x0800c264                __ssputs_r
 *fill*         0x0800c31a        0x2 
 .text._svfprintf_r
                0x0800c31c      0x1f8 /home/tuna/st/stm32cubeide_1.18.1/plugins/com.st.stm32cube.ide.mcu.externaltools.gnu-tools-for-stm32.13.3.rel1.linux64_1.0.0.202410170706/tools/bin/../lib/gcc/arm-none-eabi/13.3.1/../../../../arm-none-eabi/lib/thumb/v7e-m+fp/hard/libc_nano.a(libc_a-nano-svfprintf.o)
                0x0800c31c                _svfprintf_r
                0x0800c31c                _svfiprintf_r
 .text.__sflush_r
                0x0800c514      0x108 /home/tuna/st/stm32cubeide_1.18.1/plugins/com.st.stm32cube.ide.mcu.externaltools.gnu-tools-for-stm32.13.3.rel1.linux64_1.0.0.202410170706/tools/bin/../lib/gcc/arm-none-eabi/13.3.1/../../../../arm-none-eabi/lib/thumb/v7e-m+fp/hard/libc_nano.a(libc_a-fflush.o)
                0x0800c514                __sflush_r
 .text._fflush_r
                0x0800c61c       0x50 /home/tuna/st/stm32cubeide_1.18.1/plugins/com.st.stm32cube.ide.mcu.externaltools.gnu-tools-for-stm32.13.3.rel1.linux64_1.0.0.202410170706/tools/bin/../lib/gcc/arm-none-eabi/13.3.1/../../../../arm-none-eabi/lib/thumb/v7e-m+fp/hard/libc_nano.a(libc_a-fflush.o)
                0x0800c61c                _fflush_r
 .text._sbrk_r  0x0800c66c       0x20 /home/tuna/st/stm32cubeide_1.18.1/plugins/com.st.stm32cube.ide.mcu.externaltools.gnu-tools-for-stm32.13.3.rel1.linux64_1.0.0.202410170706/tools/bin/../lib/gcc/arm-none-eabi/13.3.1/../../../../arm-none-eabi/lib/thumb/v7e-m+fp/hard/libc_nano.a(libc_a-sbrkr.o)
                0x0800c66c                _sbrk_r
 .text.__assert_func
                0x0800c68c       0x3c /home/tuna/st/stm32cubeide_1.18.1/plugins/com.st.stm32cube.ide.mcu.externaltools.gnu-tools-for-stm32.13.3.rel1.linux64_1.0.0.202410170706/tools/bin/../lib/gcc/arm-none-eabi/13.3.1/../../../../arm-none-eabi/lib/thumb/v7e-m+fp/hard/libc_nano.a(libc_a-assert.o)
                0x0800c68c                __assert_func
 .text._calloc_r
                0x0800c6c8       0x28 /home/tuna/st/stm32cubeide_1.18.1/plugins/com.st.stm32cube.ide.mcu.externaltools.gnu-tools-for-stm32.13.3.rel1.linux64_1.0.0.202410170706/tools/bin/../lib/gcc/arm-none-eabi/13.3.1/../../../../arm-none-eabi/lib/thumb/v7e-m+fp/hard/libc_nano.a(libc_a-callocr.o)
                0x0800c6c8                _calloc_r
 .text.__ascii_mbtowc
                0x0800c6f0       0x24 /home/tuna/st/stm32cubeide_1.18.1/plugins/com.st.stm32cube.ide.mcu.externaltools.gnu-tools-for-stm32.13.3.rel1.linux64_1.0.0.202410170706/tools/bin/../lib/gcc/arm-none-eabi/13.3.1/../../../../arm-none-eabi/lib/thumb/v7e-m+fp/hard/libc_nano.a(libc_a-mbtowc_r.o)
                0x0800c6f0                __ascii_mbtowc
 .text._realloc_r
                0x0800c714       0x5c /home/tuna/st/stm32cubeide_1.18.1/plugins/com.st.stm32cube.ide.mcu.externaltools.gnu-tools-for-stm32.13.3.rel1.linux64_1.0.0.202410170706/tools/bin/../lib/gcc/arm-none-eabi/13.3.1/../../../../arm-none-eabi/lib/thumb/v7e-m+fp/hard/libc_nano.a(libc_a-reallocr.o)
                0x0800c714                _realloc_r
 .text.__ascii_wctomb
                0x0800c770       0x1a /home/tuna/st/stm32cubeide_1.18.1/plugins/com.st.stm32cube.ide.mcu.externaltools.gnu-tools-for-stm32.13.3.rel1.linux64_1.0.0.202410170706/tools/bin/../lib/gcc/arm-none-eabi/13.3.1/../../../../arm-none-eabi/lib/thumb/v7e-m+fp/hard/libc_nano.a(libc_a-wctomb_r.o)
                0x0800c770                __ascii_wctomb
 *fill*         0x0800c78a        0x2 
 .text.fprintf  0x0800c78c       0x24 /home/tuna/st/stm32cubeide_1.18.1/plugins/com.st.stm32cube.ide.mcu.externaltools.gnu-tools-for-stm32.13.3.rel1.linux64_1.0.0.202410170706/tools/bin/../lib/gcc/arm-none-eabi/13.3.1/../../../../arm-none-eabi/lib/thumb/v7e-m+fp/hard/libc_nano.a(libc_a-fprintf.o)
                0x0800c78c                fprintf
                0x0800c78c                fiprintf
 .text.abort    0x0800c7b0        0xe /home/tuna/st/stm32cubeide_1.18.1/plugins/com.st.stm32cube.ide.mcu.externaltools.gnu-tools-for-stm32.13.3.rel1.linux64_1.0.0.202410170706/tools/bin/../lib/gcc/arm-none-eabi/13.3.1/../../../../arm-none-eabi/lib/thumb/v7e-m+fp/hard/libc_nano.a(libc_a-abort.o)
                0x0800c7b0                abort
 .text._malloc_usable_size_r
                0x0800c7be       0x10 /home/tuna/st/stm32cubeide_1.18.1/plugins/com.st.stm32cube.ide.mcu.externaltools.gnu-tools-for-stm32.13.3.rel1.linux64_1.0.0.202410170706/tools/bin/../lib/gcc/arm-none-eabi/13.3.1/../../../../arm-none-eabi/lib/thumb/v7e-m+fp/hard/libc_nano.a(libc_a-msizer.o)
                0x0800c7be                _malloc_usable_size_r
 .text.__sfputc_r
                0x0800c7ce       0x2e /home/tuna/st/stm32cubeide_1.18.1/plugins/com.st.stm32cube.ide.mcu.externaltools.gnu-tools-for-stm32.13.3.rel1.linux64_1.0.0.202410170706/tools/bin/../lib/gcc/arm-none-eabi/13.3.1/../../../../arm-none-eabi/lib/thumb/v7e-m+fp/hard/libc_nano.a(libc_a-nano-vfprintf.o)
 .text.__sfputs_r
                0x0800c7fc       0x24 /home/tuna/st/stm32cubeide_1.18.1/plugins/com.st.stm32cube.ide.mcu.externaltools.gnu-tools-for-stm32.13.3.rel1.linux64_1.0.0.202410170706/tools/bin/../lib/gcc/arm-none-eabi/13.3.1/../../../../arm-none-eabi/lib/thumb/v7e-m+fp/hard/libc_nano.a(libc_a-nano-vfprintf.o)
                0x0800c7fc                __sfputs_r
 .text._vfprintf_r
                0x0800c820      0x230 /home/tuna/st/stm32cubeide_1.18.1/plugins/com.st.stm32cube.ide.mcu.externaltools.gnu-tools-for-stm32.13.3.rel1.linux64_1.0.0.202410170706/tools/bin/../lib/gcc/arm-none-eabi/13.3.1/../../../../arm-none-eabi/lib/thumb/v7e-m+fp/hard/libc_nano.a(libc_a-nano-vfprintf.o)
                0x0800c820                _vfiprintf_r
                0x0800c820                _vfprintf_r
 .text.__swbuf_r
                0x0800ca50       0x7c /home/tuna/st/stm32cubeide_1.18.1/plugins/com.st.stm32cube.ide.mcu.externaltools.gnu-tools-for-stm32.13.3.rel1.linux64_1.0.0.202410170706/tools/bin/../lib/gcc/arm-none-eabi/13.3.1/../../../../arm-none-eabi/lib/thumb/v7e-m+fp/hard/libc_nano.a(libc_a-wbuf.o)
                0x0800ca50                __swbuf_r
 .text.__swsetup_r
                0x0800cacc       0xac /home/tuna/st/stm32cubeide_1.18.1/plugins/com.st.stm32cube.ide.mcu.externaltools.gnu-tools-for-stm32.13.3.rel1.linux64_1.0.0.202410170706/tools/bin/../lib/gcc/arm-none-eabi/13.3.1/../../../../arm-none-eabi/lib/thumb/v7e-m+fp/hard/libc_nano.a(libc_a-wsetup.o)
                0x0800cacc                __swsetup_r
 .text._raise_r
                0x0800cb78       0x50 /home/tuna/st/stm32cubeide_1.18.1/plugins/com.st.stm32cube.ide.mcu.externaltools.gnu-tools-for-stm32.13.3.rel1.linux64_1.0.0.202410170706/tools/bin/../lib/gcc/arm-none-eabi/13.3.1/../../../../arm-none-eabi/lib/thumb/v7e-m+fp/hard/libc_nano.a(libc_a-signal.o)
                0x0800cb78                _raise_r
 .text.raise    0x0800cbc8       0x10 /home/tuna/st/stm32cubeide_1.18.1/plugins/com.st.stm32cube.ide.mcu.externaltools.gnu-tools-for-stm32.13.3.rel1.linux64_1.0.0.202410170706/tools/bin/../lib/gcc/arm-none-eabi/13.3.1/../../../../arm-none-eabi/lib/thumb/v7e-m+fp/hard/libc_nano.a(libc_a-signal.o)
                0x0800cbc8                raise
 .text._kill_r  0x0800cbd8       0x24 /home/tuna/st/stm32cubeide_1.18.1/plugins/com.st.stm32cube.ide.mcu.externaltools.gnu-tools-for-stm32.13.3.rel1.linux64_1.0.0.202410170706/tools/bin/../lib/gcc/arm-none-eabi/13.3.1/../../../../arm-none-eabi/lib/thumb/v7e-m+fp/hard/libc_nano.a(libc_a-signalr.o)
                0x0800cbd8                _kill_r
 .text._getpid_r
                0x0800cbfc        0x4 /home/tuna/st/stm32cubeide_1.18.1/plugins/com.st.stm32cube.ide.mcu.externaltools.gnu-tools-for-stm32.13.3.rel1.linux64_1.0.0.202410170706/tools/bin/../lib/gcc/arm-none-eabi/13.3.1/../../../../arm-none-eabi/lib/thumb/v7e-m+fp/hard/libc_nano.a(libc_a-signalr.o)
                0x0800cbfc                _getpid_r
 .text.__swhatbuf_r
                0x0800cc00       0x4c /home/tuna/st/stm32cubeide_1.18.1/plugins/com.st.stm32cube.ide.mcu.externaltools.gnu-tools-for-stm32.13.3.rel1.linux64_1.0.0.202410170706/tools/bin/../lib/gcc/arm-none-eabi/13.3.1/../../../../arm-none-eabi/lib/thumb/v7e-m+fp/hard/libc_nano.a(libc_a-makebuf.o)
                0x0800cc00                __swhatbuf_r
 .text.__smakebuf_r
                0x0800cc4c       0x78 /home/tuna/st/stm32cubeide_1.18.1/plugins/com.st.stm32cube.ide.mcu.externaltools.gnu-tools-for-stm32.13.3.rel1.linux64_1.0.0.202410170706/tools/bin/../lib/gcc/arm-none-eabi/13.3.1/../../../../arm-none-eabi/lib/thumb/v7e-m+fp/hard/libc_nano.a(libc_a-makebuf.o)
                0x0800cc4c                __smakebuf_r
 .text._fstat_r
                0x0800ccc4       0x24 /home/tuna/st/stm32cubeide_1.18.1/plugins/com.st.stm32cube.ide.mcu.externaltools.gnu-tools-for-stm32.13.3.rel1.linux64_1.0.0.202410170706/tools/bin/../lib/gcc/arm-none-eabi/13.3.1/../../../../arm-none-eabi/lib/thumb/v7e-m+fp/hard/libc_nano.a(libc_a-fstatr.o)
                0x0800ccc4                _fstat_r
 .text._isatty_r
                0x0800cce8       0x20 /home/tuna/st/stm32cubeide_1.18.1/plugins/com.st.stm32cube.ide.mcu.externaltools.gnu-tools-for-stm32.13.3.rel1.linux64_1.0.0.202410170706/tools/bin/../lib/gcc/arm-none-eabi/13.3.1/../../../../arm-none-eabi/lib/thumb/v7e-m+fp/hard/libc_nano.a(libc_a-isattyr.o)
                0x0800cce8                _isatty_r
 *(.glue_7)
 .glue_7        0x0800cd08        0x0 linker stubs
 *(.glue_7t)
 .glue_7t       0x0800cd08        0x0 linker stubs
 *(.eh_frame)
 .eh_frame      0x0800cd08        0x0 /home/tuna/st/stm32cubeide_1.18.1/plugins/com.st.stm32cube.ide.mcu.externaltools.gnu-tools-for-stm32.13.3.rel1.linux64_1.0.0.202410170706/tools/bin/../lib/gcc/arm-none-eabi/13.3.1/thumb/v7e-m+fp/hard/crtbegin.o
 *(.init)
 .init          0x0800cd08        0x4 /home/tuna/st/stm32cubeide_1.18.1/plugins/com.st.stm32cube.ide.mcu.externaltools.gnu-tools-for-stm32.13.3.rel1.linux64_1.0.0.202410170706/tools/bin/../lib/gcc/arm-none-eabi/13.3.1/thumb/v7e-m+fp/hard/crti.o
                0x0800cd08                _init
 .init          0x0800cd0c        0x8 /home/tuna/st/stm32cubeide_1.18.1/plugins/com.st.stm32cube.ide.mcu.externaltools.gnu-tools-for-stm32.13.3.rel1.linux64_1.0.0.202410170706/tools/bin/../lib/gcc/arm-none-eabi/13.3.1/thumb/v7e-m+fp/hard/crtn.o
 *(.fini)
 .fini          0x0800cd14        0x4 /home/tuna/st/stm32cubeide_1.18.1/plugins/com.st.stm32cube.ide.mcu.externaltools.gnu-tools-for-stm32.13.3.rel1.linux64_1.0.0.202410170706/tools/bin/../lib/gcc/arm-none-eabi/13.3.1/thumb/v7e-m+fp/hard/crti.o
                0x0800cd14                _fini
 .fini          0x0800cd18        0x8 /home/tuna/st/stm32cubeide_1.18.1/plugins/com.st.stm32cube.ide.mcu.externaltools.gnu-tools-for-stm32.13.3.rel1.linux64_1.0.0.202410170706/tools/bin/../lib/gcc/arm-none-eabi/13.3.1/thumb/v7e-m+fp/hard/crtn.o
                0x0800cd20                        . = ALIGN (0x4)
                0x0800cd20                        _etext = .

.vfp11_veneer   0x0800cd20        0x0
 .vfp11_veneer  0x0800cd20        0x0 linker stubs

.v4_bx          0x0800cd20        0x0
 .v4_bx         0x0800cd20        0x0 linker stubs

.iplt           0x0800cd20        0x0
 .iplt          0x0800cd20        0x0 /home/tuna/st/stm32cubeide_1.18.1/plugins/com.st.stm32cube.ide.mcu.externaltools.gnu-tools-for-stm32.13.3.rel1.linux64_1.0.0.202410170706/tools/bin/../lib/gcc/arm-none-eabi/13.3.1/thumb/v7e-m+fp/hard/crtbegin.o

.rodata         0x0800cd20      0xbb4
                0x0800cd20                        . = ALIGN (0x4)
 *(.rodata)
 .rodata        0x0800cd20       0x65 ./Core/Src/main.o
 *fill*         0x0800cd85        0x3 
 .rodata        0x0800cd88       0x46 ./USB_DEVICE/App/usbd_desc.o
 *(.rodata*)
 *fill*         0x0800cdce        0x2 
 .rodata.AHBPrescTable
                0x0800cdd0       0x10 ./Core/Src/system_stm32f4xx.o
                0x0800cdd0                AHBPrescTable
 .rodata.APBPrescTable
                0x0800cde0        0x8 ./Core/Src/system_stm32f4xx.o
                0x0800cde0                APBPrescTable
 .rodata.Font7x10
                0x0800cde8      0x76c ./Core/Src/ssd1306/ssd1306_fonts.o
 .rodata.Font_7x10
                0x0800d554        0xc ./Core/Src/ssd1306/ssd1306_fonts.o
                0x0800d554                Font_7x10
 .rodata._printf_float.str1.1
                0x0800d560      0x171 /home/tuna/st/stm32cubeide_1.18.1/plugins/com.st.stm32cube.ide.mcu.externaltools.gnu-tools-for-stm32.13.3.rel1.linux64_1.0.0.202410170706/tools/bin/../lib/gcc/arm-none-eabi/13.3.1/../../../../arm-none-eabi/lib/thumb/v7e-m+fp/hard/libc_nano.a(libc_a-nano-vfprintf_float.o)
                                 0x12 (size before relaxing)
 .rodata._printf_i.str1.1
                0x0800d6d1       0x22 /home/tuna/st/stm32cubeide_1.18.1/plugins/com.st.stm32cube.ide.mcu.externaltools.gnu-tools-for-stm32.13.3.rel1.linux64_1.0.0.202410170706/tools/bin/../lib/gcc/arm-none-eabi/13.3.1/../../../../arm-none-eabi/lib/thumb/v7e-m+fp/hard/libc_nano.a(libc_a-nano-vfprintf_i.o)
 .rodata._dtoa_r.str1.1
                0x0800d6d1       0x8f /home/tuna/st/stm32cubeide_1.18.1/plugins/com.st.stm32cube.ide.mcu.externaltools.gnu-tools-for-stm32.13.3.rel1.linux64_1.0.0.202410170706/tools/bin/../lib/gcc/arm-none-eabi/13.3.1/../../../../arm-none-eabi/lib/thumb/v7e-m+fp/hard/libc_nano.a(libc_a-dtoa.o)
 .rodata._Balloc.str1.1
                0x0800d6d1       0x70 /home/tuna/st/stm32cubeide_1.18.1/plugins/com.st.stm32cube.ide.mcu.externaltools.gnu-tools-for-stm32.13.3.rel1.linux64_1.0.0.202410170706/tools/bin/../lib/gcc/arm-none-eabi/13.3.1/../../../../arm-none-eabi/lib/thumb/v7e-m+fp/hard/libc_nano.a(libc_a-mprec.o)
 .rodata.__multadd.str1.1
                0x0800d6d1       0x11 /home/tuna/st/stm32cubeide_1.18.1/plugins/com.st.stm32cube.ide.mcu.externaltools.gnu-tools-for-stm32.13.3.rel1.linux64_1.0.0.202410170706/tools/bin/../lib/gcc/arm-none-eabi/13.3.1/../../../../arm-none-eabi/lib/thumb/v7e-m+fp/hard/libc_nano.a(libc_a-mprec.o)
 *fill*         0x0800d6d1        0x3 
 .rodata.p05.0  0x0800d6d4        0xc /home/tuna/st/stm32cubeide_1.18.1/plugins/com.st.stm32cube.ide.mcu.externaltools.gnu-tools-for-stm32.13.3.rel1.linux64_1.0.0.202410170706/tools/bin/../lib/gcc/arm-none-eabi/13.3.1/../../../../arm-none-eabi/lib/thumb/v7e-m+fp/hard/libc_nano.a(libc_a-mprec.o)
 .rodata.__mprec_bigtens
                0x0800d6e0       0x28 /home/tuna/st/stm32cubeide_1.18.1/plugins/com.st.stm32cube.ide.mcu.externaltools.gnu-tools-for-stm32.13.3.rel1.linux64_1.0.0.202410170706/tools/bin/../lib/gcc/arm-none-eabi/13.3.1/../../../../arm-none-eabi/lib/thumb/v7e-m+fp/hard/libc_nano.a(libc_a-mprec.o)
                0x0800d6e0                __mprec_bigtens
 .rodata.__mprec_tens
                0x0800d708       0xc8 /home/tuna/st/stm32cubeide_1.18.1/plugins/com.st.stm32cube.ide.mcu.externaltools.gnu-tools-for-stm32.13.3.rel1.linux64_1.0.0.202410170706/tools/bin/../lib/gcc/arm-none-eabi/13.3.1/../../../../arm-none-eabi/lib/thumb/v7e-m+fp/hard/libc_nano.a(libc_a-mprec.o)
                0x0800d708                __mprec_tens
 .rodata._svfprintf_r.str1.1
                0x0800d7d0       0x11 /home/tuna/st/stm32cubeide_1.18.1/plugins/com.st.stm32cube.ide.mcu.externaltools.gnu-tools-for-stm32.13.3.rel1.linux64_1.0.0.202410170706/tools/bin/../lib/gcc/arm-none-eabi/13.3.1/../../../../arm-none-eabi/lib/thumb/v7e-m+fp/hard/libc_nano.a(libc_a-nano-svfprintf.o)
 .rodata._setlocale_r.str1.1
                0x0800d7d0        0x9 /home/tuna/st/stm32cubeide_1.18.1/plugins/com.st.stm32cube.ide.mcu.externaltools.gnu-tools-for-stm32.13.3.rel1.linux64_1.0.0.202410170706/tools/bin/../lib/gcc/arm-none-eabi/13.3.1/../../../../arm-none-eabi/lib/thumb/v7e-m+fp/hard/libc_nano.a(libc_a-locale.o)
 .rodata.str1.1
                0x0800d7d0        0x2 /home/tuna/st/stm32cubeide_1.18.1/plugins/com.st.stm32cube.ide.mcu.externaltools.gnu-tools-for-stm32.13.3.rel1.linux64_1.0.0.202410170706/tools/bin/../lib/gcc/arm-none-eabi/13.3.1/../../../../arm-none-eabi/lib/thumb/v7e-m+fp/hard/libc_nano.a(libc_a-locale.o)
 .rodata.__assert_func.str1.1
                0x0800d7d0       0x3d /home/tuna/st/stm32cubeide_1.18.1/plugins/com.st.stm32cube.ide.mcu.externaltools.gnu-tools-for-stm32.13.3.rel1.linux64_1.0.0.202410170706/tools/bin/../lib/gcc/arm-none-eabi/13.3.1/../../../../arm-none-eabi/lib/thumb/v7e-m+fp/hard/libc_nano.a(libc_a-assert.o)
 .rodata._ctype_
                0x0800d7d0      0x101 /home/tuna/st/stm32cubeide_1.18.1/plugins/com.st.stm32cube.ide.mcu.externaltools.gnu-tools-for-stm32.13.3.rel1.linux64_1.0.0.202410170706/tools/bin/../lib/gcc/arm-none-eabi/13.3.1/../../../../arm-none-eabi/lib/thumb/v7e-m+fp/hard/libc_nano.a(libc_a-ctype_.o)
                0x0800d7d0                _ctype_
 .rodata._vfprintf_r.str1.1
                0x0800d8d1       0x11 /home/tuna/st/stm32cubeide_1.18.1/plugins/com.st.stm32cube.ide.mcu.externaltools.gnu-tools-for-stm32.13.3.rel1.linux64_1.0.0.202410170706/tools/bin/../lib/gcc/arm-none-eabi/13.3.1/../../../../arm-none-eabi/lib/thumb/v7e-m+fp/hard/libc_nano.a(libc_a-nano-vfprintf.o)
                0x0800d8e4                        . = ALIGN (0x4)
 *fill*         0x0800d8d1        0x3 

.ARM.extab      0x0800d8d4        0x0
                0x0800d8d4                        . = ALIGN (0x4)
 *(.ARM.extab* .gnu.linkonce.armextab.*)
                0x0800d8d4                        . = ALIGN (0x4)

.ARM            0x0800d8d4        0x8
                0x0800d8d4                        . = ALIGN (0x4)
                0x0800d8d4                        __exidx_start = .
 *(.ARM.exidx*)
 .ARM.exidx     0x0800d8d4        0x8 /home/tuna/st/stm32cubeide_1.18.1/plugins/com.st.stm32cube.ide.mcu.externaltools.gnu-tools-for-stm32.13.3.rel1.linux64_1.0.0.202410170706/tools/bin/../lib/gcc/arm-none-eabi/13.3.1/../../../../arm-none-eabi/lib/thumb/v7e-m+fp/hard/libc_nano.a(libc_a-memchr.o)
 .ARM.exidx     0x0800d8dc        0x0 /home/tuna/st/stm32cubeide_1.18.1/plugins/com.st.stm32cube.ide.mcu.externaltools.gnu-tools-for-stm32.13.3.rel1.linux64_1.0.0.202410170706/tools/bin/../lib/gcc/arm-none-eabi/13.3.1/../../../../arm-none-eabi/lib/thumb/v7e-m+fp/hard/libc_nano.a(libc_a-strlen.o)
                                  0x8 (size before relaxing)
 .ARM.exidx     0x0800d8dc        0x0 /home/tuna/st/stm32cubeide_1.18.1/plugins/com.st.stm32cube.ide.mcu.externaltools.gnu-tools-for-stm32.13.3.rel1.linux64_1.0.0.202410170706/tools/bin/../lib/gcc/arm-none-eabi/13.3.1/thumb/v7e-m+fp/hard/libgcc.a(_udivmoddi4.o)
                                  0x8 (size before relaxing)
                0x0800d8dc                        __exidx_end = .
                0x0800d8dc                        . = ALIGN (0x4)

.preinit_array  0x0800d8dc        0x0
                0x0800d8dc                        . = ALIGN (0x4)
                0x0800d8dc                        PROVIDE (__preinit_array_start = .)
 *(.preinit_array*)
                0x0800d8dc                        PROVIDE (__preinit_array_end = .)
                0x0800d8dc                        . = ALIGN (0x4)

.init_array     0x0800d8dc        0x4
                0x0800d8dc                        . = ALIGN (0x4)
                0x0800d8dc                        PROVIDE (__init_array_start = .)
 *(SORT_BY_NAME(.init_array.*))
 *(.init_array*)
 .init_array    0x0800d8dc        0x4 /home/tuna/st/stm32cubeide_1.18.1/plugins/com.st.stm32cube.ide.mcu.externaltools.gnu-tools-for-stm32.13.3.rel1.linux64_1.0.0.202410170706/tools/bin/../lib/gcc/arm-none-eabi/13.3.1/thumb/v7e-m+fp/hard/crtbegin.o
                0x0800d8e0                        PROVIDE (__init_array_end = .)
                0x0800d8e0                        . = ALIGN (0x4)

.fini_array     0x0800d8e0        0x4