../Core/Src/stm32f4xx_hal_msp.c:65:6:HAL_MspInit	16	static
../Core/Src/stm32f4xx_hal_msp.c:87:6:HAL_I2C_MspInit	48	static
../Core/Src/stm32f4xx_hal_msp.c:123:6:HAL_I2C_MspDeInit	16	static
../Core/Src/stm32f4xx_hal_msp.c:154:6:HAL_TIM_Base_MspInit	24	static
../Core/Src/stm32f4xx_hal_msp.c:173:6:HAL_TIM_MspPostInit	40	static
../Core/Src/stm32f4xx_hal_msp.c:205:6:HAL_TIM_Base_MspDeInit	16	static
../Core/Src/stm32f4xx_hal_msp.c:230:6:HAL_UART_MspInit	48	static
../Core/Src/stm32f4xx_hal_msp.c:269:6:HAL_UART_MspDeInit	16	static
../Core/Src/stm32f4xx_hal_msp.c:296:13:HAL_FSMC_MspInit	32	static
../Core/Src/stm32f4xx_hal_msp.c:354:6:HAL_SRAM_MspInit	16	static
../Core/Src/stm32f4xx_hal_msp.c:366:13:HAL_FSMC_MspDeInit	8	static
../Core/Src/stm32f4xx_hal_msp.c:412:6:HAL_SRAM_MspDeInit	16	static
