../Core/Src/main.c:140:5:main	70
../Core/Src/main.c:709:6:SystemClock_Config	3
../Core/Src/main.c:756:13:MX_ADC1_Init	3
../Core/Src/main.c:808:13:MX_ADC2_Init	3
../Core/Src/main.c:860:13:MX_CAN1_Init	2
../Core/Src/main.c:897:13:MX_CRC_Init	2
../Core/Src/main.c:923:13:MX_DAC_Init	5
../Core/Src/main.c:978:13:MX_I2C2_Init	2
../Core/Src/main.c:1012:13:MX_RNG_Init	2
../Core/Src/main.c:1038:13:MX_RTC_Init	5
../Core/Src/main.c:1102:13:MX_SDIO_SD_Init	1
../Core/Src/main.c:1130:13:MX_SPI2_Init	2
../Core/Src/main.c:1168:13:MX_TIM2_Init	4
../Core/Src/main.c:1213:13:MX_TIM4_Init	4
../Core/Src/main.c:1258:13:MX_UART4_Init	2
../Core/Src/main.c:1291:13:MX_USART1_UART_Init	2
../Core/Src/main.c:1324:13:MX_USART2_UART_Init	2
../Core/Src/main.c:1357:13:MX_USART3_UART_Init	2
../Core/Src/main.c:1390:13:MX_USART6_UART_Init	2
../Core/Src/main.c:1421:13:MX_DMA_Init	1
../Core/Src/main.c:1442:13:MX_GPIO_Init	1
../Core/Src/main.c:1542:13:MX_FSMC_Init	2
../Core/Src/main.c:1610:6:Error_Handler	1
