2025-10-27 00:45:30,599 [INFO] Activator:176 - 


2025-10-27 00:45:30,602 [INFO] Activator:177 - !SESSION log4j initialized
2025-10-27 00:45:34,067 [INFO] LogOutputStream:77 - [STDOUT_REDIRECT] 
2025-10-27 00:45:35,851 [INFO] ApplicationProperties:184 - Using Application install path: /home/tuna/st/stm32cubeide_1.18.1/plugins/com.st.stm32cube.common.mx_6.15.0.202507011659
2025-10-27 00:45:35,868 [INFO] DbMcusXml:78 - Set database path to: /home/tuna/st/stm32cubeide_1.18.1/plugins/com.st.stm32cube.common.mx_6.15.0.202507011659//db//mcu/
2025-10-27 00:45:35,869 [INFO] ApiDb:274 - Set plugin database path to: /home/tuna/st/stm32cubeide_1.18.1/plugins/com.st.stm32cube.common.mx_6.15.0.202507011659//db//plugins/boardmanager/
2025-10-27 00:45:35,869 [WARN] ApiDb:259 - Overriding images path with different value:  => /home/tuna/st/stm32cubeide_1.18.1/plugins/com.st.stm32cube.common.mx_6.15.0.202507011659//db//plugins/mcufinder/images/
2025-10-27 00:45:35,878 [INFO] ApiDb:250 - Set database path to: /home/tuna/.stmcufinder/plugins/mcufinder//mcu/
2025-10-27 00:45:35,880 [INFO] DbMcusAds:125 - Set database path to: /home/tuna/.stmcufinder/plugins/mcufinder//mcu/
2025-10-27 00:45:36,883 [INFO] CrossReferenceDbSqlite:203 - Set database path to: /home/tuna/.stmcufinder/plugins/mcufinder//mcu/cs/
2025-10-27 00:45:37,018 [INFO] RulesReader:64 - Compatibility file has been processed (317 Rules)
2025-10-27 00:45:37,106 [INFO] DbMcusXml:78 - Set database path to: /home/tuna/st/stm32cubeide_1.18.1/plugins/com.st.stm32cube.common.mx_6.15.0.202507011659//db//mcu/
2025-10-27 00:45:37,106 [INFO] ApiDb:274 - Set plugin database path to: /home/tuna/st/stm32cubeide_1.18.1/plugins/com.st.stm32cube.common.mx_6.15.0.202507011659//db//plugins/boardmanager/
2025-10-27 00:45:37,106 [INFO] ApiDb:261 - Set plugin images path to: /home/tuna/st/stm32cubeide_1.18.1/plugins/com.st.stm32cube.common.mx_6.15.0.202507011659//db//plugins/mcufinder/images/
2025-10-27 00:45:37,106 [WARN] DbFile:41 - Overriding database path with different value: /home/tuna/.stmcufinder/plugins/mcufinder/ => /home/tuna/.stmcufinder/plugins/mcufinder
2025-10-27 00:45:37,107 [INFO] ApiDb:250 - Set database path to: /home/tuna/.stmcufinder/plugins/mcufinder//mcu/
2025-10-27 00:45:37,107 [WARN] DbFile:41 - Overriding database path with different value: /home/tuna/.stmcufinder/plugins/mcufinder/ => /home/tuna/.stmcufinder/plugins/mcufinder
2025-10-27 00:45:37,107 [INFO] DbMcusAds:125 - Set database path to: /home/tuna/.stmcufinder/plugins/mcufinder//mcu/
2025-10-27 00:45:37,107 [WARN] DbFile:41 - Overriding database path with different value: /home/tuna/.stmcufinder/plugins/mcufinder/ => /home/tuna/.stmcufinder/plugins/mcufinder
2025-10-27 00:45:37,107 [WARN] DbFile:41 - Overriding database path with different value: /home/tuna/.stmcufinder/plugins/mcufinder/ => /home/tuna/.stmcufinder/plugins/mcufinder
2025-10-27 00:45:38,108 [INFO] CrossReferenceDbSqlite:203 - Set database path to: /home/tuna/.stmcufinder/plugins/mcufinder//mcu/cs/
2025-10-27 00:45:38,207 [INFO] MainPanel:274 - HeapMemory: 268435456
2025-10-27 00:45:38,420 [INFO] DbMcusXml:78 - Set database path to: /home/tuna/st/stm32cubeide_1.18.1/plugins/com.st.stm32cube.common.mx_6.15.0.202507011659//db//mcu/
2025-10-27 00:45:38,421 [INFO] ApiDb:274 - Set plugin database path to: /home/tuna/st/stm32cubeide_1.18.1/plugins/com.st.stm32cube.common.mx_6.15.0.202507011659//db//plugins/boardmanager/
2025-10-27 00:45:38,421 [INFO] ApiDb:261 - Set plugin images path to: /home/tuna/st/stm32cubeide_1.18.1/plugins/com.st.stm32cube.common.mx_6.15.0.202507011659//db//plugins/mcufinder/images/
2025-10-27 00:45:38,422 [WARN] DbFile:41 - Overriding database path with different value: /home/tuna/.stmcufinder/plugins/mcufinder/ => /home/tuna/.stmcufinder/plugins/mcufinder
2025-10-27 00:45:38,422 [INFO] ApiDb:250 - Set database path to: /home/tuna/.stmcufinder/plugins/mcufinder//mcu/
2025-10-27 00:45:38,422 [WARN] DbFile:41 - Overriding database path with different value: /home/tuna/.stmcufinder/plugins/mcufinder/ => /home/tuna/.stmcufinder/plugins/mcufinder
2025-10-27 00:45:38,422 [INFO] DbMcusAds:125 - Set database path to: /home/tuna/.stmcufinder/plugins/mcufinder//mcu/
2025-10-27 00:45:38,422 [WARN] DbFile:41 - Overriding database path with different value: /home/tuna/.stmcufinder/plugins/mcufinder/ => /home/tuna/.stmcufinder/plugins/mcufinder
2025-10-27 00:45:38,423 [WARN] DbFile:41 - Overriding database path with different value: /home/tuna/.stmcufinder/plugins/mcufinder/ => /home/tuna/.stmcufinder/plugins/mcufinder
2025-10-27 00:45:39,424 [INFO] CrossReferenceDbSqlite:203 - Set database path to: /home/tuna/.stmcufinder/plugins/mcufinder//mcu/cs/
2025-10-27 00:45:39,448 [INFO] ApplicationProperties:184 - Using Application install path: /home/tuna/st/stm32cubeide_1.18.1/plugins/com.st.stm32cube.common.mx_6.15.0.202507011659
2025-10-27 00:45:39,450 [INFO] PluginManage:196 - Search for loadable plugins [exclusion list=, ]
2025-10-27 00:45:39,451 [INFO] PluginManage:310 - Check plugin analytics
2025-10-27 00:45:40,630 [INFO] AnalyticsPlugin:253 - Accepted Software Licenses: STM32CubeMX.6.15.0
2025-10-27 00:45:40,631 [INFO] AnalyticsPlugin:255 - Accepted CMSIS Pack Licenses: 
2025-10-27 00:45:40,631 [INFO] AnalyticsPlugin:257 - Accepted Firmware Licenses: FW.G4.1.6.0,FW.F4.1.28.0
2025-10-27 00:45:40,633 [INFO] PluginManage:359 - Loaded plugin analytics (category:tool,tabindex:-1)
2025-10-27 00:45:40,633 [INFO] PluginManage:310 - Check plugin cadmodel
2025-10-27 00:45:40,639 [INFO] CADModel:105 - Init CAD model plugin
2025-10-27 00:45:40,639 [INFO] PluginManage:359 - Loaded plugin cadmodel (category:power,tabindex:5)
2025-10-27 00:45:40,639 [INFO] PluginManage:310 - Check plugin clock
2025-10-27 00:45:40,650 [INFO] PluginManage:359 - Loaded plugin clock (category:base,tabindex:2)
2025-10-27 00:45:40,651 [INFO] PluginManage:310 - Check plugin ddr
2025-10-27 00:45:40,653 [INFO] PluginManage:359 - Loaded plugin ddr (category:tool,tabindex:6)
2025-10-27 00:45:40,653 [INFO] PluginManage:310 - Check plugin filemanager
2025-10-27 00:45:40,786 [INFO] PluginManage:359 - Loaded plugin filemanager (category:base,tabindex:10)
2025-10-27 00:45:40,786 [INFO] PluginManage:310 - Check plugin ipmanager
2025-10-27 00:45:40,791 [INFO] PluginManage:359 - Loaded plugin ipmanager (category:base,tabindex:5)
2025-10-27 00:45:40,791 [INFO] PluginManage:310 - Check plugin lpbam
2025-10-27 00:45:40,801 [INFO] PluginManage:359 - Loaded plugin lpbam (category:base,tabindex:0)
2025-10-27 00:45:40,802 [INFO] PluginManage:310 - Check plugin memorymap
2025-10-27 00:45:40,815 [INFO] PluginManage:359 - Loaded plugin memorymap (category:base,tabindex:4)
2025-10-27 00:45:40,815 [INFO] PluginManage:310 - Check plugin pinoutandconfiguration
2025-10-27 00:45:40,825 [INFO] PluginManage:359 - Loaded plugin pinoutandconfiguration (category:base,tabindex:1)
2025-10-27 00:45:40,825 [INFO] PluginManage:310 - Check plugin pinoutconfig
2025-10-27 00:45:40,895 [WARN] SupportedApi:132 - Cannot load RTOS API schema: s4s-elt-must-match.1: The content of 'definitions' must match (annotation?, (simpleType | complexType)?, (unique | key | keyref)*)). A problem was found starting at: attribute.
2025-10-27 00:45:40,988 [INFO] PluginManage:359 - Loaded plugin pinoutconfig (category:base,tabindex:0)
2025-10-27 00:45:40,988 [INFO] PluginManage:310 - Check plugin power
2025-10-27 00:45:40,997 [INFO] PluginManage:359 - Loaded plugin power (category:power,tabindex:4)
2025-10-27 00:45:40,997 [INFO] PluginManage:310 - Check plugin projectmanager
2025-10-27 00:45:41,009 [INFO] PluginManage:359 - Loaded plugin projectmanager (category:projectmanager,tabindex:4)
2025-10-27 00:45:41,009 [INFO] PluginManage:310 - Check plugin rif
2025-10-27 00:45:41,019 [INFO] PluginManage:359 - Loaded plugin rif (category:base,tabindex:3)
2025-10-27 00:45:41,019 [INFO] PluginManage:310 - Check plugin thirdparty
2025-10-27 00:45:41,109 [INFO] PluginManage:359 - Loaded plugin thirdparty (category:base,tabindex:-1)
2025-10-27 00:45:41,109 [WARN] IntegrityCheckThread:84 - waiting for thirdparty lock release [integrity check]
2025-10-27 00:45:41,109 [INFO] PluginManage:310 - Check plugin tools
2025-10-27 00:45:41,109 [INFO] IntegrityCheckThread:86 - entering critical section [integrity check]
2025-10-27 00:45:41,109 [INFO] ThirdPartyUpdaterWithRetryManager:70 - Updater plugin not ready yet. [1/15]
2025-10-27 00:45:41,111 [INFO] PluginManage:359 - Loaded plugin tools (category:base,tabindex:7)
2025-10-27 00:45:41,112 [INFO] PluginManage:310 - Check plugin tutovideos
2025-10-27 00:45:41,271 [INFO] PluginManage:359 - Loaded plugin tutovideos (category:base,tabindex:-1)
2025-10-27 00:45:41,271 [INFO] PluginManage:310 - Check plugin updater
2025-10-27 00:45:41,293 [INFO] PluginManage:359 - Loaded plugin updater (category:base,tabindex:12)
2025-10-27 00:45:41,293 [INFO] PluginManage:310 - Check plugin userauth
2025-10-27 00:45:41,297 [INFO] UserAuth:118 - Init User Auth plugin
2025-10-27 00:45:41,298 [INFO] PluginManage:359 - Loaded plugin userauth (category:base,tabindex:14)
2025-10-27 00:45:41,298 [INFO] PluginManage:283 - PluginManage : Loaded plugins [18]
2025-10-27 00:45:41,450 [INFO] PinOutPanel:1589 - setPackage(No Configuration,No Configuration)
2025-10-27 00:45:41,505 [INFO] CADModel:165 - CPN selected for project level
2025-10-27 00:45:41,506 [INFO] CADModel:114 - Register for checkConnection events
2025-10-27 00:45:41,519 [INFO] IPUIPlugin:80 - create IPUIPlugin
2025-10-27 00:45:41,519 [INFO] PluginManager:220 - loadIPPluginJar : add ddr_ctrl_phy
2025-10-27 00:45:41,522 [INFO] IPUIPlugin:80 - create IPUIPlugin
2025-10-27 00:45:41,522 [INFO] PluginManager:220 - loadIPPluginJar : add aes
2025-10-27 00:45:41,527 [INFO] IPUIPlugin:80 - create IPUIPlugin
2025-10-27 00:45:41,528 [INFO] PluginManager:220 - loadIPPluginJar : add gic
2025-10-27 00:45:41,533 [INFO] IPUIPlugin:80 - create IPUIPlugin
2025-10-27 00:45:41,533 [INFO] PluginManager:220 - loadIPPluginJar : add resmgrutility
2025-10-27 00:45:41,535 [INFO] IPUIPlugin:80 - create IPUIPlugin
2025-10-27 00:45:41,535 [INFO] PluginManager:220 - loadIPPluginJar : add dma3
2025-10-27 00:45:41,537 [INFO] IPUIPlugin:80 - create IPUIPlugin
2025-10-27 00:45:41,537 [INFO] PluginManager:220 - loadIPPluginJar : add spi
2025-10-27 00:45:41,546 [INFO] IPUIPlugin:80 - create IPUIPlugin
2025-10-27 00:45:41,547 [INFO] PluginManager:220 - loadIPPluginJar : add plateformsettings
2025-10-27 00:45:41,550 [INFO] IPUIPlugin:80 - create IPUIPlugin
2025-10-27 00:45:41,551 [INFO] PluginManager:220 - loadIPPluginJar : add gtzc
2025-10-27 00:45:41,556 [INFO] IPUIPlugin:80 - create IPUIPlugin
2025-10-27 00:45:41,557 [INFO] PluginManager:220 - loadIPPluginJar : add freertos
2025-10-27 00:45:41,560 [INFO] IPUIPlugin:80 - create IPUIPlugin
2025-10-27 00:45:41,561 [INFO] PluginManager:220 - loadIPPluginJar : add fmc
2025-10-27 00:45:41,562 [INFO] IPUIPlugin:80 - create IPUIPlugin
2025-10-27 00:45:41,562 [INFO] PluginManager:220 - loadIPPluginJar : add quadspi
2025-10-27 00:45:41,564 [INFO] IPUIPlugin:80 - create IPUIPlugin
2025-10-27 00:45:41,564 [INFO] PluginManager:220 - loadIPPluginJar : add radio
2025-10-27 00:45:41,565 [INFO] IPUIPlugin:80 - create IPUIPlugin
2025-10-27 00:45:41,565 [INFO] PluginManager:220 - loadIPPluginJar : add fatfs
2025-10-27 00:45:41,571 [INFO] IPUIPlugin:80 - create IPUIPlugin
2025-10-27 00:45:41,571 [INFO] PluginManager:220 - loadIPPluginJar : add mdma
2025-10-27 00:45:41,573 [INFO] IPUIPlugin:80 - create IPUIPlugin
2025-10-27 00:45:41,573 [INFO] PluginManager:220 - loadIPPluginJar : add ltdc
2025-10-27 00:45:41,579 [INFO] IPUIPlugin:80 - create IPUIPlugin
2025-10-27 00:45:41,579 [INFO] PluginManager:220 - loadIPPluginJar : add gpio
2025-10-27 00:45:41,582 [INFO] IPUIPlugin:80 - create IPUIPlugin
2025-10-27 00:45:41,582 [INFO] PluginManager:220 - loadIPPluginJar : add opamp
2025-10-27 00:45:41,584 [INFO] IPUIPlugin:80 - create IPUIPlugin
2025-10-27 00:45:41,584 [INFO] PluginManager:220 - loadIPPluginJar : add usart
2025-10-27 00:45:41,588 [INFO] IPUIPlugin:80 - create IPUIPlugin
2025-10-27 00:45:41,588 [INFO] PluginManager:220 - loadIPPluginJar : add usbx
2025-10-27 00:45:41,590 [INFO] IPUIPlugin:80 - create IPUIPlugin
2025-10-27 00:45:41,590 [INFO] PluginManager:220 - loadIPPluginJar : add tim
2025-10-27 00:45:41,592 [INFO] IPUIPlugin:80 - create IPUIPlugin
2025-10-27 00:45:41,592 [INFO] PluginManager:220 - loadIPPluginJar : add lorawan
2025-10-27 00:45:41,595 [INFO] IPUIPlugin:80 - create IPUIPlugin
2025-10-27 00:45:41,595 [INFO] PluginManager:220 - loadIPPluginJar : add i2s
2025-10-27 00:45:41,601 [INFO] IPUIPlugin:80 - create IPUIPlugin
2025-10-27 00:45:41,602 [INFO] PluginManager:220 - loadIPPluginJar : add adc
2025-10-27 00:45:41,605 [INFO] IPUIPlugin:80 - create IPUIPlugin
2025-10-27 00:45:41,605 [INFO] PluginManager:220 - loadIPPluginJar : add extmemmanager
2025-10-27 00:45:41,607 [INFO] IPUIPlugin:80 - create IPUIPlugin
2025-10-27 00:45:41,607 [INFO] PluginManager:220 - loadIPPluginJar : add comp
2025-10-27 00:45:41,608 [INFO] IPUIPlugin:80 - create IPUIPlugin
2025-10-27 00:45:41,608 [INFO] PluginManager:220 - loadIPPluginJar : add genericplugin
2025-10-27 00:45:41,611 [INFO] IPUIPlugin:80 - create IPUIPlugin
2025-10-27 00:45:41,611 [INFO] PluginManager:220 - loadIPPluginJar : add ts
2025-10-27 00:45:41,613 [INFO] IPUIPlugin:80 - create IPUIPlugin
2025-10-27 00:45:41,614 [INFO] PluginManager:220 - loadIPPluginJar : add ucpd
2025-10-27 00:45:41,616 [INFO] IPUIPlugin:80 - create IPUIPlugin
2025-10-27 00:45:41,616 [INFO] PluginManager:220 - loadIPPluginJar : add can
2025-10-27 00:45:41,619 [INFO] IPUIPlugin:80 - create IPUIPlugin
2025-10-27 00:45:41,619 [INFO] PluginManager:220 - loadIPPluginJar : add touchsensing
2025-10-27 00:45:41,621 [INFO] IPUIPlugin:80 - create IPUIPlugin
2025-10-27 00:45:41,621 [INFO] PluginManager:220 - loadIPPluginJar : add tracer_emb
2025-10-27 00:45:41,627 [INFO] IPUIPlugin:80 - create IPUIPlugin
2025-10-27 00:45:41,627 [INFO] PluginManager:220 - loadIPPluginJar : add stm32_wpan
2025-10-27 00:45:41,628 [INFO] IPUIPlugin:80 - create IPUIPlugin
2025-10-27 00:45:41,629 [INFO] PluginManager:220 - loadIPPluginJar : add tsc
2025-10-27 00:45:41,631 [INFO] IPUIPlugin:80 - create IPUIPlugin
2025-10-27 00:45:41,631 [INFO] PluginManager:220 - loadIPPluginJar : add gfxmmu
2025-10-27 00:45:41,634 [INFO] IPUIPlugin:80 - create IPUIPlugin
2025-10-27 00:45:41,634 [INFO] PluginManager:220 - loadIPPluginJar : add ipddr
2025-10-27 00:45:41,637 [INFO] IPUIPlugin:80 - create IPUIPlugin
2025-10-27 00:45:41,637 [INFO] PluginManager:220 - loadIPPluginJar : add i2c
2025-10-27 00:45:41,640 [INFO] IPUIPlugin:80 - create IPUIPlugin
2025-10-27 00:45:41,640 [INFO] PluginManager:220 - loadIPPluginJar : add nvic
2025-10-27 00:45:41,643 [INFO] IPUIPlugin:80 - create IPUIPlugin
2025-10-27 00:45:41,643 [INFO] PluginManager:220 - loadIPPluginJar : add i3c
2025-10-27 00:45:41,645 [INFO] IPUIPlugin:80 - create IPUIPlugin
2025-10-27 00:45:41,645 [INFO] PluginManager:220 - loadIPPluginJar : add dfsdm
2025-10-27 00:45:41,647 [INFO] IPUIPlugin:80 - create IPUIPlugin
2025-10-27 00:45:41,647 [INFO] PluginManager:220 - loadIPPluginJar : add pdm2pcm
2025-10-27 00:45:41,649 [INFO] IPUIPlugin:80 - create IPUIPlugin
2025-10-27 00:45:41,649 [INFO] PluginManager:220 - loadIPPluginJar : add openamp
2025-10-27 00:45:41,653 [INFO] IPUIPlugin:80 - create IPUIPlugin
2025-10-27 00:45:41,653 [INFO] PluginManager:220 - loadIPPluginJar : add dma
2025-10-27 00:45:41,656 [INFO] IPUIPlugin:80 - create IPUIPlugin
2025-10-27 00:45:41,656 [INFO] PluginManager:220 - loadIPPluginJar : add sai
2025-10-27 00:45:41,658 [INFO] IPUIPlugin:80 - create IPUIPlugin
2025-10-27 00:45:41,658 [INFO] PluginManager:220 - loadIPPluginJar : add hash
2025-10-27 00:45:41,663 [INFO] IPUIPlugin:80 - create IPUIPlugin
2025-10-27 00:45:41,663 [INFO] PluginManager:220 - loadIPPluginJar : add linkedlist
2025-10-27 00:45:41,664 [INFO] IPUIPlugin:80 - create IPUIPlugin
2025-10-27 00:45:41,664 [INFO] PluginManager:220 - loadIPPluginJar : add cryp
2025-10-27 00:45:41,769 [FATAL] Updater:351 - Updater called before beeing initialized
2025-10-27 00:45:41,795 [INFO] RulesReader:64 - Compatibility file has been processed (317 Rules)
2025-10-27 00:45:41,807 [INFO] RulesReader:64 - Compatibility file has been processed (317 Rules)
2025-10-27 00:45:41,813 [INFO] CADModel:165 - CPN selected for project level
2025-10-27 00:45:41,813 [INFO] CADModel:114 - Register for checkConnection events
2025-10-27 00:45:41,813 [FATAL] Updater:351 - Updater called before beeing initialized
2025-10-27 00:45:41,813 [ERROR] CADModel:125 - Updater not yet initialized, retry later 
2025-10-27 00:45:41,903 [FATAL] Updater:351 - Updater called before beeing initialized
2025-10-27 00:45:41,904 [INFO] CADModel:165 - CPN selected for project level
2025-10-27 00:45:41,904 [INFO] CADModel:114 - Register for checkConnection events
2025-10-27 00:45:41,904 [FATAL] Updater:351 - Updater called before beeing initialized
2025-10-27 00:45:41,904 [ERROR] CADModel:125 - Updater not yet initialized, retry later 
2025-10-27 00:45:41,907 [FATAL] Updater:351 - Updater called before beeing initialized
2025-10-27 00:45:41,975 [FATAL] Updater:351 - Updater called before beeing initialized
2025-10-27 00:45:41,978 [INFO] DbMcusAds:53 - JSON generation date=Thu Oct 02 16:36:05 ICT 2025 (1759397765645)
2025-10-27 00:45:41,978 [FATAL] Updater:351 - Updater called before beeing initialized
2025-10-27 00:45:42,007 [WARN] DetailPanel:346 - Failed to get advertising image, set to default
2025-10-27 00:45:42,070 [FATAL] Updater:351 - Updater called before beeing initialized
2025-10-27 00:45:42,072 [FATAL] Updater:351 - Updater called before beeing initialized
2025-10-27 00:45:42,072 [FATAL] Updater:351 - Updater called before beeing initialized
2025-10-27 00:45:42,073 [WARN] DetailPanel:346 - Failed to get advertising image, set to default
2025-10-27 00:45:42,073 [FATAL] Updater:351 - Updater called before beeing initialized
2025-10-27 00:45:42,096 [ERROR] Updater:1198 - MainUpdater not yet initialized. External WinMGr cannot be set.
2025-10-27 00:45:42,097 [INFO] Updater:1134 - Updater Version found : 6.15.0
2025-10-27 00:45:42,111 [INFO] ApplicationProperties:184 - Using Application install path: /home/tuna/st/stm32cubeide_1.18.1/plugins/com.st.stm32cube.common.mx_6.15.0.202507011659
2025-10-27 00:45:42,460 [INFO] MainUpdater:2872 - connection check result : 10
2025-10-27 00:45:42,460 [INFO] MainUpdater:289 - Updater Check For Update Now.
2025-10-27 00:45:42,460 [INFO] MicroXplorer:498 - Change Database Version : DB.6.0.150
2025-10-27 00:45:42,465 [INFO] McuFinderGlobals:63 - Set McuFinder mode to 2 (CubeIDE integrated)
2025-10-27 00:45:42,466 [INFO] UserAuth:487 - Internet connection configuration mode: 1
2025-10-27 00:45:42,484 [INFO] JxBrowserEngine:152 - Initiate JxBrowser Engine with user profile folder
2025-10-27 00:45:42,611 [INFO] CheckServerUpdateThread:120 - End of CheckServer Thread
2025-10-27 00:45:43,490 [INFO] WebApp:169 - Instantiating new browser for Auth
2025-10-27 00:45:44,082 [INFO] WebApp:463 - Apply proxy settings
2025-10-27 00:45:44,082 [INFO] WebApp:548 - Chromium requires no authentication
2025-10-27 00:45:44,090 [INFO] WebApp:491 - Direct internet connection detected
2025-10-27 00:45:44,104 [INFO] WebApp:900 - Register for checkConnection events
2025-10-27 00:45:44,104 [INFO] WebApp:463 - Apply proxy settings
2025-10-27 00:45:44,104 [INFO] WebApp:548 - Chromium requires no authentication
2025-10-27 00:45:44,104 [INFO] WebApp:491 - Direct internet connection detected
2025-10-27 00:45:44,213 [WARN] PackLoader:240 - Cannot read IP mode file for STMicroelectronics.FP-SNS-MOTENVWB1.1.4.0
2025-10-27 00:45:44,218 [WARN] PackLoader:240 - Cannot read IP mode file for STMicroelectronics.FP-ATR-ASTRA1.2.0.2
2025-10-27 00:45:44,223 [WARN] PackLoader:240 - Cannot read IP mode file for STMicroelectronics.X-CUBE-SMBUS.2.1.0
2025-10-27 00:45:44,224 [INFO] WebApp:225 - Starting web application
2025-10-27 00:45:44,224 [INFO] WebApp:593 - Web application path used /home/tuna/st/stm32cubeide_1.18.1/plugins/com.st.stm32cube.common.mx_6.15.0.202507011659/db/plugins/mcufinder/reactClient1/index.html
2025-10-27 00:45:44,227 [WARN] PackLoader:240 - Cannot read IP mode file for STMicroelectronics.X-CUBE-ST60.1.0.0
2025-10-27 00:45:44,249 [WARN] PackLoader:240 - Cannot read IP mode file for STMicroelectronics.X-CUBE-AZRTOS-F7.1.1.0
2025-10-27 00:45:44,272 [WARN] PackLoader:240 - Cannot read IP mode file for Infineon.AIROC-Wi-Fi-Bluetooth-STM32.1.7.1
2025-10-27 00:45:44,294 [WARN] PackLoader:240 - Cannot read IP mode file for STMicroelectronics.X-CUBE-AZRTOS-H7.3.4.0
2025-10-27 00:45:44,303 [WARN] PackLoader:240 - Cannot read IP mode file for STMicroelectronics.X-CUBE-DISPLAY.3.0.0
2025-10-27 00:45:44,315 [WARN] PackLoader:240 - Cannot read IP mode file for STMicroelectronics.X-CUBE-NFC10.1.0.0
2025-10-27 00:45:44,320 [WARN] PackLoader:240 - Cannot read IP mode file for STMicroelectronics.X-CUBE-ST60.1.1.0
2025-10-27 00:45:44,324 [WARN] PackLoader:240 - Cannot read IP mode file for emotas.I-CUBE-CANOPEN.1.3.0
2025-10-27 00:45:44,330 [WARN] PackLoader:240 - Cannot read IP mode file for STMicroelectronics.FP-SNS-STBOX1.2.1.0
2025-10-27 00:45:44,334 [WARN] PackLoader:240 - Cannot read IP mode file for STMicroelectronics.FP-SNS-SMARTAG2.1.2.0
2025-10-27 00:45:44,337 [WARN] PackLoader:240 - Cannot read IP mode file for STMicroelectronics.FP-SNS-FLIGHT1.5.1.0
2025-10-27 00:45:44,343 [INFO] LogOutputStream:77 - [STDOUT_REDIRECT] 1 : Invalid condition id : UX_CORESTACK_Condition cause : null
2025-10-27 00:45:44,344 [INFO] LogOutputStream:77 - [STDOUT_REDIRECT] 1 : Invalid condition id : UX_CORESTACK_Condition cause : null
2025-10-27 00:45:44,344 [INFO] LogOutputStream:77 - [STDOUT_REDIRECT] 1 : Invalid condition id : UX_CORESTACK_Condition cause : null
2025-10-27 00:45:44,344 [INFO] LogOutputStream:77 - [STDOUT_REDIRECT] 1 : Invalid condition id : UX_CORESTACK_Condition cause : null
2025-10-27 00:45:44,344 [INFO] LogOutputStream:77 - [STDOUT_REDIRECT] 1 : Invalid condition id : UX_CORESTACK_Condition cause : null
2025-10-27 00:45:44,347 [WARN] PackLoader:240 - Cannot read IP mode file for STMicroelectronics.X-CUBE-AZRTOS-WL.2.0.0
2025-10-27 00:45:44,350 [WARN] PackLoader:240 - Cannot read IP mode file for STMicroelectronics.FP-SNS-MOTENV1.5.0.0
2025-10-27 00:45:44,355 [WARN] PackLoader:240 - Cannot read IP mode file for WES.I-CUBE-Cesium.1.3.0
2025-10-27 00:45:44,359 [WARN] PackLoader:240 - Cannot read IP mode file for STMicroelectronics.X-CUBE-BLE2.3.3.0
2025-10-27 00:45:44,363 [WARN] PackLoader:240 - Cannot read IP mode file for STMicroelectronics.X-CUBE-NFC9.1.0.0
2025-10-27 00:45:44,367 [WARN] PackLoader:240 - Cannot read IP mode file for wolfSSL.I-CUBE-wolfSSL.5.8.2
2025-10-27 00:45:44,370 [WARN] PackLoader:240 - Cannot read IP mode file for STMicroelectronics.X-CUBE-BLE1.7.1.0
2025-10-27 00:45:44,373 [WARN] PackLoader:240 - Cannot read IP mode file for wolfSSL.I-CUBE-wolfMQTT.1.19.2
2025-10-27 00:45:44,377 [WARN] PackLoader:240 - Cannot read IP mode file for STMicroelectronics.X-CUBE-EEPRMA1.5.2.0
2025-10-27 00:45:44,382 [WARN] PackLoader:240 - Cannot read IP mode file for STMicroelectronics.X-CUBE-ST67W61.1.1.0
2025-10-27 00:45:44,385 [WARN] PackLoader:240 - Cannot read IP mode file for STMicroelectronics.X-CUBE-AI.10.1.0
2025-10-27 00:45:44,400 [WARN] PackLoader:240 - Cannot read IP mode file for STMicroelectronics.X-CUBE-AZRTOS-G0.1.1.0
2025-10-27 00:45:44,406 [WARN] PackLoader:240 - Cannot read IP mode file for STMicroelectronics.X-CUBE-SAFEA1.1.2.2
2025-10-27 00:45:44,411 [WARN] PackLoader:240 - Cannot read IP mode file for STMicroelectronics.X-CUBE-NFC4.3.0.0
2025-10-27 00:45:44,417 [WARN] PackLoader:240 - Cannot read IP mode file for EmbeddedOffice.I-CUBE-FS-RTOS.1.0.1
2025-10-27 00:45:44,421 [WARN] PackLoader:240 - Cannot read IP mode file for STMicroelectronics.X-CUBE-WB05N.2.0.0
2025-10-27 00:45:44,424 [WARN] PackLoader:240 - Cannot read IP mode file for wolfSSL.I-CUBE-wolfTPM.3.8.0
2025-10-27 00:45:44,428 [WARN] PackLoader:240 - Cannot read IP mode file for STMicroelectronics.X-CUBE-TCPP.4.2.0
2025-10-27 00:45:44,433 [WARN] PackLoader:240 - Cannot read IP mode file for RealThread.X-CUBE-RT-Thread_Nano.4.1.1
2025-10-27 00:45:44,436 [WARN] PackLoader:240 - Cannot read IP mode file for STMicroelectronics.FP-ATR-SIGFOX1.3.2.0
2025-10-27 00:45:44,440 [WARN] PackLoader:240 - Cannot read IP mode file for ITTIA_DB.I-CUBE-ITTIADB.8.9.0
2025-10-27 00:45:44,444 [WARN] PackLoader:240 - Cannot read IP mode file for STMicroelectronics.X-CUBE-ST67W61.1.0.0
2025-10-27 00:45:44,448 [WARN] PackLoader:240 - Cannot read IP mode file for STMicroelectronics.X-CUBE-AI.10.2.0
2025-10-27 00:45:44,467 [WARN] PackLoader:240 - Cannot read IP mode file for SEGGER.I-CUBE-embOS.1.3.1
2025-10-27 00:45:44,487 [INFO] WebApp:191 - Connection restablished
2025-10-27 00:45:44,499 [WARN] PackLoader:240 - Cannot read IP mode file for STMicroelectronics.X-CUBE-ALGOBUILD.1.4.0
2025-10-27 00:45:44,542 [WARN] PackLoader:240 - Cannot read IP mode file for STMicroelectronics.X-CUBE-MEMS1.11.3.0
2025-10-27 00:45:44,676 [WARN] PackLoader:240 - Cannot read IP mode file for STMicroelectronics.X-CUBE-PM33A1.1.0.0
2025-10-27 00:45:44,691 [WARN] PackLoader:240 - Cannot read IP mode file for STMicroelectronics.X-CUBE-AZRTOS-F4.1.1.0
2025-10-27 00:45:44,696 [WARN] PackLoader:240 - Cannot read IP mode file for Avnet-IotConnect.X-CUBE-IoTC-DA16k-PMOD.1.0.0
2025-10-27 00:45:44,698 [WARN] PackLoader:240 - Cannot read IP mode file for STMicroelectronics.X-CUBE-ISPU.2.1.0
2025-10-27 00:45:44,712 [WARN] PackLoader:240 - Cannot read IP mode file for STMicroelectronics.X-CUBE-IPS.3.2.0
2025-10-27 00:45:44,722 [WARN] PackLoader:240 - Cannot read IP mode file for STMicroelectronics.X-CUBE-NFC12.1.0.0
2025-10-27 00:45:44,734 [WARN] PackLoader:240 - Cannot read IP mode file for STMicroelectronics.X-CUBE-AZRTOS-L5.2.0.0
2025-10-27 00:45:44,741 [WARN] PackLoader:240 - Cannot read IP mode file for STMicroelectronics.X-CUBE-NFC6.3.1.0
2025-10-27 00:45:44,747 [WARN] PackLoader:240 - Cannot read IP mode file for STMicroelectronics.X-CUBE-FREERTOS.1.3.1
2025-10-27 00:45:44,752 [WARN] PackLoader:240 - Cannot read IP mode file for STMicroelectronics.X-CUBE-TOUCHGFX.4.26.0
2025-10-27 00:45:44,756 [WARN] PackLoader:240 - Cannot read IP mode file for STMicroelectronics.FP-SNS-STAIOTCFT.1.0.0
2025-10-27 00:45:44,760 [WARN] PackLoader:240 - Cannot read IP mode file for STMicroelectronics.X-CUBE-DPower.1.3.0
2025-10-27 00:45:44,774 [WARN] ConditionMgr:438 - getConditionDescription Invalid condition id : LAN8742 Phy interface Condition cause : null
2025-10-27 00:45:44,775 [WARN] PackLoader:240 - Cannot read IP mode file for STMicroelectronics.X-CUBE-AZRTOS-L4.2.0.0
2025-10-27 00:45:44,776 [WARN] ConditionMgr:1044 - genDependencies : Invalid condition id : LAN8742 Phy interface Condition cause : null
2025-10-27 00:45:44,777 [WARN] ConditionMgr:1044 - genDependencies : Invalid condition id : LAN8742 Phy interface Condition cause : null
2025-10-27 00:45:44,777 [WARN] ConditionMgr:1044 - genDependencies : Invalid condition id : LAN8742 Phy interface Condition cause : null
2025-10-27 00:45:44,783 [WARN] PackLoader:240 - Cannot read IP mode file for STMicroelectronics.X-CUBE-SFXS2LP1.4.0.0
2025-10-27 00:45:44,792 [WARN] PackLoader:240 - Cannot read IP mode file for STMicroelectronics.X-CUBE-BLEMGR.4.1.0
2025-10-27 00:45:44,803 [WARN] ConditionMgr:438 - getConditionDescription Invalid condition id : UX DEVICE CLASS RTOS Condition cause : null
2025-10-27 00:45:44,804 [WARN] ConditionMgr:438 - getConditionDescription Invalid condition id : UX DEVICE CLASS RTOS Condition cause : null
2025-10-27 00:45:44,805 [WARN] PackLoader:240 - Cannot read IP mode file for STMicroelectronics.X-CUBE-AZRTOS-WB.2.0.0
2025-10-27 00:45:44,806 [WARN] ConditionMgr:1044 - genDependencies : Invalid condition id : UX DEVICE CLASS RTOS Condition cause : null
2025-10-27 00:45:44,806 [WARN] ConditionMgr:1044 - genDependencies : Invalid condition id : UX DEVICE CLASS RTOS Condition cause : null
2025-10-27 00:45:44,806 [WARN] ConditionMgr:1044 - genDependencies : Invalid condition id : UX DEVICE CLASS RTOS Condition cause : null
2025-10-27 00:45:44,807 [WARN] ConditionMgr:1044 - genDependencies : Invalid condition id : UX DEVICE CLASS RTOS Condition cause : null
2025-10-27 00:45:44,807 [WARN] ConditionMgr:1044 - genDependencies : Invalid condition id : UX DEVICE CLASS RTOS Condition cause : null
2025-10-27 00:45:44,811 [WARN] PackLoader:240 - Cannot read IP mode file for STMicroelectronics.X-CUBE-GNSS1.7.0.1
2025-10-27 00:45:44,815 [WARN] PackLoader:240 - Cannot read IP mode file for STMicroelectronics.X-CUBE-TOUCHGFX.4.25.0
2025-10-27 00:45:44,820 [WARN] PackLoader:240 - Cannot read IP mode file for STMicroelectronics.FP-SNS-STBOX1.2.0.0
2025-10-27 00:45:44,823 [WARN] ConditionMgr:438 - getConditionDescription Invalid condition id : Cortex-A Device cause : null
2025-10-27 00:45:44,833 [WARN] ConditionMgr:1044 - genDependencies : Invalid condition id : Cortex-A Device cause : null
2025-10-27 00:45:44,834 [WARN] ConditionMgr:1044 - genDependencies : Invalid condition id : Cortex-A Device cause : null
2025-10-27 00:45:44,834 [WARN] ConditionMgr:1044 - genDependencies : Invalid condition id : Cortex-A Device cause : null
2025-10-27 00:45:44,841 [WARN] PackLoader:240 - Cannot read IP mode file for STMicroelectronics.X-CUBE-SUBG2.5.0.0
2025-10-27 00:45:44,857 [WARN] PackLoader:240 - Cannot read IP mode file for STMicroelectronics.X-CUBE-AZRTOS-H7RS.1.1.0
2025-10-27 00:45:44,861 [WARN] PackLoader:240 - Cannot read IP mode file for Cesanta.I-CUBE-Mongoose.7.13.0
2025-10-27 00:45:44,870 [WARN] PackLoader:240 - Cannot read IP mode file for STMicroelectronics.X-CUBE-AZRTOS-G4.2.0.0
2025-10-27 00:45:44,873 [WARN] PackLoader:240 - Cannot read IP mode file for wolfSSL.I-CUBE-wolfSSH.1.4.20
2025-10-27 00:45:44,876 [WARN] PackLoader:240 - Cannot read IP mode file for STMicroelectronics.X-CUBE-NFC7.2.0.0
2025-10-27 00:45:44,883 [WARN] PackLoader:240 - Cannot read IP mode file for STMicroelectronics.X-CUBE-IPS.3.1.0
2025-10-27 00:45:44,890 [WARN] PackLoader:240 - Cannot read IP mode file for STMicroelectronics.X-CUBE-ALS.1.0.2
2025-10-27 00:45:44,894 [WARN] PackLoader:240 - Cannot read IP mode file for STMicroelectronics.X-CUBE-STSE01.1.0.0
2025-10-27 00:45:44,898 [WARN] PackLoader:240 - Cannot read IP mode file for portGmbH.I-Cube-SoM-uGOAL.1.1.0
2025-10-27 00:45:44,903 [WARN] PackLoader:240 - Cannot read IP mode file for STMicroelectronics.X-CUBE-TOF1.3.4.3
2025-10-27 00:45:44,909 [INFO] ThirdParty:978 - Integrity check success = true
2025-10-27 00:45:44,909 [INFO] IntegrityCheckThread:100 - exiting critical section [integrity check]
2025-10-27 00:45:44,909 [INFO] IntegrityCheckThread:103 - End integrity checks thread
2025-10-27 00:45:45,223 [INFO] UserAuth:487 - Internet connection configuration mode: 1
2025-10-27 02:00:03,461 [ERROR] LogOutputStream:75 - [STDERR_REDIRECT] 
2025-10-27 16:54:39,246 [INFO] Activator:176 - 


2025-10-27 16:54:39,247 [INFO] Activator:177 - !SESSION log4j initialized
2025-10-27 16:54:42,688 [INFO] LogOutputStream:77 - [STDOUT_REDIRECT] 
2025-10-27 16:54:44,537 [INFO] ApplicationProperties:184 - Using Application install path: /home/tuna/st/stm32cubeide_1.18.1/plugins/com.st.stm32cube.common.mx_6.15.0.202507011659
2025-10-27 16:54:44,554 [INFO] DbMcusXml:78 - Set database path to: /home/tuna/st/stm32cubeide_1.18.1/plugins/com.st.stm32cube.common.mx_6.15.0.202507011659//db//mcu/
2025-10-27 16:54:44,554 [INFO] ApiDb:274 - Set plugin database path to: /home/tuna/st/stm32cubeide_1.18.1/plugins/com.st.stm32cube.common.mx_6.15.0.202507011659//db//plugins/boardmanager/
2025-10-27 16:54:44,554 [WARN] ApiDb:259 - Overriding images path with different value:  => /home/tuna/st/stm32cubeide_1.18.1/plugins/com.st.stm32cube.common.mx_6.15.0.202507011659//db//plugins/mcufinder/images/
2025-10-27 16:54:44,563 [INFO] ApiDb:250 - Set database path to: /home/tuna/.stmcufinder/plugins/mcufinder//mcu/
2025-10-27 16:54:44,564 [INFO] DbMcusAds:125 - Set database path to: /home/tuna/.stmcufinder/plugins/mcufinder//mcu/
2025-10-27 16:54:45,568 [INFO] CrossReferenceDbSqlite:203 - Set database path to: /home/tuna/.stmcufinder/plugins/mcufinder//mcu/cs/
2025-10-27 16:54:45,646 [INFO] RulesReader:64 - Compatibility file has been processed (317 Rules)
2025-10-27 16:54:45,701 [INFO] DbMcusXml:78 - Set database path to: /home/tuna/st/stm32cubeide_1.18.1/plugins/com.st.stm32cube.common.mx_6.15.0.202507011659//db//mcu/
2025-10-27 16:54:45,701 [INFO] ApiDb:274 - Set plugin database path to: /home/tuna/st/stm32cubeide_1.18.1/plugins/com.st.stm32cube.common.mx_6.15.0.202507011659//db//plugins/boardmanager/
2025-10-27 16:54:45,701 [INFO] ApiDb:261 - Set plugin images path to: /home/tuna/st/stm32cubeide_1.18.1/plugins/com.st.stm32cube.common.mx_6.15.0.202507011659//db//plugins/mcufinder/images/
2025-10-27 16:54:45,702 [WARN] DbFile:41 - Overriding database path with different value: /home/tuna/.stmcufinder/plugins/mcufinder/ => /home/tuna/.stmcufinder/plugins/mcufinder
2025-10-27 16:54:45,702 [INFO] ApiDb:250 - Set database path to: /home/tuna/.stmcufinder/plugins/mcufinder//mcu/
2025-10-27 16:54:45,702 [WARN] DbFile:41 - Overriding database path with different value: /home/tuna/.stmcufinder/plugins/mcufinder/ => /home/tuna/.stmcufinder/plugins/mcufinder
2025-10-27 16:54:45,702 [INFO] DbMcusAds:125 - Set database path to: /home/tuna/.stmcufinder/plugins/mcufinder//mcu/
2025-10-27 16:54:45,702 [WARN] DbFile:41 - Overriding database path with different value: /home/tuna/.stmcufinder/plugins/mcufinder/ => /home/tuna/.stmcufinder/plugins/mcufinder
2025-10-27 16:54:45,702 [WARN] DbFile:41 - Overriding database path with different value: /home/tuna/.stmcufinder/plugins/mcufinder/ => /home/tuna/.stmcufinder/plugins/mcufinder
2025-10-27 16:54:46,703 [INFO] CrossReferenceDbSqlite:203 - Set database path to: /home/tuna/.stmcufinder/plugins/mcufinder//mcu/cs/
2025-10-27 16:54:46,797 [INFO] MainPanel:274 - HeapMemory: 268435456
2025-10-27 16:54:47,005 [INFO] DbMcusXml:78 - Set database path to: /home/tuna/st/stm32cubeide_1.18.1/plugins/com.st.stm32cube.common.mx_6.15.0.202507011659//db//mcu/
2025-10-27 16:54:47,006 [INFO] ApiDb:274 - Set plugin database path to: /home/tuna/st/stm32cubeide_1.18.1/plugins/com.st.stm32cube.common.mx_6.15.0.202507011659//db//plugins/boardmanager/
2025-10-27 16:54:47,006 [INFO] ApiDb:261 - Set plugin images path to: /home/tuna/st/stm32cubeide_1.18.1/plugins/com.st.stm32cube.common.mx_6.15.0.202507011659//db//plugins/mcufinder/images/
2025-10-27 16:54:47,006 [WARN] DbFile:41 - Overriding database path with different value: /home/tuna/.stmcufinder/plugins/mcufinder/ => /home/tuna/.stmcufinder/plugins/mcufinder
2025-10-27 16:54:47,006 [INFO] ApiDb:250 - Set database path to: /home/tuna/.stmcufinder/plugins/mcufinder//mcu/
2025-10-27 16:54:47,006 [WARN] DbFile:41 - Overriding database path with different value: /home/tuna/.stmcufinder/plugins/mcufinder/ => /home/tuna/.stmcufinder/plugins/mcufinder
2025-10-27 16:54:47,006 [INFO] DbMcusAds:125 - Set database path to: /home/tuna/.stmcufinder/plugins/mcufinder//mcu/
2025-10-27 16:54:47,007 [WARN] DbFile:41 - Overriding database path with different value: /home/tuna/.stmcufinder/plugins/mcufinder/ => /home/tuna/.stmcufinder/plugins/mcufinder
2025-10-27 16:54:47,007 [WARN] DbFile:41 - Overriding database path with different value: /home/tuna/.stmcufinder/plugins/mcufinder/ => /home/tuna/.stmcufinder/plugins/mcufinder
2025-10-27 16:54:48,008 [INFO] CrossReferenceDbSqlite:203 - Set database path to: /home/tuna/.stmcufinder/plugins/mcufinder//mcu/cs/
2025-10-27 16:54:48,032 [INFO] ApplicationProperties:184 - Using Application install path: /home/tuna/st/stm32cubeide_1.18.1/plugins/com.st.stm32cube.common.mx_6.15.0.202507011659
2025-10-27 16:54:48,034 [INFO] PluginManage:196 - Search for loadable plugins [exclusion list=, ]
2025-10-27 16:54:48,035 [INFO] PluginManage:310 - Check plugin analytics
2025-10-27 16:54:49,196 [INFO] AnalyticsPlugin:253 - Accepted Software Licenses: STM32CubeMX.6.15.0
2025-10-27 16:54:49,196 [INFO] AnalyticsPlugin:255 - Accepted CMSIS Pack Licenses: 
2025-10-27 16:54:49,196 [INFO] AnalyticsPlugin:257 - Accepted Firmware Licenses: FW.G4.1.6.0,FW.F4.1.28.0
2025-10-27 16:54:49,198 [INFO] PluginManage:359 - Loaded plugin analytics (category:tool,tabindex:-1)
2025-10-27 16:54:49,198 [INFO] PluginManage:310 - Check plugin cadmodel
2025-10-27 16:54:49,203 [INFO] CADModel:105 - Init CAD model plugin
2025-10-27 16:54:49,203 [INFO] PluginManage:359 - Loaded plugin cadmodel (category:power,tabindex:5)
2025-10-27 16:54:49,203 [INFO] PluginManage:310 - Check plugin clock
2025-10-27 16:54:49,213 [INFO] PluginManage:359 - Loaded plugin clock (category:base,tabindex:2)
2025-10-27 16:54:49,213 [INFO] PluginManage:310 - Check plugin ddr
2025-10-27 16:54:49,216 [INFO] PluginManage:359 - Loaded plugin ddr (category:tool,tabindex:6)
2025-10-27 16:54:49,216 [INFO] PluginManage:310 - Check plugin filemanager
2025-10-27 16:54:49,342 [INFO] PluginManage:359 - Loaded plugin filemanager (category:base,tabindex:10)
2025-10-27 16:54:49,342 [INFO] PluginManage:310 - Check plugin ipmanager
2025-10-27 16:54:49,346 [INFO] PluginManage:359 - Loaded plugin ipmanager (category:base,tabindex:5)
2025-10-27 16:54:49,347 [INFO] PluginManage:310 - Check plugin lpbam
2025-10-27 16:54:49,355 [INFO] PluginManage:359 - Loaded plugin lpbam (category:base,tabindex:0)
2025-10-27 16:54:49,355 [INFO] PluginManage:310 - Check plugin memorymap
2025-10-27 16:54:49,367 [INFO] PluginManage:359 - Loaded plugin memorymap (category:base,tabindex:4)
2025-10-27 16:54:49,367 [INFO] PluginManage:310 - Check plugin pinoutandconfiguration
2025-10-27 16:54:49,382 [INFO] PluginManage:359 - Loaded plugin pinoutandconfiguration (category:base,tabindex:1)
2025-10-27 16:54:49,382 [INFO] PluginManage:310 - Check plugin pinoutconfig
2025-10-27 16:54:49,452 [WARN] SupportedApi:132 - Cannot load RTOS API schema: s4s-elt-must-match.1: The content of 'definitions' must match (annotation?, (simpleType | complexType)?, (unique | key | keyref)*)). A problem was found starting at: attribute.
2025-10-27 16:54:49,553 [INFO] PluginManage:359 - Loaded plugin pinoutconfig (category:base,tabindex:0)
2025-10-27 16:54:49,553 [INFO] PluginManage:310 - Check plugin power
2025-10-27 16:54:49,566 [INFO] PluginManage:359 - Loaded plugin power (category:power,tabindex:4)
2025-10-27 16:54:49,567 [INFO] PluginManage:310 - Check plugin projectmanager
2025-10-27 16:54:49,581 [INFO] PluginManage:359 - Loaded plugin projectmanager (category:projectmanager,tabindex:4)
2025-10-27 16:54:49,581 [INFO] PluginManage:310 - Check plugin rif
2025-10-27 16:54:49,593 [INFO] PluginManage:359 - Loaded plugin rif (category:base,tabindex:3)
2025-10-27 16:54:49,593 [INFO] PluginManage:310 - Check plugin thirdparty
2025-10-27 16:54:49,694 [INFO] PluginManage:359 - Loaded plugin thirdparty (category:base,tabindex:-1)
2025-10-27 16:54:49,694 [INFO] PluginManage:310 - Check plugin tools
2025-10-27 16:54:49,694 [WARN] IntegrityCheckThread:84 - waiting for thirdparty lock release [integrity check]
2025-10-27 16:54:49,695 [INFO] IntegrityCheckThread:86 - entering critical section [integrity check]
2025-10-27 16:54:49,695 [INFO] ThirdPartyUpdaterWithRetryManager:70 - Updater plugin not ready yet. [1/15]
2025-10-27 16:54:49,697 [INFO] PluginManage:359 - Loaded plugin tools (category:base,tabindex:7)
2025-10-27 16:54:49,697 [INFO] PluginManage:310 - Check plugin tutovideos
2025-10-27 16:54:49,875 [INFO] PluginManage:359 - Loaded plugin tutovideos (category:base,tabindex:-1)
2025-10-27 16:54:49,876 [INFO] PluginManage:310 - Check plugin updater
2025-10-27 16:54:49,898 [INFO] PluginManage:359 - Loaded plugin updater (category:base,tabindex:12)
2025-10-27 16:54:49,899 [INFO] PluginManage:310 - Check plugin userauth
2025-10-27 16:54:49,903 [INFO] UserAuth:118 - Init User Auth plugin
2025-10-27 16:54:49,903 [INFO] PluginManage:359 - Loaded plugin userauth (category:base,tabindex:14)
2025-10-27 16:54:49,903 [INFO] PluginManage:283 - PluginManage : Loaded plugins [18]
2025-10-27 16:54:50,059 [INFO] PinOutPanel:1589 - setPackage(No Configuration,No Configuration)
2025-10-27 16:54:50,116 [INFO] CADModel:165 - CPN selected for project level
2025-10-27 16:54:50,116 [INFO] CADModel:114 - Register for checkConnection events
2025-10-27 16:54:50,130 [INFO] IPUIPlugin:80 - create IPUIPlugin
2025-10-27 16:54:50,130 [INFO] PluginManager:220 - loadIPPluginJar : add ddr_ctrl_phy
2025-10-27 16:54:50,132 [INFO] IPUIPlugin:80 - create IPUIPlugin
2025-10-27 16:54:50,132 [INFO] PluginManager:220 - loadIPPluginJar : add aes
2025-10-27 16:54:50,137 [INFO] IPUIPlugin:80 - create IPUIPlugin
2025-10-27 16:54:50,137 [INFO] PluginManager:220 - loadIPPluginJar : add gic
2025-10-27 16:54:50,142 [INFO] IPUIPlugin:80 - create IPUIPlugin
2025-10-27 16:54:50,142 [INFO] PluginManager:220 - loadIPPluginJar : add resmgrutility
2025-10-27 16:54:50,144 [INFO] IPUIPlugin:80 - create IPUIPlugin
2025-10-27 16:54:50,144 [INFO] PluginManager:220 - loadIPPluginJar : add dma3
2025-10-27 16:54:50,146 [INFO] IPUIPlugin:80 - create IPUIPlugin
2025-10-27 16:54:50,146 [INFO] PluginManager:220 - loadIPPluginJar : add spi
2025-10-27 16:54:50,152 [INFO] IPUIPlugin:80 - create IPUIPlugin
2025-10-27 16:54:50,154 [INFO] PluginManager:220 - loadIPPluginJar : add plateformsettings
2025-10-27 16:54:50,157 [INFO] IPUIPlugin:80 - create IPUIPlugin
2025-10-27 16:54:50,157 [INFO] PluginManager:220 - loadIPPluginJar : add gtzc
2025-10-27 16:54:50,161 [INFO] IPUIPlugin:80 - create IPUIPlugin
2025-10-27 16:54:50,161 [INFO] PluginManager:220 - loadIPPluginJar : add freertos
2025-10-27 16:54:50,164 [INFO] IPUIPlugin:80 - create IPUIPlugin
2025-10-27 16:54:50,164 [INFO] PluginManager:220 - loadIPPluginJar : add fmc
2025-10-27 16:54:50,165 [INFO] IPUIPlugin:80 - create IPUIPlugin
2025-10-27 16:54:50,165 [INFO] PluginManager:220 - loadIPPluginJar : add quadspi
2025-10-27 16:54:50,166 [INFO] IPUIPlugin:80 - create IPUIPlugin
2025-10-27 16:54:50,166 [INFO] PluginManager:220 - loadIPPluginJar : add radio
2025-10-27 16:54:50,168 [INFO] IPUIPlugin:80 - create IPUIPlugin
2025-10-27 16:54:50,168 [INFO] PluginManager:220 - loadIPPluginJar : add fatfs
2025-10-27 16:54:50,172 [INFO] IPUIPlugin:80 - create IPUIPlugin
2025-10-27 16:54:50,173 [INFO] PluginManager:220 - loadIPPluginJar : add mdma
2025-10-27 16:54:50,173 [INFO] IPUIPlugin:80 - create IPUIPlugin
2025-10-27 16:54:50,173 [INFO] PluginManager:220 - loadIPPluginJar : add ltdc
2025-10-27 16:54:50,177 [INFO] IPUIPlugin:80 - create IPUIPlugin
2025-10-27 16:54:50,177 [INFO] PluginManager:220 - loadIPPluginJar : add gpio
2025-10-27 16:54:50,179 [INFO] IPUIPlugin:80 - create IPUIPlugin
2025-10-27 16:54:50,180 [INFO] PluginManager:220 - loadIPPluginJar : add opamp
2025-10-27 16:54:50,181 [INFO] IPUIPlugin:80 - create IPUIPlugin
2025-10-27 16:54:50,181 [INFO] PluginManager:220 - loadIPPluginJar : add usart
2025-10-27 16:54:50,183 [INFO] IPUIPlugin:80 - create IPUIPlugin
2025-10-27 16:54:50,183 [INFO] PluginManager:220 - loadIPPluginJar : add usbx
2025-10-27 16:54:50,184 [INFO] IPUIPlugin:80 - create IPUIPlugin
2025-10-27 16:54:50,184 [INFO] PluginManager:220 - loadIPPluginJar : add tim
2025-10-27 16:54:50,185 [INFO] IPUIPlugin:80 - create IPUIPlugin
2025-10-27 16:54:50,185 [INFO] PluginManager:220 - loadIPPluginJar : add lorawan
2025-10-27 16:54:50,187 [INFO] IPUIPlugin:80 - create IPUIPlugin
2025-10-27 16:54:50,187 [INFO] PluginManager:220 - loadIPPluginJar : add i2s
2025-10-27 16:54:50,191 [INFO] IPUIPlugin:80 - create IPUIPlugin
2025-10-27 16:54:50,191 [INFO] PluginManager:220 - loadIPPluginJar : add adc
2025-10-27 16:54:50,193 [INFO] IPUIPlugin:80 - create IPUIPlugin
2025-10-27 16:54:50,193 [INFO] PluginManager:220 - loadIPPluginJar : add extmemmanager
2025-10-27 16:54:50,194 [INFO] IPUIPlugin:80 - create IPUIPlugin
2025-10-27 16:54:50,195 [INFO] PluginManager:220 - loadIPPluginJar : add comp
2025-10-27 16:54:50,195 [INFO] IPUIPlugin:80 - create IPUIPlugin
2025-10-27 16:54:50,195 [INFO] PluginManager:220 - loadIPPluginJar : add genericplugin
2025-10-27 16:54:50,196 [INFO] IPUIPlugin:80 - create IPUIPlugin
2025-10-27 16:54:50,196 [INFO] PluginManager:220 - loadIPPluginJar : add ts
2025-10-27 16:54:50,197 [INFO] IPUIPlugin:80 - create IPUIPlugin
2025-10-27 16:54:50,197 [INFO] PluginManager:220 - loadIPPluginJar : add ucpd
2025-10-27 16:54:50,199 [INFO] IPUIPlugin:80 - create IPUIPlugin
2025-10-27 16:54:50,199 [INFO] PluginManager:220 - loadIPPluginJar : add can
2025-10-27 16:54:50,200 [INFO] IPUIPlugin:80 - create IPUIPlugin
2025-10-27 16:54:50,201 [INFO] PluginManager:220 - loadIPPluginJar : add touchsensing
2025-10-27 16:54:50,202 [INFO] IPUIPlugin:80 - create IPUIPlugin
2025-10-27 16:54:50,202 [INFO] PluginManager:220 - loadIPPluginJar : add tracer_emb
2025-10-27 16:54:50,207 [INFO] IPUIPlugin:80 - create IPUIPlugin
2025-10-27 16:54:50,207 [INFO] PluginManager:220 - loadIPPluginJar : add stm32_wpan
2025-10-27 16:54:50,209 [INFO] IPUIPlugin:80 - create IPUIPlugin
2025-10-27 16:54:50,209 [INFO] PluginManager:220 - loadIPPluginJar : add tsc
2025-10-27 16:54:50,210 [INFO] IPUIPlugin:80 - create IPUIPlugin
2025-10-27 16:54:50,210 [INFO] PluginManager:220 - loadIPPluginJar : add gfxmmu
2025-10-27 16:54:50,212 [INFO] IPUIPlugin:80 - create IPUIPlugin
2025-10-27 16:54:50,213 [INFO] PluginManager:220 - loadIPPluginJar : add ipddr
2025-10-27 16:54:50,215 [INFO] IPUIPlugin:80 - create IPUIPlugin
2025-10-27 16:54:50,215 [INFO] PluginManager:220 - loadIPPluginJar : add i2c
2025-10-27 16:54:50,217 [INFO] IPUIPlugin:80 - create IPUIPlugin
2025-10-27 16:54:50,217 [INFO] PluginManager:220 - loadIPPluginJar : add nvic
2025-10-27 16:54:50,219 [INFO] IPUIPlugin:80 - create IPUIPlugin
2025-10-27 16:54:50,219 [INFO] PluginManager:220 - loadIPPluginJar : add i3c
2025-10-27 16:54:50,220 [INFO] IPUIPlugin:80 - create IPUIPlugin
2025-10-27 16:54:50,220 [INFO] PluginManager:220 - loadIPPluginJar : add dfsdm
2025-10-27 16:54:50,221 [INFO] IPUIPlugin:80 - create IPUIPlugin
2025-10-27 16:54:50,221 [INFO] PluginManager:220 - loadIPPluginJar : add pdm2pcm
2025-10-27 16:54:50,223 [INFO] IPUIPlugin:80 - create IPUIPlugin
2025-10-27 16:54:50,223 [INFO] PluginManager:220 - loadIPPluginJar : add openamp
2025-10-27 16:54:50,227 [INFO] IPUIPlugin:80 - create IPUIPlugin
2025-10-27 16:54:50,227 [INFO] PluginManager:220 - loadIPPluginJar : add dma
2025-10-27 16:54:50,229 [INFO] IPUIPlugin:80 - create IPUIPlugin
2025-10-27 16:54:50,230 [INFO] PluginManager:220 - loadIPPluginJar : add sai
2025-10-27 16:54:50,231 [INFO] IPUIPlugin:80 - create IPUIPlugin
2025-10-27 16:54:50,231 [INFO] PluginManager:220 - loadIPPluginJar : add hash
2025-10-27 16:54:50,235 [INFO] IPUIPlugin:80 - create IPUIPlugin
2025-10-27 16:54:50,236 [INFO] PluginManager:220 - loadIPPluginJar : add linkedlist
2025-10-27 16:54:50,237 [INFO] IPUIPlugin:80 - create IPUIPlugin
2025-10-27 16:54:50,237 [INFO] PluginManager:220 - loadIPPluginJar : add cryp
2025-10-27 16:54:50,331 [FATAL] Updater:351 - Updater called before beeing initialized
2025-10-27 16:54:50,349 [INFO] RulesReader:64 - Compatibility file has been processed (317 Rules)
2025-10-27 16:54:50,356 [INFO] RulesReader:64 - Compatibility file has been processed (317 Rules)
2025-10-27 16:54:50,362 [INFO] CADModel:165 - CPN selected for project level
2025-10-27 16:54:50,362 [INFO] CADModel:114 - Register for checkConnection events
2025-10-27 16:54:50,362 [FATAL] Updater:351 - Updater called before beeing initialized
2025-10-27 16:54:50,362 [ERROR] CADModel:125 - Updater not yet initialized, retry later 
2025-10-27 16:54:50,464 [FATAL] Updater:351 - Updater called before beeing initialized
2025-10-27 16:54:50,466 [INFO] CADModel:165 - CPN selected for project level
2025-10-27 16:54:50,466 [INFO] CADModel:114 - Register for checkConnection events
2025-10-27 16:54:50,466 [FATAL] Updater:351 - Updater called before beeing initialized
2025-10-27 16:54:50,466 [ERROR] CADModel:125 - Updater not yet initialized, retry later 
2025-10-27 16:54:50,468 [FATAL] Updater:351 - Updater called before beeing initialized
2025-10-27 16:54:50,527 [FATAL] Updater:351 - Updater called before beeing initialized
2025-10-27 16:54:50,530 [INFO] DbMcusAds:53 - JSON generation date=Thu Oct 02 16:36:05 ICT 2025 (1759397765645)
2025-10-27 16:54:50,530 [FATAL] Updater:351 - Updater called before beeing initialized
2025-10-27 16:54:50,555 [WARN] DetailPanel:346 - Failed to get advertising image, set to default
2025-10-27 16:54:50,614 [FATAL] Updater:351 - Updater called before beeing initialized
2025-10-27 16:54:50,615 [FATAL] Updater:351 - Updater called before beeing initialized
2025-10-27 16:54:50,616 [FATAL] Updater:351 - Updater called before beeing initialized
2025-10-27 16:54:50,616 [WARN] DetailPanel:346 - Failed to get advertising image, set to default
2025-10-27 16:54:50,616 [FATAL] Updater:351 - Updater called before beeing initialized
2025-10-27 16:54:50,638 [ERROR] Updater:1198 - MainUpdater not yet initialized. External WinMGr cannot be set.
2025-10-27 16:54:50,639 [INFO] Updater:1134 - Updater Version found : 6.15.0
2025-10-27 16:54:50,653 [INFO] ApplicationProperties:184 - Using Application install path: /home/tuna/st/stm32cubeide_1.18.1/plugins/com.st.stm32cube.common.mx_6.15.0.202507011659
2025-10-27 16:54:50,951 [INFO] MainUpdater:2872 - connection check result : 10
2025-10-27 16:54:50,952 [INFO] MainUpdater:289 - Updater Check For Update Now.
2025-10-27 16:54:50,952 [INFO] MicroXplorer:498 - Change Database Version : DB.6.0.150
2025-10-27 16:54:50,955 [INFO] McuFinderGlobals:63 - Set McuFinder mode to 2 (CubeIDE integrated)
2025-10-27 16:54:50,956 [INFO] UserAuth:487 - Internet connection configuration mode: 1
2025-10-27 16:54:50,969 [INFO] JxBrowserEngine:152 - Initiate JxBrowser Engine with user profile folder
2025-10-27 16:54:51,117 [INFO] CheckServerUpdateThread:120 - End of CheckServer Thread
2025-10-27 16:54:51,817 [INFO] WebApp:169 - Instantiating new browser for Auth
2025-10-27 16:54:52,421 [INFO] WebApp:463 - Apply proxy settings
2025-10-27 16:54:52,422 [INFO] WebApp:548 - Chromium requires no authentication
2025-10-27 16:54:52,428 [INFO] WebApp:491 - Direct internet connection detected
2025-10-27 16:54:52,443 [INFO] WebApp:900 - Register for checkConnection events
2025-10-27 16:54:52,443 [INFO] WebApp:463 - Apply proxy settings
2025-10-27 16:54:52,443 [INFO] WebApp:548 - Chromium requires no authentication
2025-10-27 16:54:52,443 [INFO] WebApp:491 - Direct internet connection detected
2025-10-27 16:54:52,553 [INFO] WebApp:225 - Starting web application
2025-10-27 16:54:52,553 [INFO] WebApp:593 - Web application path used /home/tuna/st/stm32cubeide_1.18.1/plugins/com.st.stm32cube.common.mx_6.15.0.202507011659/db/plugins/mcufinder/reactClient1/index.html
2025-10-27 16:54:52,643 [INFO] UserAuth:487 - Internet connection configuration mode: 1
2025-10-27 16:54:52,791 [WARN] PackLoader:240 - Cannot read IP mode file for STMicroelectronics.FP-SNS-MOTENVWB1.1.4.0
2025-10-27 16:54:52,796 [WARN] PackLoader:240 - Cannot read IP mode file for STMicroelectronics.FP-ATR-ASTRA1.2.0.2
2025-10-27 16:54:52,800 [WARN] PackLoader:240 - Cannot read IP mode file for STMicroelectronics.X-CUBE-SMBUS.2.1.0
2025-10-27 16:54:52,803 [WARN] PackLoader:240 - Cannot read IP mode file for STMicroelectronics.X-CUBE-ST60.1.0.0
2025-10-27 16:54:52,822 [WARN] PackLoader:240 - Cannot read IP mode file for STMicroelectronics.X-CUBE-AZRTOS-F7.1.1.0
2025-10-27 16:54:52,838 [WARN] PackLoader:240 - Cannot read IP mode file for Infineon.AIROC-Wi-Fi-Bluetooth-STM32.1.7.1
2025-10-27 16:54:52,862 [WARN] PackLoader:240 - Cannot read IP mode file for STMicroelectronics.X-CUBE-AZRTOS-H7.3.4.0
2025-10-27 16:54:52,875 [WARN] PackLoader:240 - Cannot read IP mode file for STMicroelectronics.X-CUBE-DISPLAY.3.0.0
2025-10-27 16:54:52,888 [WARN] PackLoader:240 - Cannot read IP mode file for STMicroelectronics.X-CUBE-NFC10.1.0.0
2025-10-27 16:54:52,894 [WARN] PackLoader:240 - Cannot read IP mode file for STMicroelectronics.X-CUBE-ST60.1.1.0
2025-10-27 16:54:52,899 [WARN] PackLoader:240 - Cannot read IP mode file for emotas.I-CUBE-CANOPEN.1.3.0
2025-10-27 16:54:52,906 [WARN] PackLoader:240 - Cannot read IP mode file for STMicroelectronics.FP-SNS-STBOX1.2.1.0
2025-10-27 16:54:52,930 [WARN] PackLoader:240 - Cannot read IP mode file for STMicroelectronics.FP-SNS-SMARTAG2.1.2.0
2025-10-27 16:54:52,934 [WARN] PackLoader:240 - Cannot read IP mode file for STMicroelectronics.FP-SNS-FLIGHT1.5.1.0
2025-10-27 16:54:52,942 [INFO] LogOutputStream:77 - [STDOUT_REDIRECT] 1 : Invalid condition id : UX_CORESTACK_Condition cause : null
2025-10-27 16:54:52,944 [INFO] LogOutputStream:77 - [STDOUT_REDIRECT] 1 : Invalid condition id : UX_CORESTACK_Condition cause : null
2025-10-27 16:54:52,945 [INFO] LogOutputStream:77 - [STDOUT_REDIRECT] 1 : Invalid condition id : UX_CORESTACK_Condition cause : null
2025-10-27 16:54:52,945 [INFO] LogOutputStream:77 - [STDOUT_REDIRECT] 1 : Invalid condition id : UX_CORESTACK_Condition cause : null
2025-10-27 16:54:52,946 [INFO] LogOutputStream:77 - [STDOUT_REDIRECT] 1 : Invalid condition id : UX_CORESTACK_Condition cause : null
2025-10-27 16:54:52,948 [WARN] PackLoader:240 - Cannot read IP mode file for STMicroelectronics.X-CUBE-AZRTOS-WL.2.0.0
2025-10-27 16:54:52,955 [WARN] PackLoader:240 - Cannot read IP mode file for STMicroelectronics.FP-SNS-MOTENV1.5.0.0
2025-10-27 16:54:52,960 [WARN] PackLoader:240 - Cannot read IP mode file for WES.I-CUBE-Cesium.1.3.0
2025-10-27 16:54:52,963 [WARN] PackLoader:240 - Cannot read IP mode file for STMicroelectronics.X-CUBE-BLE2.3.3.0
2025-10-27 16:54:52,967 [WARN] PackLoader:240 - Cannot read IP mode file for STMicroelectronics.X-CUBE-NFC9.1.0.0
2025-10-27 16:54:52,970 [WARN] PackLoader:240 - Cannot read IP mode file for wolfSSL.I-CUBE-wolfSSL.5.8.2
2025-10-27 16:54:52,973 [WARN] PackLoader:240 - Cannot read IP mode file for STMicroelectronics.X-CUBE-BLE1.7.1.0
2025-10-27 16:54:52,976 [WARN] PackLoader:240 - Cannot read IP mode file for wolfSSL.I-CUBE-wolfMQTT.1.19.2
2025-10-27 16:54:52,979 [WARN] PackLoader:240 - Cannot read IP mode file for STMicroelectronics.X-CUBE-EEPRMA1.5.2.0
2025-10-27 16:54:52,983 [WARN] PackLoader:240 - Cannot read IP mode file for STMicroelectronics.X-CUBE-ST67W61.1.1.0
2025-10-27 16:54:52,986 [WARN] PackLoader:240 - Cannot read IP mode file for STMicroelectronics.X-CUBE-AI.10.1.0
2025-10-27 16:54:52,995 [WARN] PackLoader:240 - Cannot read IP mode file for STMicroelectronics.X-CUBE-AZRTOS-G0.1.1.0
2025-10-27 16:54:53,001 [WARN] PackLoader:240 - Cannot read IP mode file for STMicroelectronics.X-CUBE-SAFEA1.1.2.2
2025-10-27 16:54:53,006 [WARN] PackLoader:240 - Cannot read IP mode file for STMicroelectronics.X-CUBE-NFC4.3.0.0
2025-10-27 16:54:53,013 [WARN] PackLoader:240 - Cannot read IP mode file for EmbeddedOffice.I-CUBE-FS-RTOS.1.0.1
2025-10-27 16:54:53,017 [WARN] PackLoader:240 - Cannot read IP mode file for STMicroelectronics.X-CUBE-WB05N.2.0.0
2025-10-27 16:54:53,020 [WARN] PackLoader:240 - Cannot read IP mode file for wolfSSL.I-CUBE-wolfTPM.3.8.0
2025-10-27 16:54:53,024 [WARN] PackLoader:240 - Cannot read IP mode file for STMicroelectronics.X-CUBE-TCPP.4.2.0
2025-10-27 16:54:53,029 [WARN] PackLoader:240 - Cannot read IP mode file for RealThread.X-CUBE-RT-Thread_Nano.4.1.1
2025-10-27 16:54:53,032 [WARN] PackLoader:240 - Cannot read IP mode file for STMicroelectronics.FP-ATR-SIGFOX1.3.2.0
2025-10-27 16:54:53,036 [WARN] PackLoader:240 - Cannot read IP mode file for ITTIA_DB.I-CUBE-ITTIADB.8.9.0
2025-10-27 16:54:53,039 [WARN] PackLoader:240 - Cannot read IP mode file for STMicroelectronics.X-CUBE-ST67W61.1.0.0
2025-10-27 16:54:53,042 [WARN] PackLoader:240 - Cannot read IP mode file for STMicroelectronics.X-CUBE-AI.10.2.0
2025-10-27 16:54:53,056 [WARN] PackLoader:240 - Cannot read IP mode file for SEGGER.I-CUBE-embOS.1.3.1
2025-10-27 16:54:53,083 [WARN] PackLoader:240 - Cannot read IP mode file for STMicroelectronics.X-CUBE-ALGOBUILD.1.4.0
2025-10-27 16:54:53,109 [WARN] PackLoader:240 - Cannot read IP mode file for STMicroelectronics.X-CUBE-MEMS1.11.3.0
2025-10-27 16:54:53,196 [WARN] PackLoader:240 - Cannot read IP mode file for STMicroelectronics.X-CUBE-PM33A1.1.0.0
2025-10-27 16:54:53,209 [WARN] PackLoader:240 - Cannot read IP mode file for STMicroelectronics.X-CUBE-AZRTOS-F4.1.1.0
2025-10-27 16:54:53,214 [WARN] PackLoader:240 - Cannot read IP mode file for Avnet-IotConnect.X-CUBE-IoTC-DA16k-PMOD.1.0.0
2025-10-27 16:54:53,217 [WARN] PackLoader:240 - Cannot read IP mode file for STMicroelectronics.X-CUBE-ISPU.2.1.0
2025-10-27 16:54:53,229 [WARN] PackLoader:240 - Cannot read IP mode file for STMicroelectronics.X-CUBE-IPS.3.2.0
2025-10-27 16:54:53,239 [WARN] PackLoader:240 - Cannot read IP mode file for STMicroelectronics.X-CUBE-NFC12.1.0.0
2025-10-27 16:54:53,253 [WARN] PackLoader:240 - Cannot read IP mode file for STMicroelectronics.X-CUBE-AZRTOS-L5.2.0.0
2025-10-27 16:54:53,260 [WARN] PackLoader:240 - Cannot read IP mode file for STMicroelectronics.X-CUBE-NFC6.3.1.0
2025-10-27 16:54:53,265 [WARN] PackLoader:240 - Cannot read IP mode file for STMicroelectronics.X-CUBE-FREERTOS.1.3.1
2025-10-27 16:54:53,268 [WARN] PackLoader:240 - Cannot read IP mode file for STMicroelectronics.X-CUBE-TOUCHGFX.4.26.0
2025-10-27 16:54:53,271 [WARN] PackLoader:240 - Cannot read IP mode file for STMicroelectronics.FP-SNS-STAIOTCFT.1.0.0
2025-10-27 16:54:53,276 [WARN] PackLoader:240 - Cannot read IP mode file for STMicroelectronics.X-CUBE-DPower.1.3.0
2025-10-27 16:54:53,291 [WARN] ConditionMgr:438 - getConditionDescription Invalid condition id : LAN8742 Phy interface Condition cause : null
2025-10-27 16:54:53,292 [WARN] PackLoader:240 - Cannot read IP mode file for STMicroelectronics.X-CUBE-AZRTOS-L4.2.0.0
2025-10-27 16:54:53,294 [WARN] ConditionMgr:1044 - genDependencies : Invalid condition id : LAN8742 Phy interface Condition cause : null
2025-10-27 16:54:53,294 [WARN] ConditionMgr:1044 - genDependencies : Invalid condition id : LAN8742 Phy interface Condition cause : null
2025-10-27 16:54:53,295 [WARN] ConditionMgr:1044 - genDependencies : Invalid condition id : LAN8742 Phy interface Condition cause : null
2025-10-27 16:54:53,301 [WARN] PackLoader:240 - Cannot read IP mode file for STMicroelectronics.X-CUBE-SFXS2LP1.4.0.0
2025-10-27 16:54:53,310 [WARN] PackLoader:240 - Cannot read IP mode file for STMicroelectronics.X-CUBE-BLEMGR.4.1.0
2025-10-27 16:54:53,321 [WARN] ConditionMgr:438 - getConditionDescription Invalid condition id : UX DEVICE CLASS RTOS Condition cause : null
2025-10-27 16:54:53,322 [WARN] ConditionMgr:438 - getConditionDescription Invalid condition id : UX DEVICE CLASS RTOS Condition cause : null
2025-10-27 16:54:53,323 [WARN] PackLoader:240 - Cannot read IP mode file for STMicroelectronics.X-CUBE-AZRTOS-WB.2.0.0
2025-10-27 16:54:53,324 [WARN] ConditionMgr:1044 - genDependencies : Invalid condition id : UX DEVICE CLASS RTOS Condition cause : null
2025-10-27 16:54:53,324 [WARN] ConditionMgr:1044 - genDependencies : Invalid condition id : UX DEVICE CLASS RTOS Condition cause : null
2025-10-27 16:54:53,325 [WARN] ConditionMgr:1044 - genDependencies : Invalid condition id : UX DEVICE CLASS RTOS Condition cause : null
2025-10-27 16:54:53,325 [WARN] ConditionMgr:1044 - genDependencies : Invalid condition id : UX DEVICE CLASS RTOS Condition cause : null
2025-10-27 16:54:53,325 [WARN] ConditionMgr:1044 - genDependencies : Invalid condition id : UX DEVICE CLASS RTOS Condition cause : null
2025-10-27 16:54:53,330 [WARN] PackLoader:240 - Cannot read IP mode file for STMicroelectronics.X-CUBE-GNSS1.7.0.1
2025-10-27 16:54:53,335 [WARN] PackLoader:240 - Cannot read IP mode file for STMicroelectronics.X-CUBE-TOUCHGFX.4.25.0
2025-10-27 16:54:53,339 [WARN] PackLoader:240 - Cannot read IP mode file for STMicroelectronics.FP-SNS-STBOX1.2.0.0
2025-10-27 16:54:53,344 [WARN] ConditionMgr:438 - getConditionDescription Invalid condition id : Cortex-A Device cause : null
2025-10-27 16:54:53,355 [WARN] ConditionMgr:1044 - genDependencies : Invalid condition id : Cortex-A Device cause : null
2025-10-27 16:54:53,356 [WARN] ConditionMgr:1044 - genDependencies : Invalid condition id : Cortex-A Device cause : null
2025-10-27 16:54:53,356 [WARN] ConditionMgr:1044 - genDependencies : Invalid condition id : Cortex-A Device cause : null
2025-10-27 16:54:53,362 [WARN] PackLoader:240 - Cannot read IP mode file for STMicroelectronics.X-CUBE-SUBG2.5.0.0
2025-10-27 16:54:53,386 [WARN] PackLoader:240 - Cannot read IP mode file for STMicroelectronics.X-CUBE-AZRTOS-H7RS.1.1.0
2025-10-27 16:54:53,391 [WARN] PackLoader:240 - Cannot read IP mode file for Cesanta.I-CUBE-Mongoose.7.13.0
2025-10-27 16:54:53,402 [WARN] PackLoader:240 - Cannot read IP mode file for STMicroelectronics.X-CUBE-AZRTOS-G4.2.0.0
2025-10-27 16:54:53,407 [WARN] PackLoader:240 - Cannot read IP mode file for wolfSSL.I-CUBE-wolfSSH.1.4.20
2025-10-27 16:54:53,411 [WARN] PackLoader:240 - Cannot read IP mode file for STMicroelectronics.X-CUBE-NFC7.2.0.0
2025-10-27 16:54:53,421 [WARN] PackLoader:240 - Cannot read IP mode file for STMicroelectronics.X-CUBE-IPS.3.1.0
2025-10-27 16:54:53,454 [WARN] PackLoader:240 - Cannot read IP mode file for STMicroelectronics.X-CUBE-ALS.1.0.2
2025-10-27 16:54:53,461 [WARN] PackLoader:240 - Cannot read IP mode file for STMicroelectronics.X-CUBE-STSE01.1.0.0
2025-10-27 16:54:53,467 [WARN] PackLoader:240 - Cannot read IP mode file for portGmbH.I-Cube-SoM-uGOAL.1.1.0
2025-10-27 16:54:53,479 [WARN] PackLoader:240 - Cannot read IP mode file for STMicroelectronics.X-CUBE-TOF1.3.4.3
2025-10-27 16:54:53,481 [INFO] WebApp:191 - Connection restablished
2025-10-27 16:54:53,492 [INFO] ThirdParty:978 - Integrity check success = true
2025-10-27 16:54:53,492 [INFO] IntegrityCheckThread:100 - exiting critical section [integrity check]
2025-10-27 16:54:53,492 [INFO] IntegrityCheckThread:103 - End integrity checks thread
2025-10-27 20:35:00,574 [ERROR] LogOutputStream:75 - [STDERR_REDIRECT] 
2025-10-27 21:51:24,050 [INFO] Activator:176 - 


2025-10-27 21:51:24,052 [INFO] Activator:177 - !SESSION log4j initialized
2025-10-27 21:51:27,431 [INFO] LogOutputStream:77 - [STDOUT_REDIRECT] 
2025-10-27 21:51:29,150 [INFO] ApplicationProperties:184 - Using Application install path: /home/tuna/st/stm32cubeide_1.18.1/plugins/com.st.stm32cube.common.mx_6.15.0.202507011659
2025-10-27 21:51:29,162 [INFO] DbMcusXml:78 - Set database path to: /home/tuna/st/stm32cubeide_1.18.1/plugins/com.st.stm32cube.common.mx_6.15.0.202507011659//db//mcu/
2025-10-27 21:51:29,163 [INFO] ApiDb:274 - Set plugin database path to: /home/tuna/st/stm32cubeide_1.18.1/plugins/com.st.stm32cube.common.mx_6.15.0.202507011659//db//plugins/boardmanager/
2025-10-27 21:51:29,163 [WARN] ApiDb:259 - Overriding images path with different value:  => /home/tuna/st/stm32cubeide_1.18.1/plugins/com.st.stm32cube.common.mx_6.15.0.202507011659//db//plugins/mcufinder/images/
2025-10-27 21:51:29,166 [INFO] ApiDb:250 - Set database path to: /home/tuna/.stmcufinder/plugins/mcufinder//mcu/
2025-10-27 21:51:29,166 [INFO] DbMcusAds:125 - Set database path to: /home/tuna/.stmcufinder/plugins/mcufinder//mcu/
2025-10-27 21:51:30,169 [INFO] CrossReferenceDbSqlite:203 - Set database path to: /home/tuna/.stmcufinder/plugins/mcufinder//mcu/cs/
2025-10-27 21:51:30,241 [INFO] RulesReader:64 - Compatibility file has been processed (317 Rules)
2025-10-27 21:51:30,289 [INFO] DbMcusXml:78 - Set database path to: /home/tuna/st/stm32cubeide_1.18.1/plugins/com.st.stm32cube.common.mx_6.15.0.202507011659//db//mcu/
2025-10-27 21:51:30,289 [INFO] ApiDb:274 - Set plugin database path to: /home/tuna/st/stm32cubeide_1.18.1/plugins/com.st.stm32cube.common.mx_6.15.0.202507011659//db//plugins/boardmanager/
2025-10-27 21:51:30,290 [INFO] ApiDb:261 - Set plugin images path to: /home/tuna/st/stm32cubeide_1.18.1/plugins/com.st.stm32cube.common.mx_6.15.0.202507011659//db//plugins/mcufinder/images/
2025-10-27 21:51:30,290 [WARN] DbFile:41 - Overriding database path with different value: /home/tuna/.stmcufinder/plugins/mcufinder/ => /home/tuna/.stmcufinder/plugins/mcufinder
2025-10-27 21:51:30,290 [INFO] ApiDb:250 - Set database path to: /home/tuna/.stmcufinder/plugins/mcufinder//mcu/
2025-10-27 21:51:30,290 [WARN] DbFile:41 - Overriding database path with different value: /home/tuna/.stmcufinder/plugins/mcufinder/ => /home/tuna/.stmcufinder/plugins/mcufinder
2025-10-27 21:51:30,290 [INFO] DbMcusAds:125 - Set database path to: /home/tuna/.stmcufinder/plugins/mcufinder//mcu/
2025-10-27 21:51:30,290 [WARN] DbFile:41 - Overriding database path with different value: /home/tuna/.stmcufinder/plugins/mcufinder/ => /home/tuna/.stmcufinder/plugins/mcufinder
2025-10-27 21:51:30,290 [WARN] DbFile:41 - Overriding database path with different value: /home/tuna/.stmcufinder/plugins/mcufinder/ => /home/tuna/.stmcufinder/plugins/mcufinder
2025-10-27 21:51:31,291 [INFO] CrossReferenceDbSqlite:203 - Set database path to: /home/tuna/.stmcufinder/plugins/mcufinder//mcu/cs/
2025-10-27 21:51:31,333 [INFO] MainPanel:274 - HeapMemory: 268435456
2025-10-27 21:51:31,428 [INFO] DbMcusXml:78 - Set database path to: /home/tuna/st/stm32cubeide_1.18.1/plugins/com.st.stm32cube.common.mx_6.15.0.202507011659//db//mcu/
2025-10-27 21:51:31,428 [INFO] ApiDb:274 - Set plugin database path to: /home/tuna/st/stm32cubeide_1.18.1/plugins/com.st.stm32cube.common.mx_6.15.0.202507011659//db//plugins/boardmanager/
2025-10-27 21:51:31,428 [INFO] ApiDb:261 - Set plugin images path to: /home/tuna/st/stm32cubeide_1.18.1/plugins/com.st.stm32cube.common.mx_6.15.0.202507011659//db//plugins/mcufinder/images/
2025-10-27 21:51:31,428 [WARN] DbFile:41 - Overriding database path with different value: /home/tuna/.stmcufinder/plugins/mcufinder/ => /home/tuna/.stmcufinder/plugins/mcufinder
2025-10-27 21:51:31,428 [INFO] ApiDb:250 - Set database path to: /home/tuna/.stmcufinder/plugins/mcufinder//mcu/
2025-10-27 21:51:31,428 [WARN] DbFile:41 - Overriding database path with different value: /home/tuna/.stmcufinder/plugins/mcufinder/ => /home/tuna/.stmcufinder/plugins/mcufinder
2025-10-27 21:51:31,428 [INFO] DbMcusAds:125 - Set database path to: /home/tuna/.stmcufinder/plugins/mcufinder//mcu/
2025-10-27 21:51:31,429 [WARN] DbFile:41 - Overriding database path with different value: /home/tuna/.stmcufinder/plugins/mcufinder/ => /home/tuna/.stmcufinder/plugins/mcufinder
2025-10-27 21:51:31,429 [WARN] DbFile:41 - Overriding database path with different value: /home/tuna/.stmcufinder/plugins/mcufinder/ => /home/tuna/.stmcufinder/plugins/mcufinder
2025-10-27 21:51:32,430 [INFO] CrossReferenceDbSqlite:203 - Set database path to: /home/tuna/.stmcufinder/plugins/mcufinder//mcu/cs/
2025-10-27 21:51:32,441 [INFO] ApplicationProperties:184 - Using Application install path: /home/tuna/st/stm32cubeide_1.18.1/plugins/com.st.stm32cube.common.mx_6.15.0.202507011659
2025-10-27 21:51:32,442 [INFO] PluginManage:196 - Search for loadable plugins [exclusion list=, ]
2025-10-27 21:51:32,443 [INFO] PluginManage:310 - Check plugin analytics
2025-10-27 21:51:33,545 [INFO] AnalyticsPlugin:253 - Accepted Software Licenses: STM32CubeMX.6.15.0
2025-10-27 21:51:33,546 [INFO] AnalyticsPlugin:255 - Accepted CMSIS Pack Licenses: 
2025-10-27 21:51:33,546 [INFO] AnalyticsPlugin:257 - Accepted Firmware Licenses: FW.G4.1.6.0,FW.F4.1.28.0
2025-10-27 21:51:33,548 [INFO] PluginManage:359 - Loaded plugin analytics (category:tool,tabindex:-1)
2025-10-27 21:51:33,548 [INFO] PluginManage:310 - Check plugin cadmodel
2025-10-27 21:51:33,551 [INFO] CADModel:105 - Init CAD model plugin
2025-10-27 21:51:33,551 [INFO] PluginManage:359 - Loaded plugin cadmodel (category:power,tabindex:5)
2025-10-27 21:51:33,551 [INFO] PluginManage:310 - Check plugin clock
2025-10-27 21:51:33,556 [INFO] PluginManage:359 - Loaded plugin clock (category:base,tabindex:2)
2025-10-27 21:51:33,556 [INFO] PluginManage:310 - Check plugin ddr
2025-10-27 21:51:33,558 [INFO] PluginManage:359 - Loaded plugin ddr (category:tool,tabindex:6)
2025-10-27 21:51:33,558 [INFO] PluginManage:310 - Check plugin filemanager
2025-10-27 21:51:33,670 [INFO] PluginManage:359 - Loaded plugin filemanager (category:base,tabindex:10)
2025-10-27 21:51:33,670 [INFO] PluginManage:310 - Check plugin ipmanager
2025-10-27 21:51:33,674 [INFO] PluginManage:359 - Loaded plugin ipmanager (category:base,tabindex:5)
2025-10-27 21:51:33,674 [INFO] PluginManage:310 - Check plugin lpbam
2025-10-27 21:51:33,681 [INFO] PluginManage:359 - Loaded plugin lpbam (category:base,tabindex:0)
2025-10-27 21:51:33,681 [INFO] PluginManage:310 - Check plugin memorymap
2025-10-27 21:51:33,690 [INFO] PluginManage:359 - Loaded plugin memorymap (category:base,tabindex:4)
2025-10-27 21:51:33,690 [INFO] PluginManage:310 - Check plugin pinoutandconfiguration
2025-10-27 21:51:33,695 [INFO] PluginManage:359 - Loaded plugin pinoutandconfiguration (category:base,tabindex:1)
2025-10-27 21:51:33,696 [INFO] PluginManage:310 - Check plugin pinoutconfig
2025-10-27 21:51:33,760 [WARN] SupportedApi:132 - Cannot load RTOS API schema: s4s-elt-must-match.1: The content of 'definitions' must match (annotation?, (simpleType | complexType)?, (unique | key | keyref)*)). A problem was found starting at: attribute.
2025-10-27 21:51:33,867 [INFO] PluginManage:359 - Loaded plugin pinoutconfig (category:base,tabindex:0)
2025-10-27 21:51:33,867 [INFO] PluginManage:310 - Check plugin power
2025-10-27 21:51:33,872 [INFO] PluginManage:359 - Loaded plugin power (category:power,tabindex:4)
2025-10-27 21:51:33,872 [INFO] PluginManage:310 - Check plugin projectmanager
2025-10-27 21:51:33,884 [INFO] PluginManage:359 - Loaded plugin projectmanager (category:projectmanager,tabindex:4)
2025-10-27 21:51:33,884 [INFO] PluginManage:310 - Check plugin rif
2025-10-27 21:51:33,891 [INFO] PluginManage:359 - Loaded plugin rif (category:base,tabindex:3)
2025-10-27 21:51:33,891 [INFO] PluginManage:310 - Check plugin thirdparty
2025-10-27 21:51:33,986 [INFO] PluginManage:359 - Loaded plugin thirdparty (category:base,tabindex:-1)
2025-10-27 21:51:33,986 [WARN] IntegrityCheckThread:84 - waiting for thirdparty lock release [integrity check]
2025-10-27 21:51:33,986 [INFO] PluginManage:310 - Check plugin tools
2025-10-27 21:51:33,986 [INFO] IntegrityCheckThread:86 - entering critical section [integrity check]
2025-10-27 21:51:33,987 [INFO] ThirdPartyUpdaterWithRetryManager:70 - Updater plugin not ready yet. [1/15]
2025-10-27 21:51:33,988 [INFO] PluginManage:359 - Loaded plugin tools (category:base,tabindex:7)
2025-10-27 21:51:33,988 [INFO] PluginManage:310 - Check plugin tutovideos
2025-10-27 21:51:34,131 [INFO] PluginManage:359 - Loaded plugin tutovideos (category:base,tabindex:-1)
2025-10-27 21:51:34,131 [INFO] PluginManage:310 - Check plugin updater
2025-10-27 21:51:34,149 [INFO] PluginManage:359 - Loaded plugin updater (category:base,tabindex:12)
2025-10-27 21:51:34,149 [INFO] PluginManage:310 - Check plugin userauth
2025-10-27 21:51:34,152 [INFO] UserAuth:118 - Init User Auth plugin
2025-10-27 21:51:34,153 [INFO] PluginManage:359 - Loaded plugin userauth (category:base,tabindex:14)
2025-10-27 21:51:34,153 [INFO] PluginManage:283 - PluginManage : Loaded plugins [18]
2025-10-27 21:51:34,295 [INFO] PinOutPanel:1589 - setPackage(No Configuration,No Configuration)
2025-10-27 21:51:34,353 [INFO] CADModel:165 - CPN selected for project level
2025-10-27 21:51:34,354 [INFO] CADModel:114 - Register for checkConnection events
2025-10-27 21:51:34,365 [INFO] IPUIPlugin:80 - create IPUIPlugin
2025-10-27 21:51:34,365 [INFO] PluginManager:220 - loadIPPluginJar : add ddr_ctrl_phy
2025-10-27 21:51:34,367 [INFO] IPUIPlugin:80 - create IPUIPlugin
2025-10-27 21:51:34,367 [INFO] PluginManager:220 - loadIPPluginJar : add aes
2025-10-27 21:51:34,371 [INFO] IPUIPlugin:80 - create IPUIPlugin
2025-10-27 21:51:34,371 [INFO] PluginManager:220 - loadIPPluginJar : add gic
2025-10-27 21:51:34,375 [INFO] IPUIPlugin:80 - create IPUIPlugin
2025-10-27 21:51:34,375 [INFO] PluginManager:220 - loadIPPluginJar : add resmgrutility
2025-10-27 21:51:34,377 [INFO] IPUIPlugin:80 - create IPUIPlugin
2025-10-27 21:51:34,377 [INFO] PluginManager:220 - loadIPPluginJar : add dma3
2025-10-27 21:51:34,380 [INFO] IPUIPlugin:80 - create IPUIPlugin
2025-10-27 21:51:34,380 [INFO] PluginManager:220 - loadIPPluginJar : add spi
2025-10-27 21:51:34,385 [INFO] IPUIPlugin:80 - create IPUIPlugin
2025-10-27 21:51:34,387 [INFO] PluginManager:220 - loadIPPluginJar : add plateformsettings
2025-10-27 21:51:34,389 [INFO] IPUIPlugin:80 - create IPUIPlugin
2025-10-27 21:51:34,389 [INFO] PluginManager:220 - loadIPPluginJar : add gtzc
2025-10-27 21:51:34,394 [INFO] IPUIPlugin:80 - create IPUIPlugin
2025-10-27 21:51:34,394 [INFO] PluginManager:220 - loadIPPluginJar : add freertos
2025-10-27 21:51:34,398 [INFO] IPUIPlugin:80 - create IPUIPlugin
2025-10-27 21:51:34,398 [INFO] PluginManager:220 - loadIPPluginJar : add fmc
2025-10-27 21:51:34,399 [INFO] IPUIPlugin:80 - create IPUIPlugin
2025-10-27 21:51:34,399 [INFO] PluginManager:220 - loadIPPluginJar : add quadspi
2025-10-27 21:51:34,400 [INFO] IPUIPlugin:80 - create IPUIPlugin
2025-10-27 21:51:34,400 [INFO] PluginManager:220 - loadIPPluginJar : add radio
2025-10-27 21:51:34,401 [INFO] IPUIPlugin:80 - create IPUIPlugin
2025-10-27 21:51:34,401 [INFO] PluginManager:220 - loadIPPluginJar : add fatfs
2025-10-27 21:51:34,406 [INFO] IPUIPlugin:80 - create IPUIPlugin
2025-10-27 21:51:34,406 [INFO] PluginManager:220 - loadIPPluginJar : add mdma
2025-10-27 21:51:34,407 [INFO] IPUIPlugin:80 - create IPUIPlugin
2025-10-27 21:51:34,407 [INFO] PluginManager:220 - loadIPPluginJar : add ltdc
2025-10-27 21:51:34,411 [INFO] IPUIPlugin:80 - create IPUIPlugin
2025-10-27 21:51:34,411 [INFO] PluginManager:220 - loadIPPluginJar : add gpio
2025-10-27 21:51:34,413 [INFO] IPUIPlugin:80 - create IPUIPlugin
2025-10-27 21:51:34,413 [INFO] PluginManager:220 - loadIPPluginJar : add opamp
2025-10-27 21:51:34,416 [INFO] IPUIPlugin:80 - create IPUIPlugin
2025-10-27 21:51:34,416 [INFO] PluginManager:220 - loadIPPluginJar : add usart
2025-10-27 21:51:34,419 [INFO] IPUIPlugin:80 - create IPUIPlugin
2025-10-27 21:51:34,419 [INFO] PluginManager:220 - loadIPPluginJar : add usbx
2025-10-27 21:51:34,420 [INFO] IPUIPlugin:80 - create IPUIPlugin
2025-10-27 21:51:34,421 [INFO] PluginManager:220 - loadIPPluginJar : add tim
2025-10-27 21:51:34,422 [INFO] IPUIPlugin:80 - create IPUIPlugin
2025-10-27 21:51:34,422 [INFO] PluginManager:220 - loadIPPluginJar : add lorawan
2025-10-27 21:51:34,424 [INFO] IPUIPlugin:80 - create IPUIPlugin
2025-10-27 21:51:34,424 [INFO] PluginManager:220 - loadIPPluginJar : add i2s
2025-10-27 21:51:34,430 [INFO] IPUIPlugin:80 - create IPUIPlugin
2025-10-27 21:51:34,430 [INFO] PluginManager:220 - loadIPPluginJar : add adc
2025-10-27 21:51:34,432 [INFO] IPUIPlugin:80 - create IPUIPlugin
2025-10-27 21:51:34,433 [INFO] PluginManager:220 - loadIPPluginJar : add extmemmanager
2025-10-27 21:51:34,434 [INFO] IPUIPlugin:80 - create IPUIPlugin
2025-10-27 21:51:34,434 [INFO] PluginManager:220 - loadIPPluginJar : add comp
2025-10-27 21:51:34,435 [INFO] IPUIPlugin:80 - create IPUIPlugin
2025-10-27 21:51:34,435 [INFO] PluginManager:220 - loadIPPluginJar : add genericplugin
2025-10-27 21:51:34,437 [INFO] IPUIPlugin:80 - create IPUIPlugin
2025-10-27 21:51:34,437 [INFO] PluginManager:220 - loadIPPluginJar : add ts
2025-10-27 21:51:34,438 [INFO] IPUIPlugin:80 - create IPUIPlugin
2025-10-27 21:51:34,438 [INFO] PluginManager:220 - loadIPPluginJar : add ucpd
2025-10-27 21:51:34,440 [INFO] IPUIPlugin:80 - create IPUIPlugin
2025-10-27 21:51:34,440 [INFO] PluginManager:220 - loadIPPluginJar : add can
2025-10-27 21:51:34,443 [INFO] IPUIPlugin:80 - create IPUIPlugin
2025-10-27 21:51:34,443 [INFO] PluginManager:220 - loadIPPluginJar : add touchsensing
2025-10-27 21:51:34,445 [INFO] IPUIPlugin:80 - create IPUIPlugin
2025-10-27 21:51:34,445 [INFO] PluginManager:220 - loadIPPluginJar : add tracer_emb
2025-10-27 21:51:34,451 [INFO] IPUIPlugin:80 - create IPUIPlugin
2025-10-27 21:51:34,451 [INFO] PluginManager:220 - loadIPPluginJar : add stm32_wpan
2025-10-27 21:51:34,452 [INFO] IPUIPlugin:80 - create IPUIPlugin
2025-10-27 21:51:34,452 [INFO] PluginManager:220 - loadIPPluginJar : add tsc
2025-10-27 21:51:34,453 [INFO] IPUIPlugin:80 - create IPUIPlugin
2025-10-27 21:51:34,453 [INFO] PluginManager:220 - loadIPPluginJar : add gfxmmu
2025-10-27 21:51:34,458 [INFO] IPUIPlugin:80 - create IPUIPlugin
2025-10-27 21:51:34,458 [INFO] PluginManager:220 - loadIPPluginJar : add ipddr
2025-10-27 21:51:34,461 [INFO] IPUIPlugin:80 - create IPUIPlugin
2025-10-27 21:51:34,461 [INFO] PluginManager:220 - loadIPPluginJar : add i2c
2025-10-27 21:51:34,464 [INFO] IPUIPlugin:80 - create IPUIPlugin
2025-10-27 21:51:34,464 [INFO] PluginManager:220 - loadIPPluginJar : add nvic
2025-10-27 21:51:34,467 [INFO] IPUIPlugin:80 - create IPUIPlugin
2025-10-27 21:51:34,467 [INFO] PluginManager:220 - loadIPPluginJar : add i3c
2025-10-27 21:51:34,469 [INFO] IPUIPlugin:80 - create IPUIPlugin
2025-10-27 21:51:34,469 [INFO] PluginManager:220 - loadIPPluginJar : add dfsdm
2025-10-27 21:51:34,472 [INFO] IPUIPlugin:80 - create IPUIPlugin
2025-10-27 21:51:34,472 [INFO] PluginManager:220 - loadIPPluginJar : add pdm2pcm
2025-10-27 21:51:34,476 [INFO] IPUIPlugin:80 - create IPUIPlugin
2025-10-27 21:51:34,476 [INFO] PluginManager:220 - loadIPPluginJar : add openamp
2025-10-27 21:51:34,482 [INFO] IPUIPlugin:80 - create IPUIPlugin
2025-10-27 21:51:34,483 [INFO] PluginManager:220 - loadIPPluginJar : add dma
2025-10-27 21:51:34,486 [INFO] IPUIPlugin:80 - create IPUIPlugin
2025-10-27 21:51:34,486 [INFO] PluginManager:220 - loadIPPluginJar : add sai
2025-10-27 21:51:34,489 [INFO] IPUIPlugin:80 - create IPUIPlugin
2025-10-27 21:51:34,489 [INFO] PluginManager:220 - loadIPPluginJar : add hash
2025-10-27 21:51:34,496 [INFO] IPUIPlugin:80 - create IPUIPlugin
2025-10-27 21:51:34,496 [INFO] PluginManager:220 - loadIPPluginJar : add linkedlist
2025-10-27 21:51:34,498 [INFO] IPUIPlugin:80 - create IPUIPlugin
2025-10-27 21:51:34,498 [INFO] PluginManager:220 - loadIPPluginJar : add cryp
2025-10-27 21:51:34,599 [FATAL] Updater:351 - Updater called before beeing initialized
2025-10-27 21:51:34,623 [INFO] RulesReader:64 - Compatibility file has been processed (317 Rules)
2025-10-27 21:51:34,632 [INFO] RulesReader:64 - Compatibility file has been processed (317 Rules)
2025-10-27 21:51:34,639 [INFO] CADModel:165 - CPN selected for project level
2025-10-27 21:51:34,639 [INFO] CADModel:114 - Register for checkConnection events
2025-10-27 21:51:34,639 [FATAL] Updater:351 - Updater called before beeing initialized
2025-10-27 21:51:34,639 [ERROR] CADModel:125 - Updater not yet initialized, retry later 
2025-10-27 21:51:34,746 [FATAL] Updater:351 - Updater called before beeing initialized
2025-10-27 21:51:34,748 [INFO] CADModel:165 - CPN selected for project level
2025-10-27 21:51:34,748 [INFO] CADModel:114 - Register for checkConnection events
2025-10-27 21:51:34,748 [FATAL] Updater:351 - Updater called before beeing initialized
2025-10-27 21:51:34,749 [ERROR] CADModel:125 - Updater not yet initialized, retry later 
2025-10-27 21:51:34,752 [FATAL] Updater:351 - Updater called before beeing initialized
2025-10-27 21:51:34,859 [FATAL] Updater:351 - Updater called before beeing initialized
2025-10-27 21:51:34,863 [INFO] DbMcusAds:53 - JSON generation date=Thu Oct 02 16:36:05 ICT 2025 (1759397765645)
2025-10-27 21:51:34,864 [FATAL] Updater:351 - Updater called before beeing initialized
2025-10-27 21:51:34,888 [WARN] DetailPanel:346 - Failed to get advertising image, set to default
2025-10-27 21:51:34,947 [FATAL] Updater:351 - Updater called before beeing initialized
2025-10-27 21:51:34,949 [FATAL] Updater:351 - Updater called before beeing initialized
2025-10-27 21:51:34,949 [FATAL] Updater:351 - Updater called before beeing initialized
2025-10-27 21:51:34,949 [WARN] DetailPanel:346 - Failed to get advertising image, set to default
2025-10-27 21:51:34,950 [FATAL] Updater:351 - Updater called before beeing initialized
2025-10-27 21:51:34,977 [ERROR] Updater:1198 - MainUpdater not yet initialized. External WinMGr cannot be set.
2025-10-27 21:51:34,979 [INFO] Updater:1134 - Updater Version found : 6.15.0
2025-10-27 21:51:34,992 [INFO] ApplicationProperties:184 - Using Application install path: /home/tuna/st/stm32cubeide_1.18.1/plugins/com.st.stm32cube.common.mx_6.15.0.202507011659
2025-10-27 21:51:35,407 [INFO] MainUpdater:2872 - connection check result : 10
2025-10-27 21:51:35,408 [INFO] MainUpdater:289 - Updater Check For Update Now.
2025-10-27 21:51:35,408 [INFO] MicroXplorer:498 - Change Database Version : DB.6.0.150
2025-10-27 21:51:35,412 [INFO] McuFinderGlobals:63 - Set McuFinder mode to 2 (CubeIDE integrated)
2025-10-27 21:51:35,412 [INFO] UserAuth:487 - Internet connection configuration mode: 1
2025-10-27 21:51:35,422 [INFO] JxBrowserEngine:152 - Initiate JxBrowser Engine with user profile folder
2025-10-27 21:51:35,565 [INFO] CheckServerUpdateThread:120 - End of CheckServer Thread
2025-10-27 21:51:35,889 [INFO] WebApp:169 - Instantiating new browser for Auth
2025-10-27 21:51:36,374 [INFO] WebApp:463 - Apply proxy settings
2025-10-27 21:51:36,374 [INFO] WebApp:548 - Chromium requires no authentication
2025-10-27 21:51:36,380 [INFO] WebApp:491 - Direct internet connection detected
2025-10-27 21:51:36,400 [INFO] WebApp:900 - Register for checkConnection events
2025-10-27 21:51:36,400 [INFO] WebApp:463 - Apply proxy settings
2025-10-27 21:51:36,401 [INFO] WebApp:548 - Chromium requires no authentication
2025-10-27 21:51:36,401 [INFO] WebApp:491 - Direct internet connection detected
2025-10-27 21:51:36,490 [INFO] WebApp:225 - Starting web application
2025-10-27 21:51:36,490 [INFO] WebApp:593 - Web application path used /home/tuna/st/stm32cubeide_1.18.1/plugins/com.st.stm32cube.common.mx_6.15.0.202507011659/db/plugins/mcufinder/reactClient1/index.html
2025-10-27 21:51:36,555 [INFO] UserAuth:487 - Internet connection configuration mode: 1
2025-10-27 21:51:36,634 [INFO] WebApp:191 - Connection restablished
2025-10-27 21:51:37,075 [WARN] PackLoader:240 - Cannot read IP mode file for STMicroelectronics.FP-SNS-MOTENVWB1.1.4.0
2025-10-27 21:51:37,080 [WARN] PackLoader:240 - Cannot read IP mode file for STMicroelectronics.FP-ATR-ASTRA1.2.0.2
2025-10-27 21:51:37,085 [WARN] PackLoader:240 - Cannot read IP mode file for STMicroelectronics.X-CUBE-SMBUS.2.1.0
2025-10-27 21:51:37,088 [WARN] PackLoader:240 - Cannot read IP mode file for STMicroelectronics.X-CUBE-ST60.1.0.0
2025-10-27 21:51:37,108 [WARN] PackLoader:240 - Cannot read IP mode file for STMicroelectronics.X-CUBE-AZRTOS-F7.1.1.0
2025-10-27 21:51:37,130 [WARN] PackLoader:240 - Cannot read IP mode file for Infineon.AIROC-Wi-Fi-Bluetooth-STM32.1.7.1
2025-10-27 21:51:37,153 [WARN] PackLoader:240 - Cannot read IP mode file for STMicroelectronics.X-CUBE-AZRTOS-H7.3.4.0
2025-10-27 21:51:37,163 [WARN] PackLoader:240 - Cannot read IP mode file for STMicroelectronics.X-CUBE-DISPLAY.3.0.0
2025-10-27 21:51:37,173 [WARN] PackLoader:240 - Cannot read IP mode file for STMicroelectronics.X-CUBE-NFC10.1.0.0
2025-10-27 21:51:37,178 [WARN] PackLoader:240 - Cannot read IP mode file for STMicroelectronics.X-CUBE-ST60.1.1.0
2025-10-27 21:51:37,183 [WARN] PackLoader:240 - Cannot read IP mode file for emotas.I-CUBE-CANOPEN.1.3.0
2025-10-27 21:51:37,190 [WARN] PackLoader:240 - Cannot read IP mode file for STMicroelectronics.FP-SNS-STBOX1.2.1.0
2025-10-27 21:51:37,195 [WARN] PackLoader:240 - Cannot read IP mode file for STMicroelectronics.FP-SNS-SMARTAG2.1.2.0
2025-10-27 21:51:37,199 [WARN] PackLoader:240 - Cannot read IP mode file for STMicroelectronics.FP-SNS-FLIGHT1.5.1.0
2025-10-27 21:51:37,206 [INFO] LogOutputStream:77 - [STDOUT_REDIRECT] 1 : Invalid condition id : UX_CORESTACK_Condition cause : null
2025-10-27 21:51:37,206 [INFO] LogOutputStream:77 - [STDOUT_REDIRECT] 1 : Invalid condition id : UX_CORESTACK_Condition cause : null
2025-10-27 21:51:37,207 [INFO] LogOutputStream:77 - [STDOUT_REDIRECT] 1 : Invalid condition id : UX_CORESTACK_Condition cause : null
2025-10-27 21:51:37,207 [INFO] LogOutputStream:77 - [STDOUT_REDIRECT] 1 : Invalid condition id : UX_CORESTACK_Condition cause : null
2025-10-27 21:51:37,208 [INFO] LogOutputStream:77 - [STDOUT_REDIRECT] 1 : Invalid condition id : UX_CORESTACK_Condition cause : null
2025-10-27 21:51:37,211 [WARN] PackLoader:240 - Cannot read IP mode file for STMicroelectronics.X-CUBE-AZRTOS-WL.2.0.0
2025-10-27 21:51:37,217 [WARN] PackLoader:240 - Cannot read IP mode file for STMicroelectronics.FP-SNS-MOTENV1.5.0.0
2025-10-27 21:51:37,224 [WARN] PackLoader:240 - Cannot read IP mode file for WES.I-CUBE-Cesium.1.3.0
2025-10-27 21:51:37,240 [WARN] PackLoader:240 - Cannot read IP mode file for STMicroelectronics.X-CUBE-BLE2.3.3.0
2025-10-27 21:51:37,246 [WARN] PackLoader:240 - Cannot read IP mode file for STMicroelectronics.X-CUBE-NFC9.1.0.0
2025-10-27 21:51:37,250 [WARN] PackLoader:240 - Cannot read IP mode file for wolfSSL.I-CUBE-wolfSSL.5.8.2
2025-10-27 21:51:37,255 [WARN] PackLoader:240 - Cannot read IP mode file for STMicroelectronics.X-CUBE-BLE1.7.1.0
2025-10-27 21:51:37,259 [WARN] PackLoader:240 - Cannot read IP mode file for wolfSSL.I-CUBE-wolfMQTT.1.19.2
2025-10-27 21:51:37,264 [WARN] PackLoader:240 - Cannot read IP mode file for STMicroelectronics.X-CUBE-EEPRMA1.5.2.0
2025-10-27 21:51:37,272 [WARN] PackLoader:240 - Cannot read IP mode file for STMicroelectronics.X-CUBE-ST67W61.1.1.0
2025-10-27 21:51:37,276 [WARN] PackLoader:240 - Cannot read IP mode file for STMicroelectronics.X-CUBE-AI.10.1.0
2025-10-27 21:51:37,291 [WARN] PackLoader:240 - Cannot read IP mode file for STMicroelectronics.X-CUBE-AZRTOS-G0.1.1.0
2025-10-27 21:51:37,302 [WARN] PackLoader:240 - Cannot read IP mode file for STMicroelectronics.X-CUBE-SAFEA1.1.2.2
2025-10-27 21:51:37,310 [WARN] PackLoader:240 - Cannot read IP mode file for STMicroelectronics.X-CUBE-NFC4.3.0.0
2025-10-27 21:51:37,318 [WARN] PackLoader:240 - Cannot read IP mode file for EmbeddedOffice.I-CUBE-FS-RTOS.1.0.1
2025-10-27 21:51:37,323 [WARN] PackLoader:240 - Cannot read IP mode file for STMicroelectronics.X-CUBE-WB05N.2.0.0
2025-10-27 21:51:37,327 [WARN] PackLoader:240 - Cannot read IP mode file for wolfSSL.I-CUBE-wolfTPM.3.8.0
2025-10-27 21:51:37,333 [WARN] PackLoader:240 - Cannot read IP mode file for STMicroelectronics.X-CUBE-TCPP.4.2.0
2025-10-27 21:51:37,339 [WARN] PackLoader:240 - Cannot read IP mode file for RealThread.X-CUBE-RT-Thread_Nano.4.1.1
2025-10-27 21:51:37,343 [WARN] PackLoader:240 - Cannot read IP mode file for STMicroelectronics.FP-ATR-SIGFOX1.3.2.0
2025-10-27 21:51:37,348 [WARN] PackLoader:240 - Cannot read IP mode file for ITTIA_DB.I-CUBE-ITTIADB.8.9.0
2025-10-27 21:51:37,354 [WARN] PackLoader:240 - Cannot read IP mode file for STMicroelectronics.X-CUBE-ST67W61.1.0.0
2025-10-27 21:51:37,357 [WARN] PackLoader:240 - Cannot read IP mode file for STMicroelectronics.X-CUBE-AI.10.2.0
2025-10-27 21:51:37,381 [WARN] PackLoader:240 - Cannot read IP mode file for SEGGER.I-CUBE-embOS.1.3.1
2025-10-27 21:51:37,421 [WARN] PackLoader:240 - Cannot read IP mode file for STMicroelectronics.X-CUBE-ALGOBUILD.1.4.0
2025-10-27 21:51:37,474 [WARN] PackLoader:240 - Cannot read IP mode file for STMicroelectronics.X-CUBE-MEMS1.11.3.0
2025-10-27 21:51:37,634 [WARN] PackLoader:240 - Cannot read IP mode file for STMicroelectronics.X-CUBE-PM33A1.1.0.0
2025-10-27 21:51:37,651 [WARN] PackLoader:240 - Cannot read IP mode file for STMicroelectronics.X-CUBE-AZRTOS-F4.1.1.0
2025-10-27 21:51:37,655 [WARN] PackLoader:240 - Cannot read IP mode file for Avnet-IotConnect.X-CUBE-IoTC-DA16k-PMOD.1.0.0
2025-10-27 21:51:37,658 [WARN] PackLoader:240 - Cannot read IP mode file for STMicroelectronics.X-CUBE-ISPU.2.1.0
2025-10-27 21:51:37,667 [WARN] PackLoader:240 - Cannot read IP mode file for STMicroelectronics.X-CUBE-IPS.3.2.0
2025-10-27 21:51:37,675 [WARN] PackLoader:240 - Cannot read IP mode file for STMicroelectronics.X-CUBE-NFC12.1.0.0
2025-10-27 21:51:37,688 [WARN] PackLoader:240 - Cannot read IP mode file for STMicroelectronics.X-CUBE-AZRTOS-L5.2.0.0
2025-10-27 21:51:37,697 [WARN] PackLoader:240 - Cannot read IP mode file for STMicroelectronics.X-CUBE-NFC6.3.1.0
2025-10-27 21:51:37,702 [WARN] PackLoader:240 - Cannot read IP mode file for STMicroelectronics.X-CUBE-FREERTOS.1.3.1
2025-10-27 21:51:37,706 [WARN] PackLoader:240 - Cannot read IP mode file for STMicroelectronics.X-CUBE-TOUCHGFX.4.26.0
2025-10-27 21:51:37,710 [WARN] PackLoader:240 - Cannot read IP mode file for STMicroelectronics.FP-SNS-STAIOTCFT.1.0.0
2025-10-27 21:51:37,715 [WARN] PackLoader:240 - Cannot read IP mode file for STMicroelectronics.X-CUBE-DPower.1.3.0
2025-10-27 21:51:37,728 [WARN] ConditionMgr:438 - getConditionDescription Invalid condition id : LAN8742 Phy interface Condition cause : null
2025-10-27 21:51:37,729 [WARN] PackLoader:240 - Cannot read IP mode file for STMicroelectronics.X-CUBE-AZRTOS-L4.2.0.0
2025-10-27 21:51:37,731 [WARN] ConditionMgr:1044 - genDependencies : Invalid condition id : LAN8742 Phy interface Condition cause : null
2025-10-27 21:51:37,731 [WARN] ConditionMgr:1044 - genDependencies : Invalid condition id : LAN8742 Phy interface Condition cause : null
2025-10-27 21:51:37,732 [WARN] ConditionMgr:1044 - genDependencies : Invalid condition id : LAN8742 Phy interface Condition cause : null
2025-10-27 21:51:37,738 [WARN] PackLoader:240 - Cannot read IP mode file for STMicroelectronics.X-CUBE-SFXS2LP1.4.0.0
2025-10-27 21:51:37,751 [WARN] PackLoader:240 - Cannot read IP mode file for STMicroelectronics.X-CUBE-BLEMGR.4.1.0
2025-10-27 21:51:37,764 [WARN] ConditionMgr:438 - getConditionDescription Invalid condition id : UX DEVICE CLASS RTOS Condition cause : null
2025-10-27 21:51:37,765 [WARN] ConditionMgr:438 - getConditionDescription Invalid condition id : UX DEVICE CLASS RTOS Condition cause : null
2025-10-27 21:51:37,767 [WARN] PackLoader:240 - Cannot read IP mode file for STMicroelectronics.X-CUBE-AZRTOS-WB.2.0.0
2025-10-27 21:51:37,768 [WARN] ConditionMgr:1044 - genDependencies : Invalid condition id : UX DEVICE CLASS RTOS Condition cause : null
2025-10-27 21:51:37,768 [WARN] ConditionMgr:1044 - genDependencies : Invalid condition id : UX DEVICE CLASS RTOS Condition cause : null
2025-10-27 21:51:37,768 [WARN] ConditionMgr:1044 - genDependencies : Invalid condition id : UX DEVICE CLASS RTOS Condition cause : null
2025-10-27 21:51:37,769 [WARN] ConditionMgr:1044 - genDependencies : Invalid condition id : UX DEVICE CLASS RTOS Condition cause : null
2025-10-27 21:51:37,769 [WARN] ConditionMgr:1044 - genDependencies : Invalid condition id : UX DEVICE CLASS RTOS Condition cause : null
2025-10-27 21:51:37,772 [WARN] PackLoader:240 - Cannot read IP mode file for STMicroelectronics.X-CUBE-GNSS1.7.0.1
2025-10-27 21:51:37,777 [WARN] PackLoader:240 - Cannot read IP mode file for STMicroelectronics.X-CUBE-TOUCHGFX.4.25.0
2025-10-27 21:51:37,782 [WARN] PackLoader:240 - Cannot read IP mode file for STMicroelectronics.FP-SNS-STBOX1.2.0.0
2025-10-27 21:51:37,786 [WARN] ConditionMgr:438 - getConditionDescription Invalid condition id : Cortex-A Device cause : null
2025-10-27 21:51:37,797 [WARN] ConditionMgr:1044 - genDependencies : Invalid condition id : Cortex-A Device cause : null
2025-10-27 21:51:37,797 [WARN] ConditionMgr:1044 - genDependencies : Invalid condition id : Cortex-A Device cause : null
2025-10-27 21:51:37,797 [WARN] ConditionMgr:1044 - genDependencies : Invalid condition id : Cortex-A Device cause : null
2025-10-27 21:51:37,804 [WARN] PackLoader:240 - Cannot read IP mode file for STMicroelectronics.X-CUBE-SUBG2.5.0.0
2025-10-27 21:51:37,818 [WARN] PackLoader:240 - Cannot read IP mode file for STMicroelectronics.X-CUBE-AZRTOS-H7RS.1.1.0
2025-10-27 21:51:37,823 [WARN] PackLoader:240 - Cannot read IP mode file for Cesanta.I-CUBE-Mongoose.7.13.0
2025-10-27 21:51:37,831 [WARN] PackLoader:240 - Cannot read IP mode file for STMicroelectronics.X-CUBE-AZRTOS-G4.2.0.0
2025-10-27 21:51:37,836 [WARN] PackLoader:240 - Cannot read IP mode file for wolfSSL.I-CUBE-wolfSSH.1.4.20
2025-10-27 21:51:37,839 [WARN] PackLoader:240 - Cannot read IP mode file for STMicroelectronics.X-CUBE-NFC7.2.0.0
2025-10-27 21:51:37,847 [WARN] PackLoader:240 - Cannot read IP mode file for STMicroelectronics.X-CUBE-IPS.3.1.0
2025-10-27 21:51:37,853 [WARN] PackLoader:240 - Cannot read IP mode file for STMicroelectronics.X-CUBE-ALS.1.0.2
2025-10-27 21:51:37,857 [WARN] PackLoader:240 - Cannot read IP mode file for STMicroelectronics.X-CUBE-STSE01.1.0.0
2025-10-27 21:51:37,861 [WARN] PackLoader:240 - Cannot read IP mode file for portGmbH.I-Cube-SoM-uGOAL.1.1.0
2025-10-27 21:51:37,868 [WARN] PackLoader:240 - Cannot read IP mode file for STMicroelectronics.X-CUBE-TOF1.3.4.3
2025-10-27 21:51:37,876 [INFO] ThirdParty:978 - Integrity check success = true
2025-10-27 21:51:37,876 [INFO] IntegrityCheckThread:100 - exiting critical section [integrity check]
2025-10-27 21:51:37,876 [INFO] IntegrityCheckThread:103 - End integrity checks thread
2025-10-27 23:35:23,241 [ERROR] LogOutputStream:75 - [STDERR_REDIRECT] 
