2025-10-11 14:57:48,457 [INFO] Activator:176 - 


2025-10-11 14:57:48,460 [INFO] Activator:177 - !SESSION log4j initialized
2025-10-11 14:57:50,661 [INFO] LogOutputStream:77 - [STDOUT_REDIRECT] 
2025-10-11 14:57:52,510 [INFO] ApplicationProperties:184 - Using Application install path: /home/tuna/st/stm32cubeide_1.18.1/plugins/com.st.stm32cube.common.mx_6.15.0.202507011659
2025-10-11 14:57:52,538 [INFO] DbMcusXml:78 - Set database path to: /home/tuna/st/stm32cubeide_1.18.1/plugins/com.st.stm32cube.common.mx_6.15.0.202507011659//db//mcu/
2025-10-11 14:57:52,538 [INFO] ApiDb:274 - Set plugin database path to: /home/tuna/st/stm32cubeide_1.18.1/plugins/com.st.stm32cube.common.mx_6.15.0.202507011659//db//plugins/boardmanager/
2025-10-11 14:57:52,539 [WARN] ApiDb:259 - Overriding images path with different value:  => /home/tuna/st/stm32cubeide_1.18.1/plugins/com.st.stm32cube.common.mx_6.15.0.202507011659//db//plugins/mcufinder/images/
2025-10-11 14:57:52,549 [INFO] ApiDb:250 - Set database path to: /home/tuna/.stmcufinder/plugins/mcufinder//mcu/
2025-10-11 14:57:52,550 [INFO] DbMcusAds:125 - Set database path to: /home/tuna/.stmcufinder/plugins/mcufinder//mcu/
2025-10-11 14:57:53,554 [INFO] CrossReferenceDbSqlite:203 - Set database path to: /home/tuna/.stmcufinder/plugins/mcufinder//mcu/cs/
2025-10-11 14:57:53,657 [INFO] RulesReader:64 - Compatibility file has been processed (317 Rules)
2025-10-11 14:57:53,715 [INFO] DbMcusXml:78 - Set database path to: /home/tuna/st/stm32cubeide_1.18.1/plugins/com.st.stm32cube.common.mx_6.15.0.202507011659//db//mcu/
2025-10-11 14:57:53,715 [INFO] ApiDb:274 - Set plugin database path to: /home/tuna/st/stm32cubeide_1.18.1/plugins/com.st.stm32cube.common.mx_6.15.0.202507011659//db//plugins/boardmanager/
2025-10-11 14:57:53,715 [INFO] ApiDb:261 - Set plugin images path to: /home/tuna/st/stm32cubeide_1.18.1/plugins/com.st.stm32cube.common.mx_6.15.0.202507011659//db//plugins/mcufinder/images/
2025-10-11 14:57:53,715 [WARN] DbFile:41 - Overriding database path with different value: /home/tuna/.stmcufinder/plugins/mcufinder/ => /home/tuna/.stmcufinder/plugins/mcufinder
2025-10-11 14:57:53,715 [INFO] ApiDb:250 - Set database path to: /home/tuna/.stmcufinder/plugins/mcufinder//mcu/
2025-10-11 14:57:53,715 [WARN] DbFile:41 - Overriding database path with different value: /home/tuna/.stmcufinder/plugins/mcufinder/ => /home/tuna/.stmcufinder/plugins/mcufinder
2025-10-11 14:57:53,716 [INFO] DbMcusAds:125 - Set database path to: /home/tuna/.stmcufinder/plugins/mcufinder//mcu/
2025-10-11 14:57:53,716 [WARN] DbFile:41 - Overriding database path with different value: /home/tuna/.stmcufinder/plugins/mcufinder/ => /home/tuna/.stmcufinder/plugins/mcufinder
2025-10-11 14:57:53,716 [WARN] DbFile:41 - Overriding database path with different value: /home/tuna/.stmcufinder/plugins/mcufinder/ => /home/tuna/.stmcufinder/plugins/mcufinder
2025-10-11 14:57:54,717 [INFO] CrossReferenceDbSqlite:203 - Set database path to: /home/tuna/.stmcufinder/plugins/mcufinder//mcu/cs/
2025-10-11 14:57:54,812 [INFO] MainPanel:274 - HeapMemory: 268435456
2025-10-11 14:57:55,046 [INFO] DbMcusXml:78 - Set database path to: /home/tuna/st/stm32cubeide_1.18.1/plugins/com.st.stm32cube.common.mx_6.15.0.202507011659//db//mcu/
2025-10-11 14:57:55,046 [INFO] ApiDb:274 - Set plugin database path to: /home/tuna/st/stm32cubeide_1.18.1/plugins/com.st.stm32cube.common.mx_6.15.0.202507011659//db//plugins/boardmanager/
2025-10-11 14:57:55,046 [INFO] ApiDb:261 - Set plugin images path to: /home/tuna/st/stm32cubeide_1.18.1/plugins/com.st.stm32cube.common.mx_6.15.0.202507011659//db//plugins/mcufinder/images/
2025-10-11 14:57:55,046 [WARN] DbFile:41 - Overriding database path with different value: /home/tuna/.stmcufinder/plugins/mcufinder/ => /home/tuna/.stmcufinder/plugins/mcufinder
2025-10-11 14:57:55,047 [INFO] ApiDb:250 - Set database path to: /home/tuna/.stmcufinder/plugins/mcufinder//mcu/
2025-10-11 14:57:55,047 [WARN] DbFile:41 - Overriding database path with different value: /home/tuna/.stmcufinder/plugins/mcufinder/ => /home/tuna/.stmcufinder/plugins/mcufinder
2025-10-11 14:57:55,047 [INFO] DbMcusAds:125 - Set database path to: /home/tuna/.stmcufinder/plugins/mcufinder//mcu/
2025-10-11 14:57:55,047 [WARN] DbFile:41 - Overriding database path with different value: /home/tuna/.stmcufinder/plugins/mcufinder/ => /home/tuna/.stmcufinder/plugins/mcufinder
2025-10-11 14:57:55,047 [WARN] DbFile:41 - Overriding database path with different value: /home/tuna/.stmcufinder/plugins/mcufinder/ => /home/tuna/.stmcufinder/plugins/mcufinder
2025-10-11 14:57:56,049 [INFO] CrossReferenceDbSqlite:203 - Set database path to: /home/tuna/.stmcufinder/plugins/mcufinder//mcu/cs/
2025-10-11 14:57:56,072 [INFO] ApplicationProperties:184 - Using Application install path: /home/tuna/st/stm32cubeide_1.18.1/plugins/com.st.stm32cube.common.mx_6.15.0.202507011659
2025-10-11 14:57:56,074 [INFO] PluginManage:196 - Search for loadable plugins [exclusion list=, ]
2025-10-11 14:57:56,076 [INFO] PluginManage:310 - Check plugin analytics
2025-10-11 14:57:57,305 [INFO] AnalyticsPlugin:253 - Accepted Software Licenses: STM32CubeMX.6.15.0
2025-10-11 14:57:57,305 [INFO] AnalyticsPlugin:255 - Accepted CMSIS Pack Licenses: 
2025-10-11 14:57:57,305 [INFO] AnalyticsPlugin:257 - Accepted Firmware Licenses: FW.G4.1.6.0,FW.F4.1.28.0
2025-10-11 14:57:57,309 [INFO] PluginManage:359 - Loaded plugin analytics (category:tool,tabindex:-1)
2025-10-11 14:57:57,310 [INFO] PluginManage:310 - Check plugin cadmodel
2025-10-11 14:57:57,319 [INFO] CADModel:105 - Init CAD model plugin
2025-10-11 14:57:57,319 [INFO] PluginManage:359 - Loaded plugin cadmodel (category:power,tabindex:5)
2025-10-11 14:57:57,320 [INFO] PluginManage:310 - Check plugin clock
2025-10-11 14:57:57,337 [INFO] PluginManage:359 - Loaded plugin clock (category:base,tabindex:2)
2025-10-11 14:57:57,338 [INFO] PluginManage:310 - Check plugin ddr
2025-10-11 14:57:57,342 [INFO] PluginManage:359 - Loaded plugin ddr (category:tool,tabindex:6)
2025-10-11 14:57:57,342 [INFO] PluginManage:310 - Check plugin filemanager
2025-10-11 14:57:57,655 [INFO] PluginManage:359 - Loaded plugin filemanager (category:base,tabindex:10)
2025-10-11 14:57:57,655 [INFO] PluginManage:310 - Check plugin ipmanager
2025-10-11 14:57:57,665 [INFO] PluginManage:359 - Loaded plugin ipmanager (category:base,tabindex:5)
2025-10-11 14:57:57,665 [INFO] PluginManage:310 - Check plugin lpbam
2025-10-11 14:57:57,685 [INFO] PluginManage:359 - Loaded plugin lpbam (category:base,tabindex:0)
2025-10-11 14:57:57,686 [INFO] PluginManage:310 - Check plugin memorymap
2025-10-11 14:57:57,716 [INFO] PluginManage:359 - Loaded plugin memorymap (category:base,tabindex:4)
2025-10-11 14:57:57,716 [INFO] PluginManage:310 - Check plugin pinoutandconfiguration
2025-10-11 14:57:57,735 [INFO] PluginManage:359 - Loaded plugin pinoutandconfiguration (category:base,tabindex:1)
2025-10-11 14:57:57,736 [INFO] PluginManage:310 - Check plugin pinoutconfig
2025-10-11 14:57:57,908 [WARN] SupportedApi:132 - Cannot load RTOS API schema: s4s-elt-must-match.1: The content of 'definitions' must match (annotation?, (simpleType | complexType)?, (unique | key | keyref)*)). A problem was found starting at: attribute.
2025-10-11 14:57:58,124 [INFO] PluginManage:359 - Loaded plugin pinoutconfig (category:base,tabindex:0)
2025-10-11 14:57:58,125 [INFO] PluginManage:310 - Check plugin power
2025-10-11 14:57:58,140 [INFO] PluginManage:359 - Loaded plugin power (category:power,tabindex:4)
2025-10-11 14:57:58,140 [INFO] PluginManage:310 - Check plugin projectmanager
2025-10-11 14:57:58,160 [INFO] PluginManage:359 - Loaded plugin projectmanager (category:projectmanager,tabindex:4)
2025-10-11 14:57:58,160 [INFO] PluginManage:310 - Check plugin rif
2025-10-11 14:57:58,173 [INFO] PluginManage:359 - Loaded plugin rif (category:base,tabindex:3)
2025-10-11 14:57:58,173 [INFO] PluginManage:310 - Check plugin thirdparty
