2025-10-10 07:42:07,485 [INFO] Activator:176 - 


2025-10-10 07:42:07,488 [INFO] Activator:177 - !SESSION log4j initialized
2025-10-10 07:42:10,536 [INFO] LogOutputStream:77 - [STDOUT_REDIRECT] 
2025-10-10 07:42:12,303 [INFO] ApplicationProperties:184 - Using Application install path: /home/tuna/st/stm32cubeide_1.18.1/plugins/com.st.stm32cube.common.mx_6.15.0.202507011659
2025-10-10 07:42:12,331 [INFO] DbMcusXml:78 - Set database path to: /home/tuna/st/stm32cubeide_1.18.1/plugins/com.st.stm32cube.common.mx_6.15.0.202507011659//db//mcu/
2025-10-10 07:42:12,331 [INFO] ApiDb:274 - Set plugin database path to: /home/tuna/st/stm32cubeide_1.18.1/plugins/com.st.stm32cube.common.mx_6.15.0.202507011659//db//plugins/boardmanager/
2025-10-10 07:42:12,332 [WARN] ApiDb:259 - Overriding images path with different value:  => /home/tuna/st/stm32cubeide_1.18.1/plugins/com.st.stm32cube.common.mx_6.15.0.202507011659//db//plugins/mcufinder/images/
2025-10-10 07:42:12,341 [INFO] ApiDb:250 - Set database path to: /home/tuna/.stmcufinder/plugins/mcufinder//mcu/
2025-10-10 07:42:12,342 [INFO] DbMcusAds:125 - Set database path to: /home/tuna/.stmcufinder/plugins/mcufinder//mcu/
2025-10-10 07:42:13,347 [INFO] CrossReferenceDbSqlite:203 - Set database path to: /home/tuna/.stmcufinder/plugins/mcufinder//mcu/cs/
2025-10-10 07:42:13,433 [INFO] RulesReader:64 - Compatibility file has been processed (317 Rules)
2025-10-10 07:42:13,493 [INFO] DbMcusXml:78 - Set database path to: /home/tuna/st/stm32cubeide_1.18.1/plugins/com.st.stm32cube.common.mx_6.15.0.202507011659//db//mcu/
2025-10-10 07:42:13,493 [INFO] ApiDb:274 - Set plugin database path to: /home/tuna/st/stm32cubeide_1.18.1/plugins/com.st.stm32cube.common.mx_6.15.0.202507011659//db//plugins/boardmanager/
2025-10-10 07:42:13,493 [INFO] ApiDb:261 - Set plugin images path to: /home/tuna/st/stm32cubeide_1.18.1/plugins/com.st.stm32cube.common.mx_6.15.0.202507011659//db//plugins/mcufinder/images/
2025-10-10 07:42:13,494 [WARN] DbFile:41 - Overriding database path with different value: /home/tuna/.stmcufinder/plugins/mcufinder/ => /home/tuna/.stmcufinder/plugins/mcufinder
2025-10-10 07:42:13,494 [INFO] ApiDb:250 - Set database path to: /home/tuna/.stmcufinder/plugins/mcufinder//mcu/
2025-10-10 07:42:13,494 [WARN] DbFile:41 - Overriding database path with different value: /home/tuna/.stmcufinder/plugins/mcufinder/ => /home/tuna/.stmcufinder/plugins/mcufinder
2025-10-10 07:42:13,494 [INFO] DbMcusAds:125 - Set database path to: /home/tuna/.stmcufinder/plugins/mcufinder//mcu/
2025-10-10 07:42:13,494 [WARN] DbFile:41 - Overriding database path with different value: /home/tuna/.stmcufinder/plugins/mcufinder/ => /home/tuna/.stmcufinder/plugins/mcufinder
2025-10-10 07:42:13,494 [WARN] DbFile:41 - Overriding database path with different value: /home/tuna/.stmcufinder/plugins/mcufinder/ => /home/tuna/.stmcufinder/plugins/mcufinder
2025-10-10 07:42:14,496 [INFO] CrossReferenceDbSqlite:203 - Set database path to: /home/tuna/.stmcufinder/plugins/mcufinder//mcu/cs/
2025-10-10 07:42:14,559 [INFO] MainPanel:274 - HeapMemory: 268435456
2025-10-10 07:42:14,704 [INFO] DbMcusXml:78 - Set database path to: /home/tuna/st/stm32cubeide_1.18.1/plugins/com.st.stm32cube.common.mx_6.15.0.202507011659//db//mcu/
2025-10-10 07:42:14,704 [INFO] ApiDb:274 - Set plugin database path to: /home/tuna/st/stm32cubeide_1.18.1/plugins/com.st.stm32cube.common.mx_6.15.0.202507011659//db//plugins/boardmanager/
2025-10-10 07:42:14,704 [INFO] ApiDb:261 - Set plugin images path to: /home/tuna/st/stm32cubeide_1.18.1/plugins/com.st.stm32cube.common.mx_6.15.0.202507011659//db//plugins/mcufinder/images/
2025-10-10 07:42:14,705 [WARN] DbFile:41 - Overriding database path with different value: /home/tuna/.stmcufinder/plugins/mcufinder/ => /home/tuna/.stmcufinder/plugins/mcufinder
2025-10-10 07:42:14,705 [INFO] ApiDb:250 - Set database path to: /home/tuna/.stmcufinder/plugins/mcufinder//mcu/
2025-10-10 07:42:14,705 [WARN] DbFile:41 - Overriding database path with different value: /home/tuna/.stmcufinder/plugins/mcufinder/ => /home/tuna/.stmcufinder/plugins/mcufinder
2025-10-10 07:42:14,705 [INFO] DbMcusAds:125 - Set database path to: /home/tuna/.stmcufinder/plugins/mcufinder//mcu/
2025-10-10 07:42:14,705 [WARN] DbFile:41 - Overriding database path with different value: /home/tuna/.stmcufinder/plugins/mcufinder/ => /home/tuna/.stmcufinder/plugins/mcufinder
2025-10-10 07:42:14,705 [WARN] DbFile:41 - Overriding database path with different value: /home/tuna/.stmcufinder/plugins/mcufinder/ => /home/tuna/.stmcufinder/plugins/mcufinder
2025-10-10 07:42:15,706 [INFO] CrossReferenceDbSqlite:203 - Set database path to: /home/tuna/.stmcufinder/plugins/mcufinder//mcu/cs/
2025-10-10 07:42:15,733 [INFO] ApplicationProperties:184 - Using Application install path: /home/tuna/st/stm32cubeide_1.18.1/plugins/com.st.stm32cube.common.mx_6.15.0.202507011659
2025-10-10 07:42:15,736 [INFO] PluginManage:196 - Search for loadable plugins [exclusion list=, ]
2025-10-10 07:42:15,738 [INFO] PluginManage:310 - Check plugin analytics
2025-10-10 07:42:16,953 [INFO] AnalyticsPlugin:253 - Accepted Software Licenses: STM32CubeMX.6.15.0
2025-10-10 07:42:16,953 [INFO] AnalyticsPlugin:255 - Accepted CMSIS Pack Licenses: 
2025-10-10 07:42:16,953 [INFO] AnalyticsPlugin:257 - Accepted Firmware Licenses: FW.G4.1.6.0,FW.F4.1.28.0
2025-10-10 07:42:16,956 [INFO] PluginManage:359 - Loaded plugin analytics (category:tool,tabindex:-1)
2025-10-10 07:42:16,957 [INFO] PluginManage:310 - Check plugin cadmodel
2025-10-10 07:42:16,965 [INFO] CADModel:105 - Init CAD model plugin
2025-10-10 07:42:16,965 [INFO] PluginManage:359 - Loaded plugin cadmodel (category:power,tabindex:5)
2025-10-10 07:42:16,965 [INFO] PluginManage:310 - Check plugin clock
2025-10-10 07:42:16,981 [INFO] PluginManage:359 - Loaded plugin clock (category:base,tabindex:2)
2025-10-10 07:42:16,982 [INFO] PluginManage:310 - Check plugin ddr
2025-10-10 07:42:16,985 [INFO] PluginManage:359 - Loaded plugin ddr (category:tool,tabindex:6)
2025-10-10 07:42:16,985 [INFO] PluginManage:310 - Check plugin filemanager
2025-10-10 07:42:17,191 [INFO] PluginManage:359 - Loaded plugin filemanager (category:base,tabindex:10)
2025-10-10 07:42:17,191 [INFO] PluginManage:310 - Check plugin ipmanager
2025-10-10 07:42:17,198 [INFO] PluginManage:359 - Loaded plugin ipmanager (category:base,tabindex:5)
2025-10-10 07:42:17,199 [INFO] PluginManage:310 - Check plugin lpbam
2025-10-10 07:42:17,211 [INFO] PluginManage:359 - Loaded plugin lpbam (category:base,tabindex:0)
2025-10-10 07:42:17,212 [INFO] PluginManage:310 - Check plugin memorymap
2025-10-10 07:42:17,229 [INFO] PluginManage:359 - Loaded plugin memorymap (category:base,tabindex:4)
2025-10-10 07:42:17,229 [INFO] PluginManage:310 - Check plugin pinoutandconfiguration
2025-10-10 07:42:17,242 [INFO] PluginManage:359 - Loaded plugin pinoutandconfiguration (category:base,tabindex:1)
2025-10-10 07:42:17,242 [INFO] PluginManage:310 - Check plugin pinoutconfig
2025-10-10 07:42:17,358 [WARN] SupportedApi:132 - Cannot load RTOS API schema: s4s-elt-must-match.1: The content of 'definitions' must match (annotation?, (simpleType | complexType)?, (unique | key | keyref)*)). A problem was found starting at: attribute.
2025-10-10 07:42:17,566 [INFO] PluginManage:359 - Loaded plugin pinoutconfig (category:base,tabindex:0)
2025-10-10 07:42:17,566 [INFO] PluginManage:310 - Check plugin power
2025-10-10 07:42:17,583 [INFO] PluginManage:359 - Loaded plugin power (category:power,tabindex:4)
2025-10-10 07:42:17,583 [INFO] PluginManage:310 - Check plugin projectmanager
2025-10-10 07:42:17,609 [INFO] PluginManage:359 - Loaded plugin projectmanager (category:projectmanager,tabindex:4)
2025-10-10 07:42:17,609 [INFO] PluginManage:310 - Check plugin rif
2025-10-10 07:42:17,625 [INFO] PluginManage:359 - Loaded plugin rif (category:base,tabindex:3)
2025-10-10 07:42:17,626 [INFO] PluginManage:310 - Check plugin thirdparty
2025-10-10 07:42:17,804 [INFO] PluginManage:359 - Loaded plugin thirdparty (category:base,tabindex:-1)
2025-10-10 07:42:17,804 [WARN] IntegrityCheckThread:84 - waiting for thirdparty lock release [integrity check]
2025-10-10 07:42:17,804 [INFO] IntegrityCheckThread:86 - entering critical section [integrity check]
2025-10-10 07:42:17,804 [INFO] PluginManage:310 - Check plugin tools
2025-10-10 07:42:17,805 [INFO] ThirdPartyUpdaterWithRetryManager:70 - Updater plugin not ready yet. [1/15]
2025-10-10 07:42:17,807 [INFO] PluginManage:359 - Loaded plugin tools (category:base,tabindex:7)
2025-10-10 07:42:17,807 [INFO] PluginManage:310 - Check plugin tutovideos
2025-10-10 07:42:17,997 [INFO] PluginManage:359 - Loaded plugin tutovideos (category:base,tabindex:-1)
2025-10-10 07:42:17,997 [INFO] PluginManage:310 - Check plugin updater
2025-10-10 07:42:18,014 [INFO] PluginManage:359 - Loaded plugin updater (category:base,tabindex:12)
2025-10-10 07:42:18,014 [INFO] PluginManage:310 - Check plugin userauth
2025-10-10 07:42:18,017 [INFO] UserAuth:118 - Init User Auth plugin
2025-10-10 07:42:18,018 [INFO] PluginManage:359 - Loaded plugin userauth (category:base,tabindex:14)
2025-10-10 07:42:18,018 [INFO] PluginManage:283 - PluginManage : Loaded plugins [18]
2025-10-10 07:42:18,157 [INFO] PinOutPanel:1589 - setPackage(No Configuration,No Configuration)
2025-10-10 07:42:18,209 [INFO] CADModel:165 - CPN selected for project level
2025-10-10 07:42:18,209 [INFO] CADModel:114 - Register for checkConnection events
2025-10-10 07:42:18,219 [INFO] IPUIPlugin:80 - create IPUIPlugin
2025-10-10 07:42:18,220 [INFO] PluginManager:220 - loadIPPluginJar : add ddr_ctrl_phy
2025-10-10 07:42:18,221 [INFO] IPUIPlugin:80 - create IPUIPlugin
2025-10-10 07:42:18,221 [INFO] PluginManager:220 - loadIPPluginJar : add aes
2025-10-10 07:42:18,225 [INFO] IPUIPlugin:80 - create IPUIPlugin
2025-10-10 07:42:18,225 [INFO] PluginManager:220 - loadIPPluginJar : add gic
2025-10-10 07:42:18,228 [INFO] IPUIPlugin:80 - create IPUIPlugin
2025-10-10 07:42:18,229 [INFO] PluginManager:220 - loadIPPluginJar : add resmgrutility
2025-10-10 07:42:18,230 [INFO] IPUIPlugin:80 - create IPUIPlugin
2025-10-10 07:42:18,230 [INFO] PluginManager:220 - loadIPPluginJar : add dma3
2025-10-10 07:42:18,231 [INFO] IPUIPlugin:80 - create IPUIPlugin
2025-10-10 07:42:18,231 [INFO] PluginManager:220 - loadIPPluginJar : add spi
2025-10-10 07:42:18,235 [INFO] IPUIPlugin:80 - create IPUIPlugin
2025-10-10 07:42:18,237 [INFO] PluginManager:220 - loadIPPluginJar : add plateformsettings
2025-10-10 07:42:18,239 [INFO] IPUIPlugin:80 - create IPUIPlugin
2025-10-10 07:42:18,239 [INFO] PluginManager:220 - loadIPPluginJar : add gtzc
2025-10-10 07:42:18,242 [INFO] IPUIPlugin:80 - create IPUIPlugin
2025-10-10 07:42:18,242 [INFO] PluginManager:220 - loadIPPluginJar : add freertos
2025-10-10 07:42:18,245 [INFO] IPUIPlugin:80 - create IPUIPlugin
2025-10-10 07:42:18,245 [INFO] PluginManager:220 - loadIPPluginJar : add fmc
2025-10-10 07:42:18,246 [INFO] IPUIPlugin:80 - create IPUIPlugin
2025-10-10 07:42:18,246 [INFO] PluginManager:220 - loadIPPluginJar : add quadspi
2025-10-10 07:42:18,247 [INFO] IPUIPlugin:80 - create IPUIPlugin
2025-10-10 07:42:18,247 [INFO] PluginManager:220 - loadIPPluginJar : add radio
2025-10-10 07:42:18,248 [INFO] IPUIPlugin:80 - create IPUIPlugin
2025-10-10 07:42:18,248 [INFO] PluginManager:220 - loadIPPluginJar : add fatfs
2025-10-10 07:42:18,252 [INFO] IPUIPlugin:80 - create IPUIPlugin
2025-10-10 07:42:18,252 [INFO] PluginManager:220 - loadIPPluginJar : add mdma
2025-10-10 07:42:18,253 [INFO] IPUIPlugin:80 - create IPUIPlugin
2025-10-10 07:42:18,253 [INFO] PluginManager:220 - loadIPPluginJar : add ltdc
2025-10-10 07:42:18,255 [INFO] IPUIPlugin:80 - create IPUIPlugin
2025-10-10 07:42:18,255 [INFO] PluginManager:220 - loadIPPluginJar : add gpio
2025-10-10 07:42:18,257 [INFO] IPUIPlugin:80 - create IPUIPlugin
2025-10-10 07:42:18,257 [INFO] PluginManager:220 - loadIPPluginJar : add opamp
2025-10-10 07:42:18,258 [INFO] IPUIPlugin:80 - create IPUIPlugin
2025-10-10 07:42:18,258 [INFO] PluginManager:220 - loadIPPluginJar : add usart
2025-10-10 07:42:18,260 [INFO] IPUIPlugin:80 - create IPUIPlugin
2025-10-10 07:42:18,260 [INFO] PluginManager:220 - loadIPPluginJar : add usbx
2025-10-10 07:42:18,261 [INFO] IPUIPlugin:80 - create IPUIPlugin
2025-10-10 07:42:18,261 [INFO] PluginManager:220 - loadIPPluginJar : add tim
2025-10-10 07:42:18,262 [INFO] IPUIPlugin:80 - create IPUIPlugin
2025-10-10 07:42:18,262 [INFO] PluginManager:220 - loadIPPluginJar : add lorawan
2025-10-10 07:42:18,264 [INFO] IPUIPlugin:80 - create IPUIPlugin
2025-10-10 07:42:18,264 [INFO] PluginManager:220 - loadIPPluginJar : add i2s
2025-10-10 07:42:18,268 [INFO] IPUIPlugin:80 - create IPUIPlugin
2025-10-10 07:42:18,268 [INFO] PluginManager:220 - loadIPPluginJar : add adc
2025-10-10 07:42:18,270 [INFO] IPUIPlugin:80 - create IPUIPlugin
2025-10-10 07:42:18,270 [INFO] PluginManager:220 - loadIPPluginJar : add extmemmanager
2025-10-10 07:42:18,271 [INFO] IPUIPlugin:80 - create IPUIPlugin
2025-10-10 07:42:18,271 [INFO] PluginManager:220 - loadIPPluginJar : add comp
2025-10-10 07:42:18,272 [INFO] IPUIPlugin:80 - create IPUIPlugin
2025-10-10 07:42:18,272 [INFO] PluginManager:220 - loadIPPluginJar : add genericplugin
2025-10-10 07:42:18,273 [INFO] IPUIPlugin:80 - create IPUIPlugin
2025-10-10 07:42:18,273 [INFO] PluginManager:220 - loadIPPluginJar : add ts
2025-10-10 07:42:18,274 [INFO] IPUIPlugin:80 - create IPUIPlugin
2025-10-10 07:42:18,274 [INFO] PluginManager:220 - loadIPPluginJar : add ucpd
2025-10-10 07:42:18,275 [INFO] IPUIPlugin:80 - create IPUIPlugin
2025-10-10 07:42:18,275 [INFO] PluginManager:220 - loadIPPluginJar : add can
2025-10-10 07:42:18,277 [INFO] IPUIPlugin:80 - create IPUIPlugin
2025-10-10 07:42:18,277 [INFO] PluginManager:220 - loadIPPluginJar : add touchsensing
2025-10-10 07:42:18,278 [INFO] IPUIPlugin:80 - create IPUIPlugin
2025-10-10 07:42:18,278 [INFO] PluginManager:220 - loadIPPluginJar : add tracer_emb
2025-10-10 07:42:18,282 [INFO] IPUIPlugin:80 - create IPUIPlugin
2025-10-10 07:42:18,282 [INFO] PluginManager:220 - loadIPPluginJar : add stm32_wpan
2025-10-10 07:42:18,283 [INFO] IPUIPlugin:80 - create IPUIPlugin
2025-10-10 07:42:18,283 [INFO] PluginManager:220 - loadIPPluginJar : add tsc
2025-10-10 07:42:18,284 [INFO] IPUIPlugin:80 - create IPUIPlugin
2025-10-10 07:42:18,285 [INFO] PluginManager:220 - loadIPPluginJar : add gfxmmu
2025-10-10 07:42:18,287 [INFO] IPUIPlugin:80 - create IPUIPlugin
2025-10-10 07:42:18,287 [INFO] PluginManager:220 - loadIPPluginJar : add ipddr
2025-10-10 07:42:18,288 [INFO] IPUIPlugin:80 - create IPUIPlugin
2025-10-10 07:42:18,288 [INFO] PluginManager:220 - loadIPPluginJar : add i2c
2025-10-10 07:42:18,291 [INFO] IPUIPlugin:80 - create IPUIPlugin
2025-10-10 07:42:18,291 [INFO] PluginManager:220 - loadIPPluginJar : add nvic
2025-10-10 07:42:18,292 [INFO] IPUIPlugin:80 - create IPUIPlugin
2025-10-10 07:42:18,292 [INFO] PluginManager:220 - loadIPPluginJar : add i3c
2025-10-10 07:42:18,294 [INFO] IPUIPlugin:80 - create IPUIPlugin
2025-10-10 07:42:18,294 [INFO] PluginManager:220 - loadIPPluginJar : add dfsdm
2025-10-10 07:42:18,295 [INFO] IPUIPlugin:80 - create IPUIPlugin
2025-10-10 07:42:18,295 [INFO] PluginManager:220 - loadIPPluginJar : add pdm2pcm
2025-10-10 07:42:18,297 [INFO] IPUIPlugin:80 - create IPUIPlugin
2025-10-10 07:42:18,297 [INFO] PluginManager:220 - loadIPPluginJar : add openamp
2025-10-10 07:42:18,301 [INFO] IPUIPlugin:80 - create IPUIPlugin
2025-10-10 07:42:18,301 [INFO] PluginManager:220 - loadIPPluginJar : add dma
2025-10-10 07:42:18,303 [INFO] IPUIPlugin:80 - create IPUIPlugin
2025-10-10 07:42:18,303 [INFO] PluginManager:220 - loadIPPluginJar : add sai
2025-10-10 07:42:18,304 [INFO] IPUIPlugin:80 - create IPUIPlugin
2025-10-10 07:42:18,304 [INFO] PluginManager:220 - loadIPPluginJar : add hash
2025-10-10 07:42:18,308 [INFO] IPUIPlugin:80 - create IPUIPlugin
2025-10-10 07:42:18,308 [INFO] PluginManager:220 - loadIPPluginJar : add linkedlist
2025-10-10 07:42:18,310 [INFO] IPUIPlugin:80 - create IPUIPlugin
2025-10-10 07:42:18,310 [INFO] PluginManager:220 - loadIPPluginJar : add cryp
2025-10-10 07:42:18,401 [FATAL] Updater:351 - Updater called before beeing initialized
2025-10-10 07:42:18,418 [INFO] RulesReader:64 - Compatibility file has been processed (317 Rules)
2025-10-10 07:42:18,426 [INFO] RulesReader:64 - Compatibility file has been processed (317 Rules)
2025-10-10 07:42:18,431 [INFO] CADModel:165 - CPN selected for project level
2025-10-10 07:42:18,431 [INFO] CADModel:114 - Register for checkConnection events
2025-10-10 07:42:18,431 [FATAL] Updater:351 - Updater called before beeing initialized
2025-10-10 07:42:18,431 [ERROR] CADModel:125 - Updater not yet initialized, retry later 
2025-10-10 07:42:18,539 [FATAL] Updater:351 - Updater called before beeing initialized
2025-10-10 07:42:18,540 [INFO] CADModel:165 - CPN selected for project level
2025-10-10 07:42:18,541 [INFO] CADModel:114 - Register for checkConnection events
2025-10-10 07:42:18,541 [FATAL] Updater:351 - Updater called before beeing initialized
2025-10-10 07:42:18,541 [ERROR] CADModel:125 - Updater not yet initialized, retry later 
2025-10-10 07:42:18,544 [FATAL] Updater:351 - Updater called before beeing initialized
2025-10-10 07:42:18,605 [FATAL] Updater:351 - Updater called before beeing initialized
2025-10-10 07:42:18,608 [INFO] DbMcusAds:53 - JSON generation date=Thu Oct 02 16:36:05 ICT 2025 (1759397765645)
2025-10-10 07:42:18,608 [FATAL] Updater:351 - Updater called before beeing initialized
2025-10-10 07:42:18,634 [WARN] DetailPanel:346 - Failed to get advertising image, set to default
2025-10-10 07:42:18,698 [FATAL] Updater:351 - Updater called before beeing initialized
2025-10-10 07:42:18,699 [FATAL] Updater:351 - Updater called before beeing initialized
2025-10-10 07:42:18,699 [FATAL] Updater:351 - Updater called before beeing initialized
2025-10-10 07:42:18,700 [WARN] DetailPanel:346 - Failed to get advertising image, set to default
2025-10-10 07:42:18,700 [FATAL] Updater:351 - Updater called before beeing initialized
2025-10-10 07:42:18,723 [ERROR] Updater:1198 - MainUpdater not yet initialized. External WinMGr cannot be set.
2025-10-10 07:42:18,725 [INFO] Updater:1134 - Updater Version found : 6.15.0
2025-10-10 07:42:18,737 [INFO] ApplicationProperties:184 - Using Application install path: /home/tuna/st/stm32cubeide_1.18.1/plugins/com.st.stm32cube.common.mx_6.15.0.202507011659
2025-10-10 07:42:19,258 [INFO] MainUpdater:2872 - connection check result : 10
2025-10-10 07:42:19,259 [INFO] MainUpdater:289 - Updater Check For Update Now.
2025-10-10 07:42:19,259 [INFO] MicroXplorer:498 - Change Database Version : DB.6.0.150
2025-10-10 07:42:19,263 [INFO] McuFinderGlobals:63 - Set McuFinder mode to 2 (CubeIDE integrated)
2025-10-10 07:42:19,264 [INFO] UserAuth:487 - Internet connection configuration mode: 1
2025-10-10 07:42:19,284 [INFO] JxBrowserEngine:152 - Initiate JxBrowser Engine with user profile folder
2025-10-10 07:42:19,419 [INFO] CheckServerUpdateThread:120 - End of CheckServer Thread
2025-10-10 07:42:20,326 [INFO] WebApp:169 - Instantiating new browser for Auth
2025-10-10 07:42:20,911 [INFO] WebApp:463 - Apply proxy settings
2025-10-10 07:42:20,911 [INFO] WebApp:548 - Chromium requires no authentication
2025-10-10 07:42:20,919 [INFO] WebApp:491 - Direct internet connection detected
2025-10-10 07:42:20,932 [INFO] WebApp:900 - Register for checkConnection events
2025-10-10 07:42:20,933 [INFO] WebApp:463 - Apply proxy settings
2025-10-10 07:42:20,933 [INFO] WebApp:548 - Chromium requires no authentication
2025-10-10 07:42:20,933 [INFO] WebApp:491 - Direct internet connection detected
2025-10-10 07:42:20,992 [WARN] PackLoader:240 - Cannot read IP mode file for STMicroelectronics.FP-SNS-MOTENVWB1.1.4.0
2025-10-10 07:42:20,998 [WARN] PackLoader:240 - Cannot read IP mode file for STMicroelectronics.FP-ATR-ASTRA1.2.0.2
2025-10-10 07:42:21,003 [WARN] PackLoader:240 - Cannot read IP mode file for STMicroelectronics.X-CUBE-SMBUS.2.1.0
2025-10-10 07:42:21,007 [WARN] PackLoader:240 - Cannot read IP mode file for STMicroelectronics.X-CUBE-ST60.1.0.0
2025-10-10 07:42:21,026 [WARN] PackLoader:240 - Cannot read IP mode file for STMicroelectronics.X-CUBE-AZRTOS-F7.1.1.0
2025-10-10 07:42:21,053 [WARN] PackLoader:240 - Cannot read IP mode file for Infineon.AIROC-Wi-Fi-Bluetooth-STM32.1.7.1
2025-10-10 07:42:21,077 [WARN] PackLoader:240 - Cannot read IP mode file for STMicroelectronics.X-CUBE-AZRTOS-H7.3.4.0
2025-10-10 07:42:21,084 [WARN] PackLoader:240 - Cannot read IP mode file for STMicroelectronics.X-CUBE-DISPLAY.3.0.0
2025-10-10 07:42:21,086 [INFO] WebApp:225 - Starting web application
2025-10-10 07:42:21,086 [INFO] WebApp:593 - Web application path used /home/tuna/st/stm32cubeide_1.18.1/plugins/com.st.stm32cube.common.mx_6.15.0.202507011659/db/plugins/mcufinder/reactClient1/index.html
2025-10-10 07:42:21,093 [WARN] PackLoader:240 - Cannot read IP mode file for STMicroelectronics.X-CUBE-NFC10.1.0.0
2025-10-10 07:42:21,098 [WARN] PackLoader:240 - Cannot read IP mode file for emotas.I-CUBE-CANOPEN.1.3.0
2025-10-10 07:42:21,103 [WARN] PackLoader:240 - Cannot read IP mode file for STMicroelectronics.FP-SNS-STBOX1.2.1.0
2025-10-10 07:42:21,106 [WARN] PackLoader:240 - Cannot read IP mode file for STMicroelectronics.FP-SNS-SMARTAG2.1.2.0
2025-10-10 07:42:21,109 [WARN] PackLoader:240 - Cannot read IP mode file for STMicroelectronics.FP-SNS-FLIGHT1.5.1.0
2025-10-10 07:42:21,115 [INFO] LogOutputStream:77 - [STDOUT_REDIRECT] 1 : Invalid condition id : UX_CORESTACK_Condition cause : null
2025-10-10 07:42:21,115 [INFO] LogOutputStream:77 - [STDOUT_REDIRECT] 1 : Invalid condition id : UX_CORESTACK_Condition cause : null
2025-10-10 07:42:21,116 [INFO] LogOutputStream:77 - [STDOUT_REDIRECT] 1 : Invalid condition id : UX_CORESTACK_Condition cause : null
2025-10-10 07:42:21,116 [INFO] LogOutputStream:77 - [STDOUT_REDIRECT] 1 : Invalid condition id : UX_CORESTACK_Condition cause : null
2025-10-10 07:42:21,116 [INFO] LogOutputStream:77 - [STDOUT_REDIRECT] 1 : Invalid condition id : UX_CORESTACK_Condition cause : null
2025-10-10 07:42:21,118 [WARN] PackLoader:240 - Cannot read IP mode file for STMicroelectronics.X-CUBE-AZRTOS-WL.2.0.0
2025-10-10 07:42:21,122 [WARN] PackLoader:240 - Cannot read IP mode file for STMicroelectronics.FP-SNS-MOTENV1.5.0.0
2025-10-10 07:42:21,129 [WARN] PackLoader:240 - Cannot read IP mode file for WES.I-CUBE-Cesium.1.3.0
2025-10-10 07:42:21,134 [WARN] PackLoader:240 - Cannot read IP mode file for STMicroelectronics.X-CUBE-BLE2.3.3.0
2025-10-10 07:42:21,140 [WARN] PackLoader:240 - Cannot read IP mode file for STMicroelectronics.X-CUBE-NFC9.1.0.0
2025-10-10 07:42:21,145 [WARN] PackLoader:240 - Cannot read IP mode file for wolfSSL.I-CUBE-wolfSSL.5.8.2
2025-10-10 07:42:21,149 [WARN] PackLoader:240 - Cannot read IP mode file for STMicroelectronics.X-CUBE-BLE1.7.1.0
2025-10-10 07:42:21,153 [WARN] PackLoader:240 - Cannot read IP mode file for wolfSSL.I-CUBE-wolfMQTT.1.19.2
2025-10-10 07:42:21,157 [WARN] PackLoader:240 - Cannot read IP mode file for STMicroelectronics.X-CUBE-EEPRMA1.5.2.0
2025-10-10 07:42:21,163 [WARN] PackLoader:240 - Cannot read IP mode file for STMicroelectronics.X-CUBE-AI.10.1.0
2025-10-10 07:42:21,177 [WARN] PackLoader:240 - Cannot read IP mode file for STMicroelectronics.X-CUBE-AZRTOS-G0.1.1.0
2025-10-10 07:42:21,179 [INFO] WebApp:191 - Connection restablished
2025-10-10 07:42:21,184 [WARN] PackLoader:240 - Cannot read IP mode file for STMicroelectronics.X-CUBE-SAFEA1.1.2.2
2025-10-10 07:42:21,189 [WARN] PackLoader:240 - Cannot read IP mode file for STMicroelectronics.X-CUBE-NFC4.3.0.0
2025-10-10 07:42:21,194 [WARN] PackLoader:240 - Cannot read IP mode file for EmbeddedOffice.I-CUBE-FS-RTOS.1.0.1
2025-10-10 07:42:21,198 [WARN] PackLoader:240 - Cannot read IP mode file for STMicroelectronics.X-CUBE-WB05N.2.0.0
2025-10-10 07:42:21,200 [WARN] PackLoader:240 - Cannot read IP mode file for wolfSSL.I-CUBE-wolfTPM.3.8.0
2025-10-10 07:42:21,203 [WARN] PackLoader:240 - Cannot read IP mode file for STMicroelectronics.X-CUBE-TCPP.4.2.0
2025-10-10 07:42:21,206 [WARN] PackLoader:240 - Cannot read IP mode file for RealThread.X-CUBE-RT-Thread_Nano.4.1.1
2025-10-10 07:42:21,208 [WARN] PackLoader:240 - Cannot read IP mode file for STMicroelectronics.FP-ATR-SIGFOX1.3.2.0
2025-10-10 07:42:21,211 [WARN] PackLoader:240 - Cannot read IP mode file for ITTIA_DB.I-CUBE-ITTIADB.8.9.0
2025-10-10 07:42:21,216 [WARN] PackLoader:240 - Cannot read IP mode file for STMicroelectronics.X-CUBE-ST67W61.1.0.0
2025-10-10 07:42:21,219 [WARN] PackLoader:240 - Cannot read IP mode file for STMicroelectronics.X-CUBE-AI.10.2.0
2025-10-10 07:42:21,235 [WARN] PackLoader:240 - Cannot read IP mode file for SEGGER.I-CUBE-embOS.1.3.1
2025-10-10 07:42:21,257 [WARN] PackLoader:240 - Cannot read IP mode file for STMicroelectronics.X-CUBE-ALGOBUILD.1.4.0
2025-10-10 07:42:21,299 [WARN] PackLoader:240 - Cannot read IP mode file for STMicroelectronics.X-CUBE-MEMS1.11.3.0
2025-10-10 07:42:21,397 [WARN] PackLoader:240 - Cannot read IP mode file for STMicroelectronics.X-CUBE-PM33A1.1.0.0
2025-10-10 07:42:21,406 [WARN] PackLoader:240 - Cannot read IP mode file for STMicroelectronics.X-CUBE-AZRTOS-F4.1.1.0
2025-10-10 07:42:21,410 [WARN] PackLoader:240 - Cannot read IP mode file for Avnet-IotConnect.X-CUBE-IoTC-DA16k-PMOD.1.0.0
2025-10-10 07:42:21,413 [WARN] PackLoader:240 - Cannot read IP mode file for STMicroelectronics.X-CUBE-ISPU.2.1.0
2025-10-10 07:42:21,417 [WARN] PackLoader:240 - Cannot read IP mode file for STMicroelectronics.X-CUBE-NFC12.1.0.0
2025-10-10 07:42:21,426 [WARN] PackLoader:240 - Cannot read IP mode file for STMicroelectronics.X-CUBE-AZRTOS-L5.2.0.0
2025-10-10 07:42:21,431 [WARN] PackLoader:240 - Cannot read IP mode file for STMicroelectronics.X-CUBE-NFC6.3.1.0
2025-10-10 07:42:21,436 [WARN] PackLoader:240 - Cannot read IP mode file for STMicroelectronics.X-CUBE-FREERTOS.1.3.1
2025-10-10 07:42:21,439 [WARN] PackLoader:240 - Cannot read IP mode file for STMicroelectronics.X-CUBE-TOUCHGFX.4.26.0
2025-10-10 07:42:21,447 [WARN] PackLoader:240 - Cannot read IP mode file for STMicroelectronics.FP-SNS-STAIOTCFT.1.0.0
2025-10-10 07:42:21,452 [WARN] PackLoader:240 - Cannot read IP mode file for STMicroelectronics.X-CUBE-DPower.1.3.0
2025-10-10 07:42:21,465 [WARN] ConditionMgr:438 - getConditionDescription Invalid condition id : LAN8742 Phy interface Condition cause : null
2025-10-10 07:42:21,466 [WARN] PackLoader:240 - Cannot read IP mode file for STMicroelectronics.X-CUBE-AZRTOS-L4.2.0.0
2025-10-10 07:42:21,467 [WARN] ConditionMgr:1044 - genDependencies : Invalid condition id : LAN8742 Phy interface Condition cause : null
2025-10-10 07:42:21,467 [WARN] ConditionMgr:1044 - genDependencies : Invalid condition id : LAN8742 Phy interface Condition cause : null
2025-10-10 07:42:21,468 [WARN] ConditionMgr:1044 - genDependencies : Invalid condition id : LAN8742 Phy interface Condition cause : null
2025-10-10 07:42:21,474 [WARN] PackLoader:240 - Cannot read IP mode file for STMicroelectronics.X-CUBE-SFXS2LP1.4.0.0
2025-10-10 07:42:21,483 [WARN] PackLoader:240 - Cannot read IP mode file for STMicroelectronics.X-CUBE-BLEMGR.4.1.0
2025-10-10 07:42:21,494 [WARN] ConditionMgr:438 - getConditionDescription Invalid condition id : UX DEVICE CLASS RTOS Condition cause : null
2025-10-10 07:42:21,494 [WARN] ConditionMgr:438 - getConditionDescription Invalid condition id : UX DEVICE CLASS RTOS Condition cause : null
2025-10-10 07:42:21,496 [WARN] PackLoader:240 - Cannot read IP mode file for STMicroelectronics.X-CUBE-AZRTOS-WB.2.0.0
2025-10-10 07:42:21,496 [WARN] ConditionMgr:1044 - genDependencies : Invalid condition id : UX DEVICE CLASS RTOS Condition cause : null
2025-10-10 07:42:21,497 [WARN] ConditionMgr:1044 - genDependencies : Invalid condition id : UX DEVICE CLASS RTOS Condition cause : null
2025-10-10 07:42:21,497 [WARN] ConditionMgr:1044 - genDependencies : Invalid condition id : UX DEVICE CLASS RTOS Condition cause : null
2025-10-10 07:42:21,497 [WARN] ConditionMgr:1044 - genDependencies : Invalid condition id : UX DEVICE CLASS RTOS Condition cause : null
2025-10-10 07:42:21,497 [WARN] ConditionMgr:1044 - genDependencies : Invalid condition id : UX DEVICE CLASS RTOS Condition cause : null
2025-10-10 07:42:21,505 [WARN] PackLoader:240 - Cannot read IP mode file for STMicroelectronics.X-CUBE-GNSS1.7.0.1
2025-10-10 07:42:21,508 [WARN] PackLoader:240 - Cannot read IP mode file for STMicroelectronics.X-CUBE-TOUCHGFX.4.25.0
2025-10-10 07:42:21,513 [WARN] PackLoader:240 - Cannot read IP mode file for STMicroelectronics.FP-SNS-STBOX1.2.0.0
2025-10-10 07:42:21,518 [WARN] ConditionMgr:438 - getConditionDescription Invalid condition id : Cortex-A Device cause : null
2025-10-10 07:42:21,530 [WARN] ConditionMgr:1044 - genDependencies : Invalid condition id : Cortex-A Device cause : null
2025-10-10 07:42:21,530 [WARN] ConditionMgr:1044 - genDependencies : Invalid condition id : Cortex-A Device cause : null
2025-10-10 07:42:21,530 [WARN] ConditionMgr:1044 - genDependencies : Invalid condition id : Cortex-A Device cause : null
2025-10-10 07:42:21,536 [WARN] PackLoader:240 - Cannot read IP mode file for STMicroelectronics.X-CUBE-SUBG2.5.0.0
2025-10-10 07:42:21,547 [WARN] PackLoader:240 - Cannot read IP mode file for STMicroelectronics.X-CUBE-AZRTOS-H7RS.1.1.0
2025-10-10 07:42:21,550 [WARN] PackLoader:240 - Cannot read IP mode file for Cesanta.I-CUBE-Mongoose.7.13.0
2025-10-10 07:42:21,557 [WARN] PackLoader:240 - Cannot read IP mode file for STMicroelectronics.X-CUBE-AZRTOS-G4.2.0.0
2025-10-10 07:42:21,559 [WARN] PackLoader:240 - Cannot read IP mode file for wolfSSL.I-CUBE-wolfSSH.1.4.20
2025-10-10 07:42:21,562 [WARN] PackLoader:240 - Cannot read IP mode file for STMicroelectronics.X-CUBE-NFC7.2.0.0
2025-10-10 07:42:21,571 [WARN] PackLoader:240 - Cannot read IP mode file for STMicroelectronics.X-CUBE-IPS.3.1.0
2025-10-10 07:42:21,578 [WARN] PackLoader:240 - Cannot read IP mode file for STMicroelectronics.X-CUBE-ALS.1.0.2
2025-10-10 07:42:21,583 [WARN] PackLoader:240 - Cannot read IP mode file for STMicroelectronics.X-CUBE-STSE01.1.0.0
2025-10-10 07:42:21,586 [WARN] PackLoader:240 - Cannot read IP mode file for portGmbH.I-Cube-SoM-uGOAL.1.1.0
2025-10-10 07:42:21,591 [WARN] PackLoader:240 - Cannot read IP mode file for STMicroelectronics.X-CUBE-TOF1.3.4.3
2025-10-10 07:42:21,596 [INFO] ThirdParty:978 - Integrity check success = true
2025-10-10 07:42:21,596 [INFO] IntegrityCheckThread:100 - exiting critical section [integrity check]
2025-10-10 07:42:21,596 [INFO] IntegrityCheckThread:103 - End integrity checks thread
2025-10-10 07:42:22,057 [INFO] UserAuth:487 - Internet connection configuration mode: 1
2025-10-10 07:44:43,078 [ERROR] LogOutputStream:75 - [STDERR_REDIRECT] 
