2025-09-27 08:10:31,901 [INFO] Activator:176 - 


2025-09-27 08:10:31,904 [INFO] Activator:177 - !SESSION log4j initialized
2025-09-27 08:10:35,821 [INFO] LogOutputStream:77 - [STDOUT_REDIRECT] 
2025-09-27 08:10:37,573 [INFO] ApplicationProperties:184 - Using Application install path: /home/tuna/st/stm32cubeide_1.18.1/plugins/com.st.stm32cube.common.mx_6.15.0.202507011659
2025-09-27 08:10:37,588 [INFO] DbMcusXml:78 - Set database path to: /home/tuna/st/stm32cubeide_1.18.1/plugins/com.st.stm32cube.common.mx_6.15.0.202507011659//db//mcu/
2025-09-27 08:10:37,588 [INFO] ApiDb:274 - Set plugin database path to: /home/tuna/st/stm32cubeide_1.18.1/plugins/com.st.stm32cube.common.mx_6.15.0.202507011659//db//plugins/boardmanager/
2025-09-27 08:10:37,589 [WARN] ApiDb:259 - Overriding images path with different value:  => /home/tuna/st/stm32cubeide_1.18.1/plugins/com.st.stm32cube.common.mx_6.15.0.202507011659//db//plugins/mcufinder/images/
2025-09-27 08:10:37,597 [INFO] ApiDb:250 - Set database path to: /home/tuna/.stmcufinder/plugins/mcufinder//mcu/
2025-09-27 08:10:37,599 [INFO] DbMcusAds:125 - Set database path to: /home/tuna/.stmcufinder/plugins/mcufinder//mcu/
2025-09-27 08:10:38,602 [INFO] CrossReferenceDbSqlite:203 - Set database path to: /home/tuna/.stmcufinder/plugins/mcufinder//mcu/cs/
2025-09-27 08:10:38,676 [INFO] RulesReader:64 - Compatibility file has been processed (317 Rules)
2025-09-27 08:10:38,726 [INFO] DbMcusXml:78 - Set database path to: /home/tuna/st/stm32cubeide_1.18.1/plugins/com.st.stm32cube.common.mx_6.15.0.202507011659//db//mcu/
2025-09-27 08:10:38,726 [INFO] ApiDb:274 - Set plugin database path to: /home/tuna/st/stm32cubeide_1.18.1/plugins/com.st.stm32cube.common.mx_6.15.0.202507011659//db//plugins/boardmanager/
2025-09-27 08:10:38,727 [INFO] ApiDb:261 - Set plugin images path to: /home/tuna/st/stm32cubeide_1.18.1/plugins/com.st.stm32cube.common.mx_6.15.0.202507011659//db//plugins/mcufinder/images/
2025-09-27 08:10:38,727 [WARN] DbFile:41 - Overriding database path with different value: /home/tuna/.stmcufinder/plugins/mcufinder/ => /home/tuna/.stmcufinder/plugins/mcufinder
2025-09-27 08:10:38,727 [INFO] ApiDb:250 - Set database path to: /home/tuna/.stmcufinder/plugins/mcufinder//mcu/
2025-09-27 08:10:38,727 [WARN] DbFile:41 - Overriding database path with different value: /home/tuna/.stmcufinder/plugins/mcufinder/ => /home/tuna/.stmcufinder/plugins/mcufinder
2025-09-27 08:10:38,727 [INFO] DbMcusAds:125 - Set database path to: /home/tuna/.stmcufinder/plugins/mcufinder//mcu/
2025-09-27 08:10:38,727 [WARN] DbFile:41 - Overriding database path with different value: /home/tuna/.stmcufinder/plugins/mcufinder/ => /home/tuna/.stmcufinder/plugins/mcufinder
2025-09-27 08:10:38,727 [WARN] DbFile:41 - Overriding database path with different value: /home/tuna/.stmcufinder/plugins/mcufinder/ => /home/tuna/.stmcufinder/plugins/mcufinder
2025-09-27 08:10:39,728 [INFO] CrossReferenceDbSqlite:203 - Set database path to: /home/tuna/.stmcufinder/plugins/mcufinder//mcu/cs/
2025-09-27 08:10:39,786 [INFO] MainPanel:274 - HeapMemory: 268435456
2025-09-27 08:10:39,918 [INFO] DbMcusXml:78 - Set database path to: /home/tuna/st/stm32cubeide_1.18.1/plugins/com.st.stm32cube.common.mx_6.15.0.202507011659//db//mcu/
2025-09-27 08:10:39,918 [INFO] ApiDb:274 - Set plugin database path to: /home/tuna/st/stm32cubeide_1.18.1/plugins/com.st.stm32cube.common.mx_6.15.0.202507011659//db//plugins/boardmanager/
2025-09-27 08:10:39,919 [INFO] ApiDb:261 - Set plugin images path to: /home/tuna/st/stm32cubeide_1.18.1/plugins/com.st.stm32cube.common.mx_6.15.0.202507011659//db//plugins/mcufinder/images/
2025-09-27 08:10:39,919 [WARN] DbFile:41 - Overriding database path with different value: /home/tuna/.stmcufinder/plugins/mcufinder/ => /home/tuna/.stmcufinder/plugins/mcufinder
2025-09-27 08:10:39,919 [INFO] ApiDb:250 - Set database path to: /home/tuna/.stmcufinder/plugins/mcufinder//mcu/
2025-09-27 08:10:39,919 [WARN] DbFile:41 - Overriding database path with different value: /home/tuna/.stmcufinder/plugins/mcufinder/ => /home/tuna/.stmcufinder/plugins/mcufinder
2025-09-27 08:10:39,919 [INFO] DbMcusAds:125 - Set database path to: /home/tuna/.stmcufinder/plugins/mcufinder//mcu/
2025-09-27 08:10:39,919 [WARN] DbFile:41 - Overriding database path with different value: /home/tuna/.stmcufinder/plugins/mcufinder/ => /home/tuna/.stmcufinder/plugins/mcufinder
2025-09-27 08:10:39,919 [WARN] DbFile:41 - Overriding database path with different value: /home/tuna/.stmcufinder/plugins/mcufinder/ => /home/tuna/.stmcufinder/plugins/mcufinder
2025-09-27 08:10:40,920 [INFO] CrossReferenceDbSqlite:203 - Set database path to: /home/tuna/.stmcufinder/plugins/mcufinder//mcu/cs/
2025-09-27 08:10:40,938 [INFO] ApplicationProperties:184 - Using Application install path: /home/tuna/st/stm32cubeide_1.18.1/plugins/com.st.stm32cube.common.mx_6.15.0.202507011659
2025-09-27 08:10:40,939 [INFO] PluginManage:196 - Search for loadable plugins [exclusion list=, ]
2025-09-27 08:10:40,940 [INFO] PluginManage:310 - Check plugin analytics
2025-09-27 08:10:42,040 [INFO] AnalyticsPlugin:253 - Accepted Software Licenses: STM32CubeMX.6.15.0
2025-09-27 08:10:42,040 [INFO] AnalyticsPlugin:255 - Accepted CMSIS Pack Licenses: 
2025-09-27 08:10:42,040 [INFO] AnalyticsPlugin:257 - Accepted Firmware Licenses: FW.G4.1.6.0,FW.F4.1.28.0
2025-09-27 08:10:42,042 [INFO] PluginManage:359 - Loaded plugin analytics (category:tool,tabindex:-1)
2025-09-27 08:10:42,042 [INFO] PluginManage:310 - Check plugin cadmodel
2025-09-27 08:10:42,047 [INFO] CADModel:105 - Init CAD model plugin
2025-09-27 08:10:42,047 [INFO] PluginManage:359 - Loaded plugin cadmodel (category:power,tabindex:5)
2025-09-27 08:10:42,047 [INFO] PluginManage:310 - Check plugin clock
2025-09-27 08:10:42,055 [INFO] PluginManage:359 - Loaded plugin clock (category:base,tabindex:2)
2025-09-27 08:10:42,055 [INFO] PluginManage:310 - Check plugin ddr
2025-09-27 08:10:42,057 [INFO] PluginManage:359 - Loaded plugin ddr (category:tool,tabindex:6)
2025-09-27 08:10:42,057 [INFO] PluginManage:310 - Check plugin filemanager
2025-09-27 08:10:42,177 [INFO] PluginManage:359 - Loaded plugin filemanager (category:base,tabindex:10)
2025-09-27 08:10:42,177 [INFO] PluginManage:310 - Check plugin ipmanager
2025-09-27 08:10:42,182 [INFO] PluginManage:359 - Loaded plugin ipmanager (category:base,tabindex:5)
2025-09-27 08:10:42,182 [INFO] PluginManage:310 - Check plugin lpbam
2025-09-27 08:10:42,190 [INFO] PluginManage:359 - Loaded plugin lpbam (category:base,tabindex:0)
2025-09-27 08:10:42,190 [INFO] PluginManage:310 - Check plugin memorymap
2025-09-27 08:10:42,200 [INFO] PluginManage:359 - Loaded plugin memorymap (category:base,tabindex:4)
2025-09-27 08:10:42,201 [INFO] PluginManage:310 - Check plugin pinoutandconfiguration
2025-09-27 08:10:42,208 [INFO] PluginManage:359 - Loaded plugin pinoutandconfiguration (category:base,tabindex:1)
2025-09-27 08:10:42,208 [INFO] PluginManage:310 - Check plugin pinoutconfig
2025-09-27 08:10:42,275 [WARN] SupportedApi:132 - Cannot load RTOS API schema: s4s-elt-must-match.1: The content of 'definitions' must match (annotation?, (simpleType | complexType)?, (unique | key | keyref)*)). A problem was found starting at: attribute.
2025-09-27 08:10:42,367 [INFO] PluginManage:359 - Loaded plugin pinoutconfig (category:base,tabindex:0)
2025-09-27 08:10:42,368 [INFO] PluginManage:310 - Check plugin power
2025-09-27 08:10:42,377 [INFO] PluginManage:359 - Loaded plugin power (category:power,tabindex:4)
2025-09-27 08:10:42,377 [INFO] PluginManage:310 - Check plugin projectmanager
2025-09-27 08:10:42,387 [INFO] PluginManage:359 - Loaded plugin projectmanager (category:projectmanager,tabindex:4)
2025-09-27 08:10:42,387 [INFO] PluginManage:310 - Check plugin rif
2025-09-27 08:10:42,396 [INFO] PluginManage:359 - Loaded plugin rif (category:base,tabindex:3)
2025-09-27 08:10:42,396 [INFO] PluginManage:310 - Check plugin thirdparty
2025-09-27 08:10:42,481 [INFO] PluginManage:359 - Loaded plugin thirdparty (category:base,tabindex:-1)
2025-09-27 08:10:42,481 [WARN] IntegrityCheckThread:84 - waiting for thirdparty lock release [integrity check]
2025-09-27 08:10:42,481 [INFO] PluginManage:310 - Check plugin tools
2025-09-27 08:10:42,481 [INFO] IntegrityCheckThread:86 - entering critical section [integrity check]
2025-09-27 08:10:42,481 [INFO] ThirdPartyUpdaterWithRetryManager:70 - Updater plugin not ready yet. [1/15]
2025-09-27 08:10:42,483 [INFO] PluginManage:359 - Loaded plugin tools (category:base,tabindex:7)
2025-09-27 08:10:42,483 [INFO] PluginManage:310 - Check plugin tutovideos
2025-09-27 08:10:42,623 [INFO] PluginManage:359 - Loaded plugin tutovideos (category:base,tabindex:-1)
2025-09-27 08:10:42,623 [INFO] PluginManage:310 - Check plugin updater
2025-09-27 08:10:42,642 [INFO] PluginManage:359 - Loaded plugin updater (category:base,tabindex:12)
2025-09-27 08:10:42,642 [INFO] PluginManage:310 - Check plugin userauth
2025-09-27 08:10:42,645 [INFO] UserAuth:118 - Init User Auth plugin
2025-09-27 08:10:42,645 [INFO] PluginManage:359 - Loaded plugin userauth (category:base,tabindex:14)
2025-09-27 08:10:42,646 [INFO] PluginManage:283 - PluginManage : Loaded plugins [18]
2025-09-27 08:10:42,781 [INFO] PinOutPanel:1589 - setPackage(No Configuration,No Configuration)
2025-09-27 08:10:42,837 [INFO] CADModel:165 - CPN selected for project level
2025-09-27 08:10:42,837 [INFO] CADModel:114 - Register for checkConnection events
2025-09-27 08:10:42,850 [INFO] IPUIPlugin:80 - create IPUIPlugin
2025-09-27 08:10:42,850 [INFO] PluginManager:220 - loadIPPluginJar : add ddr_ctrl_phy
2025-09-27 08:10:42,852 [INFO] IPUIPlugin:80 - create IPUIPlugin
2025-09-27 08:10:42,852 [INFO] PluginManager:220 - loadIPPluginJar : add aes
2025-09-27 08:10:42,856 [INFO] IPUIPlugin:80 - create IPUIPlugin
2025-09-27 08:10:42,857 [INFO] PluginManager:220 - loadIPPluginJar : add gic
2025-09-27 08:10:42,862 [INFO] IPUIPlugin:80 - create IPUIPlugin
2025-09-27 08:10:42,862 [INFO] PluginManager:220 - loadIPPluginJar : add resmgrutility
2025-09-27 08:10:42,864 [INFO] IPUIPlugin:80 - create IPUIPlugin
2025-09-27 08:10:42,864 [INFO] PluginManager:220 - loadIPPluginJar : add dma3
2025-09-27 08:10:42,866 [INFO] IPUIPlugin:80 - create IPUIPlugin
2025-09-27 08:10:42,866 [INFO] PluginManager:220 - loadIPPluginJar : add spi
2025-09-27 08:10:42,873 [INFO] IPUIPlugin:80 - create IPUIPlugin
2025-09-27 08:10:42,875 [INFO] PluginManager:220 - loadIPPluginJar : add plateformsettings
2025-09-27 08:10:42,879 [INFO] IPUIPlugin:80 - create IPUIPlugin
2025-09-27 08:10:42,879 [INFO] PluginManager:220 - loadIPPluginJar : add gtzc
2025-09-27 08:10:42,884 [INFO] IPUIPlugin:80 - create IPUIPlugin
2025-09-27 08:10:42,884 [INFO] PluginManager:220 - loadIPPluginJar : add freertos
2025-09-27 08:10:42,888 [INFO] IPUIPlugin:80 - create IPUIPlugin
2025-09-27 08:10:42,888 [INFO] PluginManager:220 - loadIPPluginJar : add fmc
2025-09-27 08:10:42,889 [INFO] IPUIPlugin:80 - create IPUIPlugin
2025-09-27 08:10:42,889 [INFO] PluginManager:220 - loadIPPluginJar : add quadspi
2025-09-27 08:10:42,890 [INFO] IPUIPlugin:80 - create IPUIPlugin
2025-09-27 08:10:42,891 [INFO] PluginManager:220 - loadIPPluginJar : add radio
2025-09-27 08:10:42,892 [INFO] IPUIPlugin:80 - create IPUIPlugin
2025-09-27 08:10:42,892 [INFO] PluginManager:220 - loadIPPluginJar : add fatfs
2025-09-27 08:10:42,897 [INFO] IPUIPlugin:80 - create IPUIPlugin
2025-09-27 08:10:42,897 [INFO] PluginManager:220 - loadIPPluginJar : add mdma
2025-09-27 08:10:42,898 [INFO] IPUIPlugin:80 - create IPUIPlugin
2025-09-27 08:10:42,898 [INFO] PluginManager:220 - loadIPPluginJar : add ltdc
2025-09-27 08:10:42,903 [INFO] IPUIPlugin:80 - create IPUIPlugin
2025-09-27 08:10:42,903 [INFO] PluginManager:220 - loadIPPluginJar : add gpio
2025-09-27 08:10:42,905 [INFO] IPUIPlugin:80 - create IPUIPlugin
2025-09-27 08:10:42,905 [INFO] PluginManager:220 - loadIPPluginJar : add opamp
2025-09-27 08:10:42,907 [INFO] IPUIPlugin:80 - create IPUIPlugin
2025-09-27 08:10:42,907 [INFO] PluginManager:220 - loadIPPluginJar : add usart
2025-09-27 08:10:42,909 [INFO] IPUIPlugin:80 - create IPUIPlugin
2025-09-27 08:10:42,909 [INFO] PluginManager:220 - loadIPPluginJar : add usbx
2025-09-27 08:10:42,911 [INFO] IPUIPlugin:80 - create IPUIPlugin
2025-09-27 08:10:42,911 [INFO] PluginManager:220 - loadIPPluginJar : add tim
2025-09-27 08:10:42,913 [INFO] IPUIPlugin:80 - create IPUIPlugin
2025-09-27 08:10:42,913 [INFO] PluginManager:220 - loadIPPluginJar : add lorawan
2025-09-27 08:10:42,915 [INFO] IPUIPlugin:80 - create IPUIPlugin
2025-09-27 08:10:42,915 [INFO] PluginManager:220 - loadIPPluginJar : add i2s
2025-09-27 08:10:42,920 [INFO] IPUIPlugin:80 - create IPUIPlugin
2025-09-27 08:10:42,920 [INFO] PluginManager:220 - loadIPPluginJar : add adc
2025-09-27 08:10:42,922 [INFO] IPUIPlugin:80 - create IPUIPlugin
2025-09-27 08:10:42,922 [INFO] PluginManager:220 - loadIPPluginJar : add extmemmanager
2025-09-27 08:10:42,924 [INFO] IPUIPlugin:80 - create IPUIPlugin
2025-09-27 08:10:42,924 [INFO] PluginManager:220 - loadIPPluginJar : add comp
2025-09-27 08:10:42,924 [INFO] IPUIPlugin:80 - create IPUIPlugin
2025-09-27 08:10:42,925 [INFO] PluginManager:220 - loadIPPluginJar : add genericplugin
2025-09-27 08:10:42,926 [INFO] IPUIPlugin:80 - create IPUIPlugin
2025-09-27 08:10:42,926 [INFO] PluginManager:220 - loadIPPluginJar : add ts
2025-09-27 08:10:42,928 [INFO] IPUIPlugin:80 - create IPUIPlugin
2025-09-27 08:10:42,928 [INFO] PluginManager:220 - loadIPPluginJar : add ucpd
2025-09-27 08:10:42,930 [INFO] IPUIPlugin:80 - create IPUIPlugin
2025-09-27 08:10:42,930 [INFO] PluginManager:220 - loadIPPluginJar : add can
2025-09-27 08:10:42,932 [INFO] IPUIPlugin:80 - create IPUIPlugin
2025-09-27 08:10:42,932 [INFO] PluginManager:220 - loadIPPluginJar : add touchsensing
2025-09-27 08:10:42,934 [INFO] IPUIPlugin:80 - create IPUIPlugin
2025-09-27 08:10:42,934 [INFO] PluginManager:220 - loadIPPluginJar : add tracer_emb
2025-09-27 08:10:42,939 [INFO] IPUIPlugin:80 - create IPUIPlugin
2025-09-27 08:10:42,939 [INFO] PluginManager:220 - loadIPPluginJar : add stm32_wpan
2025-09-27 08:10:42,940 [INFO] IPUIPlugin:80 - create IPUIPlugin
2025-09-27 08:10:42,941 [INFO] PluginManager:220 - loadIPPluginJar : add tsc
2025-09-27 08:10:42,942 [INFO] IPUIPlugin:80 - create IPUIPlugin
2025-09-27 08:10:42,942 [INFO] PluginManager:220 - loadIPPluginJar : add gfxmmu
2025-09-27 08:10:42,945 [INFO] IPUIPlugin:80 - create IPUIPlugin
2025-09-27 08:10:42,945 [INFO] PluginManager:220 - loadIPPluginJar : add ipddr
2025-09-27 08:10:42,947 [INFO] IPUIPlugin:80 - create IPUIPlugin
2025-09-27 08:10:42,947 [INFO] PluginManager:220 - loadIPPluginJar : add i2c
2025-09-27 08:10:42,951 [INFO] IPUIPlugin:80 - create IPUIPlugin
2025-09-27 08:10:42,951 [INFO] PluginManager:220 - loadIPPluginJar : add nvic
2025-09-27 08:10:42,952 [INFO] IPUIPlugin:80 - create IPUIPlugin
2025-09-27 08:10:42,952 [INFO] PluginManager:220 - loadIPPluginJar : add i3c
2025-09-27 08:10:42,955 [INFO] IPUIPlugin:80 - create IPUIPlugin
2025-09-27 08:10:42,955 [INFO] PluginManager:220 - loadIPPluginJar : add dfsdm
2025-09-27 08:10:42,956 [INFO] IPUIPlugin:80 - create IPUIPlugin
2025-09-27 08:10:42,956 [INFO] PluginManager:220 - loadIPPluginJar : add pdm2pcm
2025-09-27 08:10:42,958 [INFO] IPUIPlugin:80 - create IPUIPlugin
2025-09-27 08:10:42,958 [INFO] PluginManager:220 - loadIPPluginJar : add openamp
2025-09-27 08:10:42,962 [INFO] IPUIPlugin:80 - create IPUIPlugin
2025-09-27 08:10:42,962 [INFO] PluginManager:220 - loadIPPluginJar : add dma
2025-09-27 08:10:42,965 [INFO] IPUIPlugin:80 - create IPUIPlugin
2025-09-27 08:10:42,965 [INFO] PluginManager:220 - loadIPPluginJar : add sai
2025-09-27 08:10:42,966 [INFO] IPUIPlugin:80 - create IPUIPlugin
2025-09-27 08:10:42,966 [INFO] PluginManager:220 - loadIPPluginJar : add hash
2025-09-27 08:10:42,971 [INFO] IPUIPlugin:80 - create IPUIPlugin
2025-09-27 08:10:42,971 [INFO] PluginManager:220 - loadIPPluginJar : add linkedlist
2025-09-27 08:10:42,973 [INFO] IPUIPlugin:80 - create IPUIPlugin
2025-09-27 08:10:42,973 [INFO] PluginManager:220 - loadIPPluginJar : add cryp
2025-09-27 08:10:43,064 [FATAL] Updater:351 - Updater called before beeing initialized
2025-09-27 08:10:43,085 [INFO] RulesReader:64 - Compatibility file has been processed (317 Rules)
2025-09-27 08:10:43,092 [INFO] RulesReader:64 - Compatibility file has been processed (317 Rules)
2025-09-27 08:10:43,097 [INFO] CADModel:165 - CPN selected for project level
2025-09-27 08:10:43,097 [INFO] CADModel:114 - Register for checkConnection events
2025-09-27 08:10:43,097 [FATAL] Updater:351 - Updater called before beeing initialized
2025-09-27 08:10:43,097 [ERROR] CADModel:125 - Updater not yet initialized, retry later 
2025-09-27 08:10:43,200 [FATAL] Updater:351 - Updater called before beeing initialized
2025-09-27 08:10:43,202 [INFO] CADModel:165 - CPN selected for project level
2025-09-27 08:10:43,202 [INFO] CADModel:114 - Register for checkConnection events
2025-09-27 08:10:43,202 [FATAL] Updater:351 - Updater called before beeing initialized
2025-09-27 08:10:43,202 [ERROR] CADModel:125 - Updater not yet initialized, retry later 
2025-09-27 08:10:43,205 [FATAL] Updater:351 - Updater called before beeing initialized
2025-09-27 08:10:43,278 [FATAL] Updater:351 - Updater called before beeing initialized
2025-09-27 08:10:43,282 [INFO] DbMcusAds:53 - JSON generation date=Tue Jul 08 15:14:23 ICT 2025 (1751962463582)
2025-09-27 08:10:43,282 [FATAL] Updater:351 - Updater called before beeing initialized
2025-09-27 08:10:43,314 [WARN] DetailPanel:346 - Failed to get advertising image, set to default
2025-09-27 08:10:43,393 [FATAL] Updater:351 - Updater called before beeing initialized
2025-09-27 08:10:43,395 [FATAL] Updater:351 - Updater called before beeing initialized
2025-09-27 08:10:43,395 [FATAL] Updater:351 - Updater called before beeing initialized
2025-09-27 08:10:43,395 [WARN] DetailPanel:346 - Failed to get advertising image, set to default
2025-09-27 08:10:43,396 [FATAL] Updater:351 - Updater called before beeing initialized
2025-09-27 08:10:43,431 [ERROR] Updater:1198 - MainUpdater not yet initialized. External WinMGr cannot be set.
2025-09-27 08:10:43,432 [INFO] Updater:1134 - Updater Version found : 6.15.0
2025-09-27 08:10:43,452 [INFO] ApplicationProperties:184 - Using Application install path: /home/tuna/st/stm32cubeide_1.18.1/plugins/com.st.stm32cube.common.mx_6.15.0.202507011659
2025-09-27 08:10:43,543 [ERROR] ExternalUserPreferencesManager:606 - Error while get path from external application: Cannot invoke "com.st.stm32cube.common.mx.MxActivator.getBundle()" because the return value of "com.st.stm32cube.common.mx.MxActivator.getDefault()" is null
2025-09-27 08:10:43,543 [ERROR] ExternalUserPreferencesManager:336 - Error while get preference info from external application: Cannot invoke "com.st.stm32cube.common.mx.MxActivator.getBundle()" because the return value of "com.st.stm32cube.common.mx.MxActivator.getDefault()" is null
2025-09-27 08:10:43,543 [ERROR] ExternalUserPreferencesManager:560 - Error while get preference info from external application: Cannot invoke "com.st.stm32cube.common.mx.MxActivator.getBundle()" because the return value of "com.st.stm32cube.common.mx.MxActivator.getDefault()" is null
