../Core/icode/lcd/lcd.c:31:6:LCD_Write_COM	16	static,ignoring_inline_asm
../Core/icode/lcd/lcd.c:35:6:LCD_Write_DAT	16	static,ignoring_inline_asm
../Core/icode/lcd/lcd.c:39:10:LCD_Read_DAT	16	static
../Core/icode/lcd/lcd.c:44:6:LCD_Write_REG	16	static
../Core/icode/lcd/lcd.c:48:10:LCD_Read_REG	16	static
../Core/icode/lcd/lcd.c:54:6:LCD_Write_Cursor	16	static
../Core/icode/lcd/lcd.c:73:9:LCD_Init	72	static
../Core/icode/lcd/lcd.c:437:6:LCD_Direction	16	static
../Core/icode/lcd/lcd.c:459:6:LCD_ON	8	static
../Core/icode/lcd/lcd.c:464:6:LCD_OFF	8	static
../Core/icode/lcd/lcd.c:469:6:LCD_CLEAR	24	static
../Core/icode/lcd/lcd.c:483:6:LCD_DISPLAY_ASCII	32	static
../Core/icode/lcd/lcd.c:511:6:LCD_printf_ASCII	244	static
../Core/icode/lcd/lcd.c:530:6:LCD_DISPLAY_CHS	40	static
../Core/icode/lcd/lcd.c:563:6:LCD_printf_CHS	140	static
../Core/icode/lcd/lcd.c:582:6:LCD_Vector_Point	16	static
../Core/icode/lcd/lcd.c:588:6:LCD_Vector_Point2	16	static
../Core/icode/lcd/lcd.c:608:6:LCD_Vector_Line	64	static
../Core/icode/lcd/lcd.c:631:6:LCD_Vector_Circle	32	static
../Core/icode/lcd/lcd.c:652:6:LCD_Vector_Rectangle	24	static
../Core/icode/lcd/lcd.c:659:6:LCD_Vector_Rectangle_Fill	32	static
../Core/icode/lcd/lcd.c:672:6:LCD_DISPLAY_BMP	24	static
../Core/icode/lcd/lcd.c:686:6:LCD_DISPLAY_BMP_YoungTalkLogo	16	static
