../icode/lcd/lcd.c:30:6:LCD_Write_COM	16	static,ignoring_inline_asm
../icode/lcd/lcd.c:34:6:LCD_Write_DAT	16	static,ignoring_inline_asm
../icode/lcd/lcd.c:38:10:LCD_Read_DAT	16	static
../icode/lcd/lcd.c:43:6:LCD_Write_REG	16	static
../icode/lcd/lcd.c:47:10:LCD_Read_REG	16	static,ignoring_inline_asm
../icode/lcd/lcd.c:53:6:LCD_Write_Cursor	32	static
../icode/lcd/lcd.c:436:6:LCD_Direction	32	static,ignoring_inline_asm
../icode/lcd/lcd.c:72:9:LCD_Init	96	static,ignoring_inline_asm
../icode/lcd/lcd.c:458:6:LCD_ON	16	static,ignoring_inline_asm
../icode/lcd/lcd.c:463:6:LCD_OFF	16	static,ignoring_inline_asm
../icode/lcd/lcd.c:468:6:LCD_CLEAR	32	static,ignoring_inline_asm
../icode/lcd/lcd.c:581:6:LCD_Vector_Point	16	static,ignoring_inline_asm
../icode/lcd/lcd.c:587:6:LCD_Vector_Point2	40	static,ignoring_inline_asm
../icode/lcd/lcd.c:482:6:LCD_DISPLAY_ASCII	64	static
../icode/lcd/lcd.c:529:6:LCD_DISPLAY_CHS	56	static
../icode/lcd/lcd.c:562:6:LCD_printf_CHS	236	static
../icode/lcd/lcd.c:510:6:LCD_printf_ASCII	292	static
../icode/lcd/lcd.c:607:6:LCD_Vector_Line	72	static,ignoring_inline_asm
../icode/lcd/lcd.c:630:6:LCD_Vector_Circle	80	static,ignoring_inline_asm
../icode/lcd/lcd.c:651:6:LCD_Vector_Rectangle	24	static
../icode/lcd/lcd.c:658:6:LCD_Vector_Rectangle_Fill	48	static,ignoring_inline_asm
../icode/lcd/lcd.c:671:6:LCD_DISPLAY_BMP	64	static,ignoring_inline_asm
../icode/lcd/lcd.c:685:6:LCD_DISPLAY_BMP_YoungTalkLogo	48	static,ignoring_inline_asm
