../Middlewares/Third_Party/lvgl/src/core/lv_obj_style.c:754:25:get_trans_style	16	static
../Middlewares/Third_Party/lvgl/src/core/lv_obj_style.c:1116:13:fade_anim_cb	0	static
../Middlewares/Third_Party/lvgl/src/core/lv_obj_style.c:887:13:trans_delete.isra	40	static
../Middlewares/Third_Party/lvgl/src/core/lv_obj_style.c:781:23:get_prop_core	48	static
../Middlewares/Third_Party/lvgl/src/core/lv_obj_style.c:1149:23:get_selector_style_prop	24	static
../Middlewares/Third_Party/lvgl/src/core/lv_obj_style.c:864:13:refresh_children_style	120	static
../Middlewares/Third_Party/lvgl/src/core/lv_obj_style.c:76:6:lv_obj_style_init	0	static
../Middlewares/Third_Party/lvgl/src/core/lv_obj_style.c:81:6:lv_obj_style_deinit	8	static
../Middlewares/Third_Party/lvgl/src/core/lv_obj_style.c:332:6:lv_obj_style_get_disabled	8	static
../Middlewares/Third_Party/lvgl/src/core/lv_obj_style.c:346:6:lv_obj_enable_style_refresh	0	static
../Middlewares/Third_Party/lvgl/src/core/lv_obj_style.c:351:18:lv_obj_get_style_prop	16	static
../Middlewares/Third_Party/lvgl/src/core/lv_obj_style.c:365:6:lv_obj_has_style_prop	16	static
../Middlewares/Third_Party/lvgl/src/core/lv_obj_style.c:407:16:lv_obj_get_local_style_prop	12	static
../Middlewares/Third_Party/lvgl/src/core/lv_obj_style.c:501:18:lv_obj_style_apply_color_filter	16	static
../Middlewares/Third_Party/lvgl/src/core/lv_obj_style.c:518:22:lv_obj_style_state_compare	40	static
../Middlewares/Third_Party/lvgl/src/core/lv_obj_style.c:579:6:lv_obj_fade_in	112	static
../Middlewares/Third_Party/lvgl/src/core/lv_obj_style.c:592:6:lv_obj_fade_out	120	static
../Middlewares/Third_Party/lvgl/src/core/lv_obj_style.c:604:17:lv_obj_calculate_style_text_align	40	static
../Middlewares/Third_Party/lvgl/src/core/lv_obj_style.c:612:10:lv_obj_get_style_opa_recursive	40	static
../Middlewares/Third_Party/lvgl/src/core/lv_obj_style.c:660:6:lv_obj_update_layer_type	56	static
../Middlewares/Third_Party/lvgl/src/core/lv_obj_style.c:267:6:lv_obj_refresh_style.part.0	48	static
../Middlewares/Third_Party/lvgl/src/core/lv_obj_style.c:267:6:lv_obj_refresh_style	0	static
../Middlewares/Third_Party/lvgl/src/core/lv_obj_style.c:149:6:lv_obj_replace_style	48	static
../Middlewares/Third_Party/lvgl/src/core/lv_obj_style.c:195:6:lv_obj_remove_style	48	static
../Middlewares/Third_Party/lvgl/src/core/lv_obj_style.c:1009:13:trans_anim_completed_cb	32	static
../Middlewares/Third_Party/lvgl/src/core/lv_obj_style.c:90:6:lv_obj_add_style	24	static
../Middlewares/Third_Party/lvgl/src/core/lv_obj_style.c:315:6:lv_obj_style_set_disabled	20	static
../Middlewares/Third_Party/lvgl/src/core/lv_obj_style.c:378:6:lv_obj_set_local_style_prop	32	static
../Middlewares/Third_Party/lvgl/src/core/lv_obj_style.c:1121:13:fade_in_anim_completed	16	static
../Middlewares/Third_Party/lvgl/src/core/lv_obj_style.c:446:6:lv_obj_style_create_transition	160	static
../Middlewares/Third_Party/lvgl/src/core/lv_obj_style.c:986:13:trans_anim_start_cb	40	static
../Middlewares/Third_Party/lvgl/src/core/lv_obj_style.c:921:13:trans_anim_cb	32	static
../Middlewares/Third_Party/lvgl/src/core/lv_obj_style.c:421:6:lv_obj_remove_local_style_prop	24	static
../Middlewares/Third_Party/lvgl/src/core/lv_obj_style.c:842:13:report_style_change_core	120	static
../Middlewares/Third_Party/lvgl/src/core/lv_obj_style.c:253:6:lv_obj_report_style_change	32	static
../Middlewares/Third_Party/lvgl/src/core/lv_obj_style.c:248:6:lv_obj_remove_style_all	24	static
../Middlewares/Third_Party/lvgl/src/core/lv_obj_style.c:670:14:lv_obj_style_apply_recolor	56	static
../Middlewares/Third_Party/lvgl/src/core/lv_obj_style.c:681:14:lv_obj_get_style_recolor_recursive	80	static
