../Display_Driver/lvgl/src/draw/lv_draw.c:62:6:lv_draw_init	0	static
../Display_Driver/lvgl/src/draw/lv_draw.c:69:6:lv_draw_deinit	16	static
../Display_Driver/lvgl/src/draw/lv_draw.c:86:8:lv_draw_create_unit	8	static
../Display_Driver/lvgl/src/draw/lv_draw.c:100:18:lv_draw_add_task	40	static
../Display_Driver/lvgl/src/draw/lv_draw.c:195:6:lv_draw_wait_for_finish	0	static
../Display_Driver/lvgl/src/draw/lv_draw.c:234:6:lv_draw_dispatch_layer	32	static
../Display_Driver/lvgl/src/draw/lv_draw.c:214:6:lv_draw_dispatch	16	static
../Display_Driver/lvgl/src/draw/lv_draw.c:134:6:lv_draw_finalize_task_creation	24	static
../Display_Driver/lvgl/src/draw/lv_draw.c:296:6:lv_draw_dispatch_wait_for_request	0	static
../Display_Driver/lvgl/src/draw/lv_draw.c:308:6:lv_draw_dispatch_request	0	static
../Display_Driver/lvgl/src/draw/lv_draw.c:319:10:lv_draw_get_unit_count	0	static
../Display_Driver/lvgl/src/draw/lv_draw.c:334:18:lv_draw_get_next_available_task	40	static
../Display_Driver/lvgl/src/draw/lv_draw.c:324:18:lv_draw_get_available_task	4	static
../Display_Driver/lvgl/src/draw/lv_draw.c:368:10:lv_draw_get_dependent_count	16	static
../Display_Driver/lvgl/src/draw/lv_draw.c:389:6:lv_draw_unit_send_event	48	static
../Display_Driver/lvgl/src/draw/lv_draw.c:412:6:lv_layer_init	8	static
../Display_Driver/lvgl/src/draw/lv_draw.c:419:6:lv_layer_reset	8	static
../Display_Driver/lvgl/src/draw/lv_draw.c:429:14:lv_draw_layer_create	32	static
../Display_Driver/lvgl/src/draw/lv_draw.c:451:6:lv_draw_layer_init	24	static
../Display_Driver/lvgl/src/draw/lv_draw.c:478:8:lv_draw_layer_alloc_buf	24	static
../Display_Driver/lvgl/src/draw/lv_draw.c:520:8:lv_draw_layer_go_to_xy	0	static
../Display_Driver/lvgl/src/draw/lv_draw.c:525:21:lv_draw_task_get_type	0	static
../Display_Driver/lvgl/src/draw/lv_draw.c:530:8:lv_draw_task_get_draw_dsc	0	static
../Display_Driver/lvgl/src/draw/lv_draw.c:535:6:lv_draw_task_get_area	0	static
