../Display_Driver/lvgl/src/draw/lv_image_decoder.c:329:29:image_decoder_get_info	64	static
../Display_Driver/lvgl/src/draw/lv_image_decoder.c:67:6:lv_image_decoder_init	16	static
../Display_Driver/lvgl/src/draw/lv_image_decoder.c:82:6:lv_image_decoder_deinit	8	static
../Display_Driver/lvgl/src/draw/lv_image_decoder.c:93:13:lv_image_decoder_get_info	96	static
../Display_Driver/lvgl/src/draw/lv_image_decoder.c:108:13:lv_image_decoder_open	40	static
../Display_Driver/lvgl/src/draw/lv_image_decoder.c:175:13:lv_image_decoder_get_area	4	static
../Display_Driver/lvgl/src/draw/lv_image_decoder.c:184:6:lv_image_decoder_close	8	static
../Display_Driver/lvgl/src/draw/lv_image_decoder.c:206:22:lv_image_decoder_create	8	static
../Display_Driver/lvgl/src/draw/lv_image_decoder.c:218:6:lv_image_decoder_delete	8	static
../Display_Driver/lvgl/src/draw/lv_image_decoder.c:224:22:lv_image_decoder_get_next	0	static
../Display_Driver/lvgl/src/draw/lv_image_decoder.c:232:6:lv_image_decoder_set_info_cb	0	static
../Display_Driver/lvgl/src/draw/lv_image_decoder.c:237:6:lv_image_decoder_set_open_cb	0	static
../Display_Driver/lvgl/src/draw/lv_image_decoder.c:242:6:lv_image_decoder_set_get_area_cb	0	static
../Display_Driver/lvgl/src/draw/lv_image_decoder.c:247:6:lv_image_decoder_set_close_cb	0	static
../Display_Driver/lvgl/src/draw/lv_image_decoder.c:252:20:lv_image_decoder_add_to_cache	24	static
../Display_Driver/lvgl/src/draw/lv_image_decoder.c:275:17:lv_image_decoder_post_process	24	static
