../Core/Src/ui/ui_helpers.c:8:6:_ui_bar_set_property	0	static
../Core/Src/ui/ui_helpers.c:14:6:_ui_basic_set_property	0	static
../Core/Src/ui/ui_helpers.c:23:6:_ui_dropdown_set_property	0	static
../Core/Src/ui/ui_helpers.c:28:6:_ui_image_set_property	0	static
../Core/Src/ui/ui_helpers.c:33:6:_ui_label_set_property	0	static
../Core/Src/ui/ui_helpers.c:39:6:_ui_roller_set_property	0	static
../Core/Src/ui/ui_helpers.c:45:6:_ui_slider_set_property	0	static
../Core/Src/ui/ui_helpers.c:52:6:_ui_screen_change	24	static
../Core/Src/ui/ui_helpers.c:60:6:_ui_screen_delete	0	static
../Core/Src/ui/ui_helpers.c:67:6:_ui_arc_increment	16	static
../Core/Src/ui/ui_helpers.c:74:6:_ui_bar_increment	16	static
../Core/Src/ui/ui_helpers.c:80:6:_ui_slider_increment	16	static
../Core/Src/ui/ui_helpers.c:87:6:_ui_keyboard_set_target	0	static
../Core/Src/ui/ui_helpers.c:92:6:_ui_flag_modify	16	static
../Core/Src/ui/ui_helpers.c:101:6:_ui_state_modify	16	static
../Core/Src/ui/ui_helpers.c:112:6:_ui_textarea_move_cursor	8	static
../Core/Src/ui/ui_helpers.c:125:6:scr_unloaded_delete_cb	8	static
../Core/Src/ui/ui_helpers.c:140:6:_ui_opacity_set	0	static
../Core/Src/ui/ui_helpers.c:145:6:_ui_anim_callback_free_user_data	8	static
../Core/Src/ui/ui_helpers.c:151:6:_ui_anim_callback_set_x	0	static
../Core/Src/ui/ui_helpers.c:161:6:_ui_anim_callback_set_y	0	static
../Core/Src/ui/ui_helpers.c:171:6:_ui_anim_callback_set_width	0	static
../Core/Src/ui/ui_helpers.c:181:6:_ui_anim_callback_set_height	0	static
../Core/Src/ui/ui_helpers.c:191:6:_ui_anim_callback_set_opacity	0	static
../Core/Src/ui/ui_helpers.c:201:6:_ui_anim_callback_set_image_zoom	0	static
../Core/Src/ui/ui_helpers.c:211:6:_ui_anim_callback_set_image_angle	0	static
../Core/Src/ui/ui_helpers.c:221:6:_ui_anim_callback_set_image_frame	0	static
../Core/Src/ui/ui_helpers.c:233:9:_ui_anim_callback_get_x	0	static
../Core/Src/ui/ui_helpers.c:243:9:_ui_anim_callback_get_y	0	static
../Core/Src/ui/ui_helpers.c:253:9:_ui_anim_callback_get_width	0	static
../Core/Src/ui/ui_helpers.c:263:9:_ui_anim_callback_get_height	0	static
../Core/Src/ui/ui_helpers.c:273:9:_ui_anim_callback_get_opacity	16	static
../Core/Src/ui/ui_helpers.c:282:9:_ui_anim_callback_get_image_zoom	0	static
../Core/Src/ui/ui_helpers.c:291:9:_ui_anim_callback_get_image_angle	0	static
../Core/Src/ui/ui_helpers.c:300:9:_ui_anim_callback_get_image_frame	0	static
../Core/Src/ui/ui_helpers.c:309:6:_ui_arc_set_text_value	56	static
../Core/Src/ui/ui_helpers.c:318:6:_ui_slider_set_text_value	56	static
../Core/Src/ui/ui_helpers.c:326:6:_ui_checked_set_text_value	16	static
../Core/Src/ui/ui_helpers.c:333:6:_ui_spinbox_step	8	static
../Core/Src/ui/ui_helpers.c:345:6:_ui_switch_theme	0	static
