../Display_Driver/lvgl/src/widgets/label/lv_label.c:1394:13:set_ofs_y_anim	0	static
../Display_Driver/lvgl/src/widgets/label/lv_label.c:1387:13:set_ofs_x_anim	0	static
../Display_Driver/lvgl/src/widgets/label/lv_label.c:784:13:lv_label_destructor	8	static
../Display_Driver/lvgl/src/widgets/label/lv_label.c:990:13:set_text_internal	24	static
../Display_Driver/lvgl/src/widgets/label/lv_label.c:752:13:lv_label_constructor	24	static
../Display_Driver/lvgl/src/widgets/label/lv_label.c:416:10:lv_label_get_letter_on.part.0	120	static
../Display_Driver/lvgl/src/widgets/label/lv_label.c:797:13:lv_label_event	200	static
../Display_Driver/lvgl/src/widgets/label/lv_label.c:129:12:lv_label_create	8	static
../Display_Driver/lvgl/src/widgets/label/lv_label.c:141:6:lv_label_set_text	24	static
../Display_Driver/lvgl/src/widgets/label/lv_label.c:148:6:lv_label_set_text_fmt	28	static
../Display_Driver/lvgl/src/widgets/label/lv_label.c:1458:13:label_text_observer_cb	4	static
../Display_Driver/lvgl/src/widgets/label/lv_label.c:156:6:lv_label_set_text_vfmt	24	static
../Display_Driver/lvgl/src/widgets/label/lv_label.c:184:6:lv_label_set_text_static	16	static
../Display_Driver/lvgl/src/widgets/label/lv_label.c:225:6:lv_label_set_long_mode	16	static
../Display_Driver/lvgl/src/widgets/label/lv_label.c:246:6:lv_label_set_text_selection_start	0	static
../Display_Driver/lvgl/src/widgets/label/lv_label.c:260:6:lv_label_set_text_selection_end	0	static
../Display_Driver/lvgl/src/widgets/label/lv_label.c:274:6:lv_label_set_recolor	8	static
../Display_Driver/lvgl/src/widgets/label/lv_label.c:291:8:lv_label_get_text	0	static
../Display_Driver/lvgl/src/widgets/label/lv_label.c:298:22:lv_label_get_long_mode	0	static
../Display_Driver/lvgl/src/widgets/label/lv_label.c:305:6:lv_label_get_letter_pos	104	static
../Display_Driver/lvgl/src/widgets/label/lv_label.c:416:10:lv_label_get_letter_on	0	static
../Display_Driver/lvgl/src/widgets/label/lv_label.c:545:6:lv_label_is_char_under_pos	104	static
../Display_Driver/lvgl/src/widgets/label/lv_label.c:628:10:lv_label_get_text_selection_start	0	static
../Display_Driver/lvgl/src/widgets/label/lv_label.c:641:10:lv_label_get_text_selection_end	0	static
../Display_Driver/lvgl/src/widgets/label/lv_label.c:654:6:lv_label_get_recolor	0	static
../Display_Driver/lvgl/src/widgets/label/lv_label.c:667:17:lv_label_bind_text	4	static
../Display_Driver/lvgl/src/widgets/label/lv_label.c:700:6:lv_label_ins_text	24	static
../Display_Driver/lvgl/src/widgets/label/lv_label.c:728:6:lv_label_cut_text	16	static
