../Display_Driver/lvgl/src/libs/bin_decoder/lv_bin_decoder.c:114:13:lv_bin_decoder_info	24	static
../Display_Driver/lvgl/src/libs/bin_decoder/lv_bin_decoder.c:578:20:decode_indexed.isra	40	static
../Display_Driver/lvgl/src/libs/bin_decoder/lv_bin_decoder.c:850:20:decode_alpha_only.isra	64	static
../Display_Driver/lvgl/src/libs/bin_decoder/lv_bin_decoder.c:401:13:lv_bin_decoder_get_area	64	static
../Display_Driver/lvgl/src/libs/bin_decoder/lv_bin_decoder.c:388:6:lv_bin_decoder_close	16	static
../Display_Driver/lvgl/src/libs/bin_decoder/lv_bin_decoder.c:185:13:lv_bin_decoder_open	64	static
../Display_Driver/lvgl/src/libs/bin_decoder/lv_bin_decoder.c:95:6:lv_bin_decoder_init	8	static
