21:55:16 **** Build of configuration Debug for project YT32B2_DEMO ****
make -j16 all 
arm-none-eabi-size  YT32B2_DEMO.elf 
   text	   data	    bss	    dec	    hex	filename
  68040	    100	   2252	  70392	  112f8	YT32B2_DEMO.elf
Finished building: default.size.stdout
 
21:55:19 **** Incremental Build of configuration Debug for project YT32B2_DEMO ****
make -j16 all 
arm-none-eabi-size  YT32B2_DEMO.elf 
   text	   data	    bss	    dec	    hex	filename
  68040	    100	   2252	  70392	  112f8	YT32B2_DEMO.elf
Finished building: default.size.stdout
 
