09:19:43 **** Build of configuration Debug for project Cammand_ROS ****
make -j16 all 
arm-none-eabi-gcc -o "Cammand_ROS.elf" @"objects.list"   -mcpu=cortex-m4 -T"/home/tuna/STM32CubeIDE/workspace_1.18.1/stm32f4_dev_board/Cammand_ROS/STM32G474RBTX_FLASH.ld" --specs=nosys.specs -Wl,-Map="Cammand_ROS.map" -Wl,--gc-sections -static --specs=nano.specs -mfpu=fpv4-sp-d16 -mfloat-abi=hard -mthumb -Wl,--start-group -lc -lm -Wl,--end-group
Finished building target: Cammand_ROS.elf
 
arm-none-eabi-size  Cammand_ROS.elf 
arm-none-eabi-objdump -h -S Cammand_ROS.elf  > "Cammand_ROS.list"
   text	   data	    bss	    dec	    hex	filename
  55376	    436	   9068	  64880	   fd70	Cammand_ROS.elf
Finished building: default.size.stdout
 
Finished building: Cammand_ROS.list
 
