../Middlewares/Third_Party/lvgl/src/widgets/span/lv_span.c:807:13:lv_spangroup_destructor	16	static
../Middlewares/Third_Party/lvgl/src/widgets/span/lv_span.c:794:13:lv_spangroup_constructor	8	static
../Middlewares/Third_Party/lvgl/src/widgets/span/lv_span.c:1413:25:make_span_coords.constprop.isra	88	static
../Middlewares/Third_Party/lvgl/src/widgets/span/lv_span.c:505:10:lv_spangroup_get_expand_width.part.0	64	static
../Middlewares/Third_Party/lvgl/src/widgets/span/lv_span.c:540:9:lv_spangroup_get_expand_height.part.0	136	static
../Middlewares/Third_Party/lvgl/src/widgets/span/lv_span.c:824:13:lv_spangroup_event	352	static
../Middlewares/Third_Party/lvgl/src/widgets/span/lv_span.c:107:6:lv_span_stack_init	8	static
../Middlewares/Third_Party/lvgl/src/widgets/span/lv_span.c:116:6:lv_span_stack_deinit	0	static
../Middlewares/Third_Party/lvgl/src/widgets/span/lv_span.c:121:12:lv_spangroup_create	8	static
../Middlewares/Third_Party/lvgl/src/widgets/span/lv_span.c:128:13:lv_spangroup_add_span	16	static
../Middlewares/Third_Party/lvgl/src/widgets/span/lv_span.c:148:6:lv_spangroup_delete_span	24	static
../Middlewares/Third_Party/lvgl/src/widgets/span/lv_span.c:178:6:lv_span_set_text	16	static
../Middlewares/Third_Party/lvgl/src/widgets/span/lv_span.c:212:6:lv_span_set_text_fmt	20	static
../Middlewares/Third_Party/lvgl/src/widgets/span/lv_span.c:238:6:lv_spangroup_set_span_text	24	static
../Middlewares/Third_Party/lvgl/src/widgets/span/lv_span.c:244:6:lv_span_set_text_static	16	static
../Middlewares/Third_Party/lvgl/src/widgets/span/lv_span.c:267:6:lv_spangroup_set_span_text_static	16	static
../Middlewares/Third_Party/lvgl/src/widgets/span/lv_span.c:273:6:lv_spangroup_set_span_text_fmt	24	static
../Middlewares/Third_Party/lvgl/src/widgets/span/lv_span.c:1463:13:span_text_observer_cb	24	static
../Middlewares/Third_Party/lvgl/src/widgets/span/lv_span.c:300:6:lv_spangroup_set_span_style	8	static
../Middlewares/Third_Party/lvgl/src/widgets/span/lv_span.c:310:6:lv_spangroup_set_align	0	static
../Middlewares/Third_Party/lvgl/src/widgets/span/lv_span.c:317:6:lv_spangroup_set_overflow	0	static
../Middlewares/Third_Party/lvgl/src/widgets/span/lv_span.c:327:6:lv_spangroup_set_indent	8	static
../Middlewares/Third_Party/lvgl/src/widgets/span/lv_span.c:338:6:lv_spangroup_set_mode	16	static
../Middlewares/Third_Party/lvgl/src/widgets/span/lv_span.c:369:6:lv_spangroup_set_max_lines	8	static
../Middlewares/Third_Party/lvgl/src/widgets/span/lv_span.c:382:14:lv_span_get_style	0	static
../Middlewares/Third_Party/lvgl/src/widgets/span/lv_span.c:387:14:lv_span_get_text	0	static
../Middlewares/Third_Party/lvgl/src/widgets/span/lv_span.c:392:13:lv_spangroup_get_child	16	static
../Middlewares/Third_Party/lvgl/src/widgets/span/lv_span.c:429:10:lv_spangroup_get_span_count	0	static
../Middlewares/Third_Party/lvgl/src/widgets/span/lv_span.c:442:17:lv_spangroup_get_align	16	static
../Middlewares/Third_Party/lvgl/src/widgets/span/lv_span.c:447:20:lv_spangroup_get_overflow	0	static
../Middlewares/Third_Party/lvgl/src/widgets/span/lv_span.c:454:9:lv_spangroup_get_indent	0	static
../Middlewares/Third_Party/lvgl/src/widgets/span/lv_span.c:461:16:lv_spangroup_get_mode	24	static
../Middlewares/Third_Party/lvgl/src/widgets/span/lv_span.c:479:9:lv_spangroup_get_max_lines	0	static
../Middlewares/Third_Party/lvgl/src/widgets/span/lv_span.c:487:9:lv_spangroup_get_max_line_height	32	static
../Middlewares/Third_Party/lvgl/src/widgets/span/lv_span.c:505:10:lv_spangroup_get_expand_width	0	static
../Middlewares/Third_Party/lvgl/src/widgets/span/lv_span.c:540:9:lv_spangroup_get_expand_height	0	static
../Middlewares/Third_Party/lvgl/src/widgets/span/lv_span.c:662:18:lv_spangroup_get_span_coords	72	static
../Middlewares/Third_Party/lvgl/src/widgets/span/lv_span.c:694:13:lv_spangroup_get_span_by_point	112	static
../Middlewares/Third_Party/lvgl/src/widgets/span/lv_span.c:734:6:lv_spangroup_refresh	8	static
../Middlewares/Third_Party/lvgl/src/widgets/span/lv_span.c:743:17:lv_spangroup_bind_span_text	24	static
