../Display_Driver/lvgl/src/widgets/dropdown/lv_dropdown.c:741:13:lv_dropdownlist_destructor	0	static
../Display_Driver/lvgl/src/widgets/dropdown/lv_dropdown.c:1259:13:position_to_selected	32	static
../Display_Driver/lvgl/src/widgets/dropdown/lv_dropdown.c:1060:13:draw_box	200	static
../Display_Driver/lvgl/src/widgets/dropdown/lv_dropdown.c:1100:13:draw_box_label	192	static
../Display_Driver/lvgl/src/widgets/dropdown/lv_dropdown.c:726:13:lv_dropdownlist_constructor	8	static
../Display_Driver/lvgl/src/widgets/dropdown/lv_dropdown.c:1289:13:dropdown_value_changed_event_cb	16	static
../Display_Driver/lvgl/src/widgets/dropdown/lv_dropdown.c:710:13:lv_dropdown_destructor	16	static
../Display_Driver/lvgl/src/widgets/dropdown/lv_dropdown.c:1297:13:dropdown_value_observer_cb	8	static
../Display_Driver/lvgl/src/widgets/dropdown/lv_dropdown.c:526:6:lv_dropdown_open.part.0	40	static
../Display_Driver/lvgl/src/widgets/dropdown/lv_dropdown.c:678:13:lv_dropdown_constructor	16	static
../Display_Driver/lvgl/src/widgets/dropdown/lv_dropdown.c:1148:20:btn_release_handler.isra	24	static
../Display_Driver/lvgl/src/widgets/dropdown/lv_dropdown.c:853:13:lv_dropdown_list_event	64	static
../Display_Driver/lvgl/src/widgets/dropdown/lv_dropdown.c:162:12:lv_dropdown_create	8	static
../Display_Driver/lvgl/src/widgets/dropdown/lv_dropdown.c:174:6:lv_dropdown_set_text	0	static
../Display_Driver/lvgl/src/widgets/dropdown/lv_dropdown.c:185:6:lv_dropdown_set_options	24	static
../Display_Driver/lvgl/src/widgets/dropdown/lv_dropdown.c:232:6:lv_dropdown_set_options_static	16	static
../Display_Driver/lvgl/src/widgets/dropdown/lv_dropdown.c:261:6:lv_dropdown_add_option	32	static
../Display_Driver/lvgl/src/widgets/dropdown/lv_dropdown.c:333:6:lv_dropdown_clear_options	8	static
../Display_Driver/lvgl/src/widgets/dropdown/lv_dropdown.c:350:6:lv_dropdown_set_selected	8	static
../Display_Driver/lvgl/src/widgets/dropdown/lv_dropdown.c:367:6:lv_dropdown_set_dir	0	static
../Display_Driver/lvgl/src/widgets/dropdown/lv_dropdown.c:379:6:lv_dropdown_set_symbol	0	static
../Display_Driver/lvgl/src/widgets/dropdown/lv_dropdown.c:388:6:lv_dropdown_set_selected_highlight	0	static
../Display_Driver/lvgl/src/widgets/dropdown/lv_dropdown.c:401:12:lv_dropdown_get_list	0	static
../Display_Driver/lvgl/src/widgets/dropdown/lv_dropdown.c:409:14:lv_dropdown_get_text	0	static
../Display_Driver/lvgl/src/widgets/dropdown/lv_dropdown.c:417:14:lv_dropdown_get_options	0	static
../Display_Driver/lvgl/src/widgets/dropdown/lv_dropdown.c:425:10:lv_dropdown_get_selected	0	static
../Display_Driver/lvgl/src/widgets/dropdown/lv_dropdown.c:434:10:lv_dropdown_get_option_count	0	static
../Display_Driver/lvgl/src/widgets/dropdown/lv_dropdown.c:443:6:lv_dropdown_get_selected_str	24	static
../Display_Driver/lvgl/src/widgets/dropdown/lv_dropdown.c:888:13:draw_main	456	static
../Display_Driver/lvgl/src/widgets/dropdown/lv_dropdown.c:750:13:lv_dropdown_event	24	static
../Display_Driver/lvgl/src/widgets/dropdown/lv_dropdown.c:477:9:lv_dropdown_get_option_index	24	static
../Display_Driver/lvgl/src/widgets/dropdown/lv_dropdown.c:501:14:lv_dropdown_get_symbol	0	static
../Display_Driver/lvgl/src/widgets/dropdown/lv_dropdown.c:508:6:lv_dropdown_get_selected_highlight	0	static
../Display_Driver/lvgl/src/widgets/dropdown/lv_dropdown.c:515:10:lv_dropdown_get_dir	0	static
../Display_Driver/lvgl/src/widgets/dropdown/lv_dropdown.c:526:6:lv_dropdown_open	0	static
../Display_Driver/lvgl/src/widgets/dropdown/lv_dropdown.c:624:6:lv_dropdown_close	8	static
../Display_Driver/lvgl/src/widgets/dropdown/lv_dropdown.c:637:6:lv_dropdown_is_open	8	static
../Display_Driver/lvgl/src/widgets/dropdown/lv_dropdown.c:647:17:lv_dropdown_bind_value	16	static
