../Display_Driver/lvgl/src/widgets/msgbox/lv_msgbox.c:292:13:msgbox_size_changed_event_cb	16	static
../Display_Driver/lvgl/src/widgets/msgbox/lv_msgbox.c:285:13:msgbox_close_click_event_cb	8	static
../Display_Driver/lvgl/src/widgets/msgbox/lv_msgbox.c:110:12:lv_msgbox_create	8	static
../Display_Driver/lvgl/src/widgets/msgbox/lv_msgbox.c:146:12:lv_msgbox_add_title	24	static
../Display_Driver/lvgl/src/widgets/msgbox/lv_msgbox.c:172:12:lv_msgbox_add_header_button	16	static
../Display_Driver/lvgl/src/widgets/msgbox/lv_msgbox.c:194:12:lv_msgbox_add_text	16	static
../Display_Driver/lvgl/src/widgets/msgbox/lv_msgbox.c:205:12:lv_msgbox_add_footer_button	16	static
../Display_Driver/lvgl/src/widgets/msgbox/lv_msgbox.c:234:12:lv_msgbox_add_close_button	16	static
../Display_Driver/lvgl/src/widgets/msgbox/lv_msgbox.c:241:12:lv_msgbox_get_header	0	static
../Display_Driver/lvgl/src/widgets/msgbox/lv_msgbox.c:248:12:lv_msgbox_get_footer	0	static
../Display_Driver/lvgl/src/widgets/msgbox/lv_msgbox.c:255:12:lv_msgbox_get_content	0	static
../Display_Driver/lvgl/src/widgets/msgbox/lv_msgbox.c:262:12:lv_msgbox_get_title	0	static
../Display_Driver/lvgl/src/widgets/msgbox/lv_msgbox.c:269:6:lv_msgbox_close	8	static
../Display_Driver/lvgl/src/widgets/msgbox/lv_msgbox.c:275:6:lv_msgbox_close_async	8	static
