../Middlewares/Third_Party/lvgl/src/indev/lv_indev.c:1879:13:indev_scroll_throw_anim_completed_cb	0	static
../Middlewares/Third_Party/lvgl/src/indev/lv_indev.c:1836:20:send_event	24	static
../Middlewares/Third_Party/lvgl/src/indev/lv_indev.c:1863:13:indev_scroll_throw_anim_cb	8	static
../Middlewares/Third_Party/lvgl/src/indev/lv_indev.c:1529:20:indev_proc_short_click	24	static
../Middlewares/Third_Party/lvgl/src/indev/lv_indev.c:115:14:lv_indev_create	8	static
../Middlewares/Third_Party/lvgl/src/indev/lv_indev.c:152:6:lv_indev_delete	16	static
../Middlewares/Third_Party/lvgl/src/indev/lv_indev.c:169:14:lv_indev_get_next	0	static
../Middlewares/Third_Party/lvgl/src/indev/lv_indev.c:285:6:lv_indev_enable	16	static
../Middlewares/Third_Party/lvgl/src/indev/lv_indev.c:299:14:lv_indev_active	0	static
../Middlewares/Third_Party/lvgl/src/indev/lv_indev.c:304:6:lv_indev_set_type	0	static
../Middlewares/Third_Party/lvgl/src/indev/lv_indev.c:312:6:lv_indev_set_read_cb	0	static
../Middlewares/Third_Party/lvgl/src/indev/lv_indev.c:319:6:lv_indev_set_user_data	0	static
../Middlewares/Third_Party/lvgl/src/indev/lv_indev.c:325:6:lv_indev_set_driver_data	0	static
../Middlewares/Third_Party/lvgl/src/indev/lv_indev.c:331:20:lv_indev_get_read_cb	0	static
../Middlewares/Third_Party/lvgl/src/indev/lv_indev.c:341:17:lv_indev_get_type	0	static
../Middlewares/Third_Party/lvgl/src/indev/lv_indev.c:348:18:lv_indev_get_state	0	static
../Middlewares/Third_Party/lvgl/src/indev/lv_indev.c:355:14:lv_indev_get_group	0	static
../Middlewares/Third_Party/lvgl/src/indev/lv_indev.c:362:16:lv_indev_get_display	0	static
../Middlewares/Third_Party/lvgl/src/indev/lv_indev.c:369:6:lv_indev_set_display	0	static
../Middlewares/Third_Party/lvgl/src/indev/lv_indev.c:376:6:lv_indev_set_long_press_time	0	static
../Middlewares/Third_Party/lvgl/src/indev/lv_indev.c:383:6:lv_indev_set_long_press_repeat_time	0	static
../Middlewares/Third_Party/lvgl/src/indev/lv_indev.c:390:6:lv_indev_set_scroll_limit	0	static
../Middlewares/Third_Party/lvgl/src/indev/lv_indev.c:397:6:lv_indev_set_scroll_throw	0	static
../Middlewares/Third_Party/lvgl/src/indev/lv_indev.c:404:8:lv_indev_get_user_data	0	static
../Middlewares/Third_Party/lvgl/src/indev/lv_indev.c:410:8:lv_indev_get_driver_data	0	static
../Middlewares/Third_Party/lvgl/src/indev/lv_indev.c:417:6:lv_indev_get_press_moved	0	static
../Middlewares/Third_Party/lvgl/src/indev/lv_indev.c:424:6:lv_indev_reset	40	static
../Middlewares/Third_Party/lvgl/src/indev/lv_indev.c:439:6:lv_indev_stop_processing	0	static
../Middlewares/Third_Party/lvgl/src/indev/lv_indev.c:445:6:lv_indev_reset_long_press	8	static
../Middlewares/Third_Party/lvgl/src/indev/lv_indev.c:451:6:lv_indev_set_cursor	16	static
../Middlewares/Third_Party/lvgl/src/indev/lv_indev.c:462:6:lv_indev_set_group	0	static
../Middlewares/Third_Party/lvgl/src/indev/lv_indev.c:469:6:lv_indev_set_button_points	0	static
../Middlewares/Third_Party/lvgl/src/indev/lv_indev.c:476:6:lv_indev_get_point	0	static
../Middlewares/Third_Party/lvgl/src/indev/lv_indev.c:492:10:lv_indev_get_gesture_dir	0	static
../Middlewares/Third_Party/lvgl/src/indev/lv_indev.c:497:10:lv_indev_get_key	0	static
../Middlewares/Third_Party/lvgl/src/indev/lv_indev.c:507:9:lv_indev_get_short_click_streak	0	static
../Middlewares/Third_Party/lvgl/src/indev/lv_indev.c:512:10:lv_indev_get_scroll_dir	0	static
../Middlewares/Third_Party/lvgl/src/indev/lv_indev.c:519:12:lv_indev_get_scroll_obj	0	static
../Middlewares/Third_Party/lvgl/src/indev/lv_indev.c:526:6:lv_indev_get_vect	0	static
../Middlewares/Third_Party/lvgl/src/indev/lv_indev.c:539:12:lv_indev_get_cursor	0	static
../Middlewares/Third_Party/lvgl/src/indev/lv_indev.c:545:6:lv_indev_wait_release	0	static
../Middlewares/Third_Party/lvgl/src/indev/lv_indev.c:551:12:lv_indev_get_active_obj	0	static
../Middlewares/Third_Party/lvgl/src/indev/lv_indev.c:556:14:lv_indev_get_read_timer	0	static
../Middlewares/Third_Party/lvgl/src/indev/lv_indev.c:566:17:lv_indev_get_mode	0	static
../Middlewares/Third_Party/lvgl/src/indev/lv_indev.c:572:6:lv_indev_set_mode	8	static
../Middlewares/Third_Party/lvgl/src/indev/lv_indev.c:590:12:lv_indev_search_obj	48	static
../Middlewares/Third_Party/lvgl/src/indev/lv_indev.c:1597:19:pointer_search_obj	16	static
../Middlewares/Third_Party/lvgl/src/indev/lv_indev.c:1194:13:indev_proc_press	32	static
../Middlewares/Third_Party/lvgl/src/indev/lv_indev.c:1397:13:indev_proc_release	152	static
../Middlewares/Third_Party/lvgl/src/indev/lv_indev.c:216:6:lv_indev_read.part.0	120	static
../Middlewares/Third_Party/lvgl/src/indev/lv_indev.c:216:6:lv_indev_read	16	static
../Middlewares/Third_Party/lvgl/src/indev/lv_indev.c:211:6:lv_indev_read_timer_cb	16	static
../Middlewares/Third_Party/lvgl/src/indev/lv_indev.c:626:6:lv_indev_add_event_cb	0	static
../Middlewares/Third_Party/lvgl/src/indev/lv_indev.c:633:10:lv_indev_get_event_count	0	static
../Middlewares/Third_Party/lvgl/src/indev/lv_indev.c:639:18:lv_indev_get_event_dsc	0	static
../Middlewares/Third_Party/lvgl/src/indev/lv_indev.c:646:6:lv_indev_remove_event	0	static
../Middlewares/Third_Party/lvgl/src/indev/lv_indev.c:653:10:lv_indev_remove_event_cb_with_user_data	24	static
../Middlewares/Third_Party/lvgl/src/indev/lv_indev.c:672:13:lv_indev_send_event	0	static
