../Middlewares/Third_Party/lvgl/src/draw/lv_draw_rect.c:41:28:lv_draw_rect_dsc_init	16	static
../Middlewares/Third_Party/lvgl/src/draw/lv_draw_rect.c:60:6:lv_draw_fill_dsc_init	8	static
../Middlewares/Third_Party/lvgl/src/draw/lv_draw_rect.c:67:22:lv_draw_task_get_fill_dsc	0	static
../Middlewares/Third_Party/lvgl/src/draw/lv_draw_rect.c:72:6:lv_draw_fill	16	static
../Middlewares/Third_Party/lvgl/src/draw/lv_draw_rect.c:85:6:lv_draw_border_dsc_init	8	static
../Middlewares/Third_Party/lvgl/src/draw/lv_draw_rect.c:93:24:lv_draw_task_get_border_dsc	0	static
../Middlewares/Third_Party/lvgl/src/draw/lv_draw_rect.c:98:6:lv_draw_border	16	static
../Middlewares/Third_Party/lvgl/src/draw/lv_draw_rect.c:111:6:lv_draw_box_shadow_dsc_init	8	static
../Middlewares/Third_Party/lvgl/src/draw/lv_draw_rect.c:118:28:lv_draw_task_get_box_shadow_dsc	0	static
../Middlewares/Third_Party/lvgl/src/draw/lv_draw_rect.c:123:6:lv_draw_box_shadow	16	static
../Middlewares/Third_Party/lvgl/src/draw/lv_draw_rect.c:136:6:lv_draw_rect	128	static
