../Middlewares/Third_Party/lvgl/src/draw/../misc/../stdlib/lv_string.h:73:20:lv_memzero	16	static
../Middlewares/Third_Party/lvgl/src/draw/../misc/cache/class/../../../osal/lv_os_private.h:209:27:lv_mutex_init	16	static
../Middlewares/Third_Party/lvgl/src/draw/../misc/cache/class/../../../osal/lv_os_private.h:215:27:lv_mutex_lock	16	static
../Middlewares/Third_Party/lvgl/src/draw/../misc/cache/class/../../../osal/lv_os_private.h:227:27:lv_mutex_unlock	16	static
../Middlewares/Third_Party/lvgl/src/draw/../misc/cache/class/../../../osal/lv_os_private.h:233:27:lv_mutex_delete	16	static
../Middlewares/Third_Party/lvgl/src/draw/lv_image_decoder.c:67:6:lv_image_decoder_init	16	static
../Middlewares/Third_Party/lvgl/src/draw/lv_image_decoder.c:82:6:lv_image_decoder_deinit	8	static
../Middlewares/Third_Party/lvgl/src/draw/lv_image_decoder.c:93:13:lv_image_decoder_get_info	96	static
../Middlewares/Third_Party/lvgl/src/draw/lv_image_decoder.c:108:13:lv_image_decoder_open	32	static
../Middlewares/Third_Party/lvgl/src/draw/lv_image_decoder.c:175:13:lv_image_decoder_get_area	40	static
../Middlewares/Third_Party/lvgl/src/draw/lv_image_decoder.c:184:6:lv_image_decoder_close	16	static
../Middlewares/Third_Party/lvgl/src/draw/lv_image_decoder.c:206:22:lv_image_decoder_create	16	static
../Middlewares/Third_Party/lvgl/src/draw/lv_image_decoder.c:218:6:lv_image_decoder_delete	16	static
../Middlewares/Third_Party/lvgl/src/draw/lv_image_decoder.c:224:22:lv_image_decoder_get_next	16	static
../Middlewares/Third_Party/lvgl/src/draw/lv_image_decoder.c:232:6:lv_image_decoder_set_info_cb	16	static
../Middlewares/Third_Party/lvgl/src/draw/lv_image_decoder.c:237:6:lv_image_decoder_set_open_cb	16	static
../Middlewares/Third_Party/lvgl/src/draw/lv_image_decoder.c:242:6:lv_image_decoder_set_get_area_cb	16	static
../Middlewares/Third_Party/lvgl/src/draw/lv_image_decoder.c:247:6:lv_image_decoder_set_close_cb	16	static
../Middlewares/Third_Party/lvgl/src/draw/lv_image_decoder.c:252:20:lv_image_decoder_add_to_cache	32	static
../Middlewares/Third_Party/lvgl/src/draw/lv_image_decoder.c:275:17:lv_image_decoder_post_process	40	static
../Middlewares/Third_Party/lvgl/src/draw/lv_image_decoder.c:329:29:image_decoder_get_info	112	static
../Middlewares/Third_Party/lvgl/src/draw/lv_image_decoder.c:420:17:img_width_to_stride	24	static
../Middlewares/Third_Party/lvgl/src/draw/lv_image_decoder.c:430:20:try_cache	56	static
