../Core/Src/lcd_io.c:13:6:LCD_Delay	16	static
../Core/Src/lcd_io.c:16:6:LCD_FMC_Init	4	static
../Core/Src/lcd_io.c:22:6:LCD_Reset	8	static
../Core/Src/lcd_io.c:30:6:LCD_Backlight_On	16	static
../Core/Src/lcd_io.c:35:6:LCD_WriteCmd	16	static
../Core/Src/lcd_io.c:36:6:LCD_WriteData8	16	static
../Core/Src/lcd_io.c:37:6:LCD_WriteData16	16	static
../Core/Src/lcd_io.c:39:6:LCD_WriteDataMulti	16	static
../Core/Src/lcd_io.c:45:6:LCD_DisplayOn_Minimal	8	static
../Core/Src/lcd_io.c:65:13:set_window_full	8	static
../Core/Src/lcd_io.c:81:6:LCD_FillRGB565	24	static
