../Display_Driver/lvgl/src/stdlib/builtin/lv_string_builtin.c:56:30:lv_memcpy.part.0	64	static
../Display_Driver/lvgl/src/stdlib/builtin/lv_string_builtin.c:56:30:lv_memcpy	8	static
../Display_Driver/lvgl/src/stdlib/builtin/lv_string_builtin.c:118:28:lv_memset	12	static
../Display_Driver/lvgl/src/stdlib/builtin/lv_string_builtin.c:148:30:lv_memmove	24	static
../Display_Driver/lvgl/src/stdlib/builtin/lv_string_builtin.c:174:5:lv_memcmp	8	static
../Display_Driver/lvgl/src/stdlib/builtin/lv_string_builtin.c:186:8:lv_strlen	8	static
../Display_Driver/lvgl/src/stdlib/builtin/lv_string_builtin.c:194:8:lv_strnlen	4	static
../Display_Driver/lvgl/src/stdlib/builtin/lv_string_builtin.c:202:8:lv_strlcpy	16	static
../Display_Driver/lvgl/src/stdlib/builtin/lv_string_builtin.c:215:8:lv_strncpy	8	static
../Display_Driver/lvgl/src/stdlib/builtin/lv_string_builtin.c:227:8:lv_strcpy	0	static
../Display_Driver/lvgl/src/stdlib/builtin/lv_string_builtin.c:234:5:lv_strcmp	0	static
../Display_Driver/lvgl/src/stdlib/builtin/lv_string_builtin.c:243:5:lv_strncmp	4	static
../Display_Driver/lvgl/src/stdlib/builtin/lv_string_builtin.c:259:8:lv_strdup	16	static
../Display_Driver/lvgl/src/stdlib/builtin/lv_string_builtin.c:269:8:lv_strndup	16	static
../Display_Driver/lvgl/src/stdlib/builtin/lv_string_builtin.c:280:8:lv_strcat	4	static
../Display_Driver/lvgl/src/stdlib/builtin/lv_string_builtin.c:286:8:lv_strncat	4	static
../Display_Driver/lvgl/src/stdlib/builtin/lv_string_builtin.c:300:8:lv_strchr	0	static
