Archive member included to satisfy reference by file (symbol)

/home/tuna/st/stm32cubeide_1.18.1/plugins/com.st.stm32cube.ide.mcu.externaltools.gnu-tools-for-stm32.13.3.rel1.linux64_1.0.0.202410170706/tools/bin/../lib/gcc/arm-none-eabi/13.3.1/../../../../arm-none-eabi/lib/thumb/v7e-m+fp/hard/libc_nano.a(libc_a-exit.o)
                              /home/tuna/st/stm32cubeide_1.18.1/plugins/com.st.stm32cube.ide.mcu.externaltools.gnu-tools-for-stm32.13.3.rel1.linux64_1.0.0.202410170706/tools/bin/../lib/gcc/arm-none-eabi/13.3.1/../../../../arm-none-eabi/lib/thumb/v7e-m+fp/hard/crt0.o (exit)
/home/tuna/st/stm32cubeide_1.18.1/plugins/com.st.stm32cube.ide.mcu.externaltools.gnu-tools-for-stm32.13.3.rel1.linux64_1.0.0.202410170706/tools/bin/../lib/gcc/arm-none-eabi/13.3.1/../../../../arm-none-eabi/lib/thumb/v7e-m+fp/hard/libc_nano.a(libc_a-findfp.o)
                              /home/tuna/st/stm32cubeide_1.18.1/plugins/com.st.stm32cube.ide.mcu.externaltools.gnu-tools-for-stm32.13.3.rel1.linux64_1.0.0.202410170706/tools/bin/../lib/gcc/arm-none-eabi/13.3.1/../../../../arm-none-eabi/lib/thumb/v7e-m+fp/hard/libc_nano.a(libc_a-exit.o) (__stdio_exit_handler)
/home/tuna/st/stm32cubeide_1.18.1/plugins/com.st.stm32cube.ide.mcu.externaltools.gnu-tools-for-stm32.13.3.rel1.linux64_1.0.0.202410170706/tools/bin/../lib/gcc/arm-none-eabi/13.3.1/../../../../arm-none-eabi/lib/thumb/v7e-m+fp/hard/libc_nano.a(libc_a-fwalk.o)
                              /home/tuna/st/stm32cubeide_1.18.1/plugins/com.st.stm32cube.ide.mcu.externaltools.gnu-tools-for-stm32.13.3.rel1.linux64_1.0.0.202410170706/tools/bin/../lib/gcc/arm-none-eabi/13.3.1/../../../../arm-none-eabi/lib/thumb/v7e-m+fp/hard/libc_nano.a(libc_a-findfp.o) (_fwalk_sglue)
/home/tuna/st/stm32cubeide_1.18.1/plugins/com.st.stm32cube.ide.mcu.externaltools.gnu-tools-for-stm32.13.3.rel1.linux64_1.0.0.202410170706/tools/bin/../lib/gcc/arm-none-eabi/13.3.1/../../../../arm-none-eabi/lib/thumb/v7e-m+fp/hard/libc_nano.a(libc_a-stdio.o)
                              /home/tuna/st/stm32cubeide_1.18.1/plugins/com.st.stm32cube.ide.mcu.externaltools.gnu-tools-for-stm32.13.3.rel1.linux64_1.0.0.202410170706/tools/bin/../lib/gcc/arm-none-eabi/13.3.1/../../../../arm-none-eabi/lib/thumb/v7e-m+fp/hard/libc_nano.a(libc_a-findfp.o) (__sread)
/home/tuna/st/stm32cubeide_1.18.1/plugins/com.st.stm32cube.ide.mcu.externaltools.gnu-tools-for-stm32.13.3.rel1.linux64_1.0.0.202410170706/tools/bin/../lib/gcc/arm-none-eabi/13.3.1/../../../../arm-none-eabi/lib/thumb/v7e-m+fp/hard/libc_nano.a(libc_a-memset.o)
                              /home/tuna/st/stm32cubeide_1.18.1/plugins/com.st.stm32cube.ide.mcu.externaltools.gnu-tools-for-stm32.13.3.rel1.linux64_1.0.0.202410170706/tools/bin/../lib/gcc/arm-none-eabi/13.3.1/../../../../arm-none-eabi/lib/thumb/v7e-m+fp/hard/crt0.o (memset)
/home/tuna/st/stm32cubeide_1.18.1/plugins/com.st.stm32cube.ide.mcu.externaltools.gnu-tools-for-stm32.13.3.rel1.linux64_1.0.0.202410170706/tools/bin/../lib/gcc/arm-none-eabi/13.3.1/../../../../arm-none-eabi/lib/thumb/v7e-m+fp/hard/libc_nano.a(libc_a-closer.o)
                              /home/tuna/st/stm32cubeide_1.18.1/plugins/com.st.stm32cube.ide.mcu.externaltools.gnu-tools-for-stm32.13.3.rel1.linux64_1.0.0.202410170706/tools/bin/../lib/gcc/arm-none-eabi/13.3.1/../../../../arm-none-eabi/lib/thumb/v7e-m+fp/hard/libc_nano.a(libc_a-stdio.o) (_close_r)
/home/tuna/st/stm32cubeide_1.18.1/plugins/com.st.stm32cube.ide.mcu.externaltools.gnu-tools-for-stm32.13.3.rel1.linux64_1.0.0.202410170706/tools/bin/../lib/gcc/arm-none-eabi/13.3.1/../../../../arm-none-eabi/lib/thumb/v7e-m+fp/hard/libc_nano.a(libc_a-reent.o)
                              /home/tuna/st/stm32cubeide_1.18.1/plugins/com.st.stm32cube.ide.mcu.externaltools.gnu-tools-for-stm32.13.3.rel1.linux64_1.0.0.202410170706/tools/bin/../lib/gcc/arm-none-eabi/13.3.1/../../../../arm-none-eabi/lib/thumb/v7e-m+fp/hard/libc_nano.a(libc_a-closer.o) (errno)
/home/tuna/st/stm32cubeide_1.18.1/plugins/com.st.stm32cube.ide.mcu.externaltools.gnu-tools-for-stm32.13.3.rel1.linux64_1.0.0.202410170706/tools/bin/../lib/gcc/arm-none-eabi/13.3.1/../../../../arm-none-eabi/lib/thumb/v7e-m+fp/hard/libc_nano.a(libc_a-impure.o)
                              /home/tuna/st/stm32cubeide_1.18.1/plugins/com.st.stm32cube.ide.mcu.externaltools.gnu-tools-for-stm32.13.3.rel1.linux64_1.0.0.202410170706/tools/bin/../lib/gcc/arm-none-eabi/13.3.1/../../../../arm-none-eabi/lib/thumb/v7e-m+fp/hard/libc_nano.a(libc_a-reent.o) (_impure_ptr)
/home/tuna/st/stm32cubeide_1.18.1/plugins/com.st.stm32cube.ide.mcu.externaltools.gnu-tools-for-stm32.13.3.rel1.linux64_1.0.0.202410170706/tools/bin/../lib/gcc/arm-none-eabi/13.3.1/../../../../arm-none-eabi/lib/thumb/v7e-m+fp/hard/libc_nano.a(libc_a-lseekr.o)
[...]
Memory Configuration

Name             Origin             Length             Attributes
RAM              0x20000000         0x00020000         xrw
FLASH            0x08000000         0x00020000         xr
*default*        0x00000000         0xffffffff

Linker script and memory map

LOAD /home/tuna/st/stm32cubeide_1.18.1/plugins/com.st.stm32cube.ide.mcu.externaltools.gnu-tools-for-stm32.13.3.rel1.linux64_1.0.0.202410170706/tools/bin/../lib/gcc/arm-none-eabi/13.3.1/thumb/v7e-m+fp/hard/crti.o
LOAD /home/tuna/st/stm32cubeide_1.18.1/plugins/com.st.stm32cube.ide.mcu.externaltools.gnu-tools-for-stm32.13.3.rel1.linux64_1.0.0.202410170706/tools/bin/../lib/gcc/arm-none-eabi/13.3.1/thumb/v7e-m+fp/hard/crtbegin.o
LOAD /home/tuna/st/stm32cubeide_1.18.1/plugins/com.st.stm32cube.ide.mcu.externaltools.gnu-tools-for-stm32.13.3.rel1.linux64_1.0.0.202410170706/tools/bin/../lib/gcc/arm-none-eabi/13.3.1/../../../../arm-none-eabi/lib/thumb/v7e-m+fp/hard/crt0.o
LOAD ./Core/Src/Bracket_track/Track.o
LOAD ./Core/Src/CAN/can.o
LOAD ./Core/Src/Robot_movement/Robot_base_movement.o
LOAD ./Core/Src/kinematics/kinematics.o
LOAD ./Core/Src/main.o
LOAD ./Core/Src/stm32g4xx_hal_msp.o
LOAD ./Core/Src/stm32g4xx_it.o
LOAD ./Core/Src/syscalls.o
LOAD ./Core/Src/sysmem.o
LOAD ./Core/Src/system_stm32g4xx.o
LOAD ./Core/Src/pid/pid.o
LOAD ./Core/Src/uart/uart.o
LOAD ./Core/Startup/startup_stm32g474rbtx.o
LOAD ./Drivers/STM32G4xx_HAL_Driver/Src/stm32g4xx_hal.o
LOAD ./Drivers/STM32G4xx_HAL_Driver/Src/stm32g4xx_hal_cortex.o
LOAD ./Drivers/STM32G4xx_HAL_Driver/Src/stm32g4xx_hal_dma.o
LOAD ./Drivers/STM32G4xx_HAL_Driver/Src/stm32g4xx_hal_dma_ex.o
LOAD ./Drivers/STM32G4xx_HAL_Driver/Src/stm32g4xx_hal_exti.o
LOAD ./Drivers/STM32G4xx_HAL_Driver/Src/stm32g4xx_hal_fdcan.o
LOAD ./Drivers/STM32G4xx_HAL_Driver/Src/stm32g4xx_hal_flash.o
LOAD ./Drivers/STM32G4xx_HAL_Driver/Src/stm32g4xx_hal_flash_ex.o
LOAD ./Drivers/STM32G4xx_HAL_Driver/Src/stm32g4xx_hal_flash_ramfunc.o
LOAD ./Drivers/STM32G4xx_HAL_Driver/Src/stm32g4xx_hal_gpio.o
LOAD ./Drivers/STM32G4xx_HAL_Driver/Src/stm32g4xx_hal_pcd.o
LOAD ./Drivers/STM32G4xx_HAL_Driver/Src/stm32g4xx_hal_pcd_ex.o
LOAD ./Drivers/STM32G4xx_HAL_Driver/Src/stm32g4xx_hal_pwr.o
LOAD ./Drivers/STM32G4xx_HAL_Driver/Src/stm32g4xx_hal_pwr_ex.o
LOAD ./Drivers/STM32G4xx_HAL_Driver/Src/stm32g4xx_hal_rcc.o
LOAD ./Drivers/STM32G4xx_HAL_Driver/Src/stm32g4xx_hal_rcc_ex.o
LOAD ./Drivers/STM32G4xx_HAL_Driver/Src/stm32g4xx_hal_uart.o
LOAD ./Drivers/STM32G4xx_HAL_Driver/Src/stm32g4xx_hal_uart_ex.o
LOAD ./Drivers/STM32G4xx_HAL_Driver/Src/stm32g4xx_ll_usb.o
LOAD ./Middlewares/ST/STM32_USB_Device_Library/Class/CDC/Src/usbd_cdc.o
LOAD ./Middlewares/ST/STM32_USB_Device_Library/Core/Src/usbd_core.o
LOAD ./Middlewares/ST/STM32_USB_Device_Library/Core/Src/usbd_ctlreq.o
LOAD ./Middlewares/ST/STM32_USB_Device_Library/Core/Src/usbd_ioreq.o
LOAD ./USB_Device/App/usb_device.o
LOAD ./USB_Device/App/usbd_cdc_if.o
LOAD ./USB_Device/App/usbd_desc.o
LOAD ./USB_Device/Target/usbd_conf.o
START GROUP
LOAD /home/tuna/st/stm32cubeide_1.18.1/plugins/com.st.stm32cube.ide.mcu.externaltools.gnu-tools-for-stm32.13.3.rel1.linux64_1.0.0.202410170706/tools/bin/../lib/gcc/arm-none-eabi/13.3.1/../../../../arm-none-eabi/lib/thumb/v7e-m+fp/hard/libc_nano.a
LOAD /home/tuna/st/stm32cubeide_1.18.1/plugins/com.st.stm32cube.ide.mcu.externaltools.gnu-tools-for-stm32.13.3.rel1.linux64_1.0.0.202410170706/tools/bin/../lib/gcc/arm-none-eabi/13.3.1/../../../../arm-none-eabi/lib/thumb/v7e-m+fp/hard/libm.a
END GROUP
START GROUP
LOAD /home/tuna/st/stm32cubeide_1.18.1/plugins/com.st.stm32cube.ide.mcu.externaltools.gnu-tools-for-stm32.13.3.rel1.linux64_1.0.0.202410170706/tools/bin/../lib/gcc/arm-none-eabi/13.3.1/thumb/v7e-m+fp/hard/libgcc.a
LOAD /home/tuna/st/stm32cubeide_1.18.1/plugins/com.st.stm32cube.ide.mcu.externaltools.gnu-tools-for-stm32.13.3.rel1.linux64_1.0.0.202410170706/tools/bin/../lib/gcc/arm-none-eabi/13.3.1/../../../../arm-none-eabi/lib/thumb/v7e-m+fp/hard/libc_nano.a
END GROUP
START GROUP
LOAD /home/tuna/st/stm32cubeide_1.18.1/plugins/com.st.stm32cube.ide.mcu.externaltools.gnu-tools-for-stm32.13.3.rel1.linux64_1.0.0.202410170706/tools/bin/../lib/gcc/arm-none-eabi/13.3.1/thumb/v7e-m+fp/hard/libgcc.a
LOAD /home/tuna/st/stm32cubeide_1.18.1/plugins/com.st.stm32cube.ide.mcu.externaltools.gnu-tools-for-stm32.13.3.rel1.linux64_1.0.0.202410170706/tools/bin/../lib/gcc/arm-none-eabi/13.3.1/../../../../arm-none-eabi/lib/thumb/v7e-m+fp/hard/libc_nano.a
LOAD /home/tuna/st/stm32cubeide_1.18.1/plugins/com.st.stm32cube.ide.mcu.externaltools.gnu-tools-for-stm32.13.3.rel1.linux64_1.0.0.202410170706/tools/bin/../lib/gcc/arm-none-eabi/13.3.1/../../../../arm-none-eabi/lib/thumb/v7e-m+fp/hard/libnosys.a
END GROUP
START GROUP
LOAD /home/tuna/st/stm32cubeide_1.18.1/plugins/com.st.stm32cube.ide.mcu.externaltools.gnu-tools-for-stm32.13.3.rel1.linux64_1.0.0.202410170706/tools/bin/../lib/gcc/arm-none-eabi/13.3.1/thumb/v7e-m+fp/hard/libgcc.a
LOAD /home/tuna/st/stm32cubeide_1.18.1/plugins/com.st.stm32cube.ide.mcu.externaltools.gnu-tools-for-stm32.13.3.rel1.linux64_1.0.0.202410170706/tools/bin/../lib/gcc/arm-none-eabi/13.3.1/../../../../arm-none-eabi/lib/thumb/v7e-m+fp/hard/libc_nano.a
LOAD /home/tuna/st/stm32cubeide_1.18.1/plugins/com.st.stm32cube.ide.mcu.externaltools.gnu-tools-for-stm32.13.3.rel1.linux64_1.0.0.202410170706/tools/bin/../lib/gcc/arm-none-eabi/13.3.1/../../../../arm-none-eabi/lib/thumb/v7e-m+fp/hard/libnosys.a
END GROUP
LOAD /home/tuna/st/stm32cubeide_1.18.1/plugins/com.st.stm32cube.ide.mcu.externaltools.gnu-tools-for-stm32.13.3.rel1.linux64_1.0.0.202410170706/tools/bin/../lib/gcc/arm-none-eabi/13.3.1/thumb/v7e-m+fp/hard/crtend.o
LOAD /home/tuna/st/stm32cubeide_1.18.1/plugins/com.st.stm32cube.ide.mcu.externaltools.gnu-tools-for-stm32.13.3.rel1.linux64_1.0.0.202410170706/tools/bin/../lib/gcc/arm-none-eabi/13.3.1/thumb/v7e-m+fp/hard/crtn.o
                0x20020000                        _estack = (ORIGIN (RAM) + LENGTH (RAM))
                0x00000200                        _Min_Heap_Size = 0x200
                0x00000400                        _Min_Stack_Size = 0x400

.isr_vector     0x08000000      0x1d8
                0x08000000                        . = ALIGN (0x4)
 *(.isr_vector)
 .isr_vector    0x08000000      0x1d8 ./Core/Startup/startup_stm32g474rbtx.o
                0x08000000                g_pfnVectors
                0x080001d8                        . = ALIGN (0x4)

.text           0x080001d8     0xd3f0
                0x080001d8                        . = ALIGN (0x4)
 *(.text)
 .text          0x080001d8       0x40 /home/tuna/st/stm32cubeide_1.18.1/plugins/com.st.stm32cube.ide.mcu.externaltools.gnu-tools-for-stm32.13.3.rel1.linux64_1.0.0.202410170706/tools/bin/../lib/gcc/arm-none-eabi/13.3.1/thumb/v7e-m+fp/hard/crtbegin.o
 .text          0x08000218      0x378 /home/tuna/st/stm32cubeide_1.18.1/plugins/com.st.stm32cube.ide.mcu.externaltools.gnu-tools-for-stm32.13.3.rel1.linux64_1.0.0.202410170706/tools/bin/../lib/gcc/arm-none-eabi/13.3.1/thumb/v7e-m+fp/hard/libgcc.a(_arm_addsubdf3.o)
                0x08000218                __aeabi_drsub
                0x08000220                __aeabi_dsub
                0x08000220                __subdf3
                0x08000224                __adddf3
                0x08000224                __aeabi_dadd
                0x0800049c                __aeabi_ui2d
                0x0800049c                __floatunsidf
                0x080004bc                __floatsidf
                0x080004bc                __aeabi_i2d
                0x080004e0                __extendsfdf2
                0x080004e0                __aeabi_f2d
                0x08000524                __aeabi_ul2d
                0x08000524                __floatundidf
                0x08000534                __floatdidf
                0x08000534                __aeabi_l2d
 .text          0x08000590      0x424 /home/tuna/st/stm32cubeide_1.18.1/plugins/com.st.stm32cube.ide.mcu.externaltools.gnu-tools-for-stm32.13.3.rel1.linux64_1.0.0.202410170706/tools/bin/../lib/gcc/arm-none-eabi/13.3.1/thumb/v7e-m+fp/hard/libgcc.a(_arm_muldivdf3.o)
                0x08000590                __aeabi_dmul
                0x08000590                __muldf3
                0x080007e4                __aeabi_ddiv
                0x080007e4                __divdf3
 .text          0x080009b4      0x110 /home/tuna/st/stm32cubeide_1.18.1/plugins/com.st.stm32cube.ide.mcu.externaltools.gnu-tools-for-stm32.13.3.rel1.linux64_1.0.0.202410170706/tools/bin/../lib/gcc/arm-none-eabi/13.3.1/thumb/v7e-m+fp/hard/libgcc.a(_arm_cmpdf2.o)
                0x080009b4                __gtdf2
                0x080009b4                __gedf2
                0x080009bc                __ltdf2
                0x080009bc                __ledf2
                0x080009c4                __cmpdf2
                0x080009c4                __eqdf2
                0x080009c4                __nedf2
                0x08000a40                __aeabi_cdrcmple
                0x08000a50                __aeabi_cdcmple
                0x08000a50                __aeabi_cdcmpeq
                0x08000a60                __aeabi_dcmpeq
                0x08000a74                __aeabi_dcmplt
                0x08000a88                __aeabi_dcmple
                0x08000a9c                __aeabi_dcmpge
                0x08000ab0                __aeabi_dcmpgt
 .text          0x08000ac4       0x50 /home/tuna/st/stm32cubeide_1.18.1/plugins/com.st.stm32cube.ide.mcu.externaltools.gnu-tools-for-stm32.13.3.rel1.linux64_1.0.0.202410170706/tools/bin/../lib/gcc/arm-none-eabi/13.3.1/thumb/v7e-m+fp/hard/libgcc.a(_arm_fixdfsi.o)
                0x08000ac4                __fixdfsi
                0x08000ac4                __aeabi_d2iz
 .text          0x08000b14       0x40 /home/tuna/st/stm32cubeide_1.18.1/plugins/com.st.stm32cube.ide.mcu.externaltools.gnu-tools-for-stm32.13.3.rel1.linux64_1.0.0.202410170706/tools/bin/../lib/gcc/arm-none-eabi/13.3.1/thumb/v7e-m+fp/hard/libgcc.a(_arm_fixunsdfsi.o)
                0x08000b14                __fixunsdfsi
                0x08000b14                __aeabi_d2uiz
 .text          0x08000b54       0xa0 /home/tuna/st/stm32cubeide_1.18.1/plugins/com.st.stm32cube.ide.mcu.externaltools.gnu-tools-for-stm32.13.3.rel1.linux64_1.0.0.202410170706/tools/bin/../lib/gcc/arm-none-eabi/13.3.1/thumb/v7e-m+fp/hard/libgcc.a(_arm_truncdfsf2.o)
                0x08000b54                __aeabi_d2f
                0x08000b54                __truncdfsf2
 .text          0x08000bf4       0x30 /home/tuna/st/stm32cubeide_1.18.1/plugins/com.st.stm32cube.ide.mcu.externaltools.gnu-tools-for-stm32.13.3.rel1.linux64_1.0.0.202410170706/tools/bin/../lib/gcc/arm-none-eabi/13.3.1/thumb/v7e-m+fp/hard/libgcc.a(_aeabi_uldivmod.o)
                0x08000bf4                __aeabi_uldivmod
 .text          0x08000c24      0x2f8 /home/tuna/st/stm32cubeide_1.18.1/plugins/com.st.stm32cube.ide.mcu.externaltools.gnu-tools-for-stm32.13.3.rel1.linux64_1.0.0.202410170706/tools/bin/../lib/gcc/arm-none-eabi/13.3.1/thumb/v7e-m+fp/hard/libgcc.a(_udivmoddi4.o)
                0x08000c24                __udivmoddi4
 .text          0x08000f1c        0x4 /home/tuna/st/stm32cubeide_1.18.1/plugins/com.st.stm32cube.ide.mcu.externaltools.gnu-tools-for-stm32.13.3.rel1.linux64_1.0.0.202410170706/tools/bin/../lib/gcc/arm-none-eabi/13.3.1/thumb/v7e-m+fp/hard/libgcc.a(_dvmd_tls.o)
                0x08000f1c                __aeabi_ldiv0
                0x08000f1c                __aeabi_idiv0
 *(.text*)
 .text.HAL_FDCAN_RxFifo0Callback
                0x08000f20       0xf4 ./Core/Src/CAN/can.o
                0x08000f20                HAL_FDCAN_RxFifo0Callback
 .text.CAN_tran
                0x08001014      0x104 ./Core/Src/CAN/can.o
                0x08001014                CAN_tran
 .text.CAN_INIT
                0x08001118       0x98 ./Core/Src/CAN/can.o
                0x08001118                CAN_INIT
 .text.Robot_base_movement_init
                0x080011b0       0x30 ./Core/Src/Robot_movement/Robot_base_movement.o
                0x080011b0                Robot_base_movement_init
 .text.Robot_base_movement_start
                0x080011e0      0x158 ./Core/Src/Robot_movement/Robot_base_movement.o
                0x080011e0                Robot_base_movement_start
 .text.CalculateKinematics
                0x08001338      0x16c ./Core/Src/kinematics/kinematics.o
                0x08001338                CalculateKinematics
 .text.Decoding
                0x080014a4       0x68 ./Core/Src/main.o
                0x080014a4                Decoding
 *fill*         0x0800150c        0x4 
 .text.main     0x08001510      0x34c ./Core/Src/main.o
                0x08001510                main
 .text.SystemClock_Config
                0x0800185c       0x98 ./Core/Src/main.o
                0x0800185c                SystemClock_Config
 .text.MX_FDCAN2_Init
                0x080018f4       0x8c ./Core/Src/main.o
 .text.MX_USART1_UART_Init
                0x08001980       0x98 ./Core/Src/main.o
 .text.MX_GPIO_Init
                0x08001a18       0x78 ./Core/Src/main.o
 .text.Error_Handler
                0x08001a90        0xc ./Core/Src/main.o
                0x08001a90                Error_Handler
 .text.HAL_MspInit
                0x08001a9c       0x48 ./Core/Src/stm32g4xx_hal_msp.o
                0x08001a9c                HAL_MspInit
 .text.HAL_FDCAN_MspInit
                0x08001ae4       0xc8 ./Core/Src/stm32g4xx_hal_msp.o
                0x08001ae4                HAL_FDCAN_MspInit
 .text.HAL_UART_MspInit
                0x08001bac       0xc0 ./Core/Src/stm32g4xx_hal_msp.o
                0x08001bac                HAL_UART_MspInit
 .text.NMI_Handler
                0x08001c6c        0x8 ./Core/Src/stm32g4xx_it.o
                0x08001c6c                NMI_Handler
 .text.HardFault_Handler
                0x08001c74        0x8 ./Core/Src/stm32g4xx_it.o
                0x08001c74                HardFault_Handler
 .text.MemManage_Handler
                0x08001c7c        0x8 ./Core/Src/stm32g4xx_it.o
                0x08001c7c                MemManage_Handler
 .text.BusFault_Handler
                0x08001c84        0x8 ./Core/Src/stm32g4xx_it.o
                0x08001c84                BusFault_Handler
 .text.UsageFault_Handler
                0x08001c8c        0x8 ./Core/Src/stm32g4xx_it.o
                0x08001c8c                UsageFault_Handler
 .text.SVC_Handler
                0x08001c94        0xe ./Core/Src/stm32g4xx_it.o
                0x08001c94                SVC_Handler
 .text.DebugMon_Handler
                0x08001ca2        0xe ./Core/Src/stm32g4xx_it.o
                0x08001ca2                DebugMon_Handler
 .text.PendSV_Handler
                0x08001cb0        0xe ./Core/Src/stm32g4xx_it.o
                0x08001cb0                PendSV_Handler
 .text.SysTick_Handler
                0x08001cbe        0xc ./Core/Src/stm32g4xx_it.o
                0x08001cbe                SysTick_Handler
 *fill*         0x08001cca        0x2 
 .text.USB_LP_IRQHandler
                0x08001ccc       0x14 ./Core/Src/stm32g4xx_it.o
                0x08001ccc                USB_LP_IRQHandler
 .text.USART1_IRQHandler
                0x08001ce0       0x14 ./Core/Src/stm32g4xx_it.o
                0x08001ce0                USART1_IRQHandler
 .text.FDCAN2_IT0_IRQHandler
                0x08001cf4       0x14 ./Core/Src/stm32g4xx_it.o
                0x08001cf4                FDCAN2_IT0_IRQHandler
 .text.SystemInit
                0x08001d08       0x24 ./Core/Src/system_stm32g4xx.o
                0x08001d08                SystemInit
 .text.abs_limit
                0x08001d2c       0x5a ./Core/Src/pid/pid.o
                0x08001d2c                abs_limit
 .text.pid_param_init
                0x08001d86       0x4a ./Core/Src/pid/pid.o
 .text.pid_reset
                0x08001dd0       0x52 ./Core/Src/pid/pid.o
 .text.pid_calc
                0x08001e22      0x21a ./Core/Src/pid/pid.o
                0x08001e22                pid_calc
 .text.PID_struct_init
                0x0800203c       0x64 ./Core/Src/pid/pid.o
                0x0800203c                PID_struct_init
 .text.UART_Init
                0x080020a0       0x1c ./Core/Src/uart/uart.o
                0x080020a0                UART_Init
 .text.HAL_UART_RxCpltCallback
                0x080020bc      0x1d8 ./Core/Src/uart/uart.o
                0x080020bc                HAL_UART_RxCpltCallback
 .text.Reset_Handler
                0x08002294       0x50 ./Core/Startup/startup_stm32g474rbtx.o
                0x08002294                Reset_Handler
 .text.Default_Handler
                0x080022e4        0x2 ./Core/Startup/startup_stm32g474rbtx.o
                0x080022e4                RTC_Alarm_IRQHandler
                0x080022e4                EXTI2_IRQHandler
                0x080022e4                TIM8_TRG_COM_IRQHandler
                0x080022e4                TIM8_CC_IRQHandler
                0x080022e4                HRTIM1_Master_IRQHandler
                0x080022e4                SPI4_IRQHandler
                0x080022e4                FDCAN3_IT0_IRQHandler
                0x080022e4                TIM1_CC_IRQHandler
                0x080022e4                HRTIM1_FLT_IRQHandler
                0x080022e4                HRTIM1_TIMF_IRQHandler
                0x080022e4                USB_HP_IRQHandler
                0x080022e4                CORDIC_IRQHandler
                0x080022e4                HRTIM1_TIMD_IRQHandler
                0x080022e4                DMA2_Channel8_IRQHandler
                0x080022e4                EXTI3_IRQHandler
                0x080022e4                I2C3_ER_IRQHandler
                0x080022e4                EXTI0_IRQHandler
                0x080022e4                I2C2_EV_IRQHandler
                0x080022e4                FPU_IRQHandler
                0x080022e4                FDCAN1_IT1_IRQHandler
                0x080022e4                TIM1_UP_TIM16_IRQHandler
                0x080022e4                ADC1_2_IRQHandler
                0x080022e4                HRTIM1_TIME_IRQHandler
                0x080022e4                SPI1_IRQHandler
                0x080022e4                TIM6_DAC_IRQHandler
                0x080022e4                HRTIM1_TIMC_IRQHandler
                0x080022e4                TIM8_UP_IRQHandler
                0x080022e4                DMA2_Channel2_IRQHandler
                0x080022e4                DMA1_Channel4_IRQHandler
                0x080022e4                TIM20_TRG_COM_IRQHandler
                0x080022e4                USART3_IRQHandler
                0x080022e4                DMA1_Channel7_IRQHandler
                0x080022e4                UART5_IRQHandler
                0x080022e4                ADC3_IRQHandler
                0x080022e4                TIM4_IRQHandler
                0x080022e4                DMA2_Channel1_IRQHandler
                0x080022e4                QUADSPI_IRQHandler
                0x080022e4                I2C1_EV_IRQHandler
                0x080022e4                DMA1_Channel6_IRQHandler
                0x080022e4                UART4_IRQHandler
                0x080022e4                DMA2_Channel4_IRQHandler
                0x080022e4                TIM3_IRQHandler
                0x080022e4                RCC_IRQHandler
                0x080022e4                TIM20_UP_IRQHandler
                0x080022e4                DMA1_Channel1_IRQHandler
                0x080022e4                Default_Handler
                0x080022e4                DMA2_Channel7_IRQHandler
                0x080022e4                RTC_TAMP_LSECSS_IRQHandler
                0x080022e4                FMAC_IRQHandler
                0x080022e4                EXTI15_10_IRQHandler
                0x080022e4                DMA1_Channel8_IRQHandler
                0x080022e4                HRTIM1_TIMA_IRQHandler
                0x080022e4                TIM7_DAC_IRQHandler
                0x080022e4                FDCAN3_IT1_IRQHandler
                0x080022e4                TIM5_IRQHandler
                0x080022e4                UCPD1_IRQHandler
                0x080022e4                I2C3_EV_IRQHandler
                0x080022e4                EXTI9_5_IRQHandler
                0x080022e4                RTC_WKUP_IRQHandler
                0x080022e4                PVD_PVM_IRQHandler
                0x080022e4                SPI2_IRQHandler
                0x080022e4                ADC5_IRQHandler
                0x080022e4                DMA2_Channel5_IRQHandler
                0x080022e4                CRS_IRQHandler
                0x080022e4                DMA1_Channel5_IRQHandler
                0x080022e4                EXTI4_IRQHandler
                0x080022e4                RNG_IRQHandler
                0x080022e4                HRTIM1_TIMB_IRQHandler
                0x080022e4                TIM1_TRG_COM_TIM17_IRQHandler
                0x080022e4                FDCAN2_IT1_IRQHandler
                0x080022e4                DMA1_Channel3_IRQHandler
                0x080022e4                ADC4_IRQHandler
                0x080022e4                WWDG_IRQHandler
                0x080022e4                I2C4_EV_IRQHandler
                0x080022e4                LPUART1_IRQHandler
                0x080022e4                DMA2_Channel6_IRQHandler
                0x080022e4                FDCAN1_IT0_IRQHandler
                0x080022e4                TIM2_IRQHandler
                0x080022e4                COMP7_IRQHandler
                0x080022e4                COMP1_2_3_IRQHandler
                0x080022e4                EXTI1_IRQHandler
                0x080022e4                USART2_IRQHandler
                0x080022e4                COMP4_5_6_IRQHandler
                0x080022e4                TIM20_BRK_IRQHandler
                0x080022e4                I2C2_ER_IRQHandler
                0x080022e4                DMA1_Channel2_IRQHandler
                0x080022e4                TIM8_BRK_IRQHandler
                0x080022e4                FLASH_IRQHandler
                0x080022e4                TIM20_CC_IRQHandler
                0x080022e4                SPI3_IRQHandler
                0x080022e4                I2C1_ER_IRQHandler
                0x080022e4                FMC_IRQHandler
                0x080022e4                LPTIM1_IRQHandler
                0x080022e4                DMAMUX_OVR_IRQHandler
                0x080022e4                I2C4_ER_IRQHandler
                0x080022e4                USBWakeUp_IRQHandler
                0x080022e4                SAI1_IRQHandler
                0x080022e4                DMA2_Channel3_IRQHandler
                0x080022e4                TIM1_BRK_TIM15_IRQHandler
 .text.HAL_Init
                0x080022e6       0x30 ./Drivers/STM32G4xx_HAL_Driver/Src/stm32g4xx_hal.o
                0x080022e6                HAL_Init
 *fill*         0x08002316        0x2 
 .text.HAL_InitTick
                0x08002318       0x74 ./Drivers/STM32G4xx_HAL_Driver/Src/stm32g4xx_hal.o
                0x08002318                HAL_InitTick
 .text.HAL_IncTick
                0x0800238c       0x24 ./Drivers/STM32G4xx_HAL_Driver/Src/stm32g4xx_hal.o
                0x0800238c                HAL_IncTick
 .text.HAL_GetTick
                0x080023b0       0x18 ./Drivers/STM32G4xx_HAL_Driver/Src/stm32g4xx_hal.o
                0x080023b0                HAL_GetTick
 .text.HAL_Delay
                0x080023c8       0x44 ./Drivers/STM32G4xx_HAL_Driver/Src/stm32g4xx_hal.o
                0x080023c8                HAL_Delay
 .text.__NVIC_SetPriorityGrouping
                0x0800240c       0x48 ./Drivers/STM32G4xx_HAL_Driver/Src/stm32g4xx_hal_cortex.o
 .text.__NVIC_GetPriorityGrouping
                0x08002454       0x1c ./Drivers/STM32G4xx_HAL_Driver/Src/stm32g4xx_hal_cortex.o
 .text.__NVIC_EnableIRQ
                0x08002470       0x3c ./Drivers/STM32G4xx_HAL_Driver/Src/stm32g4xx_hal_cortex.o
 .text.__NVIC_SetPriority
                0x080024ac       0x54 ./Drivers/STM32G4xx_HAL_Driver/Src/stm32g4xx_hal_cortex.o
 .text.NVIC_EncodePriority
                0x08002500       0x66 ./Drivers/STM32G4xx_HAL_Driver/Src/stm32g4xx_hal_cortex.o
 *fill*         0x08002566        0x2 
 .text.SysTick_Config
                0x08002568       0x44 ./Drivers/STM32G4xx_HAL_Driver/Src/stm32g4xx_hal_cortex.o
 .text.HAL_NVIC_SetPriorityGrouping
                0x080025ac       0x16 ./Drivers/STM32G4xx_HAL_Driver/Src/stm32g4xx_hal_cortex.o
                0x080025ac                HAL_NVIC_SetPriorityGrouping
 .text.HAL_NVIC_SetPriority
                0x080025c2       0x34 ./Drivers/STM32G4xx_HAL_Driver/Src/stm32g4xx_hal_cortex.o
                0x080025c2                HAL_NVIC_SetPriority
 .text.HAL_NVIC_EnableIRQ
                0x080025f6       0x1c ./Drivers/STM32G4xx_HAL_Driver/Src/stm32g4xx_hal_cortex.o
                0x080025f6                HAL_NVIC_EnableIRQ
 .text.HAL_SYSTICK_Config
                0x08002612       0x18 ./Drivers/STM32G4xx_HAL_Driver/Src/stm32g4xx_hal_cortex.o
                0x08002612                HAL_SYSTICK_Config
 .text.HAL_DMA_Abort
                0x0800262a       0xb2 ./Drivers/STM32G4xx_HAL_Driver/Src/stm32g4xx_hal_dma.o
                0x0800262a                HAL_DMA_Abort
 .text.HAL_DMA_Abort_IT
                0x080026dc       0xce ./Drivers/STM32G4xx_HAL_Driver/Src/stm32g4xx_hal_dma.o
                0x080026dc                HAL_DMA_Abort_IT
 *fill*         0x080027aa        0x2 
 .text.HAL_FDCAN_Init
                0x080027ac      0x2b4 ./Drivers/STM32G4xx_HAL_Driver/Src/stm32g4xx_hal_fdcan.o
                0x080027ac                HAL_FDCAN_Init
 .text.HAL_FDCAN_ConfigFilter
                0x08002a60       0xb4 ./Drivers/STM32G4xx_HAL_Driver/Src/stm32g4xx_hal_fdcan.o
                0x08002a60                HAL_FDCAN_ConfigFilter
 .text.HAL_FDCAN_Start
                0x08002b14       0x50 ./Drivers/STM32G4xx_HAL_Driver/Src/stm32g4xx_hal_fdcan.o
                0x08002b14                HAL_FDCAN_Start
 .text.HAL_FDCAN_AddMessageToTxFifoQ
                0x08002b64       0x88 ./Drivers/STM32G4xx_HAL_Driver/Src/stm32g4xx_hal_fdcan.o
                0x08002b64                HAL_FDCAN_AddMessageToTxFifoQ
 .text.HAL_FDCAN_GetRxMessage
                0x08002bec      0x210 ./Drivers/STM32G4xx_HAL_Driver/Src/stm32g4xx_hal_fdcan.o
                0x08002bec                HAL_FDCAN_GetRxMessage
 .text.HAL_FDCAN_ActivateNotification
                0x08002dfc      0x1cc ./Drivers/STM32G4xx_HAL_Driver/Src/stm32g4xx_hal_fdcan.o
                0x08002dfc                HAL_FDCAN_ActivateNotification
 .text.HAL_FDCAN_IRQHandler
                0x08002fc8      0x266 ./Drivers/STM32G4xx_HAL_Driver/Src/stm32g4xx_hal_fdcan.o
                0x08002fc8                HAL_FDCAN_IRQHandler
 .text.HAL_FDCAN_TxEventFifoCallback
                0x0800322e       0x16 ./Drivers/STM32G4xx_HAL_Driver/Src/stm32g4xx_hal_fdcan.o
                0x0800322e                HAL_FDCAN_TxEventFifoCallback
 .text.HAL_FDCAN_RxFifo1Callback
                0x08003244       0x16 ./Drivers/STM32G4xx_HAL_Driver/Src/stm32g4xx_hal_fdcan.o
                0x08003244                HAL_FDCAN_RxFifo1Callback
 .text.HAL_FDCAN_TxFifoEmptyCallback
                0x0800325a       0x14 ./Drivers/STM32G4xx_HAL_Driver/Src/stm32g4xx_hal_fdcan.o
                0x0800325a                HAL_FDCAN_TxFifoEmptyCallback
 .text.HAL_FDCAN_TxBufferCompleteCallback
                0x0800326e       0x16 ./Drivers/STM32G4xx_HAL_Driver/Src/stm32g4xx_hal_fdcan.o
                0x0800326e                HAL_FDCAN_TxBufferCompleteCallback
 .text.HAL_FDCAN_TxBufferAbortCallback
                0x08003284       0x16 ./Drivers/STM32G4xx_HAL_Driver/Src/stm32g4xx_hal_fdcan.o
                0x08003284                HAL_FDCAN_TxBufferAbortCallback
 .text.HAL_FDCAN_TimestampWraparoundCallback
                0x0800329a       0x14 ./Drivers/STM32G4xx_HAL_Driver/Src/stm32g4xx_hal_fdcan.o
                0x0800329a                HAL_FDCAN_TimestampWraparoundCallback
 .text.HAL_FDCAN_TimeoutOccurredCallback
                0x080032ae       0x14 ./Drivers/STM32G4xx_HAL_Driver/Src/stm32g4xx_hal_fdcan.o
                0x080032ae                HAL_FDCAN_TimeoutOccurredCallback
 .text.HAL_FDCAN_HighPriorityMessageCallback
                0x080032c2       0x14 ./Drivers/STM32G4xx_HAL_Driver/Src/stm32g4xx_hal_fdcan.o
                0x080032c2                HAL_FDCAN_HighPriorityMessageCallback
 .text.HAL_FDCAN_ErrorCallback
                0x080032d6       0x14 ./Drivers/STM32G4xx_HAL_Driver/Src/stm32g4xx_hal_fdcan.o
                0x080032d6                HAL_FDCAN_ErrorCallback
 .text.HAL_FDCAN_ErrorStatusCallback
                0x080032ea       0x16 ./Drivers/STM32G4xx_HAL_Driver/Src/stm32g4xx_hal_fdcan.o
                0x080032ea                HAL_FDCAN_ErrorStatusCallback
 .text.FDCAN_CalcultateRamBlockAddresses
                0x08003300       0xd8 ./Drivers/STM32G4xx_HAL_Driver/Src/stm32g4xx_hal_fdcan.o
 .text.FDCAN_CopyMessageToRAM
                0x080033d8       0xf8 ./Drivers/STM32G4xx_HAL_Driver/Src/stm32g4xx_hal_fdcan.o
 .text.HAL_GPIO_Init
                0x080034d0      0x304 ./Drivers/STM32G4xx_HAL_Driver/Src/stm32g4xx_hal_gpio.o
                0x080034d0                HAL_GPIO_Init
 .text.HAL_GPIO_WritePin
                0x080037d4       0x30 ./Drivers/STM32G4xx_HAL_Driver/Src/stm32g4xx_hal_gpio.o
                0x080037d4                HAL_GPIO_WritePin
 .text.HAL_PCD_Init
                0x08003804      0x19c ./Drivers/STM32G4xx_HAL_Driver/Src/stm32g4xx_hal_pcd.o
                0x08003804                HAL_PCD_Init
 .text.HAL_PCD_Start
                0x080039a0       0x44 ./Drivers/STM32G4xx_HAL_Driver/Src/stm32g4xx_hal_pcd.o
                0x080039a0                HAL_PCD_Start
 .text.HAL_PCD_IRQHandler
                0x080039e4      0x24e ./Drivers/STM32G4xx_HAL_Driver/Src/stm32g4xx_hal_pcd.o
                0x080039e4                HAL_PCD_IRQHandler
 .text.HAL_PCD_SetAddress
                0x08003c32       0x48 ./Drivers/STM32G4xx_HAL_Driver/Src/stm32g4xx_hal_pcd.o
                0x08003c32                HAL_PCD_SetAddress
 .text.HAL_PCD_EP_Open
                0x08003c7a       0xbe ./Drivers/STM32G4xx_HAL_Driver/Src/stm32g4xx_hal_pcd.o
                0x08003c7a                HAL_PCD_EP_Open
 .text.HAL_PCD_EP_Close
                0x08003d38       0x90 ./Drivers/STM32G4xx_HAL_Driver/Src/stm32g4xx_hal_pcd.o
                0x08003d38                HAL_PCD_EP_Close
 .text.HAL_PCD_EP_Receive
                0x08003dc8       0x62 ./Drivers/STM32G4xx_HAL_Driver/Src/stm32g4xx_hal_pcd.o
                0x08003dc8                HAL_PCD_EP_Receive
 .text.HAL_PCD_EP_GetRxCount
                0x08003e2a       0x30 ./Drivers/STM32G4xx_HAL_Driver/Src/stm32g4xx_hal_pcd.o
                0x08003e2a                HAL_PCD_EP_GetRxCount
 .text.HAL_PCD_EP_Transmit
                0x08003e5a       0x6e ./Drivers/STM32G4xx_HAL_Driver/Src/stm32g4xx_hal_pcd.o
                0x08003e5a                HAL_PCD_EP_Transmit
 .text.HAL_PCD_EP_SetStall
                0x08003ec8       0xa4 ./Drivers/STM32G4xx_HAL_Driver/Src/stm32g4xx_hal_pcd.o
                0x08003ec8                HAL_PCD_EP_SetStall
 .text.HAL_PCD_EP_ClrStall
                0x08003f6c       0xa8 ./Drivers/STM32G4xx_HAL_Driver/Src/stm32g4xx_hal_pcd.o
                0x08003f6c                HAL_PCD_EP_ClrStall
 .text.PCD_EP_ISR_Handler
                0x08004014      0x68e ./Drivers/STM32G4xx_HAL_Driver/Src/stm32g4xx_hal_pcd.o
 .text.HAL_PCD_EP_DB_Receive
                0x080046a2      0x212 ./Drivers/STM32G4xx_HAL_Driver/Src/stm32g4xx_hal_pcd.o
 .text.HAL_PCD_EP_DB_Transmit
                0x080048b4      0x878 ./Drivers/STM32G4xx_HAL_Driver/Src/stm32g4xx_hal_pcd.o
 .text.HAL_PCDEx_PMAConfig
                0x0800512c       0x86 ./Drivers/STM32G4xx_HAL_Driver/Src/stm32g4xx_hal_pcd_ex.o
                0x0800512c                HAL_PCDEx_PMAConfig
 .text.HAL_PCDEx_ActivateLPM
                0x080051b2       0x54 ./Drivers/STM32G4xx_HAL_Driver/Src/stm32g4xx_hal_pcd_ex.o
                0x080051b2                HAL_PCDEx_ActivateLPM
 *fill*         0x08005206        0x2 
 .text.HAL_PWREx_ControlVoltageScaling
                0x08005208      0x148 ./Drivers/STM32G4xx_HAL_Driver/Src/stm32g4xx_hal_pwr_ex.o
                0x08005208                HAL_PWREx_ControlVoltageScaling
 .text.HAL_PWREx_DisableUCPDDeadBattery
                0x08005350       0x20 ./Drivers/STM32G4xx_HAL_Driver/Src/stm32g4xx_hal_pwr_ex.o
                0x08005350                HAL_PWREx_DisableUCPDDeadBattery
 .text.HAL_RCC_OscConfig
                0x08005370      0x624 ./Drivers/STM32G4xx_HAL_Driver/Src/stm32g4xx_hal_rcc.o
                0x08005370                HAL_RCC_OscConfig
 .text.HAL_RCC_ClockConfig
                0x08005994      0x278 ./Drivers/STM32G4xx_HAL_Driver/Src/stm32g4xx_hal_rcc.o
                0x08005994                HAL_RCC_ClockConfig
 .text.HAL_RCC_GetSysClockFreq
                0x08005c0c       0xc4 ./Drivers/STM32G4xx_HAL_Driver/Src/stm32g4xx_hal_rcc.o
                0x08005c0c                HAL_RCC_GetSysClockFreq
 .text.HAL_RCC_GetHCLKFreq
                0x08005cd0       0x18 ./Drivers/STM32G4xx_HAL_Driver/Src/stm32g4xx_hal_rcc.o
                0x08005cd0                HAL_RCC_GetHCLKFreq
 .text.HAL_RCC_GetPCLK1Freq
                0x08005ce8       0x2c ./Drivers/STM32G4xx_HAL_Driver/Src/stm32g4xx_hal_rcc.o
                0x08005ce8                HAL_RCC_GetPCLK1Freq
 .text.HAL_RCC_GetPCLK2Freq
                0x08005d14       0x2c ./Drivers/STM32G4xx_HAL_Driver/Src/stm32g4xx_hal_rcc.o
                0x08005d14                HAL_RCC_GetPCLK2Freq
 .text.RCC_GetSysClockFreqFromPLLSource
                0x08005d40       0x8c ./Drivers/STM32G4xx_HAL_Driver/Src/stm32g4xx_hal_rcc.o
 .text.HAL_RCCEx_PeriphCLKConfig
                0x08005dcc      0x49c ./Drivers/STM32G4xx_HAL_Driver/Src/stm32g4xx_hal_rcc_ex.o
                0x08005dcc                HAL_RCCEx_PeriphCLKConfig
 .text.HAL_UART_Init
                0x08006268       0xa0 ./Drivers/STM32G4xx_HAL_Driver/Src/stm32g4xx_hal_uart.o
                0x08006268                HAL_UART_Init
 .text.HAL_UART_Transmit
                0x08006308      0x11c ./Drivers/STM32G4xx_HAL_Driver/Src/stm32g4xx_hal_uart.o
                0x08006308                HAL_UART_Transmit
 .text.HAL_UART_Receive_IT
                0x08006424       0x98 ./Drivers/STM32G4xx_HAL_Driver/Src/stm32g4xx_hal_uart.o
                0x08006424                HAL_UART_Receive_IT
 .text.HAL_UART_IRQHandler
                0x080064bc      0x684 ./Drivers/STM32G4xx_HAL_Driver/Src/stm32g4xx_hal_uart.o
                0x080064bc                HAL_UART_IRQHandler
 .text.HAL_UART_TxCpltCallback
                0x08006b40       0x14 ./Drivers/STM32G4xx_HAL_Driver/Src/stm32g4xx_hal_uart.o
                0x08006b40                HAL_UART_TxCpltCallback
 .text.HAL_UART_ErrorCallback
                0x08006b54       0x14 ./Drivers/STM32G4xx_HAL_Driver/Src/stm32g4xx_hal_uart.o
                0x08006b54                HAL_UART_ErrorCallback
 .text.HAL_UARTEx_RxEventCallback
                0x08006b68       0x18 ./Drivers/STM32G4xx_HAL_Driver/Src/stm32g4xx_hal_uart.o
                0x08006b68                HAL_UARTEx_RxEventCallback
 .text.UART_SetConfig
                0x08006b80      0x5f8 ./Drivers/STM32G4xx_HAL_Driver/Src/stm32g4xx_hal_uart.o
                0x08006b80                UART_SetConfig
 .text.UART_AdvFeatureConfig
                0x08007178      0x144 ./Drivers/STM32G4xx_HAL_Driver/Src/stm32g4xx_hal_uart.o
                0x08007178                UART_AdvFeatureConfig
 .text.UART_CheckIdleState
                0x080072bc      0x154 ./Drivers/STM32G4xx_HAL_Driver/Src/stm32g4xx_hal_uart.o
                0x080072bc                UART_CheckIdleState
 .text.UART_WaitOnFlagUntilTimeout
                0x08007410       0xda ./Drivers/STM32G4xx_HAL_Driver/Src/stm32g4xx_hal_uart.o
                0x08007410                UART_WaitOnFlagUntilTimeout
 *fill*         0x080074ea        0x2 
 .text.UART_Start_Receive_IT
                0x080074ec      0x244 ./Drivers/STM32G4xx_HAL_Driver/Src/stm32g4xx_hal_uart.o
                0x080074ec                UART_Start_Receive_IT
 .text.UART_EndRxTransfer
                0x08007730       0xcc ./Drivers/STM32G4xx_HAL_Driver/Src/stm32g4xx_hal_uart.o
 .text.UART_DMAAbortOnError
                0x080077fc       0x24 ./Drivers/STM32G4xx_HAL_Driver/Src/stm32g4xx_hal_uart.o
 .text.UART_EndTransmit_IT
                0x08007820       0x56 ./Drivers/STM32G4xx_HAL_Driver/Src/stm32g4xx_hal_uart.o
 *fill*         0x08007876        0x2 
 .text.UART_RxISR_8BIT
                0x08007878      0x1b8 ./Drivers/STM32G4xx_HAL_Driver/Src/stm32g4xx_hal_uart.o
 .text.UART_RxISR_16BIT
                0x08007a30      0x1b8 ./Drivers/STM32G4xx_HAL_Driver/Src/stm32g4xx_hal_uart.o
 .text.UART_RxISR_8BIT_FIFOEN
                0x08007be8      0x364 ./Drivers/STM32G4xx_HAL_Driver/Src/stm32g4xx_hal_uart.o
 .text.UART_RxISR_16BIT_FIFOEN
                0x08007f4c      0x36c ./Drivers/STM32G4xx_HAL_Driver/Src/stm32g4xx_hal_uart.o
 .text.HAL_UARTEx_WakeupCallback
                0x080082b8       0x14 ./Drivers/STM32G4xx_HAL_Driver/Src/stm32g4xx_hal_uart_ex.o
                0x080082b8                HAL_UARTEx_WakeupCallback
 .text.HAL_UARTEx_RxFifoFullCallback
                0x080082cc       0x14 ./Drivers/STM32G4xx_HAL_Driver/Src/stm32g4xx_hal_uart_ex.o
                0x080082cc                HAL_UARTEx_RxFifoFullCallback
 .text.HAL_UARTEx_TxFifoEmptyCallback
                0x080082e0       0x14 ./Drivers/STM32G4xx_HAL_Driver/Src/stm32g4xx_hal_uart_ex.o
                0x080082e0                HAL_UARTEx_TxFifoEmptyCallback
 .text.HAL_UARTEx_DisableFifoMode
                0x080082f4       0x72 ./Drivers/STM32G4xx_HAL_Driver/Src/stm32g4xx_hal_uart_ex.o
                0x080082f4                HAL_UARTEx_DisableFifoMode
 .text.HAL_UARTEx_SetTxFifoThreshold
                0x08008366       0x7c ./Drivers/STM32G4xx_HAL_Driver/Src/stm32g4xx_hal_uart_ex.o
                0x08008366                HAL_UARTEx_SetTxFifoThreshold
 .text.HAL_UARTEx_SetRxFifoThreshold
                0x080083e2       0x7c ./Drivers/STM32G4xx_HAL_Driver/Src/stm32g4xx_hal_uart_ex.o
                0x080083e2                HAL_UARTEx_SetRxFifoThreshold
 *fill*         0x0800845e        0x2 
 .text.UARTEx_SetNbDataToProcess
                0x08008460       0x9c ./Drivers/STM32G4xx_HAL_Driver/Src/stm32g4xx_hal_uart_ex.o
 .text.USB_EnableGlobalInt
                0x080084fc       0x2e ./Drivers/STM32G4xx_HAL_Driver/Src/stm32g4xx_ll_usb.o
                0x080084fc                USB_EnableGlobalInt
 .text.USB_DisableGlobalInt
                0x0800852a       0x36 ./Drivers/STM32G4xx_HAL_Driver/Src/stm32g4xx_ll_usb.o
                0x0800852a                USB_DisableGlobalInt
 .text.USB_DevInit
                0x08008560       0x3c ./Drivers/STM32G4xx_HAL_Driver/Src/stm32g4xx_ll_usb.o
                0x08008560                USB_DevInit
 .text.USB_ActivateEndpoint
                0x0800859c      0x9d0 ./Drivers/STM32G4xx_HAL_Driver/Src/stm32g4xx_ll_usb.o
                0x0800859c                USB_ActivateEndpoint
 .text.USB_DeactivateEndpoint
                0x08008f6c      0x3da ./Drivers/STM32G4xx_HAL_Driver/Src/stm32g4xx_ll_usb.o
                0x08008f6c                USB_DeactivateEndpoint
 .text.USB_EPStartXfer
                0x08009346      0xb5e ./Drivers/STM32G4xx_HAL_Driver/Src/stm32g4xx_ll_usb.o
                0x08009346                USB_EPStartXfer
 .text.USB_EPSetStall
                0x08009ea4       0xa2 ./Drivers/STM32G4xx_HAL_Driver/Src/stm32g4xx_ll_usb.o
                0x08009ea4                USB_EPSetStall
 .text.USB_EPClearStall
                0x08009f46      0x152 ./Drivers/STM32G4xx_HAL_Driver/Src/stm32g4xx_ll_usb.o
                0x08009f46                USB_EPClearStall
 .text.USB_SetDevAddress
                0x0800a098       0x28 ./Drivers/STM32G4xx_HAL_Driver/Src/stm32g4xx_ll_usb.o
                0x0800a098                USB_SetDevAddress
 .text.USB_DevConnect
                0x0800a0c0       0x2e ./Drivers/STM32G4xx_HAL_Driver/Src/stm32g4xx_ll_usb.o
                0x0800a0c0                USB_DevConnect
 .text.USB_ReadInterrupts
                0x0800a0ee       0x20 ./Drivers/STM32G4xx_HAL_Driver/Src/stm32g4xx_ll_usb.o
                0x0800a0ee                USB_ReadInterrupts
 .text.USB_WritePMA
                0x0800a10e       0x86 ./Drivers/STM32G4xx_HAL_Driver/Src/stm32g4xx_ll_usb.o
                0x0800a10e                USB_WritePMA
 .text.USB_ReadPMA
                0x0800a194       0x98 ./Drivers/STM32G4xx_HAL_Driver/Src/stm32g4xx_ll_usb.o
                0x0800a194                USB_ReadPMA
 .text.USBD_CDC_Init
                0x0800a22c       0xfe ./Middlewares/ST/STM32_USB_Device_Library/Class/CDC/Src/usbd_cdc.o
 .text.USBD_CDC_DeInit
                0x0800a32a       0x74 ./Middlewares/ST/STM32_USB_Device_Library/Class/CDC/Src/usbd_cdc.o
 *fill*         0x0800a39e        0x2 
 .text.USBD_CDC_Setup
                0x0800a3a0      0x190 ./Middlewares/ST/STM32_USB_Device_Library/Class/CDC/Src/usbd_cdc.o
 .text.USBD_CDC_DataIn
                0x0800a530       0xca ./Middlewares/ST/STM32_USB_Device_Library/Class/CDC/Src/usbd_cdc.o
 .text.USBD_CDC_DataOut
                0x0800a5fa       0x56 ./Middlewares/ST/STM32_USB_Device_Library/Class/CDC/Src/usbd_cdc.o
 .text.USBD_CDC_EP0_RxReady
                0x0800a650       0x58 ./Middlewares/ST/STM32_USB_Device_Library/Class/CDC/Src/usbd_cdc.o
 .text.USBD_CDC_GetFSCfgDesc
                0x0800a6a8       0x20 ./Middlewares/ST/STM32_USB_Device_Library/Class/CDC/Src/usbd_cdc.o
 .text.USBD_CDC_GetHSCfgDesc
                0x0800a6c8       0x20 ./Middlewares/ST/STM32_USB_Device_Library/Class/CDC/Src/usbd_cdc.o
 .text.USBD_CDC_GetOtherSpeedCfgDesc
                0x0800a6e8       0x20 ./Middlewares/ST/STM32_USB_Device_Library/Class/CDC/Src/usbd_cdc.o
 .text.USBD_CDC_GetDeviceQualifierDescriptor
                0x0800a708       0x20 ./Middlewares/ST/STM32_USB_Device_Library/Class/CDC/Src/usbd_cdc.o
                0x0800a708                USBD_CDC_GetDeviceQualifierDescriptor
 .text.USBD_CDC_RegisterInterface
                0x0800a728       0x2a ./Middlewares/ST/STM32_USB_Device_Library/Class/CDC/Src/usbd_cdc.o
                0x0800a728                USBD_CDC_RegisterInterface
 .text.USBD_CDC_SetTxBuffer
                0x0800a752       0x3c ./Middlewares/ST/STM32_USB_Device_Library/Class/CDC/Src/usbd_cdc.o
                0x0800a752                USBD_CDC_SetTxBuffer
 .text.USBD_CDC_SetRxBuffer
                0x0800a78e       0x32 ./Middlewares/ST/STM32_USB_Device_Library/Class/CDC/Src/usbd_cdc.o
                0x0800a78e                USBD_CDC_SetRxBuffer
 .text.USBD_CDC_ReceivePacket
                0x0800a7c0       0x54 ./Middlewares/ST/STM32_USB_Device_Library/Class/CDC/Src/usbd_cdc.o
                0x0800a7c0                USBD_CDC_ReceivePacket
 .text.USBD_Init
                0x0800a814       0x60 ./Middlewares/ST/STM32_USB_Device_Library/Core/Src/usbd_core.o
                0x0800a814                USBD_Init
 .text.USBD_RegisterClass
                0x0800a874       0x4e ./Middlewares/ST/STM32_USB_Device_Library/Core/Src/usbd_core.o
                0x0800a874                USBD_RegisterClass
 .text.USBD_Start
                0x0800a8c2       0x18 ./Middlewares/ST/STM32_USB_Device_Library/Core/Src/usbd_core.o
                0x0800a8c2                USBD_Start
 .text.USBD_RunTestMode
                0x0800a8da       0x16 ./Middlewares/ST/STM32_USB_Device_Library/Core/Src/usbd_core.o
                0x0800a8da                USBD_RunTestMode
 .text.USBD_SetClassConfig
                0x0800a8f0       0x38 ./Middlewares/ST/STM32_USB_Device_Library/Core/Src/usbd_core.o
                0x0800a8f0                USBD_SetClassConfig
 .text.USBD_ClrClassConfig
                0x0800a928       0x30 ./Middlewares/ST/STM32_USB_Device_Library/Core/Src/usbd_core.o
                0x0800a928                USBD_ClrClassConfig
 .text.USBD_LL_SetupStage
                0x0800a958       0xaa ./Middlewares/ST/STM32_USB_Device_Library/Core/Src/usbd_core.o
                0x0800a958                USBD_LL_SetupStage
 .text.USBD_LL_DataOutStage
                0x0800aa02       0xc6 ./Middlewares/ST/STM32_USB_Device_Library/Core/Src/usbd_core.o
                0x0800aa02                USBD_LL_DataOutStage
 .text.USBD_LL_DataInStage
                0x0800aac8      0x12c ./Middlewares/ST/STM32_USB_Device_Library/Core/Src/usbd_core.o
                0x0800aac8                USBD_LL_DataInStage
 .text.USBD_LL_Reset
                0x0800abf4       0x9c ./Middlewares/ST/STM32_USB_Device_Library/Core/Src/usbd_core.o
                0x0800abf4                USBD_LL_Reset
 .text.USBD_LL_SetSpeed
                0x0800ac90       0x20 ./Middlewares/ST/STM32_USB_Device_Library/Core/Src/usbd_core.o
                0x0800ac90                USBD_LL_SetSpeed
 .text.USBD_LL_Suspend
                0x0800acb0       0x2c ./Middlewares/ST/STM32_USB_Device_Library/Core/Src/usbd_core.o
                0x0800acb0                USBD_LL_Suspend
 .text.USBD_LL_Resume
                0x0800acdc       0x30 ./Middlewares/ST/STM32_USB_Device_Library/Core/Src/usbd_core.o
                0x0800acdc                USBD_LL_Resume
 .text.USBD_LL_SOF
                0x0800ad0c       0x44 ./Middlewares/ST/STM32_USB_Device_Library/Core/Src/usbd_core.o
                0x0800ad0c                USBD_LL_SOF
 .text.SWAPBYTE
                0x0800ad50       0x3e ./Middlewares/ST/STM32_USB_Device_Library/Core/Src/usbd_ctlreq.o
 *fill*         0x0800ad8e        0x2 
 .text.USBD_StdDevReq
                0x0800ad90       0xdc ./Middlewares/ST/STM32_USB_Device_Library/Core/Src/usbd_ctlreq.o
                0x0800ad90                USBD_StdDevReq
 .text.USBD_StdItfReq
                0x0800ae6c       0x92 ./Middlewares/ST/STM32_USB_Device_Library/Core/Src/usbd_ctlreq.o
                0x0800ae6c                USBD_StdItfReq
 .text.USBD_StdEPReq
                0x0800aefe      0x2c4 ./Middlewares/ST/STM32_USB_Device_Library/Core/Src/usbd_ctlreq.o
                0x0800aefe                USBD_StdEPReq
 *fill*         0x0800b1c2        0x2 
 .text.USBD_GetDescriptor
                0x0800b1c4      0x328 ./Middlewares/ST/STM32_USB_Device_Library/Core/Src/usbd_ctlreq.o
 .text.USBD_SetAddress
                0x0800b4ec       0x88 ./Middlewares/ST/STM32_USB_Device_Library/Core/Src/usbd_ctlreq.o
 .text.USBD_SetConfig
                0x0800b574      0x14c ./Middlewares/ST/STM32_USB_Device_Library/Core/Src/usbd_ctlreq.o
 .text.USBD_GetConfig
                0x0800b6c0       0x6c ./Middlewares/ST/STM32_USB_Device_Library/Core/Src/usbd_ctlreq.o
 .text.USBD_GetStatus
                0x0800b72c       0x68 ./Middlewares/ST/STM32_USB_Device_Library/Core/Src/usbd_ctlreq.o
 .text.USBD_SetFeature
                0x0800b794       0x28 ./Middlewares/ST/STM32_USB_Device_Library/Core/Src/usbd_ctlreq.o
 .text.USBD_ClrFeature
                0x0800b7bc       0x44 ./Middlewares/ST/STM32_USB_Device_Library/Core/Src/usbd_ctlreq.o
 .text.USBD_ParseSetupRequest
                0x0800b800       0x74 ./Middlewares/ST/STM32_USB_Device_Library/Core/Src/usbd_ctlreq.o
                0x0800b800                USBD_ParseSetupRequest
 .text.USBD_CtlError
                0x0800b874       0x22 ./Middlewares/ST/STM32_USB_Device_Library/Core/Src/usbd_ctlreq.o
                0x0800b874                USBD_CtlError
 .text.USBD_GetString
                0x0800b896       0x8c ./Middlewares/ST/STM32_USB_Device_Library/Core/Src/usbd_ctlreq.o
                0x0800b896                USBD_GetString
 .text.USBD_GetLen
                0x0800b922       0x34 ./Middlewares/ST/STM32_USB_Device_Library/Core/Src/usbd_ctlreq.o
 .text.USBD_CtlSendData
                0x0800b956       0x36 ./Middlewares/ST/STM32_USB_Device_Library/Core/Src/usbd_ioreq.o
                0x0800b956                USBD_CtlSendData
 .text.USBD_CtlContinueSendData
                0x0800b98c       0x22 ./Middlewares/ST/STM32_USB_Device_Library/Core/Src/usbd_ioreq.o
                0x0800b98c                USBD_CtlContinueSendData
 .text.USBD_CtlPrepareRx
                0x0800b9ae       0x3a ./Middlewares/ST/STM32_USB_Device_Library/Core/Src/usbd_ioreq.o
                0x0800b9ae                USBD_CtlPrepareRx
 .text.USBD_CtlContinueRx
                0x0800b9e8       0x22 ./Middlewares/ST/STM32_USB_Device_Library/Core/Src/usbd_ioreq.o
                0x0800b9e8                USBD_CtlContinueRx
 .text.USBD_CtlSendStatus
                0x0800ba0a       0x26 ./Middlewares/ST/STM32_USB_Device_Library/Core/Src/usbd_ioreq.o
                0x0800ba0a                USBD_CtlSendStatus
 .text.USBD_CtlReceiveStatus
                0x0800ba30       0x26 ./Middlewares/ST/STM32_USB_Device_Library/Core/Src/usbd_ioreq.o
                0x0800ba30                USBD_CtlReceiveStatus
 *fill*         0x0800ba56        0x2 
 .text.MX_USB_Device_Init
                0x0800ba58       0x60 ./USB_Device/App/usb_device.o
                0x0800ba58                MX_USB_Device_Init
 .text.CDC_Init_FS
                0x0800bab8       0x28 ./USB_Device/App/usbd_cdc_if.o
 .text.CDC_DeInit_FS
                0x0800bae0       0x10 ./USB_Device/App/usbd_cdc_if.o
 .text.CDC_Control_FS
                0x0800baf0       0xbc ./USB_Device/App/usbd_cdc_if.o
 .text.CDC_Receive_FS
                0x0800bbac       0x54 ./USB_Device/App/usbd_cdc_if.o
 .text.CDC_TransmitCplt_FS
                0x0800bc00       0x22 ./USB_Device/App/usbd_cdc_if.o
 *fill*         0x0800bc22        0x2 
 .text.USBD_CDC_DeviceDescriptor
                0x0800bc24       0x24 ./USB_Device/App/usbd_desc.o
                0x0800bc24                USBD_CDC_DeviceDescriptor
 .text.USBD_CDC_LangIDStrDescriptor
                0x0800bc48       0x24 ./USB_Device/App/usbd_desc.o
                0x0800bc48                USBD_CDC_LangIDStrDescriptor
 .text.USBD_CDC_ProductStrDescriptor
                0x0800bc6c       0x3c ./USB_Device/App/usbd_desc.o
                0x0800bc6c                USBD_CDC_ProductStrDescriptor
 .text.USBD_CDC_ManufacturerStrDescriptor
                0x0800bca8       0x28 ./USB_Device/App/usbd_desc.o
                0x0800bca8                USBD_CDC_ManufacturerStrDescriptor
 .text.USBD_CDC_SerialStrDescriptor
                0x0800bcd0       0x24 ./USB_Device/App/usbd_desc.o
                0x0800bcd0                USBD_CDC_SerialStrDescriptor
 .text.USBD_CDC_ConfigStrDescriptor
                0x0800bcf4       0x3c ./USB_Device/App/usbd_desc.o
                0x0800bcf4                USBD_CDC_ConfigStrDescriptor
 .text.USBD_CDC_InterfaceStrDescriptor
                0x0800bd30       0x3c ./USB_Device/App/usbd_desc.o
                0x0800bd30                USBD_CDC_InterfaceStrDescriptor
 .text.Get_SerialNum
                0x0800bd6c       0x58 ./USB_Device/App/usbd_desc.o
 .text.IntToUnicode
                0x0800bdc4       0x7e ./USB_Device/App/usbd_desc.o
 *fill*         0x0800be42        0x2 
 .text.HAL_PCD_MspInit
                0x0800be44       0x78 ./USB_Device/Target/usbd_conf.o
                0x0800be44                HAL_PCD_MspInit
 .text.HAL_PCD_SetupStageCallback
                0x0800bebc       0x24 ./USB_Device/Target/usbd_conf.o
                0x0800bebc                HAL_PCD_SetupStageCallback
 .text.HAL_PCD_DataOutStageCallback
                0x0800bee0       0x36 ./USB_Device/Target/usbd_conf.o
                0x0800bee0                HAL_PCD_DataOutStageCallback
 .text.HAL_PCD_DataInStageCallback
                0x0800bf16       0x34 ./USB_Device/Target/usbd_conf.o
                0x0800bf16                HAL_PCD_DataInStageCallback
 .text.HAL_PCD_SOFCallback
                0x0800bf4a       0x1c ./USB_Device/Target/usbd_conf.o
                0x0800bf4a                HAL_PCD_SOFCallback
 .text.HAL_PCD_ResetCallback
                0x0800bf66       0x3c ./USB_Device/Target/usbd_conf.o
                0x0800bf66                HAL_PCD_ResetCallback
 *fill*         0x0800bfa2        0x2 
 .text.HAL_PCD_SuspendCallback
                0x0800bfa4       0x34 ./USB_Device/Target/usbd_conf.o
                0x0800bfa4                HAL_PCD_SuspendCallback
 .text.HAL_PCD_ResumeCallback
                0x0800bfd8       0x38 ./USB_Device/Target/usbd_conf.o
                0x0800bfd8                HAL_PCD_ResumeCallback
 .text.USBD_LL_Init
                0x0800c010       0xc0 ./USB_Device/Target/usbd_conf.o
                0x0800c010                USBD_LL_Init
 .text.USBD_LL_Start
                0x0800c0d0       0x36 ./USB_Device/Target/usbd_conf.o
                0x0800c0d0                USBD_LL_Start
 .text.USBD_LL_OpenEP
                0x0800c106       0x4c ./USB_Device/Target/usbd_conf.o
                0x0800c106                USBD_LL_OpenEP
 .text.USBD_LL_CloseEP
                0x0800c152       0x3e ./USB_Device/Target/usbd_conf.o
                0x0800c152                USBD_LL_CloseEP
 .text.USBD_LL_StallEP
                0x0800c190       0x3e ./USB_Device/Target/usbd_conf.o
                0x0800c190                USBD_LL_StallEP
 .text.USBD_LL_ClearStallEP
                0x0800c1ce       0x3e ./USB_Device/Target/usbd_conf.o
                0x0800c1ce                USBD_LL_ClearStallEP
 .text.USBD_LL_IsStallEP
                0x0800c20c       0x58 ./USB_Device/Target/usbd_conf.o
                0x0800c20c                USBD_LL_IsStallEP
 .text.USBD_LL_SetUSBAddress
                0x0800c264       0x3e ./USB_Device/Target/usbd_conf.o
                0x0800c264                USBD_LL_SetUSBAddress
 .text.USBD_LL_Transmit
                0x0800c2a2       0x42 ./USB_Device/Target/usbd_conf.o
                0x0800c2a2                USBD_LL_Transmit
 .text.USBD_LL_PrepareReceive
                0x0800c2e4       0x42 ./USB_Device/Target/usbd_conf.o
                0x0800c2e4                USBD_LL_PrepareReceive
 .text.USBD_LL_GetRxDataSize
                0x0800c326       0x26 ./USB_Device/Target/usbd_conf.o
                0x0800c326                USBD_LL_GetRxDataSize
 .text.HAL_PCDEx_LPM_Callback
                0x0800c34c       0x6c ./USB_Device/Target/usbd_conf.o
                0x0800c34c                HAL_PCDEx_LPM_Callback
 .text.USBD_static_malloc
                0x0800c3b8       0x1c ./USB_Device/Target/usbd_conf.o
                0x0800c3b8                USBD_static_malloc
 .text.USBD_static_free
                0x0800c3d4       0x14 ./USB_Device/Target/usbd_conf.o
                0x0800c3d4                USBD_static_free
 .text.SystemClockConfig_Resume
                0x0800c3e8        0xc ./USB_Device/Target/usbd_conf.o
 .text.USBD_Get_USB_Status
                0x0800c3f4       0x58 ./USB_Device/Target/usbd_conf.o
 .text.memset   0x0800c44c       0x10 /home/tuna/st/stm32cubeide_1.18.1/plugins/com.st.stm32cube.ide.mcu.externaltools.gnu-tools-for-stm32.13.3.rel1.linux64_1.0.0.202410170706/tools/bin/../lib/gcc/arm-none-eabi/13.3.1/../../../../arm-none-eabi/lib/thumb/v7e-m+fp/hard/libc_nano.a(libc_a-memset.o)
                0x0800c44c                memset
 .text.__libc_init_array
                0x0800c45c       0x48 /home/tuna/st/stm32cubeide_1.18.1/plugins/com.st.stm32cube.ide.mcu.externaltools.gnu-tools-for-stm32.13.3.rel1.linux64_1.0.0.202410170706/tools/bin/../lib/gcc/arm-none-eabi/13.3.1/../../../../arm-none-eabi/lib/thumb/v7e-m+fp/hard/libc_nano.a(libc_a-init.o)
                0x0800c45c                __libc_init_array
 .text.memcpy   0x0800c4a4       0x1c /home/tuna/st/stm32cubeide_1.18.1/plugins/com.st.stm32cube.ide.mcu.externaltools.gnu-tools-for-stm32.13.3.rel1.linux64_1.0.0.202410170706/tools/bin/../lib/gcc/arm-none-eabi/13.3.1/../../../../arm-none-eabi/lib/thumb/v7e-m+fp/hard/libc_nano.a(libc_a-memcpy-stub.o)
                0x0800c4a4                memcpy
 .text.cos      0x0800c4c0       0xa8 /home/tuna/st/stm32cubeide_1.18.1/plugins/com.st.stm32cube.ide.mcu.externaltools.gnu-tools-for-stm32.13.3.rel1.linux64_1.0.0.202410170706/tools/bin/../lib/gcc/arm-none-eabi/13.3.1/../../../../arm-none-eabi/lib/thumb/v7e-m+fp/hard/libm.a(libm_a-s_cos.o)
                0x0800c4c0                cos
 .text.fabs     0x0800c568       0x10 /home/tuna/st/stm32cubeide_1.18.1/plugins/com.st.stm32cube.ide.mcu.externaltools.gnu-tools-for-stm32.13.3.rel1.linux64_1.0.0.202410170706/tools/bin/../lib/gcc/arm-none-eabi/13.3.1/../../../../arm-none-eabi/lib/thumb/v7e-m+fp/hard/libm.a(libm_a-s_fabs.o)
                0x0800c568                fabs
 .text.sin      0x0800c578       0xa8 /home/tuna/st/stm32cubeide_1.18.1/plugins/com.st.stm32cube.ide.mcu.externaltools.gnu-tools-for-stm32.13.3.rel1.linux64_1.0.0.202410170706/tools/bin/../lib/gcc/arm-none-eabi/13.3.1/../../../../arm-none-eabi/lib/thumb/v7e-m+fp/hard/libm.a(libm_a-s_sin.o)
                0x0800c578                sin
 .text.__kernel_cos
                0x0800c620      0x18c /home/tuna/st/stm32cubeide_1.18.1/plugins/com.st.stm32cube.ide.mcu.externaltools.gnu-tools-for-stm32.13.3.rel1.linux64_1.0.0.202410170706/tools/bin/../lib/gcc/arm-none-eabi/13.3.1/../../../../arm-none-eabi/lib/thumb/v7e-m+fp/hard/libm.a(libm_a-k_cos.o)
                0x0800c620                __kernel_cos
 *fill*         0x0800c7ac        0x4 
 .text.__kernel_sin
                0x0800c7b0      0x174 /home/tuna/st/stm32cubeide_1.18.1/plugins/com.st.stm32cube.ide.mcu.externaltools.gnu-tools-for-stm32.13.3.rel1.linux64_1.0.0.202410170706/tools/bin/../lib/gcc/arm-none-eabi/13.3.1/../../../../arm-none-eabi/lib/thumb/v7e-m+fp/hard/libm.a(libm_a-k_sin.o)
                0x0800c7b0                __kernel_sin
 *fill*         0x0800c924        0x4 
 .text.__ieee754_rem_pio2
                0x0800c928      0x3f8 /home/tuna/st/stm32cubeide_1.18.1/plugins/com.st.stm32cube.ide.mcu.externaltools.gnu-tools-for-stm32.13.3.rel1.linux64_1.0.0.202410170706/tools/bin/../lib/gcc/arm-none-eabi/13.3.1/../../../../arm-none-eabi/lib/thumb/v7e-m+fp/hard/libm.a(libm_a-e_rem_pio2.o)
                0x0800c928                __ieee754_rem_pio2
 .text.__kernel_rem_pio2
                0x0800cd20      0x6a0 /home/tuna/st/stm32cubeide_1.18.1/plugins/com.st.stm32cube.ide.mcu.externaltools.gnu-tools-for-stm32.13.3.rel1.linux64_1.0.0.202410170706/tools/bin/../lib/gcc/arm-none-eabi/13.3.1/../../../../arm-none-eabi/lib/thumb/v7e-m+fp/hard/libm.a(libm_a-k_rem_pio2.o)
                0x0800cd20                __kernel_rem_pio2
 .text.scalbn   0x0800d3c0       0xf4 /home/tuna/st/stm32cubeide_1.18.1/plugins/com.st.stm32cube.ide.mcu.externaltools.gnu-tools-for-stm32.13.3.rel1.linux64_1.0.0.202410170706/tools/bin/../lib/gcc/arm-none-eabi/13.3.1/../../../../arm-none-eabi/lib/thumb/v7e-m+fp/hard/libm.a(libm_a-s_scalbn.o)
                0x0800d3c0                scalbn
 *fill*         0x0800d4b4        0x4 
 .text.floor    0x0800d4b8       0xf8 /home/tuna/st/stm32cubeide_1.18.1/plugins/com.st.stm32cube.ide.mcu.externaltools.gnu-tools-for-stm32.13.3.rel1.linux64_1.0.0.202410170706/tools/bin/../lib/gcc/arm-none-eabi/13.3.1/../../../../arm-none-eabi/lib/thumb/v7e-m+fp/hard/libm.a(libm_a-s_floor.o)
                0x0800d4b8                floor
 *(.glue_7)
 .glue_7        0x0800d5b0        0x0 linker stubs
 *(.glue_7t)
 .glue_7t       0x0800d5b0        0x0 linker stubs
 *(.eh_frame)
 .eh_frame      0x0800d5b0        0x0 /home/tuna/st/stm32cubeide_1.18.1/plugins/com.st.stm32cube.ide.mcu.externaltools.gnu-tools-for-stm32.13.3.rel1.linux64_1.0.0.202410170706/tools/bin/../lib/gcc/arm-none-eabi/13.3.1/thumb/v7e-m+fp/hard/crtbegin.o
 *(.init)
 .init          0x0800d5b0        0x4 /home/tuna/st/stm32cubeide_1.18.1/plugins/com.st.stm32cube.ide.mcu.externaltools.gnu-tools-for-stm32.13.3.rel1.linux64_1.0.0.202410170706/tools/bin/../lib/gcc/arm-none-eabi/13.3.1/thumb/v7e-m+fp/hard/crti.o
                0x0800d5b0                _init
 .init          0x0800d5b4        0x8 /home/tuna/st/stm32cubeide_1.18.1/plugins/com.st.stm32cube.ide.mcu.externaltools.gnu-tools-for-stm32.13.3.rel1.linux64_1.0.0.202410170706/tools/bin/../lib/gcc/arm-none-eabi/13.3.1/thumb/v7e-m+fp/hard/crtn.o
 *(.fini)
 .fini          0x0800d5bc        0x4 /home/tuna/st/stm32cubeide_1.18.1/plugins/com.st.stm32cube.ide.mcu.externaltools.gnu-tools-for-stm32.13.3.rel1.linux64_1.0.0.202410170706/tools/bin/../lib/gcc/arm-none-eabi/13.3.1/thumb/v7e-m+fp/hard/crti.o
                0x0800d5bc                _fini
 .fini          0x0800d5c0        0x8 /home/tuna/st/stm32cubeide_1.18.1/plugins/com.st.stm32cube.ide.mcu.externaltools.gnu-tools-for-stm32.13.3.rel1.linux64_1.0.0.202410170706/tools/bin/../lib/gcc/arm-none-eabi/13.3.1/thumb/v7e-m+fp/hard/crtn.o
                0x0800d5c8                        . = ALIGN (0x4)
                0x0800d5c8                        _etext = .

.vfp11_veneer   0x0800d5c8        0x0
 .vfp11_veneer  0x0800d5c8        0x0 linker stubs

.v4_bx          0x0800d5c8        0x0
 .v4_bx         0x0800d5c8        0x0 linker stubs

.iplt           0x0800d5c8        0x0
 .iplt          0x0800d5c8        0x0 /home/tuna/st/stm32cubeide_1.18.1/plugins/com.st.stm32cube.ide.mcu.externaltools.gnu-tools-for-stm32.13.3.rel1.linux64_1.0.0.202410170706/tools/bin/../lib/gcc/arm-none-eabi/13.3.1/thumb/v7e-m+fp/hard/crtbegin.o

.rodata         0x0800d5c8      0x278
                0x0800d5c8                        . = ALIGN (0x4)
 *(.rodata)
 .rodata        0x0800d5c8        0x5 ./Core/Src/main.o
 *fill*         0x0800d5cd        0x3 
 .rodata        0x0800d5d0       0x46 ./USB_Device/App/usbd_desc.o
 *(.rodata*)
 *fill*         0x0800d616        0x2 
 .rodata.AHBPrescTable
                0x0800d618       0x10 ./Core/Src/system_stm32g4xx.o
                0x0800d618                AHBPrescTable
 .rodata.APBPrescTable
                0x0800d628        0x8 ./Core/Src/system_stm32g4xx.o
                0x0800d628                APBPrescTable
 .rodata.DLCtoBytes
                0x0800d630       0x10 ./Drivers/STM32G4xx_HAL_Driver/Src/stm32g4xx_hal_fdcan.o
 .rodata.UARTPrescTable
                0x0800d640       0x18 ./Drivers/STM32G4xx_HAL_Driver/Src/stm32g4xx_hal_uart.o
                0x0800d640                UARTPrescTable
 .rodata.numerator.1
                0x0800d658        0x8 ./Drivers/STM32G4xx_HAL_Driver/Src/stm32g4xx_hal_uart_ex.o
 .rodata.denominator.0
                0x0800d660        0x8 ./Drivers/STM32G4xx_HAL_Driver/Src/stm32g4xx_hal_uart_ex.o
 .rodata.npio2_hw
                0x0800d668       0x80 /home/tuna/st/stm32cubeide_1.18.1/plugins/com.st.stm32cube.ide.mcu.externaltools.gnu-tools-for-stm32.13.3.rel1.linux64_1.0.0.202410170706/tools/bin/../lib/gcc/arm-none-eabi/13.3.1/../../../../arm-none-eabi/lib/thumb/v7e-m+fp/hard/libm.a(libm_a-e_rem_pio2.o)
 .rodata.two_over_pi
                0x0800d6e8      0x108 /home/tuna/st/stm32cubeide_1.18.1/plugins/com.st.stm32cube.ide.mcu.externaltools.gnu-tools-for-stm32.13.3.rel1.linux64_1.0.0.202410170706/tools/bin/../lib/gcc/arm-none-eabi/13.3.1/../../../../arm-none-eabi/lib/thumb/v7e-m+fp/hard/libm.a(libm_a-e_rem_pio2.o)
 .rodata.PIo2   0x0800d7f0       0x40 /home/tuna/st/stm32cubeide_1.18.1/plugins/com.st.stm32cube.ide.mcu.externaltools.gnu-tools-for-stm32.13.3.rel1.linux64_1.0.0.202410170706/tools/bin/../lib/gcc/arm-none-eabi/13.3.1/../../../../arm-none-eabi/lib/thumb/v7e-m+fp/hard/libm.a(libm_a-k_rem_pio2.o)
 .rodata.init_jk
                0x0800d830       0x10 /home/tuna/st/stm32cubeide_1.18.1/plugins/com.st.stm32cube.ide.mcu.externaltools.gnu-tools-for-stm32.13.3.rel1.linux64_1.0.0.202410170706/tools/bin/../lib/gcc/arm-none-eabi/13.3.1/../../../../arm-none-eabi/lib/thumb/v7e-m+fp/hard/libm.a(libm_a-k_rem_pio2.o)
                0x0800d840                        . = ALIGN (0x4)

.ARM.extab      0x0800d840        0x0
                0x0800d840                        . = ALIGN (0x4)
 *(.ARM.extab* .gnu.linkonce.armextab.*)
                0x0800d840                        . = ALIGN (0x4)

.ARM            0x0800d840        0x8
                0x0800d840                        . = ALIGN (0x4)
                0x0800d840                        __exidx_start = .
 *(.ARM.exidx*)
 .ARM.exidx     0x0800d840        0x8 /home/tuna/st/stm32cubeide_1.18.1/plugins/com.st.stm32cube.ide.mcu.externaltools.gnu-tools-for-stm32.13.3.rel1.linux64_1.0.0.202410170706/tools/bin/../lib/gcc/arm-none-eabi/13.3.1/thumb/v7e-m+fp/hard/libgcc.a(_udivmoddi4.o)
                0x0800d848                        __exidx_end = .
                0x0800d848                        . = ALIGN (0x4)

.preinit_array  0x0800d848        0x0
                0x0800d848                        . = ALIGN (0x4)
                0x0800d848                        PROVIDE (__preinit_array_start = .)
 *(.preinit_array*)
                0x0800d848                        PROVIDE (__preinit_array_end = .)
                0x0800d848                        . = ALIGN (0x4)

.init_array     0x0800d848        0x4
                0x0800d848                        . = ALIGN (0x4)
                0x0800d848                        PROVIDE (__init_array_start = .)
 *(SORT_BY_NAME(.init_array.*))
 *(.init_array*)
 .init_array    0x0800d848        0x4 /home/tuna/st/stm32cubeide_1.18.1/plugins/com.st.stm32cube.ide.mcu.externaltools.gnu-tools-for-stm32.13.3.rel1.linux64_1.0.0.202410170706/tools/bin/../lib/gcc/arm-none-eabi/13.3.1/thumb/v7e-m+fp/hard/crtbegin.o
                0x0800d84c                        PROVIDE (__init_array_end = .)
                0x0800d84c                        . = ALIGN (0x4)

.fini_array     0x0800d84c        0x4
                0x0800d84c                        . = ALIGN (0x4)
                [!provide]                        PROVIDE (__fini_array_start = .)
 *(SORT_BY_NAME(.fini_array.*))
 *(.fini_array*)
 .fini_array    0x0800d84c        0x4 /home/tuna/st/stm32cubeide_1.18.1/plugins/com.st.stm32cube.ide.mcu.externaltools.gnu-tools-for-stm32.13.3.rel1.linux64_1.0.0.202410170706/tools/bin/../lib/gcc/arm-none-eabi/13.3.1/thumb/v7e-m+fp/hard/crtbegin.o
                [!provide]                        PROVIDE (__fini_array_end = .)
                0x0800d850                        . = ALIGN (0x4)
                0x0800d850                        _sidata = LOADADDR (.data)

.rel.dyn        0x0800d850        0x0
 .rel.iplt      0x0800d850        0x0 /home/tuna/st/stm32cubeide_1.18.1/plugins/com.st.stm32cube.ide.mcu.externaltools.gnu-tools-for-stm32.13.3.rel1.linux64_1.0.0.202410170706/tools/bin/../lib/gcc/arm-none-eabi/13.3.1/thumb/v7e-m+fp/hard/crtbegin.o

.data           0x20000000      0x1b4 load address 0x0800d850
                0x20000000                        . = ALIGN (0x4)
                0x20000000                        _sdata = .
 *(.data)
 *(.data*)
 .data.Robot_dimension_param
                0x20000000       0x30 ./Core/Src/Robot_movement/Robot_base_movement.o
                0x20000000                Robot_dimension_param
 .data.SystemCoreClock
                0x20000030        0x4 ./Core/Src/system_stm32g4xx.o
                0x20000030                SystemCoreClock
 .data.uwTickPrio
                0x20000034        0x4 ./Drivers/STM32G4xx_HAL_Driver/Src/stm32g4xx_hal.o
                0x20000034                uwTickPrio
 .data.uwTickFreq
                0x20000038        0x4 ./Drivers/STM32G4xx_HAL_Driver/Src/stm32g4xx_hal.o
                0x20000038                uwTickFreq
 .data.USBD_CDC_DeviceQualifierDesc
                0x2000003c        0xa ./Middlewares/ST/STM32_USB_Device_Library/Class/CDC/Src/usbd_cdc.o
 *fill*         0x20000046        0x2 
 .data.USBD_CDC
                0x20000048       0x38 ./Middlewares/ST/STM32_USB_Device_Library/Class/CDC/Src/usbd_cdc.o
                0x20000048                USBD_CDC
 .data.USBD_CDC_CfgHSDesc
                0x20000080       0x43 ./Middlewares/ST/STM32_USB_Device_Library/Class/CDC/Src/usbd_cdc.o
 *fill*         0x200000c3        0x1 
 .data.USBD_CDC_CfgFSDesc
                0x200000c4       0x43 ./Middlewares/ST/STM32_USB_Device_Library/Class/CDC/Src/usbd_cdc.o
 *fill*         0x20000107        0x1 
 .data.USBD_CDC_OtherSpeedCfgDesc
                0x20000108       0x43 ./Middlewares/ST/STM32_USB_Device_Library/Class/CDC/Src/usbd_cdc.o
 *fill*         0x2000014b        0x1 
 .data.USBD_Interface_fops_FS
                0x2000014c       0x14 ./USB_Device/App/usbd_cdc_if.o
                0x2000014c                USBD_Interface_fops_FS
 .data.CDC_Desc
                0x20000160       0x20 ./USB_Device/App/usbd_desc.o
                0x20000160                CDC_Desc
 .data.USBD_CDC_DeviceDesc
                0x20000180       0x12 ./USB_Device/App/usbd_desc.o
                0x20000180                USBD_CDC_DeviceDesc
 *fill*         0x20000192        0x2 
 .data.USBD_LangIDDesc
                0x20000194        0x4 ./USB_Device/App/usbd_desc.o
                0x20000194                USBD_LangIDDesc
 .data.USBD_StringSerial
                0x20000198       0x1a ./USB_Device/App/usbd_desc.o
                0x20000198                USBD_StringSerial
 *(.RamFunc)
 *(.RamFunc*)
                0x200001b4                        . = ALIGN (0x4)
 *fill*         0x200001b2        0x2 
                0x200001b4                        _edata = .

.igot.plt       0x200001b4        0x0 load address 0x0800da04
 .igot.plt      0x200001b4        0x0 /home/tuna/st/stm32cubeide_1.18.1/plugins/com.st.stm32cube.ide.mcu.externaltools.gnu-tools-for-stm32.13.3.rel1.linux64_1.0.0.202410170706/tools/bin/../lib/gcc/arm-none-eabi/13.3.1/thumb/v7e-m+fp/hard/crtbegin.o
                0x200001b4                        . = ALIGN (0x4)

.bss            0x200001b4     0x1d68 load address 0x0800da04
                0x200001b4                        _sbss = .
                0x200001b4                        __bss_start__ = _sbss
 *(.bss)
 .bss           0x200001b4       0x1c /home/tuna/st/stm32cubeide_1.18.1/plugins/com.st.stm32cube.ide.mcu.externaltools.gnu-tools-for-stm32.13.3.rel1.linux64_1.0.0.202410170706/tools/bin/../lib/gcc/arm-none-eabi/13.3.1/thumb/v7e-m+fp/hard/crtbegin.o
 *(.bss*)
 .bss.RX_CAN_2  0x200001d0       0x28 ./Core/Src/CAN/can.o
                0x200001d0                RX_CAN_2
 .bss.TX_CAN_2  0x200001f8       0x24 ./Core/Src/CAN/can.o
                0x200001f8                TX_CAN_2
 .bss.tx_data_CAN2_buf
                0x2000021c        0x8 ./Core/Src/CAN/can.o
                0x2000021c                tx_data_CAN2_buf
 .bss.rx_data_CAN2_buf
                0x20000224        0x8 ./Core/Src/CAN/can.o
                0x20000224                rx_data_CAN2_buf
 .bss.Outputs_wheels_speed
                0x2000022c        0x6 ./Core/Src/Robot_movement/Robot_base_movement.o
                0x2000022c                Outputs_wheels_speed
 *fill*         0x20000232        0x2 
 .bss.Con_mode  0x20000234       0x4c ./Core/Src/Robot_movement/Robot_base_movement.o
                0x20000234                Con_mode
 .bss.Con_M1    0x20000280       0x4c ./Core/Src/main.o
                0x20000280                Con_M1
 .bss.Con_M2    0x200002cc       0x4c ./Core/Src/main.o
                0x200002cc                Con_M2
 .bss.Con_M3    0x20000318       0x4c ./Core/Src/main.o
                0x20000318                Con_M3
 .bss.Con_M4    0x20000364       0x4c ./Core/Src/main.o
                0x20000364                Con_M4
 .bss.hfdcan2   0x200003b0       0x64 ./Core/Src/main.o
                0x200003b0                hfdcan2
 .bss.huart1    0x20000414       0x94 ./Core/Src/main.o
                0x20000414                huart1
 .bss.usb_buf_rx
                0x200004a8       0x40 ./Core/Src/main.o
                0x200004a8                usb_buf_rx
 .bss.Data_uart_1
                0x200004e8        0x1 ./Core/Src/main.o
                0x200004e8                Data_uart_1
 *fill*         0x200004e9        0x1 
 .bss.Vx        0x200004ea        0x2 ./Core/Src/main.o
                0x200004ea                Vx
 .bss.Vy        0x200004ec        0x2 ./Core/Src/main.o
                0x200004ec                Vy
 .bss.Vw        0x200004ee        0x2 ./Core/Src/main.o
                0x200004ee                Vw
 .bss.Z_angle   0x200004f0        0x4 ./Core/Src/main.o
                0x200004f0                Z_angle
 .bss.X_angle   0x200004f4        0x4 ./Core/Src/main.o
                0x200004f4                X_angle
 .bss.Y_angle   0x200004f8        0x4 ./Core/Src/main.o
                0x200004f8                Y_angle
 .bss.Pos_X     0x200004fc        0x4 ./Core/Src/main.o
                0x200004fc                Pos_X
 .bss.Pos_Y     0x20000500        0x4 ./Core/Src/main.o
                0x20000500                Pos_Y
 .bss.W_z       0x20000504        0x4 ./Core/Src/main.o
                0x20000504                W_z
 .bss.Speed_measure
                0x20000508       0x10 ./Core/Src/main.o
                0x20000508                Speed_measure
 .bss.Set_speed_M
                0x20000518       0x10 ./Core/Src/main.o
                0x20000518                Set_speed_M
 .bss.Wheels_motor_speed
                0x20000528        0x6 ./Core/Src/main.o
                0x20000528                Wheels_motor_speed
 .bss.count.2   0x2000052e        0x1 ./Core/Src/uart/uart.o
 .bss.i.1       0x2000052f        0x1 ./Core/Src/uart/uart.o
 .bss.posture.0
                0x20000530       0x18 ./Core/Src/uart/uart.o
 .bss.uwTick    0x20000548        0x4 ./Drivers/STM32G4xx_HAL_Driver/Src/stm32g4xx_hal.o
                0x20000548                uwTick
 .bss.cfgidx.0  0x2000054c        0x1 ./Middlewares/ST/STM32_USB_Device_Library/Core/Src/usbd_ctlreq.o
 *fill*         0x2000054d        0x3 
 .bss.hUsbDeviceFS
                0x20000550      0x2d0 ./USB_Device/App/usb_device.o
                0x20000550                hUsbDeviceFS
 .bss.UserRxBufferFS
                0x20000820      0x800 ./USB_Device/App/usbd_cdc_if.o
                0x20000820                UserRxBufferFS
 .bss.UserTxBufferFS
                0x20001020      0x800 ./USB_Device/App/usbd_cdc_if.o
                0x20001020                UserTxBufferFS
 .bss.USBD_StrDesc
                0x20001820      0x200 ./USB_Device/App/usbd_desc.o
                0x20001820                USBD_StrDesc
 .bss.hpcd_USB_FS
                0x20001a20      0x2dc ./USB_Device/Target/usbd_conf.o
                0x20001a20                hpcd_USB_FS
 .bss.mem.0     0x20001cfc      0x220 ./USB_Device/Target/usbd_conf.o
 *(COMMON)
                0x20001f1c                        . = ALIGN (0x4)
                0x20001f1c                        _ebss = .
                0x20001f1c                        __bss_end__ = _ebss

._user_heap_stack
                0x20001f1c      0x604 load address 0x0800da04
                0x20001f20                        . = ALIGN (0x8)
 *fill*         0x20001f1c        0x4 
                [!provide]                        PROVIDE (end = .)
                0x20001f20                        PROVIDE (_end = .)
                0x20002120                        . = (. + _Min_Heap_Size)
 *fill*         0x20001f20      0x200 
                0x20002520                        . = (. + _Min_Stack_Size)
 *fill*         0x20002120      0x400 
                0x20002520                        . = ALIGN (0x8)

/DISCARD/
 libc.a(*)
 libm.a(*)
 libgcc.a(*)

.ARM.attributes
                0x00000000       0x30
 *(.ARM.attributes)
 .ARM.attributes
                0x00000000       0x22 /home/tuna/st/stm32cubeide_1.18.1/plugins/com.st.stm32cube.ide.mcu.externaltools.gnu-tools-for-stm32.13.3.rel1.linux64_1.0.0.202410170706/tools/bin/../lib/gcc/arm-none-eabi/13.3.1/thumb/v7e-m+fp/hard/crti.o
 .ARM.attributes
                0x00000022       0x34 /home/tuna/st/stm32cubeide_1.18.1/plugins/com.st.stm32cube.ide.mcu.externaltools.gnu-tools-for-stm32.13.3.rel1.linux64_1.0.0.202410170706/tools/bin/../lib/gcc/arm-none-eabi/13.3.1/thumb/v7e-m+fp/hard/crtbegin.o
 .ARM.attributes
                0x00000056       0x34 ./Core/Src/CAN/can.o
 .ARM.attributes
                0x0000008a       0x34 ./Core/Src/Robot_movement/Robot_base_movement.o
 .ARM.attributes
                0x000000be       0x34 ./Core/Src/kinematics/kinematics.o
 .ARM.attributes
                0x000000f2       0x34 ./Core/Src/main.o
 .ARM.attributes
                0x00000126       0x34 ./Core/Src/stm32g4xx_hal_msp.o
 .ARM.attributes
                0x0000015a       0x34 ./Core/Src/stm32g4xx_it.o
 .ARM.attributes
                0x0000018e       0x34 ./Core/Src/system_stm32g4xx.o
 .ARM.attributes
                0x000001c2       0x34 ./Core/Src/pid/pid.o
 .ARM.attributes
                0x000001f6       0x34 ./Core/Src/uart/uart.o
 .ARM.attributes
                0x0000022a       0x21 ./Core/Startup/startup_stm32g474rbtx.o
 .ARM.attributes
                0x0000024b       0x34 ./Drivers/STM32G4xx_HAL_Driver/Src/stm32g4xx_hal.o
 .ARM.attributes
                0x0000027f       0x34 ./Drivers/STM32G4xx_HAL_Driver/Src/stm32g4xx_hal_cortex.o
 .ARM.attributes
                0x000002b3       0x34 ./Drivers/STM32G4xx_HAL_Driver/Src/stm32g4xx_hal_dma.o
 .ARM.attributes
                0x000002e7       0x34 ./Drivers/STM32G4xx_HAL_Driver/Src/stm32g4xx_hal_fdcan.o
 .ARM.attributes
                0x0000031b       0x34 ./Drivers/STM32G4xx_HAL_Driver/Src/stm32g4xx_hal_gpio.o
 .ARM.attributes
                0x0000034f       0x34 ./Drivers/STM32G4xx_HAL_Driver/Src/stm32g4xx_hal_pcd.o
 .ARM.attributes
                0x00000383       0x34 ./Drivers/STM32G4xx_HAL_Driver/Src/stm32g4xx_hal_pcd_ex.o
 .ARM.attributes
                0x000003b7       0x34 ./Drivers/STM32G4xx_HAL_Driver/Src/stm32g4xx_hal_pwr_ex.o
 .ARM.attributes
                0x000003eb       0x34 ./Drivers/STM32G4xx_HAL_Driver/Src/stm32g4xx_hal_rcc.o
 .ARM.attributes
                0x0000041f       0x34 ./Drivers/STM32G4xx_HAL_Driver/Src/stm32g4xx_hal_rcc_ex.o
 .ARM.attributes
                0x00000453       0x34 ./Drivers/STM32G4xx_HAL_Driver/Src/stm32g4xx_hal_uart.o
 .ARM.attributes
                0x00000487       0x34 ./Drivers/STM32G4xx_HAL_Driver/Src/stm32g4xx_hal_uart_ex.o
 .ARM.attributes
                0x000004bb       0x34 ./Drivers/STM32G4xx_HAL_Driver/Src/stm32g4xx_ll_usb.o
 .ARM.attributes
                0x000004ef       0x34 ./Middlewares/ST/STM32_USB_Device_Library/Class/CDC/Src/usbd_cdc.o
 .ARM.attributes
                0x00000523       0x34 ./Middlewares/ST/STM32_USB_Device_Library/Core/Src/usbd_core.o
 .ARM.attributes
                0x00000557       0x34 ./Middlewares/ST/STM32_USB_Device_Library/Core/Src/usbd_ctlreq.o
 .ARM.attributes
                0x0000058b       0x34 ./Middlewares/ST/STM32_USB_Device_Library/Core/Src/usbd_ioreq.o
 .ARM.attributes
                0x000005bf       0x34 ./USB_Device/App/usb_device.o
 .ARM.attributes
                0x000005f3       0x34 ./USB_Device/App/usbd_cdc_if.o
 .ARM.attributes
                0x00000627       0x34 ./USB_Device/App/usbd_desc.o
 .ARM.attributes
                0x0000065b       0x34 ./USB_Device/Target/usbd_conf.o
 .ARM.attributes
                0x0000068f       0x34 /home/tuna/st/stm32cubeide_1.18.1/plugins/com.st.stm32cube.ide.mcu.externaltools.gnu-tools-for-stm32.13.3.rel1.linux64_1.0.0.202410170706/tools/bin/../lib/gcc/arm-none-eabi/13.3.1/../../../../arm-none-eabi/lib/thumb/v7e-m+fp/hard/libc_nano.a(libc_a-memset.o)
 .ARM.attributes
                0x000006c3       0x34 /home/tuna/st/stm32cubeide_1.18.1/plugins/com.st.stm32cube.ide.mcu.externaltools.gnu-tools-for-stm32.13.3.rel1.linux64_1.0.0.202410170706/tools/bin/../lib/gcc/arm-none-eabi/13.3.1/../../../../arm-none-eabi/lib/thumb/v7e-m+fp/hard/libc_nano.a(libc_a-init.o)
 .ARM.attributes
                0x000006f7       0x34 /home/tuna/st/stm32cubeide_1.18.1/plugins/com.st.stm32cube.ide.mcu.externaltools.gnu-tools-for-stm32.13.3.rel1.linux64_1.0.0.202410170706/tools/bin/../lib/gcc/arm-none-eabi/13.3.1/../../../../arm-none-eabi/lib/thumb/v7e-m+fp/hard/libc_nano.a(libc_a-memcpy-stub.o)
 .ARM.attributes
                0x0000072b       0x34 /home/tuna/st/stm32cubeide_1.18.1/plugins/com.st.stm32cube.ide.mcu.externaltools.gnu-tools-for-stm32.13.3.rel1.linux64_1.0.0.202410170706/tools/bin/../lib/gcc/arm-none-eabi/13.3.1/../../../../arm-none-eabi/lib/thumb/v7e-m+fp/hard/libm.a(libm_a-s_cos.o)
 .ARM.attributes
                0x0000075f       0x34 /home/tuna/st/stm32cubeide_1.18.1/plugins/com.st.stm32cube.ide.mcu.externaltools.gnu-tools-for-stm32.13.3.rel1.linux64_1.0.0.202410170706/tools/bin/../lib/gcc/arm-none-eabi/13.3.1/../../../../arm-none-eabi/lib/thumb/v7e-m+fp/hard/libm.a(libm_a-s_fabs.o)
 .ARM.attributes
                0x00000793       0x34 /home/tuna/st/stm32cubeide_1.18.1/plugins/com.st.stm32cube.ide.mcu.externaltools.gnu-tools-for-stm32.13.3.rel1.linux64_1.0.0.202410170706/tools/bin/../lib/gcc/arm-none-eabi/13.3.1/../../../../arm-none-eabi/lib/thumb/v7e-m+fp/hard/libm.a(libm_a-s_sin.o)
 .ARM.attributes
                0x000007c7       0x34 /home/tuna/st/stm32cubeide_1.18.1/plugins/com.st.stm32cube.ide.mcu.externaltools.gnu-tools-for-stm32.13.3.rel1.linux64_1.0.0.202410170706/tools/bin/../lib/gcc/arm-none-eabi/13.3.1/../../../../arm-none-eabi/lib/thumb/v7e-m+fp/hard/libm.a(libm_a-k_cos.o)
 .ARM.attributes
                0x000007fb       0x34 /home/tuna/st/stm32cubeide_1.18.1/plugins/com.st.stm32cube.ide.mcu.externaltools.gnu-tools-for-stm32.13.3.rel1.linux64_1.0.0.202410170706/tools/bin/../lib/gcc/arm-none-eabi/13.3.1/../../../../arm-none-eabi/lib/thumb/v7e-m+fp/hard/libm.a(libm_a-k_sin.o)
 .ARM.attributes
                0x0000082f       0x34 /home/tuna/st/stm32cubeide_1.18.1/plugins/com.st.stm32cube.ide.mcu.externaltools.gnu-tools-for-stm32.13.3.rel1.linux64_1.0.0.202410170706/tools/bin/../lib/gcc/arm-none-eabi/13.3.1/../../../../arm-none-eabi/lib/thumb/v7e-m+fp/hard/libm.a(libm_a-e_rem_pio2.o)
 .ARM.attributes
                0x00000863       0x34 /home/tuna/st/stm32cubeide_1.18.1/plugins/com.st.stm32cube.ide.mcu.externaltools.gnu-tools-for-stm32.13.3.rel1.linux64_1.0.0.202410170706/tools/bin/../lib/gcc/arm-none-eabi/13.3.1/../../../../arm-none-eabi/lib/thumb/v7e-m+fp/hard/libm.a(libm_a-k_rem_pio2.o)
 .ARM.attributes
                0x00000897       0x34 /home/tuna/st/stm32cubeide_1.18.1/plugins/com.st.stm32cube.ide.mcu.externaltools.gnu-tools-for-stm32.13.3.rel1.linux64_1.0.0.202410170706/tools/bin/../lib/gcc/arm-none-eabi/13.3.1/../../../../arm-none-eabi/lib/thumb/v7e-m+fp/hard/libm.a(libm_a-s_scalbn.o)
 .ARM.attributes
                0x000008cb       0x34 /home/tuna/st/stm32cubeide_1.18.1/plugins/com.st.stm32cube.ide.mcu.externaltools.gnu-tools-for-stm32.13.3.rel1.linux64_1.0.0.202410170706/tools/bin/../lib/gcc/arm-none-eabi/13.3.1/../../../../arm-none-eabi/lib/thumb/v7e-m+fp/hard/libm.a(libm_a-s_floor.o)
 .ARM.attributes
                0x000008ff       0x22 /home/tuna/st/stm32cubeide_1.18.1/plugins/com.st.stm32cube.ide.mcu.externaltools.gnu-tools-for-stm32.13.3.rel1.linux64_1.0.0.202410170706/tools/bin/../lib/gcc/arm-none-eabi/13.3.1/thumb/v7e-m+fp/hard/libgcc.a(_arm_addsubdf3.o)
 .ARM.attributes
                0x00000921       0x22 /home/tuna/st/stm32cubeide_1.18.1/plugins/com.st.stm32cube.ide.mcu.externaltools.gnu-tools-for-stm32.13.3.rel1.linux64_1.0.0.202410170706/tools/bin/../lib/gcc/arm-none-eabi/13.3.1/thumb/v7e-m+fp/hard/libgcc.a(_arm_muldivdf3.o)
 .ARM.attributes
                0x00000943       0x22 /home/tuna/st/stm32cubeide_1.18.1/plugins/com.st.stm32cube.ide.mcu.externaltools.gnu-tools-for-stm32.13.3.rel1.linux64_1.0.0.202410170706/tools/bin/../lib/gcc/arm-none-eabi/13.3.1/thumb/v7e-m+fp/hard/libgcc.a(_arm_cmpdf2.o)
 .ARM.attributes
                0x00000965       0x22 /home/tuna/st/stm32cubeide_1.18.1/plugins/com.st.stm32cube.ide.mcu.externaltools.gnu-tools-for-stm32.13.3.rel1.linux64_1.0.0.202410170706/tools/bin/../lib/gcc/arm-none-eabi/13.3.1/thumb/v7e-m+fp/hard/libgcc.a(_arm_fixdfsi.o)
 .ARM.attributes
                0x00000987       0x22 /home/tuna/st/stm32cubeide_1.18.1/plugins/com.st.stm32cube.ide.mcu.externaltools.gnu-tools-for-stm32.13.3.rel1.linux64_1.0.0.202410170706/tools/bin/../lib/gcc/arm-none-eabi/13.3.1/thumb/v7e-m+fp/hard/libgcc.a(_arm_fixunsdfsi.o)
 .ARM.attributes
                0x000009a9       0x22 /home/tuna/st/stm32cubeide_1.18.1/plugins/com.st.stm32cube.ide.mcu.externaltools.gnu-tools-for-stm32.13.3.rel1.linux64_1.0.0.202410170706/tools/bin/../lib/gcc/arm-none-eabi/13.3.1/thumb/v7e-m+fp/hard/libgcc.a(_arm_truncdfsf2.o)
 .ARM.attributes
                0x000009cb       0x22 /home/tuna/st/stm32cubeide_1.18.1/plugins/com.st.stm32cube.ide.mcu.externaltools.gnu-tools-for-stm32.13.3.rel1.linux64_1.0.0.202410170706/tools/bin/../lib/gcc/arm-none-eabi/13.3.1/thumb/v7e-m+fp/hard/libgcc.a(_aeabi_uldivmod.o)
 .ARM.attributes
                0x000009ed       0x34 /home/tuna/st/stm32cubeide_1.18.1/plugins/com.st.stm32cube.ide.mcu.externaltools.gnu-tools-for-stm32.13.3.rel1.linux64_1.0.0.202410170706/tools/bin/../lib/gcc/arm-none-eabi/13.3.1/thumb/v7e-m+fp/hard/libgcc.a(_udivmoddi4.o)
 .ARM.attributes
                0x00000a21       0x22 /home/tuna/st/stm32cubeide_1.18.1/plugins/com.st.stm32cube.ide.mcu.externaltools.gnu-tools-for-stm32.13.3.rel1.linux64_1.0.0.202410170706/tools/bin/../lib/gcc/arm-none-eabi/13.3.1/thumb/v7e-m+fp/hard/libgcc.a(_dvmd_tls.o)
 .ARM.attributes
                0x00000a43       0x22 /home/tuna/st/stm32cubeide_1.18.1/plugins/com.st.stm32cube.ide.mcu.externaltools.gnu-tools-for-stm32.13.3.rel1.linux64_1.0.0.202410170706/tools/bin/../lib/gcc/arm-none-eabi/13.3.1/thumb/v7e-m+fp/hard/crtn.o
OUTPUT(Cammand_ROS.elf elf32-littlearm)
LOAD linker stubs
LOAD /home/tuna/st/stm32cubeide_1.18.1/plugins/com.st.stm32cube.ide.mcu.externaltools.gnu-tools-for-stm32.13.3.rel1.linux64_1.0.0.202410170706/tools/bin/../lib/gcc/arm-none-eabi/13.3.1/../../../../arm-none-eabi/lib/thumb/v7e-m+fp/hard/libc.a
LOAD /home/tuna/st/stm32cubeide_1.18.1/plugins/com.st.stm32cube.ide.mcu.externaltools.gnu-tools-for-stm32.13.3.rel1.linux64_1.0.0.202410170706/tools/bin/../lib/gcc/arm-none-eabi/13.3.1/../../../../arm-none-eabi/lib/thumb/v7e-m+fp/hard/libm.a
LOAD /home/tuna/st/stm32cubeide_1.18.1/plugins/com.st.stm32cube.ide.mcu.externaltools.gnu-tools-for-stm32.13.3.rel1.linux64_1.0.0.202410170706/tools/bin/../lib/gcc/arm-none-eabi/13.3.1/thumb/v7e-m+fp/hard/libgcc.a

.debug_info     0x00000000    0x1b1a9
 .debug_info    0x00000000      0x8ff ./Core/Src/CAN/can.o
 .debug_info    0x000008ff      0x477 ./Core/Src/Robot_movement/Robot_base_movement.o
 .debug_info    0x00000d76      0x1e4 ./Core/Src/kinematics/kinematics.o
 .debug_info    0x00000f5a     0x175c ./Core/Src/main.o
 .debug_info    0x000026b6     0x15b8 ./Core/Src/stm32g4xx_hal_msp.o
 .debug_info    0x00003c6e     0x120f ./Core/Src/stm32g4xx_it.o
 .debug_info    0x00004e7d      0x58e ./Core/Src/system_stm32g4xx.o
 .debug_info    0x0000540b      0x4aa ./Core/Src/pid/pid.o
 .debug_info    0x000058b5      0x9f5 ./Core/Src/uart/uart.o
 .debug_info    0x000062aa       0x30 ./Core/Startup/startup_stm32g474rbtx.o
 .debug_info    0x000062da      0xb95 ./Drivers/STM32G4xx_HAL_Driver/Src/stm32g4xx_hal.o
 .debug_info    0x00006e6f      0xdf9 ./Drivers/STM32G4xx_HAL_Driver/Src/stm32g4xx_hal_cortex.o
 .debug_info    0x00007c68      0x85f ./Drivers/STM32G4xx_HAL_Driver/Src/stm32g4xx_hal_dma.o
 .debug_info    0x000084c7     0x18bb ./Drivers/STM32G4xx_HAL_Driver/Src/stm32g4xx_hal_fdcan.o
 .debug_info    0x00009d82      0x763 ./Drivers/STM32G4xx_HAL_Driver/Src/stm32g4xx_hal_gpio.o
 .debug_info    0x0000a4e5     0x1610 ./Drivers/STM32G4xx_HAL_Driver/Src/stm32g4xx_hal_pcd.o
 .debug_info    0x0000baf5      0x80a ./Drivers/STM32G4xx_HAL_Driver/Src/stm32g4xx_hal_pcd_ex.o
 .debug_info    0x0000c2ff      0x93f ./Drivers/STM32G4xx_HAL_Driver/Src/stm32g4xx_hal_pwr_ex.o
 .debug_info    0x0000cc3e      0xbe0 ./Drivers/STM32G4xx_HAL_Driver/Src/stm32g4xx_hal_rcc.o
 .debug_info    0x0000d81e      0xc45 ./Drivers/STM32G4xx_HAL_Driver/Src/stm32g4xx_hal_rcc_ex.o
 .debug_info    0x0000e463     0x481e ./Drivers/STM32G4xx_HAL_Driver/Src/stm32g4xx_hal_uart.o
 .debug_info    0x00012c81      0xfdd ./Drivers/STM32G4xx_HAL_Driver/Src/stm32g4xx_hal_uart_ex.o
 .debug_info    0x00013c5e     0x1577 ./Drivers/STM32G4xx_HAL_Driver/Src/stm32g4xx_ll_usb.o
 .debug_info    0x000151d5     0x1124 ./Middlewares/ST/STM32_USB_Device_Library/Class/CDC/Src/usbd_cdc.o
 .debug_info    0x000162f9      0xb1b ./Middlewares/ST/STM32_USB_Device_Library/Core/Src/usbd_core.o
 .debug_info    0x00016e14      0xa57 ./Middlewares/ST/STM32_USB_Device_Library/Core/Src/usbd_ctlreq.o
 .debug_info    0x0001786b      0x720 ./Middlewares/ST/STM32_USB_Device_Library/Core/Src/usbd_ioreq.o
 .debug_info    0x00017f8b      0x6d7 ./USB_Device/App/usb_device.o
 .debug_info    0x00018662      0x93e ./USB_Device/App/usbd_cdc_if.o
 .debug_info    0x00018fa0      0x45f ./USB_Device/App/usbd_desc.o
 .debug_info    0x000193ff     0x1daa ./USB_Device/Target/usbd_conf.o

.debug_abbrev   0x00000000     0x41da
 .debug_abbrev  0x00000000      0x1c9 ./Core/Src/CAN/can.o
 .debug_abbrev  0x000001c9      0x187 ./Core/Src/Robot_movement/Robot_base_movement.o
 .debug_abbrev  0x00000350      0x121 ./Core/Src/kinematics/kinematics.o
 .debug_abbrev  0x00000471      0x2d1 ./Core/Src/main.o
 .debug_abbrev  0x00000742      0x1e9 ./Core/Src/stm32g4xx_hal_msp.o
 .debug_abbrev  0x0000092b      0x1b4 ./Core/Src/stm32g4xx_it.o
 .debug_abbrev  0x00000adf      0x11a ./Core/Src/system_stm32g4xx.o
 .debug_abbrev  0x00000bf9      0x17d ./Core/Src/pid/pid.o
 .debug_abbrev  0x00000d76      0x202 ./Core/Src/uart/uart.o
 .debug_abbrev  0x00000f78       0x24 ./Core/Startup/startup_stm32g474rbtx.o
 .debug_abbrev  0x00000f9c      0x271 ./Drivers/STM32G4xx_HAL_Driver/Src/stm32g4xx_hal.o
 .debug_abbrev  0x0000120d      0x31c ./Drivers/STM32G4xx_HAL_Driver/Src/stm32g4xx_hal_cortex.o
 .debug_abbrev  0x00001529      0x1e2 ./Drivers/STM32G4xx_HAL_Driver/Src/stm32g4xx_hal_dma.o
 .debug_abbrev  0x0000170b      0x1e7 ./Drivers/STM32G4xx_HAL_Driver/Src/stm32g4xx_hal_fdcan.o
 .debug_abbrev  0x000018f2      0x1cb ./Drivers/STM32G4xx_HAL_Driver/Src/stm32g4xx_hal_gpio.o
 .debug_abbrev  0x00001abd      0x2b9 ./Drivers/STM32G4xx_HAL_Driver/Src/stm32g4xx_hal_pcd.o
 .debug_abbrev  0x00001d76      0x228 ./Drivers/STM32G4xx_HAL_Driver/Src/stm32g4xx_hal_pcd_ex.o
 .debug_abbrev  0x00001f9e      0x22c ./Drivers/STM32G4xx_HAL_Driver/Src/stm32g4xx_hal_pwr_ex.o
 .debug_abbrev  0x000021ca      0x2c9 ./Drivers/STM32G4xx_HAL_Driver/Src/stm32g4xx_hal_rcc.o
 .debug_abbrev  0x00002493      0x258 ./Drivers/STM32G4xx_HAL_Driver/Src/stm32g4xx_hal_rcc_ex.o
 .debug_abbrev  0x000026eb      0x304 ./Drivers/STM32G4xx_HAL_Driver/Src/stm32g4xx_hal_uart.o
 .debug_abbrev  0x000029ef      0x2d2 ./Drivers/STM32G4xx_HAL_Driver/Src/stm32g4xx_hal_uart_ex.o
 .debug_abbrev  0x00002cc1      0x247 ./Drivers/STM32G4xx_HAL_Driver/Src/stm32g4xx_ll_usb.o
 .debug_abbrev  0x00002f08      0x2bc ./Middlewares/ST/STM32_USB_Device_Library/Class/CDC/Src/usbd_cdc.o
 .debug_abbrev  0x000031c4      0x24f ./Middlewares/ST/STM32_USB_Device_Library/Core/Src/usbd_core.o
 .debug_abbrev  0x00003413      0x27e ./Middlewares/ST/STM32_USB_Device_Library/Core/Src/usbd_ctlreq.o
 .debug_abbrev  0x00003691      0x1a9 ./Middlewares/ST/STM32_USB_Device_Library/Core/Src/usbd_ioreq.o
 .debug_abbrev  0x0000383a      0x1a4 ./USB_Device/App/usb_device.o
 .debug_abbrev  0x000039de      0x2c2 ./USB_Device/App/usbd_cdc_if.o
 .debug_abbrev  0x00003ca0      0x20e ./USB_Device/App/usbd_desc.o
 .debug_abbrev  0x00003eae      0x32c ./USB_Device/Target/usbd_conf.o

.debug_aranges  0x00000000     0x1388
 .debug_aranges
                0x00000000       0x30 ./Core/Src/CAN/can.o
 .debug_aranges
                0x00000030       0x28 ./Core/Src/Robot_movement/Robot_base_movement.o
 .debug_aranges
                0x00000058       0x20 ./Core/Src/kinematics/kinematics.o
 .debug_aranges
                0x00000078       0x58 ./Core/Src/main.o
 .debug_aranges
                0x000000d0       0x40 ./Core/Src/stm32g4xx_hal_msp.o
 .debug_aranges
                0x00000110       0x78 ./Core/Src/stm32g4xx_it.o
 .debug_aranges
                0x00000188       0x28 ./Core/Src/system_stm32g4xx.o
 .debug_aranges
                0x000001b0       0x48 ./Core/Src/pid/pid.o
 .debug_aranges
                0x000001f8       0x28 ./Core/Src/uart/uart.o
 .debug_aranges
                0x00000220       0x28 ./Core/Startup/startup_stm32g474rbtx.o
 .debug_aranges
                0x00000248      0x148 ./Drivers/STM32G4xx_HAL_Driver/Src/stm32g4xx_hal.o
 .debug_aranges
                0x00000390      0x128 ./Drivers/STM32G4xx_HAL_Driver/Src/stm32g4xx_hal_cortex.o
 .debug_aranges
                0x000004b8       0x90 ./Drivers/STM32G4xx_HAL_Driver/Src/stm32g4xx_hal_dma.o
 .debug_aranges
                0x00000548      0x208 ./Drivers/STM32G4xx_HAL_Driver/Src/stm32g4xx_hal_fdcan.o
 .debug_aranges
                0x00000750       0x58 ./Drivers/STM32G4xx_HAL_Driver/Src/stm32g4xx_hal_gpio.o
 .debug_aranges
                0x000007a8      0x138 ./Drivers/STM32G4xx_HAL_Driver/Src/stm32g4xx_hal_pcd.o
 .debug_aranges
                0x000008e0       0x58 ./Drivers/STM32G4xx_HAL_Driver/Src/stm32g4xx_hal_pcd_ex.o
 .debug_aranges
                0x00000938      0x140 ./Drivers/STM32G4xx_HAL_Driver/Src/stm32g4xx_hal_pwr_ex.o
 .debug_aranges
                0x00000a78       0x98 ./Drivers/STM32G4xx_HAL_Driver/Src/stm32g4xx_hal_rcc.o
 .debug_aranges
                0x00000b10       0xb0 ./Drivers/STM32G4xx_HAL_Driver/Src/stm32g4xx_hal_rcc_ex.o
 .debug_aranges
                0x00000bc0      0x248 ./Drivers/STM32G4xx_HAL_Driver/Src/stm32g4xx_hal_uart.o
 .debug_aranges
                0x00000e08       0xa8 ./Drivers/STM32G4xx_HAL_Driver/Src/stm32g4xx_hal_uart_ex.o
 .debug_aranges
                0x00000eb0       0xc8 ./Drivers/STM32G4xx_HAL_Driver/Src/stm32g4xx_ll_usb.o
 .debug_aranges
                0x00000f78       0x90 ./Middlewares/ST/STM32_USB_Device_Library/Class/CDC/Src/usbd_cdc.o
 .debug_aranges
                0x00001008       0xb8 ./Middlewares/ST/STM32_USB_Device_Library/Core/Src/usbd_core.o
 .debug_aranges
                0x000010c0       0x90 ./Middlewares/ST/STM32_USB_Device_Library/Core/Src/usbd_ctlreq.o
 .debug_aranges
                0x00001150       0x50 ./Middlewares/ST/STM32_USB_Device_Library/Core/Src/usbd_ioreq.o
 .debug_aranges
                0x000011a0       0x20 ./USB_Device/App/usb_device.o
 .debug_aranges
                0x000011c0       0x48 ./USB_Device/App/usbd_cdc_if.o
 .debug_aranges