../Core/util/lcd/lcd.c:32:6:LCD_Write_COM	16	static,ignoring_inline_asm
../Core/util/lcd/lcd.c:36:6:LCD_Write_DAT	16	static,ignoring_inline_asm
../Core/util/lcd/lcd.c:40:10:LCD_Read_DAT	16	static
../Core/util/lcd/lcd.c:45:6:LCD_Write_REG	16	static
../Core/util/lcd/lcd.c:49:10:LCD_Read_REG	16	static
../Core/util/lcd/lcd.c:55:6:LCD_Write_Cursor	16	static
../Core/util/lcd/lcd.c:74:9:LCD_Init	72	static
../Core/util/lcd/lcd.c:438:6:LCD_Direction	16	static
../Core/util/lcd/lcd.c:460:6:LCD_ON	8	static
../Core/util/lcd/lcd.c:465:6:LCD_OFF	8	static
../Core/util/lcd/lcd.c:470:6:LCD_CLEAR	24	static
../Core/util/lcd/lcd.c:484:6:LCD_DISPLAY_ASCII	32	static
../Core/util/lcd/lcd.c:512:6:LCD_printf_ASCII	244	static
../Core/util/lcd/lcd.c:531:6:LCD_DISPLAY_CHS	40	static
../Core/util/lcd/lcd.c:564:6:LCD_printf_CHS	140	static
../Core/util/lcd/lcd.c:583:6:LCD_Vector_Point	16	static
../Core/util/lcd/lcd.c:589:6:LCD_Vector_Point2	16	static
../Core/util/lcd/lcd.c:609:6:LCD_Vector_Line	64	static
../Core/util/lcd/lcd.c:632:6:LCD_Vector_Circle	32	static
../Core/util/lcd/lcd.c:653:6:LCD_Vector_Rectangle	24	static
../Core/util/lcd/lcd.c:660:6:LCD_Vector_Rectangle_Fill	32	static
../Core/util/lcd/lcd.c:673:6:LCD_DISPLAY_BMP	24	static
../Core/util/lcd/lcd.c:687:6:LCD_DISPLAY_BMP_YoungTalkLogo	16	static
