../Display_Driver/lvgl/src/widgets/tabview/lv_tabview.c:110:6:lv_tabview_set_active.part.0	40	static
../Display_Driver/lvgl/src/widgets/tabview/lv_tabview.c:334:13:cont_scroll_end_event_cb	32	static
../Display_Driver/lvgl/src/widgets/tabview/lv_tabview.c:310:13:button_clicked_event_cb	16	static
../Display_Driver/lvgl/src/widgets/tabview/lv_tabview.c:296:13:lv_tabview_event	16	static
../Display_Driver/lvgl/src/widgets/tabview/lv_tabview.c:61:12:lv_tabview_create	8	static
../Display_Driver/lvgl/src/widgets/tabview/lv_tabview.c:70:12:lv_tabview_add_tab	32	static
../Display_Driver/lvgl/src/widgets/tabview/lv_tabview.c:100:6:lv_tabview_rename_tab	16	static
../Display_Driver/lvgl/src/widgets/tabview/lv_tabview.c:110:6:lv_tabview_set_active	0	static
../Display_Driver/lvgl/src/widgets/tabview/lv_tabview.c:155:6:lv_tabview_set_tab_bar_position	24	static
../Display_Driver/lvgl/src/widgets/tabview/lv_tabview.c:273:13:lv_tabview_constructor	24	static
../Display_Driver/lvgl/src/widgets/tabview/lv_tabview.c:224:6:lv_tabview_set_tab_bar_size	16	static
../Display_Driver/lvgl/src/widgets/tabview/lv_tabview.c:238:10:lv_tabview_get_tab_active	0	static
../Display_Driver/lvgl/src/widgets/tabview/lv_tabview.c:245:12:lv_tabview_get_tab_button	8	static
../Display_Driver/lvgl/src/widgets/tabview/lv_tabview.c:252:10:lv_tabview_get_tab_count	8	static
../Display_Driver/lvgl/src/widgets/tabview/lv_tabview.c:259:12:lv_tabview_get_content	0	static
../Display_Driver/lvgl/src/widgets/tabview/lv_tabview.c:264:12:lv_tabview_get_tab_bar	0	static
