../Display_Driver/lvgl/src/widgets/spinbox/lv_spinbox.c:470:13:lv_spinbox_updatevalue	64	static
../Display_Driver/lvgl/src/widgets/spinbox/lv_spinbox.c:342:13:lv_spinbox_constructor	16	static
../Display_Driver/lvgl/src/widgets/spinbox/lv_spinbox.c:547:13:spinbox_value_changed_event_cb	16	static
../Display_Driver/lvgl/src/widgets/spinbox/lv_spinbox.c:557:13:spinbox_value_observer_cb	0	static
../Display_Driver/lvgl/src/widgets/spinbox/lv_spinbox.c:367:13:lv_spinbox_event	24	static
../Display_Driver/lvgl/src/widgets/spinbox/lv_spinbox.c:62:12:lv_spinbox_create	8	static
../Display_Driver/lvgl/src/widgets/spinbox/lv_spinbox.c:74:6:lv_spinbox_set_value	4	static
../Display_Driver/lvgl/src/widgets/spinbox/lv_spinbox.c:87:6:lv_spinbox_set_rollover	0	static
../Display_Driver/lvgl/src/widgets/spinbox/lv_spinbox.c:95:6:lv_spinbox_set_digit_format	16	static
../Display_Driver/lvgl/src/widgets/spinbox/lv_spinbox.c:116:6:lv_spinbox_set_digit_count	0	static
../Display_Driver/lvgl/src/widgets/spinbox/lv_spinbox.c:128:6:lv_spinbox_set_dec_point_pos	0	static
../Display_Driver/lvgl/src/widgets/spinbox/lv_spinbox.c:138:6:lv_spinbox_set_step	0	static
../Display_Driver/lvgl/src/widgets/spinbox/lv_spinbox.c:147:6:lv_spinbox_set_range	0	static
../Display_Driver/lvgl/src/widgets/spinbox/lv_spinbox.c:161:6:lv_spinbox_set_min_value	0	static
../Display_Driver/lvgl/src/widgets/spinbox/lv_spinbox.c:173:6:lv_spinbox_set_max_value	0	static
../Display_Driver/lvgl/src/widgets/spinbox/lv_spinbox.c:185:6:lv_spinbox_set_cursor_pos	24	static
../Display_Driver/lvgl/src/widgets/spinbox/lv_spinbox.c:199:6:lv_spinbox_set_digit_step_direction	0	static
../Display_Driver/lvgl/src/widgets/spinbox/lv_spinbox.c:211:9:lv_spinbox_get_value	0	static
../Display_Driver/lvgl/src/widgets/spinbox/lv_spinbox.c:219:9:lv_spinbox_get_step	0	static
../Display_Driver/lvgl/src/widgets/spinbox/lv_spinbox.c:231:6:lv_spinbox_step_next	4	static
../Display_Driver/lvgl/src/widgets/spinbox/lv_spinbox.c:242:6:lv_spinbox_step_prev	0	static
../Display_Driver/lvgl/src/widgets/spinbox/lv_spinbox.c:254:6:lv_spinbox_get_rollover	0	static
../Display_Driver/lvgl/src/widgets/spinbox/lv_spinbox.c:262:6:lv_spinbox_increment	0	static
../Display_Driver/lvgl/src/widgets/spinbox/lv_spinbox.c:291:6:lv_spinbox_decrement	0	static
../Display_Driver/lvgl/src/widgets/spinbox/lv_spinbox.c:321:17:lv_spinbox_bind_value	16	static
